src/econirl/datasets/supermarket_data.csv
product_id,period,state,action,next_state,inventory_bin,lagged_promotion,promotion,ordered,sales,inventory,orders,wholesale_price,retail_price,markup_pct,stockout
2,3,9,2,9,4,1,1,0,26064.0,37960.0,0.0,64,67,4.6875,0
2,4,9,3,9,4,1,1,1,46176.0,11854.0,43200.0,64,65,1.5625,0
2,5,9,3,9,4,1,1,1,24624.0,8883.0,26400.0,62,67,8.064516129032258,1
2,6,9,3,9,4,1,1,1,55536.0,10701.0,54720.0,62,65,4.838709677419355,1
2,7,9,3,9,4,1,1,1,116208.0,9648.0,131904.0,62,57,-8.064516129032258,1
2,8,9,3,1,4,1,1,1,72096.0,24085.0,47520.0,62,58,-6.451612903225806,1
2,9,1,3,9,0,1,1,1,58608.0,-309.0,87840.0,59,59,0.0,1
2,10,9,2,9,4,1,1,0,17952.0,28927.0,0.0,59,63,6.779661016949152,0
2,11,9,3,9,4,1,1,1,46272.0,11665.0,44448.0,59,60,1.694915254237288,0
2,12,9,3,9,4,1,1,1,20544.0,9653.0,20160.0,59,61,3.389830508474576,0
2,13,9,3,9,4,1,1,1,56016.0,10129.0,48480.0,59,59,0.0,0
2,14,9,3,9,4,1,1,1,5520.0,4293.0,4800.0,59,64,8.47457627118644,1
2,15,9,3,9,4,1,1,1,48432.0,3458.0,53760.0,56,60,7.142857142857142,1
2,16,9,3,9,4,1,1,1,28368.0,8693.0,30240.0,56,60,7.142857142857142,1
2,17,9,3,9,4,1,1,1,30144.0,10568.0,26880.0,55,61,10.909090909090908,1
2,18,9,3,9,4,1,1,1,64848.0,5472.0,84000.0,55,60,9.090909090909092,1
2,19,9,3,9,4,1,1,1,41280.0,24624.0,33600.0,55,59,7.2727272727272725,0
2,20,9,3,5,4,1,1,1,30336.0,16954.0,14400.0,55,60,9.090909090909092,0
2,21,5,3,5,2,1,1,1,33840.0,965.0,33792.0,55,60,9.090909090909092,1
2,22,5,3,9,2,1,1,1,28656.0,920.0,44640.0,55,59,7.2727272727272725,1
2,23,9,2,7,4,1,1,0,14688.0,16565.0,0.0,55,61,10.909090909090908,0
2,24,7,1,8,3,1,0,1,10608.0,1840.0,14400.0,57,63,10.526315789473683,0
2,25,8,0,0,4,0,0,0,5280.0,5583.0,0.0,57,63,10.526315789473683,0
2,26,0,1,8,0,0,0,1,48.0,216.0,10080.0,57,65,14.035087719298245,0
2,27,8,3,9,4,0,1,1,63072.0,10032.0,94080.0,57,58,1.7543859649122806,1
2,28,9,3,9,4,1,1,1,53904.0,39352.0,90720.0,57,57,0.0,0
6,3,9,3,9,4,1,1,1,12000.0,6042.0,9840.0,174,186,6.896551724137931,0
6,4,9,2,5,4,1,1,0,2760.0,3925.0,0.0,174,200,14.942528735632186,0
6,5,5,3,5,2,1,1,1,4160.0,1177.0,3840.0,179,202,12.849162011173185,1
6,6,5,1,6,2,1,0,1,2440.0,857.0,4000.0,165,201,21.818181818181817,0
6,7,6,1,8,3,0,0,1,4640.0,2498.0,13000.0,165,192,16.363636363636363,1
6,8,8,3,9,4,0,1,1,25760.0,10859.0,20800.0,165,175,6.0606060606060606,1
6,9,9,2,7,4,1,1,0,3840.0,6066.0,0.0,165,182,10.303030303030303,0
6,10,7,1,4,3,1,0,1,2680.0,2388.0,1440.0,179,208,16.201117318435752,0
6,11,4,1,6,2,0,0,1,960.0,1240.0,1440.0,179,208,16.201117318435752,0
6,12,6,0,4,3,0,0,0,1040.0,1760.0,0.0,179,208,16.201117318435752,0
6,13,4,3,9,2,0,1,1,15280.0,791.0,22880.0,161,167,3.7267080745341614,1
6,14,9,3,9,4,1,1,1,6000.0,8389.0,12800.0,161,174,8.074534161490684,0
6,15,9,2,9,4,1,1,0,6000.0,15264.0,0.0,161,175,8.695652173913043,0
6,16,9,2,9,4,1,1,0,3320.0,9303.0,0.0,161,184,14.285714285714285,0
6,17,9,3,9,4,1,1,1,20040.0,5982.0,17400.0,148,161,8.783783783783784,1
6,18,9,3,7,4,1,1,1,4360.0,3480.0,3480.0,145,164,13.10344827586207,1
6,19,7,3,9,3,1,1,1,7960.0,2683.0,17400.0,145,163,12.413793103448276,0
6,20,9,3,9,4,1,1,1,13400.0,12126.0,5800.0,145,157,8.275862068965518,1
6,21,9,3,9,4,1,1,1,24560.0,4527.0,23200.0,145,149,2.7586206896551726,1
6,22,9,2,7,4,1,1,0,2080.0,4209.0,0.0,145,164,13.10344827586207,0
6,23,7,1,6,3,1,0,1,1920.0,2329.0,2080.0,162,174,7.4074074074074066,0
6,24,6,0,0,3,0,0,0,2320.0,2529.0,0.0,162,186,14.814814814814813,0
6,25,0,3,9,0,0,1,1,2520.0,210.0,13280.0,150,181,20.666666666666668,1
6,26,9,3,9,4,1,1,1,10600.0,10984.0,5600.0,150,159,6.0,0
6,27,9,2,7,4,1,1,0,2880.0,6234.0,0.0,150,178,18.666666666666668,0
6,28,7,3,9,3,1,1,1,16240.0,3354.0,22400.0,150,158,5.333333333333334,0
18,3,6,2,3,3,0,1,0,1824.0,2137.0,0.0,142,165,16.19718309859155,0
18,4,3,3,9,1,1,1,1,2856.0,320.0,6480.0,144,156,8.333333333333332,1
18,5,9,3,7,4,1,1,1,8424.0,3801.0,7200.0,139,148,6.474820143884892,1
18,6,7,2,5,3,1,1,0,1584.0,2601.0,0.0,139,157,12.949640287769784,0
18,7,5,3,5,2,1,1,1,2304.0,1017.0,2400.0,144,158,9.722222222222223,1
18,8,5,3,7,2,1,1,1,11064.0,1113.0,12696.0,140,149,6.428571428571428,1
18,9,7,3,7,3,1,1,1,2424.0,2793.0,1200.0,140,153,9.285714285714286,0
18,10,7,3,5,3,1,1,1,1968.0,1578.0,2112.0,139,155,11.510791366906476,1
18,11,5,3,9,2,1,1,1,6480.0,1108.0,9600.0,139,149,7.194244604316546,0
18,12,9,1,6,4,1,0,1,2448.0,4182.0,1200.0,127,147,15.748031496062993,0
18,13,6,0,6,3,0,0,0,1008.0,3072.0,0.0,127,147,15.748031496062993,0
18,14,6,3,7,3,0,1,1,1344.0,2044.0,1200.0,139,149,7.194244604316546,0
18,15,7,3,9,3,1,1,1,2688.0,1922.0,5040.0,138,152,10.144927536231885,0
18,16,9,3,7,4,1,1,1,7344.0,4249.0,4920.0,138,146,5.797101449275362,0
18,17,7,3,7,3,1,1,1,2808.0,1826.0,2520.0,138,154,11.594202898550725,0
18,18,7,3,7,3,1,1,1,8256.0,1512.0,9048.0,138,148,7.246376811594203,0
18,19,7,3,7,3,1,1,1,7416.0,2304.0,7560.0,138,147,6.521739130434782,0
18,20,7,3,5,3,1,1,1,2784.0,2688.0,1200.0,145,160,10.344827586206897,1
18,21,5,1,4,2,1,0,1,2136.0,1131.0,1920.0,145,169,16.551724137931036,1
18,22,4,3,7,2,0,1,1,1632.0,915.0,2400.0,156,174,11.538461538461538,1
18,23,7,1,6,3,1,0,1,1176.0,1684.0,1200.0,150,183,22.0,0
18,24,6,3,9,3,0,1,1,10464.0,1700.0,12480.0,150,159,6.0,0
18,25,9,2,7,4,1,1,0,504.0,3741.0,0.0,150,174,16.0,0
18,26,7,2,5,3,1,1,0,1152.0,3236.0,0.0,156,174,11.538461538461538,0
18,27,5,2,1,2,1,1,0,1296.0,1323.0,0.0,156,186,19.230769230769234,0
18,28,1,1,0,0,1,0,1,1080.0,27.0,1080.0,170,197,15.88235294117647,1
29,3,0,1,0,0,0,0,1,120.0,72.0,132.0,457,518,13.347921225382933,0
29,4,0,1,0,0,0,0,1,72.0,84.0,132.0,457,525,14.87964989059081,0
29,5,0,0,0,0,0,0,0,108.0,144.0,0.0,457,523,14.442013129102845,0
29,6,0,1,0,0,0,0,1,84.0,36.0,132.0,547,619,13.16270566727605,0
29,7,0,1,0,0,0,0,1,108.0,84.0,264.0,547,629,14.990859232175502,0
29,8,0,0,0,0,0,0,0,108.0,240.0,0.0,547,632,15.539305301645337,0
29,9,0,0,0,0,0,0,0,36.0,120.0,0.0,547,637,16.453382084095065,0
29,10,0,0,0,0,0,0,0,36.0,87.0,0.0,547,637,16.453382084095065,0
29,11,0,0,0,0,0,0,0,36.0,60.0,0.0,547,637,16.453382084095065,0
29,12,0,1,0,0,0,0,1,72.0,24.0,132.0,547,626,14.442413162705666,1
29,13,0,1,0,0,0,0,1,84.0,84.0,132.0,547,634,15.904936014625228,0
29,14,0,0,0,0,0,0,0,60.0,156.0,0.0,547,628,14.80804387568556,0
29,15,0,0,0,0,0,0,0,36.0,108.0,0.0,547,642,17.36745886654479,0
29,16,0,0,0,0,0,0,0,24.0,75.0,0.0,547,617,12.79707495429616,0
29,17,0,1,0,0,0,0,1,60.0,51.0,132.0,547,636,16.270566727605118,1
29,18,0,0,0,0,0,0,0,36.0,108.0,0.0,547,616,12.614259597806216,0
29,19,0,1,0,0,0,0,1,96.0,72.0,132.0,536,644,20.149253731343283,0
29,20,0,0,0,0,0,0,0,84.0,108.0,0.0,536,629,17.350746268656717,0
29,21,0,1,0,0,0,0,1,48.0,24.0,132.0,448,545,21.651785714285715,0
29,22,0,1,0,0,0,0,1,84.0,108.0,132.0,448,518,15.625,0
29,23,0,0,0,0,0,0,0,36.0,156.0,0.0,448,516,15.178571428571427,0
29,24,0,0,0,0,0,0,0,48.0,120.0,0.0,448,511,14.0625,0
29,25,0,0,0,0,0,0,0,48.0,85.0,0.0,448,533,18.973214285714285,0
29,26,0,1,0,0,0,0,1,48.0,37.0,132.0,482,573,18.87966804979253,1
29,27,0,0,0,0,0,0,0,36.0,84.0,0.0,482,581,20.539419087136928,0
29,28,0,1,0,0,0,0,1,120.0,48.0,264.0,482,581,20.539419087136928,0
34,3,4,1,2,2,0,0,1,2136.0,1227.0,1440.0,69,85,23.18840579710145,0
34,4,2,1,4,1,0,0,1,2016.0,537.0,2400.0,69,85,23.18840579710145,0
34,5,4,3,5,2,0,1,1,2424.0,902.0,2880.0,69,84,21.73913043478261,0
34,6,5,3,7,2,1,1,1,2088.0,1359.0,2160.0,69,83,20.28985507246377,0
34,7,7,1,2,3,1,0,1,2232.0,1432.0,1200.0,69,87,26.08695652173913,0
34,8,2,1,4,1,0,0,1,2904.0,400.0,3840.0,69,87,26.08695652173913,1
34,9,4,1,2,2,0,0,1,1488.0,1314.0,720.0,69,87,26.08695652173913,0
34,10,2,1,4,1,0,0,1,2160.0,546.0,2640.0,69,87,26.08695652173913,1
34,11,4,1,4,2,0,0,1,1248.0,985.0,1200.0,69,87,26.08695652173913,1
34,12,4,1,2,2,0,0,1,2376.0,967.0,1920.0,69,87,26.08695652173913,0
34,13,2,1,4,1,0,0,1,2232.0,504.0,2880.0,69,87,26.08695652173913,0
34,14,4,1,2,2,0,0,1,1800.0,1139.0,1320.0,69,87,26.08695652173913,0
34,15,2,1,4,1,0,0,1,2088.0,599.0,2400.0,69,84,21.73913043478261,0
34,16,4,1,4,2,0,0,1,2904.0,875.0,3120.0,69,81,17.391304347826086,0
34,17,4,1,2,2,0,0,1,2640.0,1092.0,1944.0,69,81,17.391304347826086,0
34,18,2,1,2,1,0,0,1,1968.0,456.0,2160.0,69,81,17.391304347826086,0
34,19,2,1,2,1,0,0,1,2304.0,622.0,2064.0,69,81,17.391304347826086,0
34,20,2,1,6,1,0,0,1,2136.0,363.0,3360.0,69,82,18.84057971014493,0
34,21,6,1,2,3,0,0,1,2256.0,1564.0,1200.0,69,82,18.84057971014493,1
34,22,2,0,0,1,0,0,0,384.0,607.0,0.0,69,82,18.84057971014493,0
34,23,0,1,2,0,0,0,1,768.0,84.0,1200.0,69,81,17.391304347826086,1
34,24,2,1,4,1,0,0,1,2273.0,592.0,2400.0,69,81,17.391304347826086,1
34,25,4,1,2,2,0,0,1,2472.0,700.0,2400.0,69,81,17.391304347826086,1
34,26,2,1,4,1,0,0,1,1992.0,586.0,2400.0,69,81,17.391304347826086,1
34,27,4,3,5,2,0,1,1,2304.0,888.0,2400.0,79,85,7.59493670886076,0
34,28,5,1,4,2,1,0,1,2112.0,942.0,2640.0,84,96,14.285714285714285,0
45,3,2,2,1,1,0,1,0,516.0,576.0,0.0,277,355,28.158844765342963,0
45,4,1,3,5,0,1,1,1,648.0,84.0,1320.0,279,357,27.956989247311824,1
45,5,5,3,3,2,1,1,1,540.0,757.0,240.0,279,338,21.14695340501792,0
45,6,3,0,0,1,1,0,0,372.0,445.0,0.0,279,382,36.91756272401434,0
45,7,0,1,0,0,0,0,1,468.0,73.0,480.0,291,399,37.11340206185567,0
45,8,0,1,2,0,0,0,1,696.0,110.0,960.0,291,411,41.23711340206185,1
45,9,2,1,2,1,0,0,1,516.0,386.0,720.0,291,403,38.48797250859107,0
45,10,2,1,2,1,0,0,1,684.0,590.0,600.0,299,404,35.11705685618729,1
45,11,2,1,2,1,0,0,1,360.0,516.0,240.0,299,413,38.12709030100335,0
45,12,2,1,2,1,0,0,1,516.0,397.0,480.0,309,424,37.2168284789644,1
45,13,2,3,7,1,0,1,1,816.0,348.0,2400.0,264,398,50.75757575757576,0
45,14,7,3,3,3,1,1,1,2004.0,1932.0,720.0,264,282,6.8181818181818175,0
45,15,3,0,2,1,1,0,0,252.0,647.0,0.0,264,347,31.439393939393938,0
45,16,2,1,2,1,0,0,1,564.0,395.0,720.0,264,312,18.181818181818183,0
45,17,2,1,2,1,0,0,1,636.0,551.0,480.0,310,332,7.096774193548387,0
45,18,2,1,0,1,0,0,1,636.0,396.0,480.0,330,374,13.333333333333334,1
45,19,0,1,4,0,0,0,1,780.0,240.0,1200.0,330,391,18.484848484848484,0
45,20,4,1,2,2,0,0,1,792.0,672.0,600.0,330,395,19.696969696969695,1
45,21,2,1,2,1,0,0,1,648.0,480.0,720.0,330,394,19.393939393939394,0
45,22,2,1,0,1,0,0,1,816.0,539.0,480.0,330,394,19.393939393939394,0
45,23,0,1,4,0,0,0,1,576.0,215.0,1200.0,330,394,19.393939393939394,0
45,24,4,3,5,2,0,1,1,696.0,841.0,600.0,330,380,15.151515151515152,0
45,25,5,0,0,2,1,0,0,564.0,745.0,0.0,330,392,18.787878787878785,0
45,26,0,3,3,0,0,1,1,492.0,181.0,960.0,323,376,16.408668730650156,0
45,27,3,0,0,1,1,0,0,516.0,635.0,0.0,323,395,22.291021671826623,0
45,28,0,0,0,0,0,0,0,108.0,119.0,0.0,323,398,23.219814241486066,0
80,3,7,3,9,3,1,1,1,12216.0,3219.0,13200.0,73,74,1.36986301369863,0
80,4,9,3,9,4,1,1,1,19608.0,4248.0,21120.0,73,74,1.36986301369863,1
80,5,9,3,9,4,1,1,1,15696.0,5865.0,23760.0,73,74,1.36986301369863,1
80,6,9,3,9,4,1,1,1,23592.0,13929.0,33120.0,69,69,0.0,1
80,7,9,3,9,4,1,1,1,94776.0,23675.0,102528.0,69,66,-4.3478260869565215,0
80,8,9,3,9,4,1,1,1,36960.0,31407.0,23760.0,75,69,-8.0,1
80,9,9,2,7,4,1,1,0,13968.0,17109.0,0.0,75,77,2.666666666666667,0
80,10,7,3,9,3,1,1,1,18384.0,2591.0,36960.0,75,78,4.0,1
80,11,9,2,9,4,1,1,0,8544.0,20380.0,0.0,75,78,4.0,0
80,12,9,2,9,4,1,1,0,6216.0,13144.0,0.0,75,77,2.666666666666667,0
80,13,9,3,7,4,1,1,1,103776.0,5910.0,100128.0,67,67,0.0,1
80,14,7,3,9,3,1,1,1,28608.0,2164.0,35736.0,67,68,1.4925373134328357,0
80,15,9,3,9,4,1,1,1,34488.0,9043.0,41400.0,67,69,2.9850746268656714,0
80,16,9,1,8,4,1,0,1,30264.0,15846.0,45672.0,73,78,6.8493150684931505,0
80,17,8,3,9,4,0,1,1,37680.0,31074.0,13200.0,73,79,8.21917808219178,1
80,18,9,1,8,4,1,0,1,20088.0,7080.0,43296.0,73,79,8.21917808219178,0
80,19,8,3,9,4,0,1,1,42264.0,30288.0,31680.0,70,76,8.571428571428571,0
80,20,9,3,9,4,1,1,1,57792.0,19704.0,68376.0,70,70,0.0,1
80,21,9,3,5,4,1,1,1,34584.0,30125.0,5280.0,73,72,-1.36986301369863,1
80,22,5,1,8,2,1,0,1,23952.0,1194.0,53880.0,71,79,11.267605633802818,1
80,23,8,3,9,4,0,1,1,38640.0,32052.0,40920.0,71,75,5.633802816901409,1
80,24,9,3,9,4,1,1,1,27240.0,34353.0,78408.0,71,77,8.450704225352112,0
80,25,9,2,9,4,1,1,0,36216.0,85354.0,0.0,71,78,9.859154929577464,0
80,26,9,2,9,4,1,1,0,28608.0,49176.0,0.0,71,80,12.676056338028168,0
80,27,9,1,8,4,1,0,1,22656.0,21912.0,10560.0,69,82,18.84057971014493,1
80,28,8,1,8,4,0,0,1,19152.0,9792.0,13200.0,72,82,13.88888888888889,0
94,3,9,2,9,4,1,1,0,16020.0,30636.0,0.0,28,31,10.714285714285714,0
94,4,9,3,9,4,1,1,1,17676.0,14519.0,7560.0,29,31,6.896551724137931,0
94,5,9,3,9,4,1,1,1,37656.0,4514.0,81000.0,28,31,10.714285714285714,1
94,6,9,3,9,4,1,1,1,44172.0,47778.0,42768.0,27,31,14.814814814814813,0
94,7,9,3,9,4,1,1,1,56880.0,46394.0,27936.0,28,30,7.142857142857142,0
94,8,9,3,9,4,1,1,1,47268.0,17412.0,58320.0,28,31,10.714285714285714,1
94,9,9,3,9,4,1,1,1,21384.0,28515.0,7920.0,28,32,14.285714285714285,0
94,10,9,3,9,4,1,1,1,28260.0,15060.0,52488.0,28,31,10.714285714285714,0
94,11,9,3,9,4,1,1,1,24444.0,38708.0,44712.0,26,30,15.384615384615385,0
94,12,9,2,9,4,1,1,0,37440.0,58989.0,0.0,26,27,3.8461538461538463,0
94,13,9,3,9,4,1,1,1,12780.0,21096.0,42768.0,26,28,7.6923076923076925,0
94,14,9,2,9,4,1,1,0,25524.0,51125.0,0.0,26,28,7.6923076923076925,0
94,15,9,3,9,4,1,1,1,24012.0,25566.0,38880.0,26,28,7.6923076923076925,0
94,16,9,2,9,4,1,1,0,26352.0,40485.0,0.0,26,28,7.6923076923076925,0
94,17,9,3,9,4,1,1,1,31608.0,14226.0,48600.0,26,29,11.538461538461538,0
94,18,9,3,9,4,1,1,1,36576.0,28872.0,44712.0,26,28,7.6923076923076925,0
94,19,9,3,9,4,1,1,1,48132.0,37011.0,54432.0,26,28,7.6923076923076925,0
94,20,9,3,9,4,1,1,1,43812.0,43309.0,8280.0,26,28,7.6923076923076925,1
94,21,9,1,4,4,1,0,1,16776.0,7799.0,9900.0,27,29,7.4074074074074066,1
94,22,4,3,9,2,0,1,1,13500.0,1111.0,60480.0,27,32,18.51851851851852,0
94,23,9,2,9,4,1,1,0,27720.0,48130.0,0.0,27,28,3.7037037037037033,0
94,24,9,2,9,4,1,1,0,6084.0,20333.0,0.0,27,32,18.51851851851852,0
94,25,9,0,8,4,1,0,0,10008.0,14175.0,0.0,27,32,18.51851851851852,0
94,26,8,3,9,4,0,1,1,30780.0,4167.0,41400.0,26,28,7.6923076923076925,0
94,27,9,2,9,4,1,1,0,6768.0,14777.0,0.0,26,28,7.6923076923076925,0
94,28,9,3,9,4,1,1,1,22752.0,8405.0,54540.0,26,27,3.8461538461538463,0
114,3,2,1,4,1,0,0,1,1200.0,328.0,1896.0,80,98,22.5,0
114,4,4,1,2,2,0,0,1,1476.0,1027.0,960.0,80,98,22.5,0
114,5,2,1,2,1,0,0,1,1452.0,505.0,1440.0,80,98,22.5,0
114,6,2,1,4,1,0,0,1,1248.0,498.0,1440.0,80,99,23.75,0
114,7,4,1,4,2,0,0,1,1248.0,691.0,1440.0,80,101,26.25,0
114,8,4,3,7,2,0,1,1,2028.0,884.0,3000.0,80,102,27.500000000000004,1
114,9,7,2,3,3,1,1,0,1392.0,1844.0,0.0,80,93,16.25,0
114,10,3,1,0,1,1,0,1,852.0,429.0,360.0,84,103,22.61904761904762,1
114,11,0,1,4,0,0,0,1,1260.0,-77.0,2400.0,84,108,28.57142857142857,1
114,12,4,1,0,2,0,0,1,1680.0,1066.0,600.0,84,108,28.57142857142857,0
114,13,0,1,4,0,0,0,1,1524.0,73.0,2520.0,84,108,28.57142857142857,1
114,14,4,1,4,2,0,0,1,1224.0,1056.0,1080.0,84,108,28.57142857142857,0
114,15,4,1,2,2,0,0,1,1248.0,868.0,720.0,84,106,26.190476190476193,0
114,16,2,1,2,1,0,0,1,1428.0,341.0,1680.0,84,104,23.809523809523807,0
114,17,2,3,5,1,0,1,1,2184.0,582.0,2400.0,77,92,19.480519480519483,0
114,18,5,3,3,2,1,1,1,864.0,792.0,600.0,77,101,31.16883116883117,0
114,19,3,1,0,1,1,0,1,876.0,528.0,360.0,80,99,23.75,1
114,20,0,1,2,0,0,0,1,1044.0,13.0,1320.0,80,99,23.75,1
114,21,2,1,2,1,0,0,1,888.0,290.0,960.0,80,99,23.75,0
114,22,2,1,0,1,0,0,1,1068.0,364.0,960.0,91,101,10.989010989010989,1
114,23,0,1,2,0,0,0,1,660.0,255.0,960.0,91,113,24.175824175824175,0
114,24,2,1,0,1,0,0,1,780.0,556.0,360.0,91,113,24.175824175824175,1
114,25,0,3,7,0,0,1,1,1356.0,135.0,2748.0,84,109,29.761904761904763,1
114,26,7,3,7,3,1,1,1,4056.0,1508.0,4800.0,84,96,14.285714285714285,1
114,27,7,2,7,3,1,1,0,672.0,2278.0,0.0,84,113,34.523809523809526,0
114,28,7,0,4,3,1,0,0,828.0,1666.0,0.0,84,113,34.523809523809526,0
136,3,7,3,7,3,1,1,1,4836.0,1609.0,4560.0,110,126,14.545454545454545,0
136,4,7,3,5,3,1,1,1,6048.0,1442.0,5400.0,110,120,9.090909090909092,1
136,5,5,3,3,2,1,1,1,5040.0,784.0,4800.0,110,118,7.2727272727272725,0
136,6,3,3,1,1,1,1,1,1884.0,537.0,1560.0,114,128,12.280701754385964,0
136,7,1,3,7,0,1,1,1,4524.0,223.0,7200.0,109,120,10.091743119266056,1
136,8,7,3,5,3,1,1,1,3216.0,2900.0,1440.0,109,125,14.678899082568808,1
136,9,5,3,7,2,1,1,1,1308.0,1127.0,2400.0,110,126,14.545454545454545,1
136,10,7,3,3,3,1,1,1,2472.0,2231.0,1800.0,110,136,23.636363636363637,1
136,11,3,3,7,1,1,1,1,6888.0,455.0,7800.0,112,122,8.928571428571429,0
136,12,7,3,7,3,1,1,1,3996.0,1499.0,4200.0,112,124,10.714285714285714,1
136,13,7,3,5,3,1,1,1,2772.0,1644.0,1800.0,132,143,8.333333333333332,1
136,14,5,3,3,2,1,1,1,1968.0,674.0,1800.0,118,159,34.74576271186441,0
136,15,3,3,5,1,1,1,1,8808.0,488.0,9600.0,118,125,5.932203389830509,1
136,16,5,3,7,2,1,1,1,2628.0,1250.0,3000.0,118,132,11.864406779661017,1
136,17,7,1,2,3,1,0,1,2412.0,1590.0,1200.0,118,139,17.796610169491526,0
136,18,2,3,7,1,0,1,1,4956.0,552.0,6360.0,110,121,10.0,1
136,19,7,0,2,3,1,0,0,1596.0,1955.0,0.0,110,141,28.18181818181818,0
136,20,2,3,3,1,0,1,1,1956.0,361.0,1980.0,120,140,16.666666666666664,1
136,21,3,3,5,1,1,1,1,2772.0,400.0,3168.0,120,132,10.0,1
136,22,5,3,7,2,1,1,1,7188.0,779.0,7920.0,120,125,4.166666666666666,0
136,23,7,3,3,3,1,1,1,1692.0,1548.0,660.0,120,135,12.5,0
136,24,3,1,2,1,1,0,1,1836.0,518.0,1716.0,125,148,18.4,0
136,25,2,3,7,1,0,1,1,3468.0,398.0,5544.0,125,140,12.0,0
136,26,7,3,7,3,1,1,1,5280.0,2496.0,3960.0,125,133,6.4,0
136,27,7,3,7,3,1,1,1,2724.0,1671.0,3300.0,125,138,10.4,1
136,28,7,1,6,3,1,0,1,1176.0,2247.0,660.0,125,149,19.2,0
