src/econirl/datasets/supermarket_data.csv
product_id,period,state,action,next_state,inventory_bin,lagged_promotion,promotion,ordered,sales,inventory,orders,wholesale_price,retail_price,markup_pct,stockout
137,3,9,3,9,4,1,1,1,8808.0,11546.0,3120.0,42,48,14.285714285714285,0
137,4,9,3,9,4,1,1,1,13536.0,5960.0,14352.0,50,55,10.0,0
137,5,9,3,9,4,1,1,1,22872.0,6763.0,21840.0,45,51,13.333333333333334,0
137,6,9,3,9,4,1,1,1,24840.0,5719.0,23400.0,45,48,6.666666666666667,0
137,7,9,3,9,4,1,1,1,8856.0,4271.0,10800.0,46,52,13.043478260869565,0
137,8,9,3,9,4,1,1,1,13104.0,6228.0,14400.0,46,53,15.217391304347828,0
137,9,9,3,7,4,1,1,1,22416.0,7562.0,18000.0,43,48,11.627906976744185,0
137,10,7,3,9,3,1,1,1,19368.0,3152.0,20304.0,43,46,6.976744186046512,1
137,11,9,3,9,4,1,1,1,9336.0,3654.0,11040.0,46,49,6.521739130434782,1
137,12,9,1,6,4,1,0,1,6312.0,5442.0,2880.0,46,59,28.26086956521739,1
137,13,6,3,9,3,0,1,1,14976.0,2446.0,22800.0,44,54,22.727272727272727,1
137,14,9,3,1,4,1,1,1,38880.0,10247.0,28800.0,44,47,6.8181818181818175,1
137,15,1,3,7,0,1,1,1,3840.0,179.0,5760.0,47,52,10.638297872340425,1
137,16,7,3,9,3,1,1,1,10272.0,2085.0,14400.0,47,52,10.638297872340425,1
137,17,9,3,9,4,1,1,1,8616.0,6219.0,5760.0,47,54,14.893617021276595,0
137,18,9,3,1,4,1,1,1,9216.0,3456.0,5760.0,47,52,10.638297872340425,1
137,19,1,3,9,0,1,1,1,25584.0,0.0,86400.0,38,44,15.789473684210526,1
137,20,9,2,9,4,1,1,0,7608.0,60800.0,0.0,38,49,28.947368421052634,0
137,21,9,2,9,4,1,1,0,26448.0,53189.0,0.0,38,43,13.157894736842104,0
137,22,9,2,9,4,1,1,0,7344.0,26741.0,0.0,38,43,13.157894736842104,0
137,23,9,2,9,4,1,1,0,8496.0,19395.0,0.0,38,43,13.157894736842104,0
137,24,9,3,9,4,1,1,1,10824.0,10898.0,10080.0,40,44,10.0,0
137,25,9,1,8,4,1,0,1,9624.0,10156.0,6720.0,40,47,17.5,0
137,26,8,0,4,4,0,0,0,6720.0,7252.0,0.0,40,47,17.5,0
137,27,4,3,9,2,0,1,1,25008.0,762.0,36240.0,42,48,14.285714285714285,1
137,28,9,2,7,4,1,1,0,10440.0,12015.0,0.0,42,47,11.904761904761903,0
180,3,7,0,4,3,1,0,0,936.0,1485.0,0.0,351,441,25.64102564102564,0
180,4,4,3,5,2,0,1,1,2844.0,864.0,2640.0,340,375,10.294117647058822,0
180,5,5,0,2,2,1,0,0,474.0,1024.0,0.0,340,429,26.176470588235297,0
180,6,2,0,0,1,0,0,0,756.0,582.0,0.0,340,429,26.176470588235297,0
180,7,0,1,0,0,0,0,1,1248.0,-23.0,900.0,374,468,25.13368983957219,1
180,8,0,3,5,0,0,1,1,1542.0,88.0,2160.0,337,431,27.89317507418398,1
180,9,5,3,5,2,1,1,1,1590.0,1051.0,1800.0,337,376,11.572700296735905,0
180,10,5,0,4,2,1,0,0,696.0,1341.0,0.0,337,427,26.706231454005934,0
180,11,4,3,1,2,0,1,1,2556.0,1202.0,1200.0,339,372,9.734513274336283,1
180,12,1,3,1,0,1,1,1,1056.0,129.0,900.0,339,395,16.519174041297934,1
180,13,1,1,0,0,1,0,1,870.0,-25.0,900.0,314,404,28.662420382165603,1
180,14,0,1,2,0,0,0,1,606.0,156.0,600.0,314,402,28.02547770700637,1
180,15,2,1,2,1,0,0,1,636.0,492.0,300.0,349,418,19.770773638968482,0
180,16,2,1,0,1,0,0,1,804.0,303.0,360.0,349,433,24.068767908309454,1
180,17,0,3,7,0,0,1,1,2208.0,141.0,4536.0,314,362,15.286624203821656,1
180,18,7,2,7,3,1,1,0,1164.0,2610.0,0.0,314,367,16.878980891719745,0
180,19,7,2,3,3,1,1,0,1014.0,1564.0,0.0,314,364,15.92356687898089,0
180,20,3,0,0,1,1,0,0,402.0,444.0,0.0,314,411,30.89171974522293,0
180,21,0,1,0,0,0,0,1,516.0,46.0,630.0,295,394,33.559322033898304,0
180,22,0,1,2,0,0,0,1,786.0,195.0,852.0,314,388,23.56687898089172,0
180,23,2,1,2,1,0,0,1,762.0,339.0,780.0,314,408,29.936305732484076,1
180,24,2,1,4,1,0,0,1,324.0,361.0,630.0,314,408,29.936305732484076,0
180,25,4,0,0,2,0,0,0,768.0,730.0,0.0,314,418,33.12101910828025,0
180,26,0,3,7,0,0,1,1,2688.0,147.0,3840.0,303,360,18.81188118811881,1
180,27,7,1,6,3,1,0,1,264.0,1590.0,600.0,303,415,36.96369636963696,0
180,28,6,3,5,3,0,1,1,2010.0,2032.0,900.0,303,363,19.801980198019802,0
185,3,8,1,8,4,0,0,1,2480.0,3520.0,2400.0,76,94,23.684210526315788,0
185,4,8,3,9,4,0,1,1,3280.0,3521.0,4000.0,76,94,23.684210526315788,0
185,5,9,0,6,4,1,0,0,1600.0,4241.0,0.0,76,96,26.31578947368421,0
185,6,6,0,4,3,0,0,0,1440.0,2722.0,0.0,76,96,26.31578947368421,0
185,7,4,1,8,2,0,0,1,1760.0,1282.0,4000.0,76,96,26.31578947368421,0
185,8,8,0,4,4,0,0,0,2320.0,3522.0,0.0,76,96,26.31578947368421,0
185,9,4,1,6,2,0,0,1,1120.0,1125.0,2400.0,78,98,25.64102564102564,0
185,10,6,1,8,3,0,0,1,1840.0,2406.0,4000.0,78,99,26.923076923076923,0
185,11,8,0,6,4,0,0,0,2240.0,4480.0,0.0,78,99,26.923076923076923,0
185,12,6,0,0,3,0,0,0,2240.0,2243.0,0.0,78,99,26.923076923076923,0
185,13,0,3,7,0,0,1,1,16960.0,0.0,19200.0,74,85,14.864864864864865,1
185,14,7,2,5,3,1,1,0,1200.0,2239.0,0.0,74,93,25.675675675675674,0
185,15,5,0,0,2,1,0,0,1120.0,1118.0,0.0,74,91,22.972972972972975,0
185,16,0,1,6,0,0,0,1,2800.0,80.0,4800.0,74,88,18.91891891891892,1
185,17,6,1,8,3,0,0,1,2080.0,2080.0,4000.0,74,88,18.91891891891892,0
185,18,8,0,6,4,0,0,0,1280.0,3920.0,0.0,74,88,18.91891891891892,0
185,19,6,1,6,3,0,0,1,2480.0,2640.0,2000.0,74,88,18.91891891891892,0
185,20,6,1,6,3,0,0,1,2000.0,2160.0,2400.0,74,89,20.27027027027027,0
185,21,6,1,8,3,0,0,1,2160.0,2239.0,4000.0,74,89,20.27027027027027,0
185,22,8,3,9,4,0,1,1,3520.0,4079.0,4000.0,74,86,16.216216216216218,0
185,23,9,3,9,4,1,1,1,22160.0,4560.0,26400.0,74,81,9.45945945945946,1
185,24,9,0,8,4,1,0,0,1440.0,8535.0,0.0,74,89,20.27027027027027,0
185,25,8,2,9,4,0,1,0,2960.0,7096.0,0.0,74,87,17.56756756756757,0
185,26,9,3,9,4,1,1,1,8960.0,4588.0,9600.0,74,80,8.108108108108109,0
185,27,9,2,9,4,1,1,0,1280.0,5280.0,0.0,74,84,13.513513513513514,0
185,28,9,3,9,4,1,1,1,3840.0,4000.0,8000.0,74,85,14.864864864864865,0
203,3,2,1,6,1,0,0,1,1320.0,480.0,2480.0,95,131,37.89473684210527,1
203,4,6,1,4,3,0,0,1,1080.0,1611.0,520.0,110,114,3.6363636363636362,0
203,5,4,1,4,2,0,0,1,1040.0,1051.0,1040.0,110,132,20.0,0
203,6,4,2,1,2,0,1,0,920.0,1091.0,0.0,110,129,17.272727272727273,0
203,7,1,1,2,0,1,0,1,720.0,174.0,1040.0,110,132,20.0,0
203,8,2,1,2,1,0,0,1,920.0,494.0,1040.0,110,132,20.0,1
203,9,2,1,4,1,0,0,1,760.0,614.0,1040.0,110,132,20.0,0
203,10,4,3,7,2,0,1,1,3760.0,855.0,5760.0,90,96,6.666666666666667,1
203,11,7,0,6,3,1,0,0,80.0,2777.0,0.0,90,109,21.11111111111111,0
203,12,6,1,4,3,0,0,1,760.0,2709.0,1560.0,110,129,17.272727272727273,0
203,13,4,1,4,2,0,0,1,600.0,800.0,520.0,110,132,20.0,0
203,14,4,1,4,2,0,0,1,640.0,741.0,1040.0,110,133,20.909090909090907,0
203,15,4,0,2,2,0,0,0,640.0,1220.0,0.0,110,133,20.909090909090907,0
203,16,2,1,4,1,0,0,1,640.0,581.0,1040.0,110,133,20.909090909090907,0
203,17,4,0,0,2,0,0,0,920.0,941.0,0.0,110,133,20.909090909090907,0
203,18,0,1,4,0,0,0,1,200.0,0.0,1040.0,110,133,20.909090909090907,1
203,19,4,0,2,2,0,0,0,440.0,827.0,0.0,110,133,20.909090909090907,0
203,20,2,1,4,1,0,0,1,680.0,381.0,1200.0,95,128,34.73684210526316,0
203,21,4,1,6,2,0,0,1,600.0,901.0,1200.0,95,118,24.210526315789473,0
203,22,6,0,4,3,0,0,0,720.0,1501.0,0.0,95,115,21.052631578947366,0
203,23,4,1,4,2,0,0,1,760.0,781.0,1120.0,107,116,8.411214953271028,0
203,24,4,0,2,2,0,0,0,680.0,1181.0,0.0,107,128,19.626168224299064,0
203,25,2,1,4,1,0,0,1,360.0,492.0,1120.0,107,128,19.626168224299064,0
203,26,4,0,2,2,0,0,0,760.0,1237.0,0.0,107,129,20.5607476635514,0
203,27,2,3,9,1,0,1,1,6760.0,480.0,12000.0,92,96,4.3478260869565215,1
203,28,9,2,7,4,1,1,0,2560.0,5720.0,0.0,92,99,7.608695652173914,0
217,3,7,0,4,3,1,0,0,552.0,1608.0,0.0,197,236,19.796954314720814,0
217,4,4,0,0,2,0,0,0,828.0,1043.0,0.0,197,233,18.274111675126903,0
217,5,0,1,4,0,0,0,1,732.0,215.0,1200.0,218,252,15.59633027522936,0
217,6,4,1,2,2,0,0,1,660.0,688.0,600.0,218,257,17.889908256880734,0
217,7,2,0,0,1,0,0,0,552.0,628.0,0.0,218,258,18.34862385321101,0
217,8,0,1,2,0,0,0,1,780.0,76.0,1200.0,218,262,20.18348623853211,0
217,9,2,1,2,1,0,0,1,516.0,496.0,300.0,218,259,18.807339449541285,0
217,10,2,1,0,1,0,0,1,744.0,304.0,600.0,218,261,19.724770642201836,1
217,11,0,3,5,0,0,1,1,996.0,206.0,1800.0,218,255,16.972477064220186,1
217,12,5,0,0,2,1,0,0,1008.0,1022.0,0.0,218,258,18.34862385321101,0
217,13,0,1,0,0,0,0,1,600.0,0.0,600.0,218,259,18.807339449541285,1
217,14,0,1,2,0,0,0,1,864.0,12.0,1200.0,218,262,20.18348623853211,1
217,15,2,1,2,1,0,0,1,492.0,359.0,600.0,223,262,17.48878923766816,0
217,16,2,1,4,1,0,0,1,612.0,440.0,1200.0,223,259,16.143497757847534,0
217,17,4,0,2,2,0,0,0,612.0,1029.0,0.0,223,258,15.695067264573993,0
217,18,2,1,2,1,0,0,1,456.0,420.0,600.0,223,261,17.040358744394617,0
217,19,2,1,4,1,0,0,1,468.0,564.0,600.0,223,259,16.143497757847534,0
217,20,4,0,0,2,0,0,0,552.0,697.0,0.0,223,259,16.143497757847534,0
217,21,0,1,2,0,0,0,1,396.0,146.0,600.0,233,268,15.021459227467812,0
217,22,2,1,2,1,0,0,1,624.0,347.0,600.0,233,273,17.167381974248926,0
217,23,2,3,1,1,0,1,1,660.0,323.0,480.0,206,255,23.78640776699029,1
217,24,1,3,9,0,1,1,1,816.0,143.0,5400.0,171,201,17.543859649122805,1
217,25,9,2,7,4,1,1,0,2628.0,4727.0,0.0,171,189,10.526315789473683,0
217,26,7,2,7,3,1,1,0,708.0,2046.0,0.0,171,191,11.695906432748536,0
217,27,7,0,4,3,1,0,0,612.0,1440.0,0.0,171,201,17.543859649122805,0
217,28,4,0,2,2,0,0,0,480.0,840.0,0.0,171,201,17.543859649122805,0
229,3,6,1,4,3,0,0,1,4284.0,2754.0,2700.0,98,111,13.26530612244898,0
229,4,4,1,6,2,0,0,1,4536.0,1137.0,6264.0,96,111,15.625,0
229,5,6,1,4,3,0,0,1,4302.0,2868.0,2700.0,91,112,23.076923076923077,0
229,6,4,1,2,2,0,0,1,4338.0,1268.0,3600.0,91,104,14.285714285714285,0
229,7,2,3,7,1,0,1,1,8730.0,530.0,10800.0,98,105,7.142857142857142,0
229,8,7,3,7,3,1,1,1,4518.0,2585.0,3600.0,96,109,13.541666666666666,0
229,9,7,1,6,3,1,0,1,2934.0,1667.0,3600.0,94,111,18.085106382978726,0
229,10,6,1,0,3,0,0,1,3168.0,2335.0,900.0,94,109,15.957446808510639,1
229,11,0,1,2,0,0,0,1,4770.0,-90.0,5400.0,94,109,15.957446808510639,1
229,12,2,1,2,1,0,0,1,4554.0,526.0,4500.0,109,113,3.669724770642202,1
229,13,2,3,7,1,0,1,1,5040.0,521.0,6300.0,97,112,15.463917525773196,1
229,14,7,3,7,3,1,1,1,4014.0,1810.0,4500.0,95,111,16.842105263157894,0
229,15,7,1,4,3,1,0,1,3816.0,2335.0,2700.0,95,109,14.736842105263156,0
229,16,4,1,4,2,0,0,1,3852.0,1199.0,3600.0,99,113,14.14141414141414,1
229,17,4,3,3,2,0,1,1,3978.0,951.0,3600.0,100,114,14.000000000000002,0
229,18,3,1,4,1,1,0,1,2412.0,540.0,2700.0,93,115,23.655913978494624,0
229,19,4,1,6,2,0,0,1,3834.0,828.0,4500.0,93,114,22.58064516129032,0
229,20,6,1,4,3,0,0,1,4158.0,1458.0,3600.0,100,114,14.000000000000002,1
229,21,4,3,7,2,0,1,1,10314.0,903.0,10800.0,93,99,6.451612903225806,0
229,22,7,3,7,3,1,1,1,12906.0,1460.0,14400.0,93,96,3.225806451612903,1
229,23,7,3,7,3,1,1,1,5436.0,2954.0,4500.0,93,104,11.827956989247312,1
229,24,7,3,9,3,1,1,1,13860.0,2019.0,24750.0,93,94,1.0752688172043012,0
229,25,9,3,7,4,1,1,1,11736.0,12923.0,900.0,93,95,2.1505376344086025,0
229,26,7,1,4,3,1,0,1,3240.0,2066.0,1800.0,99,114,15.151515151515152,0
229,27,4,3,9,2,0,1,1,12582.0,921.0,19080.0,93,97,4.301075268817205,1
229,28,9,3,9,4,1,1,1,7020.0,7401.0,4500.0,96,101,5.208333333333334,0
232,3,6,1,6,3,0,0,1,1650.0,1483.0,1920.0,37,48,29.72972972972973,1
232,4,6,3,5,3,0,1,1,3630.0,1726.0,2610.0,37,41,10.81081081081081,1
232,5,5,3,5,2,1,1,1,3390.0,709.0,3420.0,44,47,6.8181818181818175,1
232,6,5,3,5,2,1,1,1,6090.0,709.0,6330.0,37,40,8.108108108108109,1
232,7,5,3,5,2,1,1,1,2520.0,906.0,2400.0,37,45,21.62162162162162,1
232,8,5,3,5,2,1,1,1,4200.0,792.0,4320.0,37,46,24.324324324324326,1
232,9,5,1,6,2,1,0,1,1530.0,888.0,2400.0,41,47,14.634146341463413,1
232,10,6,3,7,3,0,1,1,3240.0,1769.0,3960.0,41,49,19.51219512195122,1
232,11,7,1,4,3,1,0,1,2550.0,1554.0,1800.0,41,51,24.390243902439025,0
232,12,4,1,4,2,0,0,1,2400.0,851.0,2880.0,41,51,24.390243902439025,1
232,13,4,1,4,2,0,0,1,2760.0,1318.0,2880.0,41,51,24.390243902439025,1
232,14,4,0,2,2,0,0,0,810.0,1412.0,0.0,41,52,26.82926829268293,0
232,15,2,3,7,1,0,1,1,2010.0,659.0,2880.0,41,47,14.634146341463413,0
232,16,7,3,7,3,1,1,1,2370.0,1470.0,2880.0,41,46,12.195121951219512,1
232,17,7,1,4,3,1,0,1,2370.0,2011.0,1440.0,41,48,17.073170731707318,0
232,18,4,1,6,2,0,0,1,2370.0,1050.0,2880.0,41,48,17.073170731707318,0
232,19,6,3,3,3,0,1,1,3930.0,1573.0,2880.0,41,46,12.195121951219512,1
232,20,3,1,0,1,1,0,1,3240.0,506.0,2880.0,41,48,17.073170731707318,0
232,21,0,1,4,0,0,0,1,3930.0,185.0,4680.0,41,48,17.073170731707318,0
232,22,4,1,4,2,0,0,1,3180.0,1050.0,2970.0,45,51,13.333333333333334,1
232,23,4,1,2,2,0,0,1,2160.0,841.0,1980.0,45,52,15.555555555555555,0
232,24,2,1,2,1,0,0,1,2250.0,661.0,2070.0,41,53,29.268292682926827,0
232,25,2,1,2,1,0,0,1,2460.0,481.0,2640.0,45,53,17.77777777777778,1
232,26,2,1,2,1,0,0,1,2610.0,658.0,2640.0,45,53,17.77777777777778,1
232,27,2,1,4,1,0,0,1,630.0,572.0,1320.0,45,53,17.77777777777778,1
232,28,4,1,6,2,0,0,1,2610.0,1262.0,2880.0,41,53,29.268292682926827,0
233,3,4,1,6,2,0,0,1,8802.0,1226.0,10800.0,144,163,13.194444444444445,1
233,4,6,3,5,3,0,1,1,10152.0,3202.0,8100.0,144,162,12.5,0
233,5,5,3,7,2,1,1,1,10404.0,1171.0,11700.0,144,162,12.5,1
233,6,7,1,6,3,1,0,1,9036.0,2527.0,9900.0,141,163,15.602836879432624,0
233,7,6,1,4,3,0,0,1,7452.0,3412.0,5400.0,144,164,13.88888888888889,1
233,8,4,3,5,2,0,1,1,9450.0,1388.0,9000.0,144,164,13.88888888888889,1
233,9,5,3,9,2,1,1,1,8820.0,976.0,11700.0,138,156,13.043478260869565,1
233,10,9,3,1,4,1,1,1,10062.0,3651.0,6300.0,140,158,12.857142857142856,1
233,11,1,3,7,0,1,1,1,13608.0,-329.0,15282.0,140,158,12.857142857142856,1
233,12,7,3,7,3,1,1,1,8640.0,1580.0,9900.0,140,161,15.0,1
233,13,7,3,7,3,1,1,1,17352.0,2681.0,17100.0,140,157,12.142857142857142,1
233,14,7,3,7,3,1,1,1,11196.0,2454.0,10800.0,140,159,13.571428571428571,0
233,15,7,3,7,3,1,1,1,10602.0,2160.0,10800.0,140,160,14.285714285714285,1
233,16,7,3,7,3,1,1,1,12492.0,2365.0,13500.0,140,157,12.142857142857142,1
233,17,7,3,7,3,1,1,1,13896.0,3419.0,12600.0,140,157,12.142857142857142,1
233,18,7,1,6,3,1,0,1,7344.0,1458.0,8100.0,140,161,15.0,0
233,19,6,1,6,3,0,0,1,8874.0,2215.0,9000.0,140,161,15.0,0
233,20,6,3,5,3,0,1,1,10350.0,2312.0,8802.0,140,159,13.571428571428571,0
233,21,5,3,7,2,1,1,1,10062.0,853.0,10800.0,135,154,14.074074074074074,1
233,22,7,3,9,3,1,1,1,16668.0,1601.0,23400.0,133,148,11.278195488721805,0
233,23,9,3,5,4,1,1,1,16056.0,8303.0,9000.0,140,143,2.142857142857143,1
233,24,5,1,8,2,1,0,1,8514.0,1289.0,12600.0,140,161,15.0,1
233,25,8,3,7,4,0,1,1,10692.0,5364.0,8100.0,140,158,12.857142857142856,1
233,26,7,1,6,3,1,0,1,8460.0,2726.0,8100.0,149,162,8.724832214765101,1
233,27,6,1,4,3,0,0,1,10494.0,2284.0,9000.0,149,171,14.76510067114094,1
233,28,4,1,8,2,0,0,1,9324.0,814.0,13500.0,149,171,14.76510067114094,0
246,3,4,1,4,2,0,0,1,3600.0,973.0,3600.0,91,105,15.384615384615385,0
246,4,4,3,7,2,0,1,1,4272.0,950.0,5040.0,91,111,21.978021978021978,0
246,5,7,3,1,3,1,1,1,3192.0,1718.0,1440.0,95,116,22.105263157894736,1
246,6,1,3,7,0,1,1,1,3336.0,-34.0,5280.0,84,93,10.714285714285714,1
246,7,7,3,9,3,1,1,1,8832.0,1910.0,12240.0,90,93,3.3333333333333335,1
246,8,9,3,9,4,1,1,1,3576.0,5318.0,2400.0,92,107,16.304347826086957,0
246,9,9,2,3,4,1,1,0,3816.0,4143.0,0.0,92,108,17.391304347826086,0
246,10,3,1,6,1,1,0,1,3024.0,303.0,4320.0,95,116,22.105263157894736,1
246,11,6,3,5,3,0,1,1,3480.0,1659.0,2880.0,95,116,22.105263157894736,1
246,12,5,1,8,2,1,0,1,2880.0,1062.0,7680.0,90,118,31.11111111111111,0
246,13,8,3,9,4,0,1,1,13224.0,5784.0,12000.0,90,96,6.666666666666667,0
246,14,9,0,6,4,1,0,0,1368.0,4606.0,0.0,90,114,26.666666666666668,0
246,15,6,0,4,3,0,0,0,2328.0,3241.0,0.0,90,112,24.444444444444443,0
246,16,4,1,4,2,0,0,1,3096.0,865.0,3312.0,94,111,18.085106382978726,1
246,17,4,3,5,2,0,1,1,3384.0,1058.0,3312.0,94,112,19.148936170212767,1
246,18,5,1,6,2,1,0,1,2424.0,1032.0,3864.0,94,115,22.340425531914892,1
246,19,6,3,7,3,0,1,1,3432.0,2448.0,2760.0,94,114,21.27659574468085,0
246,20,7,3,5,3,1,1,1,3336.0,1776.0,2760.0,94,113,20.212765957446805,1
246,21,5,1,0,2,1,0,1,2256.0,1196.0,1104.0,94,115,22.340425531914892,1
246,22,0,1,6,0,0,0,1,456.0,23.0,2880.0,90,115,27.77777777777778,1
246,23,6,0,4,3,0,0,0,1296.0,2380.0,0.0,90,115,27.77777777777778,0
246,24,4,1,8,2,0,0,1,2016.0,1081.0,5640.0,90,113,25.555555555555554,1
246,25,8,0,4,4,0,0,0,2544.0,3625.0,0.0,90,114,26.666666666666668,0
246,26,4,0,0,2,0,0,0,1080.0,1081.0,0.0,90,114,26.666666666666668,0
246,27,0,0,0,0,0,0,0,144.0,146.0,0.0,90,116,28.888888888888886,0
246,28,0,1,6,0,0,0,1,1008.0,2.0,3120.0,99,119,20.2020202020202,0
252,3,1,3,5,0,1,1,1,680.0,264.0,1344.0,328,377,14.939024390243901,0
252,4,5,2,1,2,1,1,0,688.0,933.0,0.0,328,380,15.853658536585366,0
252,5,1,3,1,0,1,1,1,928.0,238.0,920.0,319,370,15.987460815047022,0
252,6,1,3,1,0,1,1,1,592.0,232.0,552.0,319,372,16.614420062695924,0
252,7,1,1,0,0,1,0,1,560.0,201.0,552.0,319,383,20.06269592476489,0
252,8,0,1,2,0,0,0,1,728.0,186.0,1104.0,319,382,19.74921630094044,0
252,9,2,1,2,1,0,0,1,392.0,564.0,240.0,297,378,27.27272727272727,0
252,10,2,3,1,1,0,1,1,1152.0,415.0,952.0,319,346,8.463949843260188,1
252,11,1,3,5,0,1,1,1,792.0,209.0,1880.0,306,359,17.320261437908496,1
252,12,5,3,9,2,1,1,1,2584.0,1297.0,6048.0,294,306,4.081632653061225,0
252,13,9,3,3,4,1,1,1,4608.0,4768.0,440.0,334,310,-7.18562874251497,0
252,14,3,0,0,1,1,0,0,448.0,610.0,0.0,334,402,20.35928143712575,0
252,15,0,1,0,0,0,0,1,552.0,247.0,528.0,334,402,20.35928143712575,1
252,16,0,1,0,0,0,0,1,448.0,234.0,264.0,334,398,19.16167664670659,0
252,17,0,1,2,0,0,0,1,608.0,56.0,896.0,339,406,19.76401179941003,1
252,18,2,1,2,1,0,0,1,400.0,296.0,440.0,345,411,19.130434782608695,0
252,19,2,1,0,1,0,0,1,520.0,336.0,264.0,345,415,20.28985507246377,0
252,20,0,1,0,0,0,0,1,576.0,80.0,528.0,345,415,20.28985507246377,0
252,21,0,1,0,0,0,0,1,408.0,20.0,528.0,345,415,20.28985507246377,0
252,22,0,3,5,0,0,1,1,2624.0,140.0,3720.0,317,351,10.725552050473187,1
252,23,5,3,3,2,1,1,1,1344.0,1229.0,616.0,345,386,11.884057971014492,0
252,24,3,1,2,1,1,0,1,824.0,493.0,880.0,345,416,20.579710144927535,0
252,25,2,3,3,1,0,1,1,1400.0,538.0,1320.0,345,412,19.420289855072465,1
252,26,3,1,4,1,1,0,1,1064.0,405.0,1760.0,345,416,20.579710144927535,0
252,27,4,0,0,2,0,0,0,1112.0,1121.0,0.0,345,415,20.28985507246377,0
252,28,0,1,4,0,0,0,1,704.0,3.0,1840.0,339,396,16.8141592920354,1
