src/econirl/datasets/supermarket_data.csv
product_id,period,state,action,next_state,inventory_bin,lagged_promotion,promotion,ordered,sales,inventory,orders,wholesale_price,retail_price,markup_pct,stockout
363,3,9,3,9,4,1,1,1,6696.0,3505.0,13008.0,55,61,10.909090909090908,0
363,4,9,2,5,4,1,1,0,8880.0,9896.0,0.0,55,58,5.454545454545454,0
363,5,5,3,9,2,1,1,1,4824.0,1019.0,8640.0,58,61,5.172413793103448,0
363,6,9,2,5,4,1,1,0,3528.0,4721.0,0.0,58,64,10.344827586206897,0
363,7,5,3,7,2,1,1,1,3096.0,1193.0,4896.0,60,64,6.666666666666667,0
363,8,7,3,5,3,1,1,1,3144.0,3017.0,1320.0,60,69,15.0,0
363,9,5,3,7,2,1,1,1,4296.0,1145.0,5928.0,60,66,10.0,1
363,10,7,3,9,3,1,1,1,12864.0,2768.0,20352.0,56,59,5.357142857142857,0
363,11,9,2,9,4,1,1,0,5376.0,10273.0,0.0,56,63,12.5,0
363,12,9,1,8,4,1,0,1,6360.0,5019.0,15552.0,56,65,16.071428571428573,0
363,13,8,3,9,4,0,1,1,15744.0,14160.0,10368.0,65,63,-3.076923076923077,1
363,14,9,2,9,4,1,1,0,4224.0,8775.0,0.0,65,74,13.846153846153847,0
363,15,9,3,7,4,1,1,1,4824.0,4574.0,2640.0,62,72,16.129032258064516,1
363,16,7,3,9,3,1,1,1,9504.0,2413.0,18480.0,62,67,8.064516129032258,1
363,17,9,3,9,4,1,1,1,3744.0,11365.0,5280.0,63,71,12.698412698412698,0
363,18,9,2,9,4,1,1,0,4680.0,12864.0,0.0,65,69,6.153846153846154,0
363,19,9,0,8,4,1,0,0,2976.0,8183.0,0.0,65,74,13.846153846153847,0
363,20,8,0,6,4,0,0,0,3096.0,5254.0,0.0,65,74,13.846153846153847,0
363,21,6,3,9,3,0,1,1,8880.0,2181.0,21120.0,63,65,3.1746031746031744,0
363,22,9,2,9,4,1,1,0,5616.0,14420.0,0.0,63,71,12.698412698412698,0
363,23,9,0,8,4,1,0,0,4416.0,8851.0,0.0,63,75,19.047619047619047,0
363,24,8,1,8,4,0,0,1,4680.0,4483.0,10560.0,64,74,15.625,1
363,25,8,0,6,4,0,0,0,6888.0,10338.0,0.0,64,73,14.0625,0
363,26,6,0,0,3,0,0,0,3480.0,3449.0,0.0,64,73,14.0625,0
363,27,0,1,8,0,0,0,1,5712.0,22.0,10560.0,72,81,12.5,1
363,28,8,0,4,4,0,0,0,3552.0,4894.0,0.0,72,82,13.88888888888889,0
364,3,9,2,7,4,1,1,0,2616.0,5520.0,0.0,58,61,5.172413793103448,0
364,4,7,3,7,3,1,1,1,3072.0,2927.0,2880.0,55,58,5.454545454545454,0
364,5,7,0,6,3,1,0,0,768.0,2738.0,0.0,58,65,12.068965517241379,0
364,6,6,2,7,3,0,1,0,504.0,1971.0,0.0,58,64,10.344827586206897,0
364,7,7,1,8,3,1,0,1,408.0,1467.0,3168.0,60,67,11.666666666666666,0
364,8,8,0,8,4,0,0,0,720.0,4227.0,0.0,60,69,15.0,0
364,9,8,2,7,4,0,1,0,648.0,3483.0,0.0,60,67,11.666666666666666,0
364,10,7,3,5,3,1,1,1,4680.0,2860.0,3120.0,56,58,3.571428571428571,0
364,11,5,3,7,2,1,1,1,984.0,1298.0,1872.0,56,62,10.714285714285714,0
364,12,7,1,6,3,1,0,1,1512.0,2143.0,1560.0,56,66,17.857142857142858,0
364,13,6,2,3,3,0,1,0,2112.0,2304.0,0.0,62,67,8.064516129032258,0
364,14,3,3,7,1,1,1,1,768.0,351.0,2640.0,65,74,13.846153846153847,1
364,15,7,2,3,3,1,1,0,1632.0,2245.0,0.0,65,71,9.230769230769232,0
364,16,3,3,3,1,1,1,1,2664.0,614.0,2640.0,62,67,8.064516129032258,1
364,17,3,3,9,1,1,1,1,1152.0,590.0,4488.0,63,73,15.873015873015872,0
364,18,9,2,7,4,1,1,0,1512.0,3960.0,0.0,65,69,6.153846153846154,0
364,19,7,0,6,3,1,0,0,744.0,2496.0,0.0,65,75,15.384615384615385,0
364,20,6,0,2,3,0,0,0,1104.0,1762.0,0.0,65,74,13.846153846153847,0
364,21,2,3,7,1,0,1,1,4248.0,659.0,5280.0,63,65,3.1746031746031744,0
364,22,7,2,1,3,1,1,0,1680.0,1715.0,0.0,63,72,14.285714285714285,0
364,23,1,1,6,0,1,0,1,1416.0,15.0,3960.0,64,75,17.1875,1
364,24,6,1,8,3,0,0,1,1584.0,2556.0,2640.0,64,75,17.1875,0
364,25,8,0,4,4,0,0,0,2568.0,3612.0,0.0,64,75,17.1875,0
364,26,4,0,0,2,0,0,0,1080.0,1041.0,0.0,64,75,17.1875,0
364,27,0,1,4,0,0,0,1,1944.0,21.0,2640.0,72,83,15.277777777777779,1
364,28,4,0,0,2,0,0,0,696.0,741.0,0.0,72,84,16.666666666666664,0
366,3,8,0,8,4,0,0,0,360.0,6306.0,0.0,58,71,22.413793103448278,0
366,4,8,0,8,4,0,0,0,504.0,5946.0,0.0,58,71,22.413793103448278,0
366,5,8,0,8,4,0,0,0,240.0,5443.0,0.0,58,71,22.413793103448278,0
366,6,8,0,8,4,0,0,0,408.0,5203.0,0.0,73,78,6.8493150684931505,0
366,7,8,0,8,4,0,0,0,768.0,4795.0,0.0,71,84,18.30985915492958,0
366,8,8,0,8,4,0,0,0,456.0,4412.0,0.0,71,84,18.30985915492958,0
366,9,8,0,8,4,0,0,0,216.0,3956.0,0.0,71,84,18.30985915492958,0
366,10,8,0,6,4,0,0,0,336.0,3741.0,0.0,71,85,19.718309859154928,0
366,11,6,0,6,3,0,0,0,600.0,3336.0,0.0,71,86,21.12676056338028,0
366,12,6,1,8,3,0,0,1,720.0,2736.0,2880.0,71,86,21.12676056338028,0
366,13,8,2,9,4,0,1,0,1248.0,4944.0,0.0,71,83,16.901408450704224,0
366,14,9,0,6,4,1,0,0,360.0,3671.0,0.0,71,86,21.12676056338028,0
366,15,6,0,6,3,0,0,0,360.0,3297.0,0.0,71,86,21.12676056338028,0
366,16,6,2,7,3,0,1,0,648.0,2935.0,0.0,71,80,12.676056338028168,0
366,17,7,0,6,3,1,0,0,336.0,2284.0,0.0,71,84,18.30985915492958,0
366,18,6,0,6,3,0,0,0,288.0,2040.0,0.0,71,84,18.30985915492958,0
366,19,6,1,6,3,0,0,1,264.0,1874.0,1680.0,77,84,9.090909090909092,0
366,20,6,3,9,3,0,1,1,1632.0,3315.0,3000.0,77,84,9.090909090909092,0
366,21,9,2,9,4,1,1,0,504.0,4685.0,0.0,77,83,7.792207792207792,0
366,22,9,0,8,4,1,0,0,264.0,4206.0,0.0,77,91,18.181818181818183,0
366,23,8,0,8,4,0,0,0,288.0,3911.0,0.0,77,91,18.181818181818183,0
366,24,8,0,6,4,0,0,0,456.0,3604.0,0.0,77,91,18.181818181818183,0
366,25,6,0,6,3,0,0,0,672.0,3170.0,0.0,77,91,18.181818181818183,0
366,26,6,0,6,3,0,0,0,336.0,2493.0,0.0,77,91,18.181818181818183,0
366,27,6,0,6,3,0,0,0,336.0,1981.0,0.0,85,94,10.588235294117647,0
366,28,6,0,4,3,0,0,0,648.0,1645.0,0.0,85,99,16.470588235294116,0
410,3,9,2,9,4,1,1,0,5560.0,10153.0,0.0,85,98,15.294117647058824,0
410,4,9,1,6,4,1,0,1,6160.0,4479.0,3640.0,115,113,-1.7391304347826086,0
410,5,6,1,8,3,0,0,1,5120.0,1896.0,16120.0,115,138,20.0,0
410,6,8,2,9,4,0,1,0,6080.0,12943.0,0.0,115,128,11.304347826086957,0
410,7,9,0,8,4,1,0,0,2520.0,6836.0,0.0,115,139,20.869565217391305,0
410,8,8,0,6,4,0,0,0,2240.0,4317.0,0.0,115,139,20.869565217391305,0
410,9,6,0,2,3,0,0,0,1520.0,2117.0,0.0,115,139,20.869565217391305,0
410,10,2,3,7,1,0,1,1,4280.0,637.0,7200.0,122,135,10.655737704918032,1
410,11,7,3,5,3,1,1,1,3760.0,3400.0,1200.0,121,145,19.834710743801654,0
410,12,5,3,9,2,1,1,1,7240.0,801.0,12000.0,121,137,13.223140495867769,1
410,13,9,2,1,4,1,1,0,5680.0,5640.0,0.0,121,145,19.834710743801654,0
410,14,1,1,6,0,1,0,1,3560.0,1.0,6240.0,130,157,20.76923076923077,0
410,15,6,0,4,3,0,0,0,1520.0,2764.0,0.0,130,155,19.230769230769234,0
410,16,4,1,2,2,0,0,1,2640.0,1246.0,2000.0,135,156,15.555555555555555,0
410,17,2,3,9,1,0,1,1,2400.0,582.0,12800.0,124,156,25.806451612903224,0
410,18,9,2,9,4,1,1,0,5640.0,11560.0,0.0,128,142,10.9375,0
410,19,9,2,9,4,1,1,0,1000.0,5920.0,0.0,128,146,14.0625,0
410,20,9,2,7,4,1,1,0,2400.0,4922.0,0.0,128,145,13.28125,0
410,21,7,2,5,3,1,1,0,1800.0,2562.0,0.0,128,145,13.28125,0
410,22,5,0,0,2,1,0,0,1320.0,762.0,0.0,128,151,17.96875,0
410,23,0,1,4,0,0,0,1,920.0,-556.0,2400.0,133,153,15.037593984962406,1
410,24,4,1,8,2,0,0,1,1960.0,924.0,7200.0,133,155,16.541353383458645,0
410,25,8,0,8,4,0,0,0,2520.0,6123.0,0.0,133,155,16.541353383458645,0
410,26,8,0,0,4,0,0,0,4440.0,3603.0,0.0,133,155,16.541353383458645,0
410,27,0,1,6,0,0,0,1,3280.0,280.0,4880.0,146,169,15.753424657534246,0
410,28,6,3,9,3,0,1,1,6520.0,2000.0,13000.0,146,160,9.58904109589041,0
423,3,6,0,6,3,0,0,0,744.0,3360.0,0.0,89,114,28.08988764044944,0
423,4,6,1,6,3,0,0,1,1248.0,2568.0,1440.0,89,114,28.08988764044944,0
423,5,6,1,6,3,0,0,1,2016.0,2797.0,720.0,89,111,24.719101123595504,0
423,6,6,1,4,3,0,0,1,1800.0,1531.0,1200.0,89,113,26.96629213483146,0
423,7,4,1,4,2,0,0,1,1752.0,955.0,1440.0,89,114,28.08988764044944,0
423,8,4,1,6,2,0,0,1,1752.0,726.0,2880.0,80,112,40.0,1
423,9,6,1,4,3,0,0,1,1224.0,1854.0,720.0,89,106,19.101123595505616,0
423,10,4,1,6,2,0,0,1,1584.0,1350.0,1200.0,89,114,28.08988764044944,1
423,11,6,0,2,3,0,0,0,1464.0,1944.0,0.0,89,114,28.08988764044944,0
423,12,2,1,4,1,0,0,1,1488.0,480.0,1200.0,89,114,28.08988764044944,0
423,13,4,1,4,2,0,0,1,1776.0,1104.0,1680.0,89,114,28.08988764044944,0
423,14,4,1,4,2,0,0,1,1248.0,1032.0,1200.0,82,104,26.82926829268293,0
423,15,4,1,6,2,0,0,1,1104.0,980.0,1920.0,82,101,23.170731707317074,0
423,16,6,3,3,3,0,1,1,2016.0,1734.0,720.0,89,98,10.112359550561797,0
423,17,3,3,1,1,1,1,1,1536.0,438.0,1200.0,89,104,16.853932584269664,0
423,18,1,3,3,0,1,1,1,1872.0,120.0,2400.0,81,95,17.28395061728395,0
423,19,3,1,0,1,1,0,1,1632.0,624.0,960.0,89,104,16.853932584269664,1
423,20,0,1,2,0,0,0,1,1320.0,-50.0,1920.0,89,107,20.224719101123593,1
423,21,2,1,2,1,0,0,1,1608.0,561.0,1440.0,89,107,20.224719101123593,1
423,22,2,1,0,1,0,0,1,1752.0,383.0,1440.0,89,107,20.224719101123593,1
423,23,0,1,2,0,0,0,1,1944.0,-24.0,2400.0,94,107,13.829787234042554,1
423,24,2,1,4,1,0,0,1,1848.0,432.0,2400.0,94,113,20.212765957446805,0
423,25,4,3,7,2,0,1,1,6576.0,1005.0,8544.0,70,87,24.285714285714285,0
423,26,7,0,6,3,1,0,0,1056.0,2973.0,0.0,70,99,41.42857142857143,0
423,27,6,1,4,3,0,0,1,1584.0,1959.0,480.0,94,109,15.957446808510639,0
423,28,4,3,7,2,0,1,1,3432.0,855.0,4800.0,91,104,14.285714285714285,1
424,3,5,3,5,2,1,1,1,2180.0,1209.0,2140.0,84,98,16.666666666666664,1
424,4,5,1,4,2,1,0,1,1920.0,1154.0,2080.0,84,103,22.61904761904762,1
424,5,4,3,5,2,0,1,1,2020.0,1342.0,1880.0,84,101,20.238095238095237,1
424,6,5,1,4,2,1,0,1,2120.0,1165.0,2100.0,84,103,22.61904761904762,1
424,7,4,1,4,2,0,0,1,1960.0,1146.0,2000.0,84,104,23.809523809523807,0
424,8,4,1,4,2,0,0,1,2400.0,1187.0,2000.0,84,106,26.190476190476193,1
424,9,4,1,4,2,0,0,1,1540.0,787.0,2000.0,84,105,25.0,0
424,10,4,3,3,2,0,1,1,2260.0,1247.0,2000.0,84,102,21.428571428571427,1
424,11,3,1,2,1,1,0,1,2220.0,622.0,2080.0,84,105,25.0,0
424,12,2,1,2,1,0,0,1,2060.0,494.0,2060.0,84,105,25.0,1
424,13,2,1,4,1,0,0,1,2720.0,520.0,3080.0,86,105,22.093023255813954,1
424,14,4,1,4,2,0,0,1,1600.0,879.0,1620.0,86,108,25.581395348837212,0
424,15,4,3,7,2,0,1,1,2260.0,1008.0,3300.0,79,97,22.78481012658228,0
424,16,7,3,3,3,1,1,1,3720.0,2047.0,2240.0,79,89,12.658227848101266,0
424,17,3,1,4,1,1,0,1,1560.0,587.0,2240.0,79,93,17.72151898734177,1
424,18,4,1,4,2,0,0,1,1560.0,1200.0,1600.0,84,95,13.095238095238097,1
424,19,4,1,0,2,0,0,1,1920.0,1240.0,840.0,84,99,17.857142857142858,0
424,20,0,3,5,0,0,1,1,2380.0,170.0,3080.0,80,96,20.0,1
424,21,5,3,5,2,1,1,1,1760.0,869.0,1920.0,80,95,18.75,0
424,22,5,1,0,2,1,0,1,1900.0,1029.0,1000.0,86,99,15.11627906976744,0
424,23,0,1,4,0,0,0,1,1840.0,130.0,2520.0,86,101,17.441860465116278,0
424,24,4,3,9,2,0,1,1,2200.0,850.0,5320.0,80,98,22.5,0
424,25,9,3,9,4,1,1,1,4520.0,3970.0,4480.0,80,93,16.25,1
424,26,9,0,6,4,1,0,0,880.0,3949.0,0.0,80,98,22.5,0
424,27,6,0,6,3,0,0,0,1620.0,3140.0,0.0,80,99,23.75,0
424,28,6,1,4,3,0,0,1,1600.0,1520.0,1260.0,86,99,15.11627906976744,0
425,3,9,2,9,4,1,1,0,620.0,6320.0,0.0,80,92,15.0,0
425,4,9,2,9,4,1,1,0,960.0,5681.0,0.0,80,91,13.750000000000002,0
425,5,9,2,9,4,1,1,0,620.0,4722.0,0.0,80,96,20.0,0
425,6,9,0,8,4,1,0,0,420.0,4123.0,0.0,80,104,30.0,0
425,7,8,0,6,4,0,0,0,620.0,3706.0,0.0,80,107,33.75,0
425,8,6,0,2,3,0,0,0,580.0,3087.0,0.0,80,112,40.0,0
425,9,2,1,2,1,0,0,1,560.0,527.0,500.0,84,113,34.523809523809526,0
425,10,2,2,5,1,0,1,0,560.0,489.0,0.0,84,110,30.952380952380953,0
425,11,5,0,2,2,1,0,0,500.0,806.0,0.0,84,117,39.285714285714285,0
425,12,2,1,0,1,0,0,1,480.0,309.0,420.0,84,117,39.285714285714285,0
425,13,0,1,4,0,0,0,1,980.0,220.0,1680.0,86,117,36.04651162790697,0
425,14,4,1,4,2,0,0,1,560.0,914.0,620.0,86,116,34.883720930232556,0
425,15,4,3,5,2,0,1,1,920.0,995.0,1120.0,79,103,30.37974683544304,0
425,16,5,3,7,2,1,1,1,1580.0,1179.0,2240.0,79,90,13.924050632911392,0
425,17,7,0,4,3,1,0,0,620.0,1839.0,0.0,86,101,17.441860465116278,0
425,18,4,0,4,2,0,0,0,360.0,1240.0,0.0,86,102,18.6046511627907,0
425,19,4,0,0,2,0,0,0,580.0,880.0,0.0,86,102,18.6046511627907,0
425,20,0,1,2,0,0,0,1,660.0,280.0,980.0,84,102,21.428571428571427,0
425,21,2,0,0,1,0,0,0,520.0,620.0,0.0,84,102,21.428571428571427,0
425,22,0,1,2,0,0,0,1,680.0,100.0,980.0,86,102,18.6046511627907,0
425,23,2,1,2,1,0,0,1,700.0,380.0,840.0,86,102,18.6046511627907,0
425,24,2,3,7,1,0,1,1,1160.0,520.0,3420.0,80,97,21.25,0
425,25,7,3,7,3,1,1,1,2420.0,2744.0,2400.0,80,93,16.25,0
425,26,7,0,6,3,1,0,0,140.0,2744.0,0.0,80,99,23.75,0
425,27,6,0,6,3,0,0,0,380.0,2620.0,0.0,80,99,23.75,0
425,28,6,0,6,3,0,0,0,560.0,2240.0,0.0,80,99,23.75,0
426,3,0,1,4,0,0,0,1,816.0,180.0,1320.0,131,168,28.24427480916031,0
426,4,4,1,4,2,0,0,1,948.0,699.0,1440.0,131,168,28.24427480916031,0
426,5,4,1,4,2,0,0,1,888.0,1192.0,576.0,131,168,28.24427480916031,0
426,6,4,1,2,2,0,0,1,996.0,881.0,720.0,131,168,28.24427480916031,1
426,7,2,1,4,1,0,0,1,1008.0,605.0,1296.0,131,168,28.24427480916031,0
426,8,4,0,0,2,0,0,0,888.0,895.0,0.0,131,169,29.00763358778626,0
426,9,0,1,4,0,0,0,1,900.0,7.0,1764.0,131,169,29.00763358778626,0
426,10,4,1,2,2,0,0,1,948.0,872.0,720.0,131,169,29.00763358778626,1
426,11,2,1,2,1,0,0,1,852.0,658.0,624.0,131,169,29.00763358778626,0
426,12,2,1,2,1,0,0,1,768.0,459.0,660.0,131,169,29.00763358778626,0
426,13,2,1,4,1,0,0,1,948.0,300.0,2040.0,137,171,24.817518248175183,1
426,14,4,0,4,2,0,0,0,480.0,1409.0,0.0,137,175,27.73722627737226,0
426,15,4,0,0,2,0,0,0,708.0,934.0,0.0,137,169,23.357664233576642,0
426,16,0,1,4,0,0,0,1,792.0,220.0,1440.0,131,165,25.954198473282442,0
426,17,4,0,0,2,0,0,0,660.0,871.0,0.0,131,164,25.190839694656486,0
426,18,0,1,4,0,0,0,1,840.0,168.0,1296.0,131,162,23.66412213740458,0
426,19,4,1,4,2,0,0,1,756.0,745.0,720.0,131,161,22.900763358778626,0
426,20,4,1,2,2,0,0,1,852.0,708.0,720.0,131,159,21.374045801526716,0
426,21,2,1,2,1,0,0,1,612.0,580.0,360.0,131,157,19.84732824427481,0
426,22,2,1,4,1,0,0,1,528.0,327.0,1080.0,131,158,20.610687022900763,0
426,23,4,0,2,2,0,0,0,492.0,873.0,0.0,131,158,20.610687022900763,0
426,24,2,0,0,1,0,0,0,396.0,368.0,0.0,131,158,20.610687022900763,0
426,25,0,1,0,0,0,0,1,648.0,-4.0,720.0,131,163,24.427480916030532,1
426,26,0,1,2,0,0,0,1,348.0,79.0,684.0,131,163,24.427480916030532,1
426,27,2,1,2,1,0,0,1,540.0,409.0,720.0,131,163,24.427480916030532,0
426,28,2,1,4,1,0,0,1,432.0,601.0,720.0,131,163,24.427480916030532,0
432,3,3,3,5,1,1,1,1,3000.0,405.0,3645.0,121,130,7.43801652892562,1
432,4,5,1,2,2,1,0,1,1935.0,825.0,1680.0,121,153,26.446280991735538,0
432,5,2,0,0,1,0,0,0,540.0,589.0,0.0,121,154,27.27272727272727,0
432,6,0,1,0,0,0,0,1,645.0,53.0,840.0,121,154,27.27272727272727,1
432,7,0,1,6,0,0,0,1,690.0,249.0,2715.0,108,154,42.592592592592595,0
432,8,6,3,7,3,0,1,1,3375.0,2290.0,3750.0,108,120,11.11111111111111,0
432,9,7,0,6,3,1,0,0,810.0,2680.0,0.0,108,139,28.703703703703702,0
432,10,6,0,4,3,0,0,0,690.0,1870.0,0.0,108,139,28.703703703703702,0
432,11,4,0,0,2,0,0,0,1185.0,1186.0,0.0,108,139,28.703703703703702,0
432,12,0,1,2,0,0,0,1,1380.0,12.0,1800.0,113,144,27.43362831858407,1
432,13,2,1,6,1,0,0,1,1815.0,420.0,3975.0,108,141,30.555555555555557,1
432,14,6,0,6,3,0,0,0,1050.0,2581.0,0.0,108,138,27.77777777777778,0
432,15,6,0,2,3,0,0,0,1080.0,1552.0,0.0,108,136,25.925925925925924,0
432,16,2,1,4,1,0,0,1,1110.0,460.0,1725.0,127,147,15.748031496062993,1
432,17,4,0,0,2,0,0,0,990.0,1074.0,0.0,127,157,23.62204724409449,0
432,18,0,1,0,0,0,0,1,468.0,75.0,644.0,127,157,23.62204724409449,1
432,19,0,1,2,0,0,0,1,420.0,266.0,644.0,127,157,23.62204724409449,0
432,20,2,1,4,1,0,0,1,448.0,488.0,644.0,127,157,23.62204724409449,0
432,21,4,0,2,2,0,0,0,406.0,698.0,0.0,127,157,23.62204724409449,0
432,22,2,1,2,1,0,0,1,378.0,292.0,644.0,127,157,23.62204724409449,1
432,23,2,1,4,1,0,0,1,434.0,586.0,644.0,127,157,23.62204724409449,0
432,24,4,0,2,2,0,0,0,378.0,797.0,0.0,127,157,23.62204724409449,0
432,25,2,1,2,1,0,0,1,574.0,419.0,644.0,127,157,23.62204724409449,0
432,26,2,1,2,1,0,0,1,490.0,489.0,672.0,121,157,29.75206611570248,0
432,27,2,0,0,1,0,0,0,420.0,659.0,0.0,121,157,29.75206611570248,0
432,28,0,1,2,0,0,0,1,588.0,239.0,784.0,133,161,21.052631578947366,0
446,3,9,3,9,4,1,1,1,10416.0,6917.0,15120.0,66,71,7.575757575757576,0
446,4,9,0,8,4,1,0,0,6624.0,11773.0,0.0,66,72,9.090909090909092,0
446,5,8,1,8,4,0,0,1,8976.0,5153.0,10320.0,63,69,9.523809523809524,0
446,6,8,1,6,4,0,0,1,9312.0,6530.0,5280.0,66,69,4.545454545454546,0
446,7,6,1,6,3,0,0,1,9120.0,2506.0,10080.0,66,73,10.606060606060606,1
446,8,6,1,8,3,0,0,1,10128.0,3434.0,10080.0,66,73,10.606060606060606,0
446,9,8,1,4,4,0,0,1,7632.0,3541.0,5040.0,66,73,10.606060606060606,0
446,10,4,1,8,2,0,0,1,10224.0,961.0,20880.0,66,73,10.606060606060606,1
446,11,8,1,8,4,0,0,1,9360.0,11428.0,5040.0,66,73,10.606060606060606,0
446,12,8,1,6,4,0,0,1,9648.0,7179.0,5040.0,66,73,10.606060606060606,0
446,13,6,3,1,3,0,1,1,13536.0,2590.0,10560.0,63,68,7.936507936507936,1
446,14,1,3,9,0,1,1,1,6528.0,198.0,10560.0,63,68,7.936507936507936,0
446,15,9,1,8,4,1,0,1,6144.0,4140.0,5280.0,63,71,12.698412698412698,0
446,16,8,1,8,4,0,0,1,8640.0,3508.0,15600.0,63,73,15.873015873015872,1
446,17,8,0,6,4,0,0,0,7536.0,10470.0,0.0,63,73,15.873015873015872,0
446,18,6,1,0,3,0,0,1,4560.0,3120.0,1440.0,63,73,15.873015873015872,1
446,19,0,3,7,0,0,1,1,8544.0,1.0,10560.0,63,70,11.11111111111111,0
446,20,7,1,8,3,1,0,1,7104.0,2068.0,15840.0,63,71,12.698412698412698,1
446,21,8,0,8,4,0,0,0,7008.0,10857.0,0.0,63,71,12.698412698412698,0
446,22,8,1,8,4,0,0,1,10032.0,3980.0,15120.0,66,72,9.090909090909092,1
446,23,8,1,8,4,0,0,1,8112.0,9074.0,15840.0,66,76,15.151515151515152,0
446,24,8,1,8,4,0,0,1,6480.0,16805.0,3600.0,63,76,20.634920634920633,0
446,25,8,1,8,4,0,0,1,8064.0,13977.0,5040.0,69,76,10.144927536231885,0
446,26,8,0,8,4,0,0,0,5328.0,10953.0,0.0,69,76,10.144927536231885,0
446,27,8,3,7,4,0,1,1,7536.0,5857.0,5040.0,69,76,10.144927536231885,1
446,28,7,3,9,3,1,1,1,8304.0,3360.0,20160.0,69,77,11.594202898550725,1
