src/econirl/datasets/supermarket_data.csv
product_id,period,state,action,next_state,inventory_bin,lagged_promotion,promotion,ordered,sales,inventory,orders,wholesale_price,retail_price,markup_pct,stockout
473,3,0,3,5,0,0,1,1,1620.0,242.0,2016.0,174,210,20.689655172413794,0
473,4,5,3,7,2,1,1,1,2652.0,682.0,3672.0,162,187,15.432098765432098,1
473,5,7,3,7,3,1,1,1,4188.0,1719.0,4500.0,162,178,9.876543209876543,0
473,6,7,3,5,3,1,1,1,2280.0,2127.0,1344.0,174,185,6.321839080459771,1
473,7,5,3,7,2,1,1,1,8184.0,1232.0,9000.0,156,169,8.333333333333332,1
473,8,7,3,5,3,1,1,1,4248.0,2062.0,3000.0,143,172,20.27972027972028,0
473,9,5,1,4,2,1,0,1,1476.0,870.0,1500.0,143,181,26.573426573426573,1
473,10,4,3,7,2,0,1,1,1584.0,926.0,3000.0,162,184,13.580246913580247,1
473,11,7,2,5,3,1,1,0,1092.0,2080.0,0.0,162,199,22.839506172839506,0
473,12,5,3,3,2,1,1,1,1644.0,1036.0,1260.0,174,205,17.81609195402299,1
473,13,3,3,3,1,1,1,1,1908.0,582.0,1632.0,192,212,10.416666666666668,1
473,14,3,1,2,1,1,0,1,576.0,293.0,744.0,175,243,38.857142857142854,0
473,15,2,3,7,1,0,1,1,1704.0,479.0,3792.0,152,185,21.710526315789476,0
473,16,7,3,5,3,1,1,1,5904.0,2563.0,4608.0,152,162,6.578947368421052,1
473,17,5,0,0,2,1,0,0,1056.0,1304.0,0.0,172,197,14.534883720930234,0
473,18,0,3,3,0,0,1,1,4404.0,276.0,4560.0,138,157,13.768115942028986,0
473,19,3,3,5,1,1,1,1,9732.0,405.0,10560.0,138,151,9.420289855072465,1
473,20,5,1,6,2,1,0,1,2124.0,1203.0,2880.0,150,168,12.0,1
473,21,6,3,9,3,0,1,1,9000.0,1939.0,10560.0,150,157,4.666666666666667,0
473,22,9,0,6,4,1,0,0,804.0,3464.0,0.0,150,172,14.666666666666666,0
473,23,6,2,5,3,0,1,0,1824.0,2678.0,0.0,150,164,9.333333333333334,0
473,24,5,3,3,2,1,1,1,10414.0,832.0,9900.0,143,152,6.293706293706294,1
473,25,3,3,5,1,1,1,1,1332.0,322.0,1800.0,143,165,15.384615384615385,1
473,26,5,0,0,2,1,0,0,816.0,760.0,0.0,143,168,17.482517482517483,0
473,27,0,3,5,0,0,1,1,1344.0,-29.0,2400.0,165,191,15.757575757575756,1
473,28,5,1,4,2,1,0,1,1608.0,1009.0,1920.0,169,195,15.384615384615385,1
480,3,9,3,7,4,1,1,1,8640.0,3687.0,7000.0,208,211,1.4423076923076923,1
480,4,7,1,6,3,1,0,1,5040.0,2004.0,5000.0,225,254,12.88888888888889,1
480,5,6,3,7,3,0,1,1,4180.0,2007.0,3800.0,225,257,14.222222222222221,1
480,6,7,1,6,3,1,0,1,4240.0,1654.0,4400.0,225,259,15.11111111111111,1
480,7,6,1,4,3,0,0,1,4580.0,1834.0,3600.0,225,264,17.333333333333336,1
480,8,4,1,4,2,0,0,1,3820.0,875.0,4000.0,213,259,21.5962441314554,1
480,9,4,3,7,2,0,1,1,6760.0,1036.0,9000.0,213,243,14.084507042253522,1
480,10,7,3,5,3,1,1,1,6420.0,3300.0,4800.0,213,244,14.553990610328638,1
480,11,5,3,7,2,1,1,1,11520.0,1392.0,12040.0,209,230,10.047846889952153,1
480,12,7,3,7,3,1,1,1,5980.0,2054.0,6000.0,215,232,7.906976744186046,0
480,13,7,3,7,3,1,1,1,18340.0,1802.0,18400.0,215,229,6.511627906976744,1
480,14,7,3,9,3,1,1,1,2420.0,1796.0,5000.0,215,236,9.767441860465116,0
480,15,9,3,7,4,1,1,1,3280.0,4264.0,1600.0,215,238,10.69767441860465,0
480,16,7,3,5,3,1,1,1,10500.0,2534.0,8800.0,215,234,8.837209302325581,1
480,17,5,3,7,2,1,1,1,4600.0,874.0,7200.0,215,237,10.232558139534884,0
480,18,7,1,2,3,1,0,1,3540.0,3340.0,800.0,215,244,13.488372093023257,1
480,19,2,1,0,1,0,0,1,3000.0,647.0,2400.0,225,246,9.333333333333334,1
480,20,0,1,6,0,0,0,1,3920.0,47.0,6400.0,225,255,13.333333333333334,1
480,21,6,3,7,3,0,1,1,4480.0,2526.0,4000.0,203,250,23.15270935960591,1
480,22,7,3,9,3,1,1,1,17600.0,2046.0,21300.0,203,221,8.866995073891626,1
480,23,9,2,9,4,1,1,0,2200.0,5765.0,0.0,203,239,17.733990147783253,0
480,24,9,0,4,4,1,0,0,2700.0,3542.0,0.0,203,245,20.689655172413794,0
480,25,4,1,4,2,0,0,1,4020.0,875.0,4200.0,203,239,17.733990147783253,1
480,26,4,3,9,2,0,1,1,12480.0,971.0,23600.0,203,214,5.41871921182266,1
480,27,9,2,9,4,1,1,0,1500.0,12035.0,0.0,203,222,9.35960591133005,0
480,28,9,2,9,4,1,1,0,1880.0,10535.0,0.0,203,237,16.748768472906402,0
483,3,6,3,5,3,0,1,1,9450.0,2950.0,7500.0,60,71,18.333333333333332,0
483,4,5,3,9,2,1,1,1,12900.0,1054.0,17000.0,60,68,13.333333333333334,0
483,5,9,3,9,4,1,1,1,11800.0,5154.0,12500.0,60,70,16.666666666666664,0
483,6,9,1,6,4,1,0,1,7400.0,5905.0,3000.0,60,73,21.666666666666668,0
483,7,6,1,8,3,0,0,1,8100.0,1506.0,14000.0,60,75,25.0,0
483,8,8,1,8,4,0,0,1,12650.0,7356.0,11000.0,60,75,25.0,1
483,9,8,1,2,4,0,0,1,13150.0,5707.0,8000.0,60,75,25.0,0
483,10,2,3,9,1,0,1,1,16750.0,657.0,26000.0,63,74,17.46031746031746,1
483,11,9,3,9,4,1,1,1,27050.0,9300.0,25000.0,63,74,17.46031746031746,1
483,12,9,1,4,4,1,0,1,16650.0,7260.0,10000.0,63,79,25.396825396825395,1
483,13,4,1,8,2,0,0,1,20300.0,699.0,26000.0,63,79,25.396825396825395,0
483,14,8,3,9,4,0,1,1,17400.0,6397.0,15000.0,63,77,22.22222222222222,0
483,15,9,3,9,4,1,1,1,19050.0,4046.0,20000.0,63,73,15.873015873015872,0
483,16,9,3,9,4,1,1,1,27500.0,4993.0,28000.0,63,71,12.698412698412698,0
483,17,9,1,6,4,1,0,1,16200.0,5544.0,12500.0,63,74,17.46031746031746,0
483,18,6,1,8,3,0,0,1,11250.0,1800.0,16000.0,63,74,17.46031746031746,0
483,19,8,1,8,4,0,0,1,15700.0,6550.0,13000.0,63,74,17.46031746031746,0
483,20,8,3,9,4,0,1,1,16500.0,3801.0,18000.0,63,72,14.285714285714285,1
483,21,9,1,6,4,1,0,1,12600.0,5300.0,10000.0,63,74,17.46031746031746,1
483,22,6,3,9,3,0,1,1,18050.0,2749.0,23000.0,67,77,14.925373134328357,1
483,23,9,1,8,4,1,0,1,14500.0,7770.0,15000.0,67,78,16.417910447761194,0
483,24,8,1,8,4,0,0,1,16100.0,8269.0,17500.0,67,78,16.417910447761194,1
483,25,8,1,8,4,0,0,1,18400.0,9679.0,15000.0,67,79,17.91044776119403,0
483,26,8,3,9,4,0,1,1,22700.0,6274.0,25000.0,67,76,13.432835820895523,0
483,27,9,1,8,4,1,0,1,13200.0,8056.0,15000.0,67,79,17.91044776119403,0
483,28,8,1,8,4,0,0,1,13150.0,9926.0,12500.0,67,79,17.91044776119403,0
484,3,4,1,4,2,0,0,1,2750.0,1046.0,3000.0,40,49,22.5,0
484,4,4,1,6,2,0,0,1,2800.0,1295.0,3000.0,40,49,22.5,0
484,5,6,1,4,3,0,0,1,2650.0,1498.0,2500.0,40,49,22.5,0
484,6,4,1,6,2,0,0,1,2100.0,1298.0,2500.0,40,49,22.5,0
484,7,6,1,6,3,0,0,1,2700.0,1648.0,3250.0,40,49,22.5,0
484,8,6,1,4,3,0,0,1,2450.0,2178.0,1500.0,40,51,27.500000000000004,0
484,9,4,1,4,2,0,0,1,1750.0,1250.0,1500.0,40,51,27.500000000000004,0
484,10,4,1,4,2,0,0,1,2550.0,1050.0,2700.0,42,51,21.428571428571427,1
484,11,4,1,6,2,0,0,1,2350.0,1150.0,3500.0,42,51,21.428571428571427,0
484,12,6,1,2,3,0,0,1,2600.0,2301.0,750.0,42,52,23.809523809523807,0
484,13,2,1,6,1,0,0,1,2500.0,500.0,3500.0,42,52,23.809523809523807,0
484,14,6,1,6,3,0,0,1,2000.0,1500.0,2000.0,42,52,23.809523809523807,0
484,15,6,1,4,3,0,0,1,2200.0,1499.0,2000.0,42,52,23.809523809523807,0
484,16,4,1,4,2,0,0,1,2850.0,1300.0,2750.0,42,49,16.666666666666664,0
484,17,4,1,4,2,0,0,1,2150.0,1201.0,2250.0,42,51,21.428571428571427,0
484,18,4,1,4,2,0,0,1,2150.0,1300.0,2000.0,42,51,21.428571428571427,0
484,19,4,1,2,2,0,0,1,1850.0,1151.0,1250.0,42,51,21.428571428571427,0
484,20,2,1,4,1,0,0,1,1500.0,550.0,2250.0,42,51,21.428571428571427,1
484,21,4,1,4,2,0,0,1,1950.0,1314.0,1500.0,42,51,21.428571428571427,0
484,22,4,1,4,2,0,0,1,1750.0,860.0,2250.0,45,51,13.333333333333334,0
484,23,4,1,4,2,0,0,1,950.0,1360.0,1000.0,45,54,20.0,0
484,24,4,1,6,2,0,0,1,950.0,1410.0,2000.0,45,54,20.0,0
484,25,6,1,6,3,0,0,1,1250.0,2460.0,1500.0,45,55,22.22222222222222,0
484,26,6,1,8,3,0,0,1,750.0,2710.0,1500.0,45,56,24.444444444444443,0
484,27,8,1,6,4,0,0,1,900.0,3551.0,750.0,45,56,24.444444444444443,0
484,28,6,0,6,3,0,0,0,850.0,3351.0,0.0,45,56,24.444444444444443,0
501,3,6,3,7,3,0,1,1,9024.0,1896.0,8640.0,42,48,14.285714285714285,1
501,4,7,1,6,3,1,0,1,5352.0,1573.0,5760.0,42,52,23.809523809523807,0
501,5,6,3,7,3,0,1,1,9336.0,2426.0,8640.0,42,49,16.666666666666664,1
501,6,7,3,5,3,1,1,1,6528.0,1683.0,5760.0,42,51,21.428571428571427,0
501,7,5,3,7,2,1,1,1,5136.0,917.0,5760.0,42,50,19.047619047619047,1
501,8,7,3,7,3,1,1,1,13896.0,1548.0,15360.0,42,47,11.904761904761903,0
501,9,7,3,9,3,1,1,1,6240.0,3032.0,7680.0,42,49,16.666666666666664,0
501,10,9,3,9,4,1,1,1,6672.0,4483.0,5904.0,42,50,19.047619047619047,1
501,11,9,3,1,4,1,1,1,5472.0,3556.0,1920.0,42,50,19.047619047619047,1
501,12,1,3,5,0,1,1,1,4944.0,127.0,5760.0,42,51,21.428571428571427,1
501,13,5,3,9,2,1,1,1,30360.0,819.0,37440.0,40,41,2.5,0
501,14,9,3,9,4,1,1,1,22272.0,7855.0,21600.0,40,44,10.0,0
501,15,9,3,7,4,1,1,1,24120.0,7173.0,18960.0,40,43,7.5,1
501,16,7,3,9,3,1,1,1,38640.0,1993.0,45600.0,42,44,4.761904761904762,1
501,17,9,3,9,4,1,1,1,18744.0,8964.0,68112.0,38,45,18.421052631578945,0
501,18,9,2,9,4,1,1,0,36168.0,58896.0,0.0,40,43,7.5,0
501,19,9,3,7,4,1,1,1,44040.0,22703.0,23760.0,41,43,4.878048780487805,1
501,20,7,3,9,3,1,1,1,26088.0,2348.0,36000.0,41,45,9.75609756097561,1
501,21,9,3,3,4,1,1,1,26136.0,12237.0,14400.0,41,45,9.75609756097561,0
501,22,3,3,9,1,1,1,1,31848.0,525.0,55224.0,40,44,10.0,1
501,23,9,0,8,4,1,0,0,7752.0,23907.0,0.0,40,48,20.0,0
501,24,8,3,9,4,0,1,1,33240.0,16156.0,31104.0,40,43,7.5,1
501,25,9,3,9,4,1,1,1,30024.0,14032.0,26784.0,38,43,13.157894736842104,1
501,26,9,2,7,4,1,1,0,9504.0,11619.0,0.0,38,45,18.421052631578945,0
501,27,7,3,9,3,1,1,1,24624.0,1440.0,33816.0,40,43,7.5,1
501,28,9,3,9,4,1,1,1,12024.0,10340.0,17544.0,40,46,15.0,0
502,3,4,3,7,2,0,1,1,280.0,751.0,1000.0,127,145,14.173228346456693,0
502,4,7,2,5,3,1,1,0,640.0,1521.0,0.0,127,144,13.385826771653544,0
502,5,5,0,4,2,1,0,0,290.0,902.0,0.0,127,146,14.960629921259844,0
502,6,4,0,2,2,0,0,0,60.0,699.0,0.0,127,149,17.322834645669293,0
502,7,2,0,2,1,0,0,0,50.0,666.0,0.0,127,148,16.535433070866144,0
502,8,2,1,4,1,0,0,1,730.0,650.0,1000.0,127,148,16.535433070866144,1
502,9,4,0,2,2,0,0,0,340.0,952.0,0.0,127,148,16.535433070866144,0
502,10,2,1,4,1,0,0,1,740.0,615.0,1500.0,127,148,16.535433070866144,1
502,11,4,1,6,2,0,0,1,520.0,897.0,1000.0,127,148,16.535433070866144,0
502,12,6,0,4,3,0,0,0,560.0,1708.0,0.0,127,148,16.535433070866144,0
502,13,4,0,2,2,0,0,0,470.0,885.0,0.0,127,148,16.535433070866144,0
502,14,2,1,2,1,0,0,1,360.0,402.0,300.0,127,148,16.535433070866144,0
502,15,2,0,0,1,0,0,0,350.0,355.0,0.0,127,148,16.535433070866144,0
502,16,0,1,0,0,0,0,1,370.0,90.0,300.0,138,162,17.391304347826086,1
502,17,0,1,2,0,0,0,1,420.0,31.0,1000.0,138,164,18.84057971014493,0
502,18,2,0,0,1,0,0,0,310.0,580.0,0.0,138,163,18.115942028985508,0
502,19,0,1,0,0,0,0,1,510.0,271.0,300.0,138,162,17.391304347826086,1
502,20,0,1,0,0,0,0,1,460.0,99.0,600.0,138,161,16.666666666666664,0
502,21,0,3,1,0,0,1,1,740.0,264.0,500.0,138,152,10.144927536231885,0
502,22,1,1,2,0,1,0,1,670.0,43.0,1100.0,138,162,17.391304347826086,0
502,23,2,1,2,1,0,0,1,430.0,477.0,300.0,138,161,16.666666666666664,0
502,24,2,1,0,1,0,0,1,490.0,408.0,300.0,138,163,18.115942028985508,0
502,25,0,1,2,0,0,0,1,458.0,213.0,840.0,98,163,66.3265306122449,1
502,26,2,0,2,1,0,0,0,492.0,633.0,0.0,98,162,65.3061224489796,0
502,27,2,1,2,1,0,0,1,540.0,306.0,540.0,98,162,65.3061224489796,1
502,28,2,1,6,1,0,0,1,342.0,306.0,1440.0,104,124,19.230769230769234,0
509,3,9,0,2,4,1,0,0,5400.0,5858.0,0.0,115,132,14.782608695652174,0
509,4,2,3,7,1,0,1,1,21288.0,575.0,22488.0,115,122,6.086956521739131,1
509,5,7,1,4,3,1,0,1,4128.0,1753.0,3456.0,115,132,14.782608695652174,1
509,6,4,3,5,2,0,1,1,9888.0,1152.0,10080.0,115,128,11.304347826086957,1
509,7,5,1,4,2,1,0,1,4728.0,1343.0,4560.0,127,142,11.811023622047244,1
509,8,4,3,9,2,0,1,1,8040.0,1260.0,12000.0,119,135,13.445378151260504,1
509,9,9,3,7,4,1,1,1,10152.0,5215.0,7200.0,119,129,8.403361344537815,1
509,10,7,1,6,3,1,0,1,4152.0,2320.0,3552.0,120,138,15.0,1
509,11,6,1,4,3,0,0,1,5400.0,1637.0,4440.0,120,138,15.0,1
509,12,4,1,4,2,0,0,1,1968.0,969.0,1920.0,120,138,15.0,0
509,13,4,3,7,2,0,1,1,26712.0,1005.0,27288.0,114,114,0.0,1
509,14,7,3,9,3,1,1,1,7392.0,1629.0,10800.0,114,120,5.263157894736842,0
509,15,9,3,5,4,1,1,1,7560.0,5102.0,3600.0,114,120,5.263157894736842,0
509,16,5,1,4,2,1,0,1,2616.0,1165.0,2400.0,114,131,14.912280701754385,0
509,17,4,3,3,2,0,1,1,19704.0,946.0,19200.0,114,119,4.385964912280701,0
509,18,3,3,3,1,1,1,1,2448.0,360.0,2400.0,114,124,8.771929824561402,1
509,19,3,1,4,1,1,0,1,2544.0,338.0,3360.0,114,131,14.912280701754385,1
509,20,4,1,6,2,0,0,1,4368.0,1126.0,5040.0,114,131,14.912280701754385,1
509,21,6,3,5,3,0,1,1,23088.0,1840.0,21600.0,93,97,4.301075268817205,1
509,22,5,3,7,2,1,1,1,33912.0,707.0,36000.0,93,95,2.1505376344086025,1
509,23,7,1,6,3,1,0,1,1848.0,2722.0,2184.0,114,131,14.912280701754385,0
509,24,6,3,7,3,0,1,1,12672.0,3029.0,12216.0,92,103,11.956521739130435,1
509,25,7,3,9,3,1,1,1,35592.0,2637.0,43200.0,92,94,2.1739130434782608,0
509,26,9,2,9,4,1,1,0,5712.0,10386.0,0.0,92,105,14.130434782608695,0
509,27,9,1,8,4,1,0,1,7176.0,4756.0,6000.0,97,114,17.525773195876287,1
509,28,8,3,7,4,0,1,1,6240.0,3745.0,4800.0,97,112,15.463917525773196,0
510,3,6,0,4,3,0,0,0,1875.0,2918.0,0.0,79,92,16.455696202531644,0
510,4,4,1,6,2,0,0,1,2505.0,1045.0,4500.0,81,89,9.876543209876543,0
510,5,6,0,4,3,0,0,0,2340.0,3041.0,0.0,81,95,17.28395061728395,0
510,6,4,1,6,2,0,0,1,1905.0,716.0,3000.0,81,94,16.049382716049383,1
510,7,6,1,4,3,0,0,1,1695.0,1812.0,750.0,81,96,18.51851851851852,0
510,8,4,1,8,2,0,0,1,2580.0,888.0,5250.0,81,96,18.51851851851852,0
510,9,8,0,6,4,0,0,0,1470.0,3558.0,0.0,81,96,18.51851851851852,0
510,10,6,1,0,3,0,0,1,2940.0,2104.0,1200.0,81,96,18.51851851851852,1
510,11,0,1,6,0,0,0,1,1635.0,205.0,3000.0,81,96,18.51851851851852,1
510,12,6,1,6,3,0,0,1,1890.0,1560.0,1800.0,81,96,18.51851851851852,0
510,13,6,1,4,3,0,0,1,2055.0,1441.0,1800.0,82,96,17.073170731707318,0
510,14,4,1,6,2,0,0,1,1365.0,1189.0,1800.0,83,96,15.66265060240964,0
510,15,6,0,0,3,0,0,0,1500.0,1599.0,0.0,83,97,16.867469879518072,0
510,16,0,1,4,0,0,0,1,2550.0,98.0,3600.0,83,94,13.253012048192772,1
510,17,4,1,2,2,0,0,1,2295.0,1150.0,1800.0,83,95,14.457831325301203,1
510,18,2,3,1,1,0,1,1,1260.0,420.0,900.0,83,94,13.253012048192772,0
510,19,1,3,7,0,1,1,1,1710.0,55.0,4800.0,83,94,13.253012048192772,1
510,20,7,0,4,3,1,0,0,2070.0,3115.0,0.0,83,95,14.457831325301203,0
510,21,4,1,6,2,0,0,1,1980.0,1038.0,3000.0,83,95,14.457831325301203,1
510,22,6,1,6,3,0,0,1,2235.0,2062.0,3000.0,83,95,14.457831325301203,0
510,23,6,2,5,3,0,1,0,1845.0,2798.0,0.0,83,94,13.253012048192772,0
510,24,5,1,6,2,1,0,1,1710.0,954.0,3000.0,83,95,14.457831325301203,0
510,25,6,3,7,3,0,1,1,2115.0,2245.0,3000.0,83,94,13.253012048192772,0
510,26,7,0,4,3,1,0,0,1860.0,3129.0,0.0,83,95,14.457831325301203,0
510,27,4,3,7,2,0,1,1,2445.0,1310.0,3300.0,88,99,12.5,1
510,28,7,1,6,3,1,0,1,2400.0,2166.0,2400.0,88,101,14.772727272727273,0
520,3,7,3,7,3,1,1,1,1692.0,2098.0,1200.0,621,624,0.4830917874396135,0
520,4,7,3,7,3,1,1,1,2550.0,1609.0,3840.0,621,616,-0.8051529790660225,0
520,5,7,2,7,3,1,1,0,750.0,2901.0,0.0,621,659,6.119162640901772,0
520,6,7,3,5,3,1,1,1,2904.0,2158.0,1500.0,578,593,2.5951557093425603,0
520,7,5,3,7,2,1,1,1,4446.0,762.0,5100.0,615,596,-3.089430894308943,1
520,8,7,3,7,3,1,1,1,2346.0,1428.0,3000.0,615,608,-1.1382113821138211,0
520,9,7,3,7,3,1,1,1,2364.0,2081.0,2100.0,605,595,-1.6528925619834711,0
520,10,7,3,9,3,1,1,1,2376.0,1806.0,6960.0,556,585,5.215827338129497,0
520,11,9,3,9,4,1,1,1,4884.0,6305.0,4800.0,576,568,-1.3888888888888888,0
520,12,9,3,7,4,1,1,1,4500.0,6262.0,900.0,576,567,-1.5625,0
520,13,7,3,9,3,1,1,1,1566.0,2578.0,7212.0,573,595,3.8394415357766145,0
520,14,9,2,7,4,1,1,0,6348.0,8308.0,0.0,573,567,-1.0471204188481675,0
520,15,7,2,5,3,1,1,0,936.0,2007.0,0.0,573,596,4.013961605584642,0
520,16,5,3,5,2,1,1,1,1572.0,1047.0,1200.0,571,602,5.42907180385289,0
520,17,5,3,7,2,1,1,1,1512.0,675.0,3600.0,571,607,6.304728546409807,0
520,18,7,2,7,3,1,1,0,1038.0,2790.0,0.0,571,607,6.304728546409807,0
520,19,7,3,1,3,1,1,1,2928.0,1746.0,1200.0,571,591,3.502626970227671,0
520,20,1,3,5,0,1,1,1,3660.0,39.0,4500.0,571,571,0.0,0
520,21,5,2,1,2,1,1,0,708.0,907.0,0.0,571,602,5.42907180385289,0
520,22,1,3,7,0,1,1,1,4644.0,253.0,6900.0,571,571,0.0,0
520,23,7,3,7,3,1,1,1,894.0,2570.0,600.0,591,604,2.199661590524535,0
520,24,7,0,4,3,1,0,0,1128.0,2273.0,0.0,591,631,6.768189509306261,0
520,25,4,3,7,2,0,1,1,1596.0,964.0,2100.0,601,632,5.158069883527454,1
520,26,7,3,7,3,1,1,1,1524.0,1470.0,1620.0,601,635,5.657237936772046,0
520,27,7,1,6,3,1,0,1,1284.0,1500.0,2010.0,601,642,6.821963394342761,0
520,28,6,1,4,3,0,0,1,1302.0,2220.0,60.0,601,642,6.821963394342761,0
521,3,9,1,8,4,1,0,1,6984.0,4404.0,7920.0,71,82,15.492957746478872,0
521,4,8,1,8,4,0,0,1,6288.0,5338.0,5280.0,71,82,15.492957746478872,0
521,5,8,3,9,4,0,1,1,9504.0,4258.0,10560.0,63,77,22.22222222222222,1
521,6,9,3,7,4,1,1,1,10200.0,5315.0,7920.0,63,71,12.698412698412698,0
521,7,7,3,9,3,1,1,1,11616.0,3016.0,13200.0,63,72,14.285714285714285,0
521,8,9,3,9,4,1,1,1,16800.0,4580.0,29040.0,63,70,11.11111111111111,1
521,9,9,2,7,4,1,1,0,6600.0,16861.0,0.0,63,72,14.285714285714285,0
521,10,7,3,9,3,1,1,1,7584.0,2678.0,10200.0,71,78,9.859154929577464,1
521,11,9,3,9,4,1,1,1,6456.0,6096.0,5280.0,71,81,14.084507042253522,0
521,12,9,3,5,4,1,1,1,14328.0,4947.0,10560.0,64,69,7.8125,1
521,13,5,3,7,2,1,1,1,5808.0,1128.0,7920.0,71,75,5.633802816901409,0
521,14,7,3,9,3,1,1,1,5014.0,3265.0,5280.0,71,81,14.084507042253522,0
521,15,9,1,6,4,1,0,1,3984.0,3559.0,2640.0,71,83,16.901408450704224,0
521,16,6,1,6,3,0,0,1,5016.0,2209.0,5280.0,71,82,15.492957746478872,1
521,17,6,1,6,3,0,0,1,5928.0,2449.0,5280.0,72,82,13.88888888888889,1
521,18,6,1,6,3,0,0,1,4392.0,1657.0,5280.0,72,82,13.88888888888889,0
521,19,6,3,7,3,0,1,1,8280.0,2593.0,7920.0,72,80,11.11111111111111,0
521,20,7,3,9,3,1,1,1,18528.0,2307.0,23760.0,66,71,7.575757575757576,1
521,21,9,3,9,4,1,1,1,10488.0,7739.0,7920.0,72,73,1.3888888888888888,0
521,22,9,1,6,4,1,0,1,5040.0,5304.0,2640.0,72,83,15.277777777777779,0
521,23,6,3,7,3,0,1,1,14280.0,3007.0,13200.0,67,71,5.970149253731343,1
521,24,7,3,5,3,1,1,1,3624.0,1954.0,2640.0,67,79,17.91044776119403,0
521,25,5,3,9,2,1,1,1,5352.0,944.0,18480.0,66,78,18.181818181818183,1
521,26,9,3,7,4,1,1,1,17088.0,14239.0,5280.0,66,70,6.0606060606060606,1
521,27,7,3,9,3,1,1,1,3816.0,1778.0,7320.0,68,77,13.23529411764706,0
521,28,9,3,9,4,1,1,1,9120.0,5522.0,9600.0,68,74,8.823529411764707,0
