src/econirl/datasets/supermarket_data.csv
product_id,period,state,action,next_state,inventory_bin,lagged_promotion,promotion,ordered,sales,inventory,orders,wholesale_price,retail_price,markup_pct,stockout
531,3,4,2,5,2,0,1,0,720.0,1363.0,0.0,528,545,3.2196969696969697,0
531,4,5,2,3,2,1,1,0,540.0,871.0,0.0,528,534,1.1363636363636365,0
531,5,3,3,1,1,1,1,1,480.0,367.0,120.0,558,559,0.17921146953405018,1
531,6,1,1,0,0,1,0,1,240.0,7.0,360.0,558,594,6.451612903225806,0
531,7,0,1,0,0,0,0,1,480.0,127.0,420.0,558,596,6.810035842293908,0
531,8,0,3,1,0,0,1,1,1776.0,67.0,1980.0,531,536,0.9416195856873822,1
531,9,1,1,4,0,1,0,1,288.0,271.0,756.0,531,568,6.96798493408663,0
531,10,4,2,3,2,0,1,0,348.0,739.0,0.0,531,562,5.83804143126177,0
531,11,3,3,5,1,1,1,1,2100.0,420.0,2400.0,570,563,-1.2280701754385965,0
531,12,5,3,5,2,1,1,1,5244.0,720.0,5400.0,575,559,-2.782608695652174,1
531,13,5,0,4,2,1,0,0,252.0,1068.0,0.0,575,589,2.4347826086956523,0
531,14,4,0,6,2,0,0,0,96.0,1056.0,0.0,575,589,2.4347826086956523,0
531,15,6,0,4,3,0,0,0,276.0,1466.0,0.0,575,589,2.4347826086956523,0
531,16,4,2,1,2,0,1,0,384.0,1225.0,0.0,575,588,2.2608695652173916,0
531,17,1,1,0,0,1,0,1,444.0,242.0,252.0,572,589,2.972027972027972,1
531,18,0,1,0,0,0,0,1,588.0,36.0,504.0,572,589,2.972027972027972,1
531,19,0,1,2,0,0,0,1,1068.0,0.0,1560.0,586,599,2.218430034129693,1
531,20,2,3,1,1,0,1,1,816.0,516.0,360.0,586,598,2.04778156996587,1
531,21,1,1,0,0,1,0,1,480.0,60.0,480.0,586,599,2.218430034129693,1
531,22,0,3,5,0,0,1,1,624.0,60.0,1440.0,593,590,-0.5059021922428331,1
531,23,5,1,6,2,1,0,1,1080.0,888.0,2400.0,593,619,4.3844856661045535,0
531,24,6,0,4,3,0,0,0,1293.0,2197.0,0.0,593,626,5.564924114671164,0
531,25,4,0,4,2,0,0,0,180.0,844.0,0.0,593,625,5.396290050590219,0
531,26,4,0,2,2,0,0,0,144.0,1031.0,0.0,593,627,5.733558178752108,0
531,27,2,1,4,1,0,0,1,204.0,469.0,540.0,593,626,5.564924114671164,0
531,28,4,0,2,2,0,0,0,240.0,805.0,0.0,593,626,5.564924114671164,0
536,3,5,3,3,2,1,1,1,1548.0,858.0,1200.0,239,262,9.623430962343097,0
536,4,3,3,5,1,1,1,1,1032.0,511.0,1200.0,237,276,16.455696202531644,0
536,5,5,3,5,2,1,1,1,1344.0,689.0,1200.0,237,275,16.033755274261605,0
536,6,5,1,4,2,1,0,1,1032.0,678.0,1200.0,237,275,16.033755274261605,0
536,7,4,1,4,2,0,0,1,1200.0,848.0,1200.0,237,282,18.9873417721519,1
536,8,4,3,7,2,0,1,1,1872.0,848.0,2400.0,237,272,14.767932489451477,1
536,9,7,0,2,3,1,0,0,876.0,1436.0,0.0,237,282,18.9873417721519,0
536,10,2,3,7,1,0,1,1,1500.0,560.0,2400.0,237,264,11.39240506329114,1
536,11,7,3,7,3,1,1,1,2220.0,1440.0,2400.0,237,255,7.59493670886076,0
536,12,7,3,1,3,1,1,1,2712.0,1620.0,1200.0,237,263,10.970464135021098,0
536,13,1,1,4,0,1,0,1,480.0,94.0,1200.0,237,285,20.253164556962027,0
536,14,4,3,7,2,0,1,1,888.0,804.0,1800.0,237,260,9.70464135021097,0
536,15,7,2,5,3,1,1,0,600.0,1716.0,0.0,237,270,13.924050632911392,0
536,16,5,3,5,2,1,1,1,1056.0,1116.0,1200.0,225,258,14.666666666666666,0
536,17,5,3,7,2,1,1,1,3252.0,1200.0,3672.0,221,242,9.502262443438914,0
536,18,7,2,5,3,1,1,0,672.0,1656.0,0.0,221,251,13.574660633484163,0
536,19,5,3,5,2,1,1,1,1500.0,984.0,1224.0,232,247,6.4655172413793105,1
536,20,5,1,4,2,1,0,1,1884.0,708.0,2448.0,232,259,11.637931034482758,0
536,21,4,0,0,2,0,0,0,1020.0,1296.0,0.0,232,259,11.637931034482758,0
536,22,0,3,5,0,0,1,1,1488.0,277.0,2448.0,232,256,10.344827586206897,0
536,23,5,3,7,2,1,1,1,1932.0,1237.0,2448.0,232,248,6.896551724137931,0
536,24,7,0,2,3,1,0,0,1415.0,1753.0,0.0,232,259,11.637931034482758,0
536,25,2,1,4,1,0,0,1,780.0,298.0,1224.0,232,259,11.637931034482758,0
536,26,4,1,2,2,0,0,1,852.0,742.0,612.0,232,259,11.637931034482758,1
536,27,2,1,2,1,0,0,1,1080.0,480.0,1224.0,232,259,11.637931034482758,0
536,28,2,1,4,1,0,0,1,912.0,624.0,1224.0,232,261,12.5,0
537,3,4,1,6,2,0,0,1,2556.0,930.0,3168.0,88,105,19.318181818181817,1
537,4,6,1,4,3,0,0,1,2460.0,1522.0,2016.0,88,105,19.318181818181817,0
537,5,4,1,4,2,0,0,1,2640.0,1083.0,2880.0,88,105,19.318181818181817,0
537,6,4,1,2,2,0,0,1,2244.0,1329.0,1440.0,88,105,19.318181818181817,0
537,7,2,1,4,1,0,0,1,2628.0,514.0,3168.0,88,105,19.318181818181817,0
537,8,4,3,7,2,0,1,1,4500.0,1042.0,4896.0,84,100,19.047619047619047,0
537,9,7,3,7,3,1,1,1,4932.0,1433.0,5184.0,84,93,10.714285714285714,1
537,10,7,1,4,3,1,0,1,1860.0,1677.0,1152.0,88,102,15.909090909090908,0
537,11,4,1,4,2,0,0,1,2076.0,1014.0,1728.0,88,107,21.59090909090909,0
537,12,4,1,0,2,0,0,1,2388.0,668.0,1728.0,88,107,21.59090909090909,1
537,13,0,1,6,0,0,0,1,3852.0,0.0,5472.0,88,107,21.59090909090909,1
537,14,6,1,4,3,0,0,1,1992.0,1608.0,1728.0,88,107,21.59090909090909,0
537,15,4,1,2,2,0,0,1,1884.0,1334.0,864.0,88,107,21.59090909090909,0
537,16,2,1,4,1,0,0,1,2412.0,307.0,3168.0,93,112,20.43010752688172,1
537,17,4,1,2,2,0,0,1,2424.0,1063.0,1728.0,93,113,21.50537634408602,0
537,18,2,1,4,1,0,0,1,1644.0,348.0,2016.0,93,113,21.50537634408602,0
537,19,4,1,0,2,0,0,1,1704.0,708.0,1152.0,93,113,21.50537634408602,1
537,20,0,1,4,0,0,0,1,1524.0,156.0,2304.0,93,113,21.50537634408602,1
537,21,4,1,4,2,0,0,1,1272.0,937.0,1440.0,93,113,21.50537634408602,1
537,22,4,1,4,2,0,0,1,1188.0,1104.0,864.0,93,113,21.50537634408602,0
537,23,4,1,4,2,0,0,1,1140.0,779.0,1152.0,93,113,21.50537634408602,0
537,24,4,1,0,2,0,0,1,1176.0,791.0,576.0,93,113,21.50537634408602,1
537,25,0,3,9,0,0,1,1,1800.0,192.0,8640.0,79,107,35.44303797468354,1
537,26,9,2,5,4,1,1,0,5712.0,7055.0,0.0,79,84,6.329113924050633,0
537,27,5,0,0,2,1,0,0,1212.0,1405.0,0.0,79,106,34.177215189873415,0
537,28,0,1,4,0,0,0,1,1140.0,193.0,1728.0,93,109,17.20430107526882,0
557,3,3,1,4,1,1,0,1,1956.0,423.0,2520.0,100,113,13.0,1
557,4,4,1,4,2,0,0,1,1500.0,1006.0,1200.0,100,116,16.0,0
557,5,4,3,3,2,0,1,1,2136.0,671.0,1800.0,100,112,12.0,1
557,6,3,1,4,1,1,0,1,1968.0,327.0,2400.0,100,115,15.0,1
557,7,4,1,6,2,0,0,1,1884.0,760.0,3960.0,100,116,16.0,1
557,8,6,0,2,3,0,0,0,2496.0,2838.0,0.0,100,116,16.0,0
557,9,2,1,0,1,0,0,1,1332.0,319.0,1200.0,99,115,16.161616161616163,1
557,10,0,3,9,0,0,1,1,5556.0,190.0,15480.0,95,103,8.421052631578947,1
557,11,9,2,9,4,1,1,0,5508.0,9890.0,0.0,95,100,5.263157894736842,0
557,12,9,0,6,4,1,0,0,2088.0,4695.0,0.0,95,111,16.842105263157894,0
557,13,6,1,4,3,0,0,1,1908.0,2510.0,600.0,97,111,14.432989690721648,0
557,14,4,3,9,2,0,1,1,5208.0,1202.0,14880.0,89,97,8.98876404494382,1
557,15,9,2,9,4,1,1,0,4248.0,10867.0,0.0,89,95,6.741573033707865,0
557,16,9,2,7,4,1,1,0,4008.0,6625.0,0.0,89,99,11.235955056179774,0
557,17,7,0,0,3,1,0,0,2292.0,2616.0,0.0,89,102,14.606741573033707,0
557,18,0,1,2,0,0,0,1,2328.0,228.0,2520.0,95,109,14.736842105263156,1
557,19,2,1,2,1,0,0,1,3120.0,417.0,3000.0,102,111,8.823529411764707,1
557,20,2,1,4,1,0,0,1,2556.0,299.0,3600.0,102,118,15.686274509803921,1
557,21,4,3,7,2,0,1,1,14364.0,1271.0,15840.0,90,92,2.2222222222222223,1
557,22,7,3,7,3,1,1,1,22116.0,2926.0,21840.0,90,90,0.0,1
557,23,7,1,6,3,1,0,1,2724.0,2703.0,2880.0,104,117,12.5,0
557,24,6,3,9,3,0,1,1,6672.0,3013.0,12600.0,88,98,11.363636363636363,1
557,25,9,3,9,4,1,1,1,33264.0,8989.0,36480.0,87,88,1.1494252873563218,1
557,26,9,2,9,4,1,1,0,3096.0,11750.0,0.0,87,97,11.494252873563218,0
557,27,9,2,7,4,1,1,0,5124.0,8453.0,0.0,87,98,12.643678160919542,0
557,28,7,1,8,3,1,0,1,4464.0,3304.0,9240.0,95,105,10.526315789473683,1
558,3,3,1,2,1,1,0,1,1536.0,301.0,1800.0,100,113,13.0,1
558,4,2,1,2,1,0,0,1,888.0,535.0,720.0,100,115,15.0,0
558,5,2,3,3,1,0,1,1,1656.0,391.0,1800.0,100,114,14.000000000000002,1
558,6,3,3,3,1,1,1,1,1116.0,547.0,1200.0,100,115,15.0,0
558,7,3,1,6,1,1,0,1,1536.0,631.0,3840.0,100,116,16.0,0
558,8,6,0,4,3,0,0,0,2208.0,2935.0,0.0,100,117,17.0,0
558,9,4,1,0,2,0,0,1,1044.0,715.0,600.0,99,115,16.161616161616163,1
558,10,0,3,9,0,0,1,1,5028.0,271.0,10440.0,95,103,8.421052631578947,1
558,11,9,2,7,4,1,1,0,3756.0,5426.0,0.0,95,99,4.2105263157894735,0
558,12,7,0,0,3,1,0,0,1572.0,1862.0,0.0,95,109,14.736842105263156,0
558,13,0,1,4,0,0,0,1,1356.0,207.0,1920.0,97,112,15.463917525773196,1
558,14,4,3,9,2,0,1,1,4476.0,771.0,13200.0,89,97,8.98876404494382,1
558,15,9,2,9,4,1,1,0,3444.0,9471.0,0.0,89,95,6.741573033707865,0
558,16,9,2,7,4,1,1,0,3132.0,5991.0,0.0,89,99,11.235955056179774,0
558,17,7,0,4,3,1,0,0,1980.0,2849.0,0.0,89,102,14.606741573033707,0
558,18,4,1,0,2,0,0,1,1860.0,972.0,1080.0,95,106,11.578947368421053,1
558,19,0,1,0,0,0,0,1,2340.0,192.0,2400.0,102,111,8.823529411764707,1
558,20,0,1,4,0,0,0,1,2040.0,252.0,3000.0,102,118,15.686274509803921,1
558,21,4,3,7,2,0,1,1,12348.0,1212.0,12840.0,90,92,2.2222222222222223,1
558,22,7,3,5,3,1,1,1,15948.0,1884.0,15120.0,90,90,0.0,1
558,23,5,1,4,2,1,0,1,1992.0,1060.0,2040.0,104,118,13.461538461538462,1
558,24,4,3,9,2,0,1,1,5052.0,1101.0,10080.0,88,98,11.363636363636363,1
558,25,9,3,9,4,1,1,1,25968.0,6131.0,27720.0,87,88,1.1494252873563218,1
558,26,9,2,9,4,1,1,0,2808.0,8247.0,0.0,87,98,12.643678160919542,0
558,27,9,2,5,4,1,1,0,4164.0,5008.0,0.0,87,96,10.344827586206897,0
558,28,5,1,8,2,1,0,1,2292.0,844.0,10080.0,95,107,12.631578947368421,1
559,3,2,1,2,1,0,0,1,252.0,339.0,252.0,270,282,4.444444444444445,0
559,4,2,1,2,1,0,0,1,120.0,344.0,252.0,270,323,19.62962962962963,0
559,5,2,0,2,1,0,0,0,84.0,476.0,0.0,270,323,19.62962962962963,0
559,6,2,1,2,1,0,0,1,120.0,392.0,252.0,270,324,20.0,0
559,7,2,0,2,1,0,0,0,192.0,524.0,0.0,270,321,18.88888888888889,0
559,8,2,1,0,1,0,0,1,324.0,332.0,252.0,270,325,20.37037037037037,0
559,9,0,0,0,0,0,0,0,96.0,260.0,0.0,270,326,20.74074074074074,0
559,10,0,1,2,0,0,0,1,96.0,164.0,252.0,270,326,20.74074074074074,0
559,11,2,1,2,1,0,0,1,204.0,360.0,252.0,270,324,20.0,0
559,12,2,0,0,1,0,0,0,228.0,408.0,0.0,270,323,19.62962962962963,0
559,13,0,1,2,0,0,0,1,108.0,180.0,252.0,270,322,19.25925925925926,0
559,14,2,2,1,1,0,1,0,120.0,324.0,0.0,270,305,12.962962962962962,0
559,15,1,2,1,0,1,1,0,108.0,228.0,0.0,270,313,15.925925925925927,0
559,16,1,3,1,0,1,1,1,120.0,120.0,252.0,270,282,4.444444444444445,0
559,17,1,3,7,0,1,1,1,708.0,252.0,3300.0,258,287,11.24031007751938,0
559,18,7,2,7,3,1,1,0,60.0,2868.0,0.0,258,298,15.503875968992247,0
559,19,7,2,7,3,1,1,0,1164.0,2820.0,0.0,258,281,8.914728682170542,0
559,20,7,2,7,3,1,1,0,156.0,1656.0,0.0,258,305,18.217054263565892,0
559,21,7,0,4,3,1,0,0,168.0,1536.0,0.0,258,309,19.767441860465116,0
559,22,4,0,4,2,0,0,0,84.0,1368.0,0.0,258,311,20.54263565891473,0
559,23,4,2,5,2,0,1,0,108.0,1284.0,0.0,258,291,12.790697674418606,0
559,24,5,3,5,2,1,1,1,1176.0,1224.0,756.0,264,272,3.0303030303030303,0
559,25,5,2,5,2,1,1,0,120.0,804.0,0.0,264,287,8.712121212121213,0
559,26,5,0,2,2,1,0,0,60.0,684.0,0.0,264,314,18.939393939393938,0
559,27,2,0,2,1,0,0,0,72.0,634.0,0.0,269,299,11.152416356877323,0
559,28,2,0,2,1,0,0,0,36.0,563.0,0.0,269,303,12.639405204460965,0
566,3,4,2,3,2,0,1,0,468.0,784.0,0.0,915,975,6.557377049180328,0
566,4,3,3,3,1,1,1,1,408.0,309.0,600.0,915,960,4.918032786885246,0
566,5,3,3,5,1,1,1,1,288.0,513.0,600.0,915,977,6.775956284153005,0
566,6,5,0,2,2,1,0,0,300.0,825.0,0.0,915,999,9.180327868852459,0
566,7,2,2,1,1,0,1,0,456.0,528.0,0.0,915,967,5.683060109289618,0
566,8,1,3,3,0,1,1,1,396.0,82.0,600.0,898,979,9.020044543429844,1
566,9,3,1,2,1,1,0,1,336.0,322.0,600.0,918,1007,9.694989106753813,0
566,10,2,0,2,1,0,0,0,228.0,586.0,0.0,918,1009,9.912854030501089,0
566,11,2,1,2,1,0,0,1,324.0,384.0,600.0,918,1009,9.912854030501089,0
566,12,2,3,1,1,0,1,1,852.0,660.0,240.0,918,953,3.812636165577342,1
566,13,1,1,4,0,1,0,1,336.0,0.0,1080.0,896,1011,12.834821428571427,1
566,14,4,0,2,2,0,0,0,336.0,744.0,0.0,896,986,10.044642857142858,0
566,15,2,2,1,1,0,1,0,348.0,408.0,0.0,896,965,7.700892857142858,0
566,16,1,3,3,0,1,1,1,324.0,60.0,600.0,952,954,0.21008403361344538,0
566,17,3,0,0,1,1,0,0,228.0,336.0,0.0,952,1045,9.768907563025211,0
566,18,0,3,3,0,0,1,1,264.0,108.0,600.0,966,1030,6.625258799171843,0
566,19,3,2,1,1,1,1,0,324.0,451.0,0.0,966,1052,8.902691511387163,0
566,20,1,1,0,0,1,0,1,468.0,139.0,600.0,966,1057,9.420289855072465,1
566,21,0,1,2,0,0,0,1,240.0,259.0,600.0,966,1059,9.627329192546584,0
566,22,2,0,2,1,0,0,0,240.0,619.0,0.0,966,1055,9.213250517598343,0
566,23,2,3,3,1,0,1,1,456.0,391.0,600.0,959,1029,7.2992700729927,0
566,24,3,0,0,1,1,0,0,439.0,535.0,0.0,959,1056,10.114702815432743,0
566,25,0,1,2,0,0,0,1,240.0,96.0,600.0,959,1062,10.740354535974973,1
566,26,2,0,0,1,0,0,0,204.0,451.0,0.0,959,1055,10.010427528675704,0
566,27,0,1,0,0,0,0,1,216.0,228.0,120.0,940,1058,12.553191489361701,0
566,28,0,3,5,0,0,1,1,420.0,132.0,1200.0,956,990,3.556485355648536,0
577,3,2,3,1,1,0,1,1,636.0,324.0,540.0,525,567,8.0,1
577,4,1,3,3,0,1,1,1,564.0,216.0,720.0,556,597,7.374100719424461,0
577,5,3,1,2,1,1,0,1,456.0,445.0,360.0,556,608,9.352517985611511,0
577,6,2,3,3,1,0,1,1,516.0,361.0,600.0,556,598,7.553956834532374,0
577,7,3,0,0,1,1,0,0,276.0,445.0,0.0,556,611,9.892086330935252,0
577,8,0,1,4,0,0,0,1,420.0,169.0,1212.0,556,612,10.071942446043165,1
577,9,4,2,3,2,0,1,0,324.0,961.0,0.0,556,601,8.093525179856115,0
577,10,3,2,1,1,1,1,0,456.0,637.0,0.0,556,605,8.81294964028777,0
577,11,1,3,3,0,1,1,1,552.0,192.0,720.0,556,599,7.7338129496402885,0
577,12,3,3,1,1,1,1,1,3252.0,290.0,4284.0,530,541,2.0754716981132075,1
577,13,1,3,7,0,1,1,1,732.0,-2.0,2268.0,530,551,3.9622641509433962,1
577,14,7,3,5,3,1,1,1,2064.0,1538.0,1260.0,530,536,1.1320754716981132,0
577,15,5,2,3,2,1,1,0,396.0,776.0,0.0,530,562,6.037735849056604,0
577,16,3,3,3,1,1,1,1,600.0,380.0,756.0,530,576,8.679245283018867,0
577,17,3,1,2,1,1,0,1,444.0,520.0,252.0,530,582,9.811320754716983,0
577,18,2,1,2,1,0,0,1,276.0,336.0,252.0,530,582,9.811320754716983,0
577,19,2,1,0,1,0,0,1,408.0,324.0,252.0,530,582,9.811320754716983,0
577,20,0,1,2,0,0,0,1,696.0,168.0,1008.0,530,579,9.245283018867925,0
577,21,2,0,0,1,0,0,0,216.0,480.0,0.0,530,582,9.811320754716983,0
577,22,0,3,3,0,0,1,1,948.0,276.0,996.0,530,575,8.49056603773585,1
577,23,3,3,5,1,1,1,1,732.0,336.0,1572.0,530,562,6.037735849056604,1
577,24,5,1,4,2,1,0,1,4047.0,1188.0,3960.0,538,543,0.929368029739777,0
577,25,4,2,3,2,0,1,0,881.0,1181.0,0.0,538,571,6.133828996282528,0
577,26,3,3,5,1,1,1,1,384.0,319.0,924.0,520,582,11.923076923076923,0
577,27,5,3,1,2,1,1,1,852.0,756.0,252.0,530,575,8.49056603773585,0
577,28,1,3,3,0,1,1,1,540.0,156.0,756.0,530,570,7.547169811320755,0
584,3,4,3,3,2,0,1,1,3540.0,1417.0,2400.0,748,741,-0.9358288770053476,0
584,4,3,3,1,1,1,1,1,696.0,314.0,360.0,748,762,1.8716577540106951,1
584,5,1,3,3,0,1,1,1,1536.0,-9.0,1920.0,773,777,0.517464424320828,0
584,6,3,3,3,1,1,1,1,1020.0,375.0,1080.0,748,784,4.81283422459893,0
584,7,3,3,7,1,1,1,1,1872.0,435.0,4200.0,748,759,1.4705882352941175,1
584,8,7,3,9,3,1,1,1,6228.0,2763.0,8400.0,748,719,-3.8770053475935833,0
584,9,9,3,9,4,1,1,1,1140.0,4935.0,4800.0,748,751,0.4010695187165776,0
584,10,9,2,9,4,1,1,0,1692.0,8619.0,0.0,748,757,1.2032085561497325,0
584,11,9,2,9,4,1,1,0,1680.0,6938.0,0.0,748,766,2.406417112299465,0
584,12,9,3,1,4,1,1,1,9120.0,5258.0,4200.0,778,717,-7.840616966580977,1
584,13,1,3,7,0,1,1,1,2784.0,140.0,4200.0,778,753,-3.2133676092544987,1
584,14,7,3,3,3,1,1,1,1368.0,1439.0,600.0,778,791,1.6709511568123392,0
584,15,3,3,5,1,1,1,1,1512.0,613.0,1800.0,778,797,2.442159383033419,0
584,16,5,3,9,2,1,1,1,2136.0,709.0,12600.0,778,800,2.827763496143959,0
584,17,9,2,9,4,1,1,0,2700.0,11173.0,0.0,778,796,2.313624678663239,0
584,18,9,2,9,4,1,1,0,2232.0,8448.0,0.0,778,797,2.442159383033419,0
584,19,9,2,9,4,1,1,0,2628.0,6216.0,0.0,778,802,3.0848329048843186,0
584,20,9,3,7,4,1,1,1,4416.0,3612.0,2400.0,778,795,2.185089974293059,1
584,21,7,0,0,3,1,0,0,1380.0,1608.0,0.0,778,814,4.627249357326478,0
584,22,0,3,3,0,0,1,1,3504.0,240.0,3600.0,799,813,1.7521902377972465,1
584,23,3,3,7,1,1,1,1,1836.0,348.0,4368.0,799,837,4.755944931163955,1
584,24,7,3,3,3,1,1,1,3560.0,2881.0,1200.0,816,843,3.308823529411765,1
584,25,3,3,7,1,1,1,1,1308.0,443.0,3720.0,825,892,8.121212121212121,1
584,26,7,3,7,3,1,1,1,2064.0,2850.0,2400.0,825,859,4.121212121212121,0
584,27,7,2,5,3,1,1,0,2028.0,3000.0,0.0,825,859,4.121212121212121,0
584,28,5,3,3,2,1,1,1,1008.0,996.0,360.0,839,894,6.555423122765197,0
587,3,6,1,8,3,0,0,1,960.0,2064.0,2640.0,48,66,37.5,0
587,4,8,0,6,4,0,0,0,2256.0,3720.0,0.0,48,55,14.583333333333334,0
587,5,6,3,9,3,0,1,1,3000.0,1440.0,5280.0,54,60,11.11111111111111,1
587,6,9,0,6,4,1,0,0,1944.0,3672.0,0.0,54,63,16.666666666666664,0
587,7,6,1,6,3,0,0,1,2376.0,1736.0,2640.0,54,63,16.666666666666664,1
587,8,6,1,8,3,0,0,1,1800.0,2004.0,5280.0,54,63,16.666666666666664,0
587,9,8,0,8,4,0,0,0,720.0,5508.0,0.0,54,63,16.666666666666664,0
587,10,8,0,6,4,0,0,0,1584.0,4812.0,0.0,54,63,16.666666666666664,0
587,11,6,1,6,3,0,0,1,1080.0,2088.0,1680.0,54,63,16.666666666666664,0
587,12,6,0,6,3,0,0,0,792.0,2690.0,0.0,54,64,18.51851851851852,0
587,13,6,3,7,3,0,1,1,1416.0,1824.0,2640.0,54,63,16.666666666666664,0
587,14,7,0,6,3,1,0,0,816.0,3216.0,0.0,54,64,18.51851851851852,0
587,15,6,0,6,3,0,0,0,912.0,2357.0,0.0,54,64,18.51851851851852,0
587,16,6,0,2,3,0,0,0,936.0,1424.0,0.0,54,63,16.666666666666664,0
587,17,2,3,9,1,0,1,1,1296.0,488.0,7920.0,48,59,22.916666666666664,0
587,18,9,3,9,4,1,1,1,4680.0,7152.0,2640.0,50,54,8.0,0
587,19,9,0,8,4,1,0,0,936.0,5090.0,0.0,50,59,18.0,0
587,20,8,0,6,4,0,0,0,1176.0,4154.0,0.0,50,59,18.0,0
587,21,6,0,6,3,0,0,0,1176.0,3014.0,0.0,50,59,18.0,0
587,22,6,0,4,3,0,0,0,888.0,1803.0,0.0,50,59,18.0,0
587,23,4,1,6,2,0,0,1,576.0,1010.0,2640.0,48,59,22.916666666666664,0
587,24,6,0,6,3,0,0,0,744.0,3075.0,0.0,48,59,22.916666666666664,0
587,25,6,0,6,3,0,0,0,888.0,2368.0,0.0,48,59,22.916666666666664,0
587,26,6,0,2,3,0,0,0,1032.0,1467.0,0.0,48,57,18.75,0
587,27,2,3,7,1,0,1,1,1128.0,576.0,2760.0,50,56,12.0,1
587,28,7,3,7,3,1,1,1,1272.0,2232.0,2280.0,50,57,14.000000000000002,0
