src/econirl/datasets/supermarket_data.csv
product_id,period,state,action,next_state,inventory_bin,lagged_promotion,promotion,ordered,sales,inventory,orders,wholesale_price,retail_price,markup_pct,stockout
664,3,0,1,0,0,0,0,1,144.0,72.0,288.0,200,274,37.0,0
664,4,0,1,2,0,0,0,1,96.0,216.0,288.0,200,277,38.5,0
664,5,2,1,2,1,0,0,1,336.0,408.0,288.0,200,273,36.5,0
664,6,2,0,2,1,0,0,0,120.0,432.0,0.0,200,286,43.0,0
664,7,2,0,0,1,0,0,0,384.0,312.0,0.0,200,279,39.5,0
664,8,0,1,2,0,0,0,1,216.0,-71.0,864.0,200,286,43.0,0
664,9,2,1,4,1,0,0,1,192.0,625.0,288.0,200,276,38.0,0
664,10,4,0,4,2,0,0,0,144.0,721.0,0.0,200,286,43.0,0
664,11,4,0,0,2,0,0,0,528.0,828.0,0.0,200,283,41.5,0
664,12,0,1,0,0,0,0,1,360.0,288.0,288.0,200,283,41.5,0
664,13,0,1,0,0,0,0,1,264.0,192.0,288.0,213,288,35.2112676056338,1
664,14,0,1,2,0,0,0,1,168.0,264.0,288.0,213,299,40.375586854460096,0
664,15,2,0,0,1,0,0,0,216.0,430.0,0.0,213,286,34.27230046948357,0
664,16,0,1,0,0,0,0,1,168.0,237.0,144.0,213,263,23.474178403755868,0
664,17,0,1,0,0,0,0,1,312.0,238.0,144.0,213,261,22.535211267605636,1
664,18,0,1,0,0,0,0,1,432.0,144.0,576.0,213,261,22.535211267605636,0
664,19,0,1,0,0,0,0,1,432.0,288.0,144.0,213,262,23.004694835680752,1
664,20,0,1,0,0,0,0,1,216.0,0.0,288.0,213,263,23.474178403755868,1
664,21,0,1,0,0,0,0,1,288.0,72.0,288.0,213,263,23.474178403755868,1
664,22,0,1,0,0,0,0,1,264.0,73.0,288.0,213,263,23.474178403755868,0
664,23,0,1,0,0,0,0,1,288.0,97.0,288.0,213,263,23.474178403755868,1
664,24,0,1,2,0,0,0,1,216.0,100.0,432.0,213,263,23.474178403755868,0
664,25,2,0,0,1,0,0,0,216.0,319.0,0.0,213,263,23.474178403755868,0
664,26,0,1,0,0,0,0,1,216.0,102.0,240.0,224,263,17.410714285714285,0
664,27,0,1,0,0,0,0,1,240.0,240.0,144.0,224,277,23.660714285714285,0
664,28,0,1,0,0,0,0,1,336.0,144.0,360.0,224,277,23.660714285714285,0
678,3,5,3,5,2,1,1,1,3333.0,808.0,3360.0,787,774,-1.6518424396442184,0
678,4,5,1,4,2,1,0,1,1635.0,836.0,1680.0,787,805,2.2871664548919948,1
678,5,4,3,9,2,0,1,1,5589.0,880.0,9636.0,750,745,-0.6666666666666667,0
678,6,9,3,9,4,1,1,1,8946.0,4946.0,18648.0,693,683,-1.443001443001443,0
678,7,9,3,9,4,1,1,1,10761.0,11391.0,5952.0,734,677,-7.7656675749318795,0
678,8,9,3,7,4,1,1,1,4683.0,6563.0,1200.0,734,700,-4.632152588555858,0
678,9,7,3,9,3,1,1,1,6369.0,2768.0,8208.0,732,680,-7.103825136612022,1
678,10,9,3,7,4,1,1,1,4212.0,4568.0,3744.0,751,744,-0.9320905459387484,0
678,11,7,3,9,3,1,1,1,3927.0,3179.0,6480.0,751,738,-1.7310252996005324,0
678,12,9,3,5,4,1,1,1,6906.0,5735.0,2304.0,740,715,-3.3783783783783785,1
678,13,5,3,7,2,1,1,1,4218.0,1030.0,5184.0,746,737,-1.2064343163538873,0
678,14,7,3,7,3,1,1,1,2313.0,1932.0,2160.0,746,764,2.4128686327077746,0
678,15,7,3,7,3,1,1,1,12132.0,1815.0,12960.0,736,705,-4.211956521739131,0
678,16,7,3,9,3,1,1,1,9597.0,2641.0,18862.0,736,659,-10.46195652173913,0
678,17,9,2,9,4,1,1,0,3072.0,11775.0,0.0,736,749,1.766304347826087,0
678,18,9,2,9,4,1,1,0,2754.0,8689.0,0.0,736,745,1.2228260869565217,0
678,19,9,2,7,4,1,1,0,3555.0,5935.0,0.0,736,748,1.6304347826086956,0
678,20,7,1,6,3,1,0,1,2544.0,2376.0,3312.0,726,759,4.545454545454546,0
678,21,6,3,7,3,0,1,1,3393.0,3154.0,2160.0,721,744,3.19001386962552,0
678,22,7,3,7,3,1,1,1,4170.0,1912.0,5184.0,721,739,2.496532593619972,0
678,23,7,3,1,3,1,1,1,2949.0,2933.0,144.0,721,685,-4.993065187239944,1
678,24,1,1,6,0,1,0,1,1494.0,104.0,3600.0,738,792,7.317073170731707,1
678,25,6,1,4,3,0,0,1,2646.0,2176.0,2160.0,738,787,6.639566395663957,1
678,26,4,3,5,2,0,1,1,18159.0,1391.0,18144.0,735,631,-14.14965986394558,1
678,27,5,3,7,2,1,1,1,5133.0,769.0,6192.0,735,688,-6.394557823129252,0
678,28,7,3,9,3,1,1,1,6597.0,1431.0,10800.0,735,670,-8.843537414965986,1
679,3,6,1,6,3,0,0,1,2650.0,1900.0,2000.0,73,103,41.0958904109589,0
679,4,6,3,9,3,0,1,1,9800.0,1516.0,14000.0,69,83,20.28985507246377,0
679,5,9,0,8,4,1,0,0,2300.0,6025.0,0.0,69,97,40.57971014492754,0
679,6,8,0,6,4,0,0,0,1850.0,3925.0,0.0,69,97,40.57971014492754,0
679,7,6,1,6,3,0,0,1,1550.0,2045.0,1000.0,73,98,34.24657534246575,0
679,8,6,3,1,3,0,1,1,6050.0,1495.0,4000.0,69,92,33.33333333333333,1
679,9,1,3,9,0,1,1,1,6650.0,-555.0,11000.0,69,84,21.73913043478261,1
679,10,9,0,6,4,1,0,0,1150.0,3849.0,0.0,69,99,43.47826086956522,0
679,11,6,0,2,3,0,0,0,1700.0,2281.0,0.0,69,99,43.47826086956522,0
679,12,2,1,0,1,0,0,1,2350.0,531.0,2000.0,73,104,42.465753424657535,1
679,13,0,1,4,0,0,0,1,2450.0,-200.0,3500.0,73,105,43.83561643835616,1
679,14,4,1,8,2,0,0,1,1450.0,950.0,14000.0,75,107,42.66666666666667,0
679,15,8,0,8,4,0,0,0,1250.0,13600.0,0.0,75,107,42.66666666666667,0
679,16,8,0,8,4,0,0,0,2550.0,12348.0,0.0,75,108,44.0,0
679,17,8,3,9,4,0,1,1,4650.0,9898.0,4000.0,75,96,28.000000000000004,0
679,18,9,2,9,4,1,1,0,600.0,8200.0,0.0,75,103,37.333333333333336,0
679,19,9,0,8,4,1,0,0,2050.0,7601.0,0.0,75,108,44.0,0
679,20,8,3,7,4,0,1,1,8050.0,5548.0,5250.0,77,90,16.883116883116884,1
679,21,7,1,6,3,1,0,1,1700.0,2648.0,2500.0,77,109,41.55844155844156,0
679,22,6,0,4,3,0,0,0,2600.0,3447.0,0.0,77,109,41.55844155844156,0
679,23,4,1,6,2,0,0,1,1650.0,847.0,2500.0,77,109,41.55844155844156,1
679,24,6,3,9,3,0,1,1,4700.0,1697.0,7500.0,74,95,28.37837837837838,1
679,25,9,3,9,4,1,1,1,16700.0,4352.0,17350.0,77,88,14.285714285714285,1
679,26,9,3,7,4,1,1,1,6300.0,4973.0,5000.0,77,101,31.16883116883117,1
679,27,7,3,9,3,1,1,1,2150.0,3195.0,7900.0,77,111,44.15584415584416,0
679,28,9,2,9,4,1,1,0,3300.0,9241.0,0.0,77,94,22.07792207792208,0
689,3,1,1,4,0,1,0,1,2088.0,217.0,3168.0,227,264,16.299559471365637,1
689,4,4,1,2,2,0,0,1,1656.0,1251.0,768.0,227,264,16.299559471365637,0
689,5,2,3,7,1,0,1,1,1032.0,388.0,2304.0,227,260,14.537444933920703,1
689,6,7,1,0,3,1,0,1,2688.0,1660.0,1296.0,227,266,17.180616740088105,1
689,7,0,1,4,0,0,0,1,2880.0,268.0,3840.0,217,259,19.35483870967742,1
689,8,4,3,7,2,0,1,1,6192.0,1325.0,6672.0,218,235,7.79816513761468,1
689,9,7,3,7,3,1,1,1,2592.0,1949.0,3264.0,227,252,11.013215859030836,0
689,10,7,3,5,3,1,1,1,2352.0,2718.0,768.0,227,267,17.62114537444934,0
689,11,5,3,7,2,1,1,1,2928.0,841.0,4608.0,227,262,15.418502202643172,1
689,12,7,3,7,3,1,1,1,2496.0,2499.0,1536.0,227,266,17.180616740088105,0
689,13,7,3,5,3,1,1,1,3192.0,1464.0,2640.0,232,272,17.24137931034483,0
689,14,5,3,5,2,1,1,1,2208.0,936.0,2304.0,232,274,18.103448275862068,0
689,15,5,1,4,2,1,0,1,2448.0,1070.0,2304.0,232,278,19.82758620689655,1
689,16,4,1,2,2,0,0,1,2112.0,906.0,1536.0,232,276,18.96551724137931,0
689,17,2,1,0,1,0,0,1,1872.0,330.0,1536.0,241,283,17.42738589211618,1
689,18,0,1,4,0,0,0,1,2280.0,0.0,3072.0,241,287,19.08713692946058,1
689,19,4,1,8,2,0,0,1,2328.0,792.0,5352.0,241,287,19.08713692946058,1
689,20,8,1,8,4,0,0,1,1752.0,3985.0,3360.0,241,287,19.08713692946058,0
689,21,8,2,7,4,0,1,0,3096.0,5835.0,0.0,241,272,12.863070539419086,0
689,22,7,3,7,3,1,1,1,1896.0,2735.0,768.0,241,266,10.37344398340249,0
689,23,7,3,5,3,1,1,1,1320.0,1630.0,768.0,252,286,13.492063492063492,0
689,24,5,3,7,2,1,1,1,2304.0,1078.0,3840.0,238,280,17.647058823529413,0
689,25,7,3,9,3,1,1,1,4368.0,2614.0,6912.0,238,265,11.344537815126051,1
689,26,9,0,8,4,1,0,0,528.0,5350.0,0.0,238,283,18.907563025210084,0
689,27,8,2,9,4,0,1,0,1536.0,5013.0,0.0,238,268,12.605042016806722,0
689,28,9,2,7,4,1,1,0,1488.0,3477.0,0.0,238,267,12.184873949579831,0
690,3,6,3,9,3,0,1,1,8952.0,3404.0,9120.0,118,120,1.694915254237288,1
690,4,9,3,9,4,1,1,1,16332.0,3569.0,44160.0,115,118,2.608695652173913,1
690,5,9,2,9,4,1,1,0,15780.0,31413.0,0.0,115,116,0.8695652173913043,0
690,6,9,2,5,4,1,1,0,6792.0,7523.0,0.0,115,116,0.8695652173913043,0
690,7,5,3,9,2,1,1,1,5712.0,711.0,14880.0,118,122,3.389830508474576,1
690,8,9,3,9,4,1,1,1,7788.0,9884.0,37920.0,118,124,5.084745762711865,0
690,9,9,3,9,4,1,1,1,16260.0,40034.0,4320.0,118,114,-3.389830508474576,0
690,10,9,2,9,4,1,1,0,7524.0,28098.0,0.0,118,117,-0.847457627118644,0
690,11,9,2,9,4,1,1,0,6252.0,21158.0,0.0,118,123,4.23728813559322,0
690,12,9,2,9,4,1,1,0,6660.0,14995.0,0.0,118,125,5.932203389830509,0
690,13,9,3,7,4,1,1,1,8652.0,7627.0,4320.0,119,125,5.042016806722689,1
690,14,7,3,7,3,1,1,1,4620.0,3297.0,2880.0,119,126,5.88235294117647,0
690,15,7,3,7,3,1,1,1,4968.0,1527.0,5760.0,126,130,3.1746031746031744,0
690,16,7,3,7,3,1,1,1,5172.0,2347.0,5760.0,130,135,3.8461538461538463,0
690,17,7,3,1,3,1,1,1,5892.0,2927.0,2880.0,130,140,7.6923076923076925,1
690,18,1,3,1,0,1,1,1,6072.0,-12.0,6240.0,130,139,6.923076923076923,1
690,19,1,3,9,0,1,1,1,16536.0,160.0,25440.0,120,119,-0.8333333333333334,1
690,20,9,3,9,4,1,1,1,16104.0,8995.0,27360.0,120,110,-8.333333333333332,1
690,21,9,3,9,4,1,1,1,15756.0,20586.0,26880.0,118,104,-11.864406779661017,0
690,22,9,2,9,4,1,1,0,11868.0,32786.0,0.0,118,117,-0.847457627118644,0
690,23,9,2,9,4,1,1,0,12684.0,20954.0,0.0,118,112,-5.084745762711865,0
690,24,9,3,9,4,1,1,1,19860.0,8317.0,15360.0,117,112,-4.273504273504273,1
690,25,9,3,9,4,1,1,1,15684.0,3813.0,18240.0,113,119,5.3097345132743365,1
690,26,9,3,9,4,1,1,1,5112.0,6364.0,6240.0,121,126,4.132231404958678,0
690,27,9,3,9,4,1,1,1,20352.0,7507.0,17760.0,121,113,-6.6115702479338845,0
690,28,9,2,3,4,1,1,0,4380.0,4947.0,0.0,121,130,7.43801652892562,0
696,3,6,3,5,3,0,1,1,1600.0,1661.0,720.0,139,151,8.633093525179856,0
696,4,5,1,4,2,1,0,1,740.0,828.0,720.0,139,164,17.985611510791365,0
696,5,4,3,3,2,0,1,1,1100.0,809.0,720.0,139,158,13.66906474820144,1
696,6,3,1,4,1,1,0,1,1440.0,448.0,2160.0,145,169,16.551724137931036,1
696,7,4,3,7,2,0,1,1,4680.0,1189.0,5760.0,128,138,7.8125,0
696,8,7,2,5,3,1,1,0,1180.0,2310.0,0.0,128,144,12.5,0
696,9,5,1,4,2,1,0,1,920.0,1130.0,720.0,144,155,7.638888888888889,0
696,10,4,1,4,2,0,0,1,1000.0,930.0,1440.0,144,173,20.13888888888889,0
696,11,4,1,6,2,0,0,1,1020.0,1002.0,1440.0,144,172,19.444444444444446,1
696,12,6,0,2,3,0,0,0,760.0,1454.0,0.0,144,174,20.833333333333336,0
696,13,2,1,2,1,0,0,1,1500.0,620.0,1440.0,134,169,26.119402985074625,1
696,14,2,1,4,1,0,0,1,1000.0,560.0,1440.0,143,169,18.181818181818183,0
696,15,4,1,6,2,0,0,1,740.0,1031.0,1440.0,143,173,20.97902097902098,0
696,16,6,1,4,3,0,0,1,1100.0,1731.0,720.0,143,169,18.181818181818183,0
696,17,4,0,2,2,0,0,0,1040.0,1351.0,0.0,143,171,19.58041958041958,0
696,18,2,1,2,1,0,0,1,500.0,300.0,720.0,146,174,19.17808219178082,0
696,19,2,1,2,1,0,0,1,740.0,620.0,720.0,146,174,19.17808219178082,1
696,20,2,1,4,1,0,0,1,460.0,621.0,1440.0,146,174,19.17808219178082,0
696,21,4,3,5,2,0,1,1,1100.0,1258.0,720.0,146,171,17.123287671232877,0
696,22,5,1,4,2,1,0,1,760.0,877.0,720.0,146,174,19.17808219178082,0
696,23,4,1,4,2,0,0,1,540.0,857.0,720.0,146,175,19.863013698630137,0
696,24,4,0,2,2,0,0,0,660.0,1037.0,0.0,146,175,19.863013698630137,0
696,25,2,1,0,1,0,0,1,940.0,417.0,720.0,151,177,17.218543046357617,0
696,26,0,1,4,0,0,0,1,920.0,277.0,1440.0,148,181,22.2972972972973,1
696,27,4,1,4,2,0,0,1,500.0,775.0,720.0,148,179,20.945945945945947,0
696,28,4,0,2,2,0,0,0,440.0,972.0,0.0,148,177,19.594594594594593,0
722,3,0,1,0,0,0,0,1,132.0,31.0,192.0,62,86,38.70967741935484,1
722,4,0,1,0,0,0,0,1,552.0,67.0,576.0,62,87,40.32258064516129,1
722,5,0,1,0,0,0,0,1,372.0,116.0,384.0,62,85,37.096774193548384,1
722,6,0,1,0,0,0,0,1,372.0,129.0,384.0,62,86,38.70967741935484,1
722,7,0,1,2,0,0,0,1,396.0,141.0,576.0,62,87,40.32258064516129,1
722,8,2,1,2,1,0,0,1,732.0,333.0,720.0,62,87,40.32258064516129,0
722,9,2,1,0,1,0,0,1,444.0,321.0,288.0,62,87,40.32258064516129,1
722,10,0,1,0,0,0,0,1,372.0,165.0,384.0,62,87,40.32258064516129,1
722,11,0,3,1,0,0,1,1,612.0,12.0,672.0,62,87,40.32258064516129,1
722,12,1,1,0,0,1,0,1,624.0,85.0,576.0,62,88,41.935483870967744,1
722,13,0,1,0,0,0,0,1,768.0,12.0,768.0,62,88,41.935483870967744,1
722,14,0,1,0,0,0,0,1,552.0,12.0,576.0,58,85,46.55172413793103,1
722,15,0,1,0,0,0,0,1,720.0,60.0,912.0,62,85,37.096774193548384,1
722,16,0,1,2,0,0,0,1,828.0,253.0,960.0,62,84,35.483870967741936,1
722,17,2,1,2,1,0,0,1,828.0,385.0,864.0,62,84,35.483870967741936,1
722,18,2,1,2,1,0,0,1,792.0,396.0,864.0,62,83,33.87096774193548,0
722,19,2,1,0,1,0,0,1,816.0,468.0,576.0,68,87,27.941176470588236,0
722,20,0,1,0,0,0,0,1,780.0,228.0,528.0,68,92,35.294117647058826,1
722,21,0,1,2,0,0,0,1,624.0,-23.0,1008.0,68,92,35.294117647058826,1
722,22,2,1,0,1,0,0,1,648.0,361.0,480.0,68,92,35.294117647058826,1
722,23,0,1,2,0,0,0,1,528.0,205.0,864.0,68,92,35.294117647058826,1
722,24,2,1,2,1,0,0,1,636.0,553.0,384.0,68,92,35.294117647058826,1
722,25,2,1,2,1,0,0,1,720.0,313.0,768.0,70,92,31.428571428571427,0
722,26,2,1,2,1,0,0,1,720.0,360.0,960.0,70,95,35.714285714285715,0
722,27,2,1,2,1,0,0,1,600.0,636.0,288.0,70,95,35.714285714285715,0
722,28,2,3,1,1,0,1,1,1044.0,324.0,768.0,70,81,15.714285714285714,1
725,3,6,1,8,3,0,0,1,13635.0,2742.0,18600.0,24,35,45.83333333333333,0
725,4,8,3,9,4,0,1,1,40440.0,7753.0,39600.0,24,28,16.666666666666664,0
725,5,9,3,9,4,1,1,1,23265.0,6728.0,26550.0,24,33,37.5,0
725,6,9,3,9,4,1,1,1,27450.0,10016.0,28875.0,24,28,16.666666666666664,0
725,7,9,1,8,4,1,0,1,13200.0,11442.0,14400.0,26,37,42.30769230769231,0
725,8,8,3,9,4,0,1,1,29445.0,12643.0,21300.0,24,33,37.5,0
725,9,9,3,9,4,1,1,1,38970.0,4638.0,44550.0,24,26,8.333333333333332,0
725,10,9,1,8,4,1,0,1,11715.0,10257.0,11850.0,26,34,30.76923076923077,0
725,11,8,1,6,4,0,0,1,12795.0,10099.0,5400.0,26,38,46.15384615384615,1
725,12,6,3,9,3,0,1,1,29385.0,2681.0,38115.0,24,31,29.166666666666668,0
725,13,9,3,9,4,1,1,1,21120.0,11580.0,15075.0,26,35,34.61538461538461,1
725,14,9,1,8,4,1,0,1,7635.0,5519.0,7650.0,26,38,46.15384615384615,0
725,15,8,1,0,4,0,0,1,12780.0,4365.0,9900.0,28,39,39.285714285714285,1
725,16,0,3,9,0,0,1,1,36915.0,89.0,44550.0,28,35,25.0,1
725,17,9,3,9,4,1,1,1,7335.0,5598.0,16800.0,28,38,35.714285714285715,0
725,18,9,3,9,4,1,1,1,19440.0,13080.0,9900.0,28,35,25.0,0
725,19,9,3,9,4,1,1,1,25035.0,4146.0,27600.0,28,34,21.428571428571427,1
725,20,9,1,8,4,1,0,1,18255.0,6703.0,16200.0,28,39,39.285714285714285,1
725,21,8,1,8,4,0,0,1,14910.0,4591.0,14100.0,28,39,39.285714285714285,1
725,22,8,3,9,4,0,1,1,34589.0,3762.0,39600.0,25,31,24.0,1
725,23,9,1,8,4,1,0,1,5670.0,8766.0,3900.0,28,39,39.285714285714285,0
725,24,8,3,9,4,0,1,1,23145.0,6949.0,25245.0,25,30,20.0,0
725,25,9,3,9,4,1,1,1,13830.0,9033.0,9900.0,25,36,44.0,1
725,26,9,3,9,4,1,1,1,21540.0,5071.0,27150.0,25,34,36.0,0
725,27,9,3,7,4,1,1,1,24240.0,10291.0,16500.0,25,31,24.0,0
725,28,7,3,9,3,1,1,1,15150.0,2296.0,16365.0,28,34,21.428571428571427,0
735,3,9,2,1,4,1,1,0,18012.0,17999.0,0.0,82,89,8.536585365853659,0
735,4,1,1,6,0,1,0,1,1524.0,-11.0,4992.0,88,105,19.318181818181817,1
735,5,6,1,8,3,0,0,1,4380.0,3450.0,4608.0,88,105,19.318181818181817,0
735,6,8,0,4,4,0,0,0,2724.0,3596.0,0.0,88,105,19.318181818181817,0
735,7,4,1,4,2,0,0,1,2892.0,908.0,2688.0,90,108,20.0,0
735,8,4,3,9,2,0,1,1,8148.0,706.0,25524.0,83,92,10.843373493975903,1
735,9,9,3,9,4,1,1,1,25320.0,18084.0,46848.0,83,88,6.024096385542169,0
735,10,9,2,9,4,1,1,0,19176.0,39591.0,0.0,83,89,7.228915662650602,0
735,11,9,0,8,4,1,0,0,2892.0,20625.0,0.0,83,99,19.27710843373494,0
735,12,8,2,1,4,0,1,0,17928.0,17977.0,0.0,83,89,7.228915662650602,0
735,13,1,3,5,0,1,1,1,4272.0,0.0,5376.0,95,113,18.947368421052634,1
735,14,5,1,4,2,1,0,1,1884.0,1007.0,2304.0,95,115,21.052631578947366,0
735,15,4,3,9,2,0,1,1,19740.0,1421.0,24192.0,86,94,9.30232558139535,1
735,16,9,3,9,4,1,1,1,2904.0,5868.0,1920.0,86,99,15.11627906976744,0
735,17,9,3,9,4,1,1,1,18840.0,4873.0,18432.0,86,95,10.465116279069768,1
735,18,9,2,5,4,1,1,0,3468.0,4428.0,0.0,86,99,15.11627906976744,0
735,19,5,3,9,2,1,1,1,41652.0,961.0,47616.0,86,89,3.488372093023256,1
735,20,9,3,9,4,1,1,1,4944.0,7400.0,4224.0,86,92,6.976744186046512,0
735,21,9,2,1,4,1,1,0,15084.0,13293.0,0.0,86,89,3.488372093023256,0
735,22,1,3,1,0,1,1,1,14100.0,-1129.0,13824.0,86,89,3.488372093023256,1
735,23,1,1,6,0,1,0,1,1980.0,-52.0,3840.0,95,113,18.947368421052634,1
735,24,6,3,9,3,0,1,1,6636.0,1827.0,11520.0,86,96,11.627906976744185,1
735,25,9,3,9,4,1,1,1,25332.0,6705.0,23040.0,86,88,2.3255813953488373,0
735,26,9,3,7,4,1,1,1,8868.0,4384.0,6912.0,86,89,3.488372093023256,1
735,27,7,0,2,3,1,0,0,1812.0,2383.0,0.0,86,105,22.093023255813954,0
735,28,2,3,9,1,0,1,1,11232.0,555.0,22656.0,86,93,8.13953488372093,1
772,3,9,3,3,4,1,1,1,10278.0,4780.0,5940.0,153,156,1.9607843137254901,1
772,4,3,3,7,1,1,1,1,9738.0,446.0,10800.0,156,152,-2.564102564102564,1
772,5,7,3,7,3,1,1,1,4455.0,1497.0,5670.0,153,162,5.88235294117647,0
772,6,7,3,5,3,1,1,1,4158.0,2718.0,2700.0,155,162,4.516129032258064,0
772,7,5,3,7,2,1,1,1,16659.0,1262.0,17550.0,152,150,-1.3157894736842104,1
772,8,7,3,7,3,1,1,1,5814.0,2161.0,5400.0,155,154,-0.6451612903225806,0
772,9,7,3,7,3,1,1,1,3159.0,1756.0,3510.0,167,172,2.9940119760479043,0
772,10,7,3,5,3,1,1,1,4365.0,2122.0,4050.0,167,177,5.9880239520958085,1
772,11,5,3,9,2,1,1,1,7623.0,1119.0,12150.0,167,165,-1.1976047904191618,1
772,12,9,3,9,4,1,1,1,3483.0,5647.0,2160.0,167,168,0.5988023952095809,0
772,13,9,3,9,4,1,1,1,17244.0,4336.0,16470.0,145,145,0.0,0
772,14,9,3,7,4,1,1,1,3294.0,3551.0,1350.0,166,159,-4.216867469879518,0
772,15,7,1,6,3,1,0,1,2592.0,1608.0,3780.0,166,179,7.83132530120482,0
772,16,6,3,5,3,0,1,1,3465.0,2784.0,1620.0,166,178,7.228915662650602,0
772,17,5,3,5,2,1,1,1,3906.0,956.0,4050.0,148,169,14.18918918918919,0
772,18,5,3,9,2,1,1,1,8235.0,1143.0,12690.0,148,153,3.3783783783783785,1
772,19,9,3,9,4,1,1,1,11853.0,5597.0,11340.0,140,150,7.142857142857142,1
772,20,9,3,9,4,1,1,1,10800.0,5093.0,14580.0,140,143,2.142857142857143,1
772,21,9,3,9,4,1,1,1,6291.0,8864.0,2430.0,152,147,-3.289473684210526,0
772,22,9,3,7,4,1,1,1,4662.0,5132.0,1350.0,162,157,-3.0864197530864197,0
772,23,7,1,6,3,1,0,1,2070.0,1507.0,2160.0,162,176,8.641975308641975,0
772,24,6,1,4,3,0,0,1,2763.0,1633.0,1890.0,162,175,8.024691358024691,1
772,25,4,3,7,2,0,1,1,9504.0,760.0,10530.0,150,160,6.666666666666667,1
772,26,7,3,7,3,1,1,1,6219.0,1805.0,6480.0,163,155,-4.9079754601226995,0
772,27,7,3,7,3,1,1,1,2691.0,2049.0,2160.0,163,176,7.975460122699387,0
772,28,7,3,1,3,1,1,1,2313.0,1518.0,810.0,163,175,7.361963190184049,1
