src/econirl/datasets/supermarket_data.csv
product_id,period,state,action,next_state,inventory_bin,lagged_promotion,promotion,ordered,sales,inventory,orders,wholesale_price,retail_price,markup_pct,stockout
774,3,5,3,1,2,1,1,1,4770.0,1405.0,3240.0,153,158,3.2679738562091507,0
774,4,1,3,7,0,1,1,1,6066.0,-96.0,8640.0,156,152,-2.564102564102564,0
774,5,7,3,9,3,1,1,1,2844.0,2598.0,4050.0,153,160,4.57516339869281,0
774,6,9,3,9,4,1,1,1,1764.0,3814.0,1620.0,155,163,5.161290322580645,0
774,7,9,3,3,4,1,1,1,11331.0,3691.0,8100.0,152,149,-1.9736842105263157,0
774,8,3,3,9,1,1,1,1,3447.0,473.0,6480.0,152,153,0.6578947368421052,0
774,9,9,3,5,4,1,1,1,3447.0,3506.0,1350.0,171,169,-1.1695906432748537,0
774,10,5,1,6,2,1,0,1,2547.0,1412.0,2160.0,167,182,8.982035928143713,1
774,11,6,3,9,3,0,1,1,4914.0,1516.0,8910.0,167,163,-2.3952095808383236,0
774,12,9,3,9,4,1,1,1,1728.0,5515.0,1350.0,167,167,0.0,0
774,13,9,3,5,4,1,1,1,10683.0,5166.0,6750.0,145,143,-1.3793103448275863,0
774,14,5,3,5,2,1,1,1,1890.0,1225.0,1620.0,166,160,-3.614457831325301,0
774,15,5,1,6,2,1,0,1,1584.0,949.0,2430.0,166,179,7.83132530120482,0
774,16,6,3,5,3,0,1,1,1755.0,1796.0,1080.0,166,178,7.228915662650602,0
774,17,5,1,6,2,1,0,1,1638.0,1122.0,2430.0,148,177,19.594594594594593,0
774,18,6,3,3,3,0,1,1,7002.0,1917.0,5400.0,148,154,4.054054054054054,0
774,19,3,3,9,1,1,1,1,4860.0,360.0,8100.0,140,149,6.428571428571428,0
774,20,9,3,9,4,1,1,1,6282.0,3556.0,8019.0,140,143,2.142857142857143,1
774,21,9,3,9,4,1,1,1,3699.0,5271.0,4320.0,152,142,-6.578947368421052,0
774,22,9,2,7,4,1,1,0,3843.0,5892.0,0.0,152,161,5.921052631578947,0
774,23,7,3,5,3,1,1,1,1656.0,2072.0,540.0,162,167,3.0864197530864197,0
774,24,5,1,0,2,1,0,1,1755.0,1171.0,810.0,162,175,8.024691358024691,1
774,25,0,3,3,0,0,1,1,5544.0,226.0,5940.0,150,161,7.333333333333333,1
774,26,3,3,7,1,1,1,1,1800.0,631.0,3240.0,163,157,-3.6809815950920246,0
774,27,7,2,5,3,1,1,0,1197.0,2531.0,0.0,163,177,8.588957055214724,0
774,28,5,0,0,2,1,0,0,1278.0,1334.0,0.0,163,178,9.202453987730062,0
795,3,6,0,4,3,0,0,0,528.0,1464.0,0.0,280,336,20.0,0
795,4,4,1,4,2,0,0,1,75.0,921.0,360.0,263,358,36.12167300380228,0
795,5,4,3,5,2,0,1,1,498.0,1239.0,360.0,280,332,18.571428571428573,0
795,6,5,3,5,2,1,1,1,1413.0,825.0,1632.0,280,318,13.571428571428571,1
795,7,5,0,2,2,1,0,0,612.0,1044.0,0.0,280,336,20.0,0
795,8,2,1,2,1,0,0,1,1359.0,480.0,1296.0,280,335,19.642857142857142,1
795,9,2,1,4,1,0,0,1,360.0,417.0,648.0,280,337,20.357142857142858,0
795,10,4,0,0,2,0,0,0,288.0,705.0,0.0,280,337,20.357142857142858,0
795,11,0,1,2,0,0,0,1,312.0,0.0,720.0,280,337,20.357142857142858,0
795,12,2,1,2,1,0,0,1,336.0,387.0,240.0,280,337,20.357142857142858,0
795,13,2,1,2,1,0,0,1,312.0,336.0,288.0,300,337,12.333333333333334,0
795,14,2,1,2,1,0,0,1,288.0,336.0,288.0,300,361,20.333333333333332,0
795,15,2,1,0,1,0,0,1,240.0,336.0,144.0,300,361,20.333333333333332,0
795,16,0,1,0,0,0,0,1,408.0,264.0,288.0,300,361,20.333333333333332,0
795,17,0,1,0,0,0,0,1,192.0,168.0,240.0,300,361,20.333333333333332,0
795,18,0,3,5,0,0,1,1,1824.0,240.0,2880.0,290,324,11.724137931034482,0
795,19,5,0,4,2,1,0,0,480.0,1296.0,0.0,290,359,23.79310344827586,0
795,20,4,0,2,2,0,0,0,552.0,840.0,0.0,290,356,22.758620689655174,0
795,21,2,1,0,1,0,0,1,432.0,312.0,240.0,300,349,16.333333333333332,0
795,22,0,1,0,0,0,0,1,336.0,120.0,432.0,300,359,19.666666666666664,0
795,23,0,1,0,0,0,0,1,72.0,215.0,144.0,300,361,20.333333333333332,0
795,24,0,1,2,0,0,0,1,96.0,287.0,144.0,300,354,18.0,0
795,25,2,1,0,1,0,0,1,216.0,335.0,144.0,324,377,16.358024691358025,0
795,26,0,1,2,0,0,0,1,144.0,263.0,120.0,324,389,20.061728395061728,0
795,27,2,0,0,1,0,0,0,144.0,289.0,0.0,324,389,20.061728395061728,0
795,28,0,1,0,0,0,0,1,288.0,145.0,360.0,324,389,20.061728395061728,0
796,3,0,1,2,0,0,0,1,528.0,280.0,624.0,357,434,21.568627450980394,0
796,4,2,3,7,1,0,1,1,1020.0,404.0,2064.0,357,405,13.445378151260504,1
796,5,7,3,7,3,1,1,1,996.0,1448.0,2064.0,357,393,10.084033613445378,0
796,6,7,0,6,3,1,0,0,384.0,2516.0,0.0,357,451,26.330532212885156,0
796,7,6,0,4,3,0,0,0,912.0,2132.0,0.0,357,428,19.88795518207283,0
796,8,4,0,0,2,0,0,0,1200.0,1220.0,0.0,357,429,20.168067226890756,0
796,9,0,1,0,0,0,0,1,420.0,26.0,624.0,357,429,20.168067226890756,1
796,10,0,1,2,0,0,0,1,546.0,230.0,1248.0,357,429,20.168067226890756,1
796,11,2,1,4,1,0,0,1,444.0,594.0,720.0,357,429,20.168067226890756,0
796,12,4,0,4,2,0,0,0,330.0,870.0,0.0,357,429,20.168067226890756,0
796,13,4,0,2,2,0,0,0,360.0,882.0,0.0,357,428,19.88795518207283,0
796,14,2,0,0,1,0,0,0,264.0,522.0,0.0,357,429,20.168067226890756,0
796,15,0,1,2,0,0,0,1,318.0,258.0,624.0,385,439,14.025974025974024,0
796,16,2,1,6,1,0,0,1,300.0,560.0,1200.0,385,465,20.77922077922078,0
796,17,6,1,6,3,0,0,1,306.0,1460.0,1248.0,385,464,20.51948051948052,0
796,18,6,0,6,3,0,0,0,444.0,2394.0,0.0,385,464,20.51948051948052,0
796,19,6,0,4,3,0,0,0,606.0,1956.0,0.0,385,464,20.51948051948052,0
796,20,4,3,7,2,0,1,1,750.0,1348.0,1536.0,376,442,17.5531914893617,0
796,21,7,2,7,3,1,1,0,444.0,2134.0,0.0,376,446,18.617021276595743,0
796,22,7,2,5,3,1,1,0,750.0,1691.0,0.0,376,430,14.361702127659576,0
796,23,5,0,4,2,1,0,0,156.0,940.0,0.0,376,453,20.47872340425532,0
796,24,4,2,3,2,0,1,0,348.0,784.0,0.0,376,406,7.9787234042553195,0
796,25,3,2,1,1,1,1,0,276.0,435.0,0.0,376,456,21.27659574468085,0
796,26,1,1,0,0,1,0,1,192.0,159.0,312.0,486,498,2.4691358024691357,1
796,27,0,3,3,0,0,1,1,330.0,264.0,468.0,405,582,43.7037037037037,0
796,28,3,3,3,1,1,1,1,1098.0,408.0,1152.0,410,466,13.658536585365855,0
817,3,0,1,2,0,0,0,1,984.0,0.0,1440.0,218,269,23.394495412844037,1
817,4,2,1,2,1,0,0,1,516.0,456.0,480.0,218,266,22.018348623853214,0
817,5,2,1,4,1,0,0,1,696.0,420.0,1440.0,218,269,23.394495412844037,0
817,6,4,1,6,2,0,0,1,792.0,1164.0,1920.0,201,267,32.83582089552239,0
817,7,6,3,5,3,0,1,1,2436.0,2305.0,960.0,201,230,14.427860696517413,0
817,8,5,3,3,2,1,1,1,1092.0,829.0,768.0,201,236,17.412935323383085,0
817,9,3,3,3,1,1,1,1,492.0,517.0,576.0,201,246,22.388059701492537,0
817,10,3,1,2,1,1,0,1,492.0,589.0,480.0,218,263,20.642201834862387,0
817,11,2,1,2,1,0,0,1,516.0,542.0,288.0,218,279,27.981651376146786,0
817,12,2,1,2,1,0,0,1,228.0,430.0,288.0,218,279,27.981651376146786,0
817,13,2,1,4,1,0,0,1,444.0,480.0,864.0,230,279,21.304347826086957,0
817,14,4,0,2,2,0,0,0,360.0,894.0,0.0,230,295,28.26086956521739,0
817,15,2,1,2,1,0,0,1,408.0,533.0,480.0,239,286,19.665271966527197,0
817,16,2,0,0,1,0,0,0,432.0,596.0,0.0,239,281,17.573221757322173,0
817,17,0,1,0,0,0,0,1,432.0,164.0,480.0,221,278,25.791855203619914,0
817,18,0,1,6,0,0,0,1,696.0,192.0,2016.0,239,264,10.460251046025103,0
817,19,6,2,3,3,0,1,0,1032.0,1511.0,0.0,239,277,15.899581589958158,0
817,20,3,1,2,1,1,0,1,792.0,492.0,672.0,239,279,16.736401673640167,0
817,21,2,1,0,1,0,0,1,672.0,371.0,480.0,239,279,16.736401673640167,0
817,22,0,1,2,0,0,0,1,504.0,177.0,960.0,239,281,17.573221757322173,1
817,23,2,1,4,1,0,0,1,360.0,633.0,480.0,239,281,17.573221757322173,0
817,24,4,0,2,2,0,0,0,420.0,753.0,0.0,239,281,17.573221757322173,0
817,25,2,1,4,1,0,0,1,600.0,335.0,1056.0,253,282,11.462450592885375,1
817,26,4,1,4,2,0,0,1,420.0,789.0,384.0,253,298,17.786561264822133,0
817,27,4,3,5,2,0,1,1,900.0,744.0,960.0,253,286,13.043478260869565,0
817,28,5,0,2,2,1,0,0,408.0,804.0,0.0,253,297,17.391304347826086,0
819,3,0,1,2,0,0,0,1,420.0,246.0,816.0,321,406,26.479750778816197,1
819,4,2,0,2,1,0,0,0,342.0,642.0,0.0,321,401,24.922118380062305,0
819,5,2,1,0,1,0,0,1,426.0,300.0,408.0,321,399,24.299065420560748,1
819,6,0,3,3,0,0,1,1,630.0,282.0,864.0,306,359,17.320261437908496,1
819,7,3,3,7,1,1,1,1,552.0,516.0,1584.0,306,342,11.76470588235294,1
819,8,7,3,7,3,1,1,1,462.0,1548.0,480.0,306,358,16.99346405228758,0
819,9,7,2,3,3,1,1,0,1050.0,1565.0,0.0,306,336,9.803921568627452,0
819,10,3,1,4,1,1,0,1,258.0,515.0,816.0,321,367,14.330218068535824,0
819,11,4,3,5,2,0,1,1,1152.0,978.0,1056.0,321,364,13.395638629283487,0
819,12,5,2,3,2,1,1,0,504.0,883.0,0.0,321,370,15.264797507788161,0
819,13,3,1,4,1,1,0,1,492.0,468.0,816.0,337,412,22.255192878338278,1
819,14,4,0,2,2,0,0,0,336.0,792.0,0.0,337,427,26.706231454005934,0
819,15,2,0,0,1,0,0,0,270.0,450.0,0.0,337,422,25.222551928783382,0
819,16,0,1,0,0,0,0,1,330.0,180.0,432.0,337,413,22.551928783382788,1
819,17,0,1,0,0,0,0,1,324.0,282.0,432.0,337,409,21.364985163204746,1
819,18,0,3,3,0,0,1,1,198.0,270.0,432.0,337,407,20.77151335311573,0
819,19,3,0,0,1,1,0,0,282.0,509.0,0.0,337,414,22.8486646884273,0
819,20,0,1,0,0,0,0,1,210.0,222.0,240.0,337,414,22.8486646884273,0
819,21,0,1,2,0,0,0,1,276.0,252.0,408.0,337,414,22.8486646884273,0
819,22,2,3,5,1,0,1,1,612.0,402.0,1056.0,337,389,15.43026706231454,0
819,23,5,3,3,2,1,1,1,228.0,846.0,48.0,337,394,16.913946587537094,0
819,24,3,2,3,1,1,1,0,234.0,666.0,0.0,337,412,22.255192878338278,0
819,25,3,0,0,1,1,0,0,264.0,432.0,0.0,337,413,22.551928783382788,0
819,26,0,1,2,0,0,0,1,156.0,168.0,216.0,353,416,17.847025495750707,0
819,27,2,0,0,1,0,0,0,198.0,360.0,0.0,353,435,23.229461756373937,0
819,28,0,1,0,0,0,0,1,198.0,162.0,204.0,353,433,22.6628895184136,1
824,3,0,1,0,0,0,0,1,114.0,42.0,72.0,256,324,26.5625,1
824,4,0,1,0,0,0,0,1,159.0,0.0,216.0,256,324,26.5625,1
824,5,0,1,0,0,0,0,1,159.0,60.0,144.0,256,324,26.5625,1
824,6,0,1,0,0,0,0,1,138.0,45.0,264.0,256,325,26.953125,0
824,7,0,1,0,0,0,0,1,162.0,171.0,120.0,256,326,27.34375,0
824,8,0,1,0,0,0,0,1,255.0,129.0,240.0,256,327,27.734375,1
824,9,0,1,0,0,0,0,1,114.0,115.0,120.0,240,321,33.75,0
824,10,0,3,5,0,0,1,1,351.0,121.0,984.0,240,276,15.0,0
824,11,5,2,3,2,1,1,0,102.0,756.0,0.0,240,305,27.083333333333332,0
824,12,3,2,3,1,1,1,0,180.0,654.0,0.0,240,275,14.583333333333334,0
824,13,3,2,3,1,1,1,0,138.0,477.0,0.0,240,300,25.0,0
824,14,3,0,0,1,1,0,0,120.0,339.0,0.0,240,308,28.333333333333332,0
824,15,0,0,0,0,0,0,0,159.0,218.0,0.0,272,327,20.22058823529412,0
824,16,0,1,0,0,0,0,1,180.0,59.0,120.0,291,369,26.804123711340207,1
824,17,0,1,0,0,0,0,1,111.0,-1.0,192.0,291,379,30.240549828178693,1
824,18,0,1,0,0,0,0,1,93.0,81.0,72.0,291,379,30.240549828178693,0
824,19,0,1,0,0,0,0,1,102.0,60.0,144.0,291,377,29.553264604810998,0
824,20,0,1,0,0,0,0,1,105.0,102.0,72.0,307,386,25.732899022801302,0
824,21,0,1,0,0,0,0,1,60.0,70.0,48.0,307,399,29.967426710097723,0
824,22,0,3,1,0,0,1,1,114.0,58.0,144.0,307,395,28.664495114006517,1
824,23,1,1,0,0,1,0,1,60.0,88.0,24.0,307,399,29.967426710097723,0
824,24,0,1,0,0,0,0,1,63.0,52.0,120.0,307,399,29.967426710097723,0
824,25,0,1,0,0,0,0,1,66.0,124.0,96.0,307,399,29.967426710097723,0
824,26,0,0,0,0,0,0,0,99.0,154.0,0.0,307,399,29.967426710097723,0
824,27,0,0,0,0,0,0,0,39.0,39.0,0.0,307,399,29.967426710097723,0
824,28,0,1,0,0,0,0,1,135.0,0.0,240.0,330,429,30.0,0
825,3,0,1,0,0,0,0,1,165.0,75.0,120.0,256,326,27.34375,0
825,4,0,1,0,0,0,0,1,99.0,30.0,120.0,256,317,23.828125,1
825,5,0,1,0,0,0,0,1,153.0,54.0,240.0,256,326,27.34375,1
825,6,0,1,0,0,0,0,1,153.0,138.0,168.0,256,326,27.34375,0
825,7,0,1,0,0,0,0,1,159.0,154.0,144.0,256,326,27.34375,1
825,8,0,1,0,0,0,0,1,264.0,140.0,240.0,256,327,27.734375,1
825,9,0,1,0,0,0,0,1,129.0,116.0,96.0,240,322,34.166666666666664,0
825,10,0,3,5,0,0,1,1,375.0,83.0,984.0,240,272,13.333333333333334,0
825,11,5,2,3,2,1,1,0,93.0,685.0,0.0,240,303,26.25,0
825,12,3,2,3,1,1,1,0,207.0,592.0,0.0,240,274,14.166666666666666,0
825,13,3,2,1,1,1,1,0,141.0,381.0,0.0,240,298,24.166666666666668,0
825,14,1,0,0,0,1,0,0,126.0,240.0,0.0,240,307,27.916666666666668,0
825,15,0,1,0,0,0,0,1,153.0,112.0,96.0,272,329,20.955882352941178,1
825,16,0,1,0,0,0,0,1,177.0,55.0,144.0,291,371,27.491408934707906,0
825,17,0,1,0,0,0,0,1,102.0,25.0,144.0,291,377,29.553264604810998,1
825,18,0,1,0,0,0,0,1,93.0,69.0,72.0,291,375,28.865979381443296,0
825,19,0,3,1,0,0,1,1,84.0,48.0,144.0,291,371,27.491408934707906,0
825,20,1,1,0,0,1,0,1,117.0,103.0,96.0,307,385,25.407166123778502,1
825,21,0,1,0,0,0,0,1,63.0,82.0,48.0,307,399,29.967426710097723,0
825,22,0,3,1,0,0,1,1,108.0,67.0,120.0,307,395,28.664495114006517,1
825,23,1,1,0,0,1,0,1,90.0,79.0,72.0,307,399,29.967426710097723,0
825,24,0,1,0,0,0,0,1,60.0,61.0,144.0,307,399,29.967426710097723,0
825,25,0,1,0,0,0,0,1,81.0,145.0,96.0,307,399,29.967426710097723,0
825,26,0,0,0,0,0,0,0,81.0,160.0,0.0,307,399,29.967426710097723,0
825,27,0,0,0,0,0,0,0,87.0,84.0,0.0,307,399,29.967426710097723,0
825,28,0,1,0,0,0,0,1,120.0,-3.0,264.0,330,428,29.6969696969697,1
836,3,0,1,4,0,0,0,1,2460.0,-2.0,3600.0,54,73,35.18518518518518,1
836,4,4,1,4,2,0,0,1,1820.0,1119.0,2100.0,54,75,38.88888888888889,0
836,5,4,1,4,2,0,0,1,1740.0,1402.0,1200.0,54,75,38.88888888888889,0
836,6,4,1,2,2,0,0,1,1700.0,862.0,1400.0,54,75,38.88888888888889,0
836,7,2,1,0,1,0,0,1,2440.0,563.0,1800.0,54,75,38.88888888888889,1
836,8,0,1,2,0,0,0,1,2380.0,-77.0,3000.0,54,76,40.74074074074074,1
836,9,2,1,2,1,0,0,1,1960.0,544.0,2040.0,54,76,40.74074074074074,1
836,10,2,1,0,1,0,0,1,2580.0,626.0,1900.0,54,76,40.74074074074074,1
836,11,0,1,2,0,0,0,1,1540.0,1.0,2000.0,54,77,42.592592592592595,1
836,12,2,1,4,1,0,0,1,1720.0,461.0,2000.0,54,77,42.592592592592595,0
836,13,4,1,0,2,0,0,1,2740.0,740.0,2100.0,54,77,42.592592592592595,1
836,14,0,1,2,0,0,0,1,1660.0,80.0,2000.0,54,77,42.592592592592595,0
836,15,2,1,0,1,0,0,1,2060.0,400.0,1800.0,54,74,37.03703703703704,0
836,16,0,1,4,0,0,0,1,1420.0,122.0,2300.0,54,73,35.18518518518518,1
836,17,4,1,4,2,0,0,1,1380.0,986.0,1200.0,54,73,35.18518518518518,1
836,18,4,1,4,2,0,0,1,2520.0,840.0,2800.0,54,73,35.18518518518518,1
836,19,4,1,6,2,0,0,1,2140.0,1120.0,3000.0,54,73,35.18518518518518,1
836,20,6,0,0,3,0,0,0,1840.0,1960.0,0.0,54,73,35.18518518518518,0
836,21,0,1,4,0,0,0,1,1840.0,99.0,2600.0,54,73,35.18518518518518,1
836,22,4,1,0,2,0,0,1,1840.0,861.0,940.0,54,73,35.18518518518518,1
836,23,0,1,2,0,0,0,1,1560.0,-42.0,2200.0,54,73,35.18518518518518,1
836,24,2,1,6,1,0,0,1,1700.0,598.0,2700.0,54,73,35.18518518518518,1
836,25,6,1,2,3,0,0,1,1980.0,1598.0,1000.0,54,73,35.18518518518518,0
836,26,2,1,6,1,0,0,1,1520.0,614.0,4200.0,54,73,35.18518518518518,1
836,27,6,0,6,3,0,0,0,1860.0,3320.0,0.0,54,73,35.18518518518518,0
836,28,6,1,4,3,0,0,1,2120.0,1477.0,1600.0,57,73,28.07017543859649,0
851,3,6,0,4,3,0,0,0,288.0,1574.0,0.0,310,389,25.483870967741932,0
851,4,4,0,4,2,0,0,0,300.0,1291.0,0.0,310,389,25.483870967741932,0
851,5,4,3,5,2,0,1,1,960.0,991.0,1248.0,309,364,17.79935275080906,0
851,6,5,3,5,2,1,1,1,744.0,1280.0,288.0,309,355,14.886731391585762,0
851,7,5,2,3,2,1,1,0,288.0,825.0,0.0,309,364,17.79935275080906,0
851,8,3,0,0,1,1,0,0,504.0,541.0,0.0,309,369,19.41747572815534,0
851,9,0,1,0,0,0,0,1,12.0,40.0,240.0,321,373,16.1993769470405,0
851,10,0,0,0,0,0,0,0,240.0,270.0,0.0,321,385,19.937694704049843,0
851,11,0,1,0,0,0,0,1,360.0,5.0,600.0,330,396,20.0,0
851,12,0,1,0,0,0,0,1,252.0,248.0,180.0,330,395,19.696969696969695,0
851,13,0,1,0,0,0,0,1,408.0,179.0,312.0,283,391,38.16254416961131,1
851,14,0,1,2,0,0,0,1,108.0,84.0,336.0,283,341,20.49469964664311,0
851,15,2,1,0,1,0,0,1,336.0,312.0,180.0,320,342,6.875000000000001,0
851,16,0,1,2,0,0,0,1,396.0,154.0,720.0,320,384,20.0,0
851,17,2,0,0,1,0,0,0,300.0,478.0,0.0,320,386,20.625,0
851,18,0,3,1,0,0,1,1,1656.0,192.0,1716.0,295,338,14.576271186440678,0
851,19,1,0,0,0,1,0,0,228.0,264.0,0.0,295,364,23.389830508474578,0
851,20,0,1,0,0,0,0,1,396.0,60.0,624.0,295,361,22.372881355932204,0
851,21,0,3,1,0,0,1,1,1992.0,288.0,1596.0,261,278,6.513409961685824,1
851,22,1,3,5,0,1,1,1,1248.0,-60.0,2676.0,261,269,3.065134099616858,1
851,23,5,2,5,2,1,1,0,252.0,1374.0,0.0,261,334,27.969348659003828,0
851,24,5,0,4,2,1,0,0,228.0,1120.0,0.0,261,331,26.81992337164751,0
851,25,4,2,1,2,0,1,0,672.0,892.0,0.0,243,302,24.279835390946502,0
851,26,1,3,7,0,1,1,1,2724.0,221.0,4680.0,243,262,7.818930041152264,1
851,27,7,2,7,3,1,1,0,384.0,2184.0,0.0,243,297,22.22222222222222,0
851,28,7,0,6,3,1,0,0,288.0,1814.0,0.0,243,299,23.045267489711936,0
904,3,9,3,9,4,1,1,1,49608.0,10906.0,53136.0,32,40,25.0,0
904,4,9,1,8,4,1,0,1,25116.0,14419.0,31536.0,37,41,10.81081081081081,0
904,5,8,3,9,4,0,1,1,51564.0,20522.0,40608.0,37,42,13.513513513513514,0
904,6,9,3,9,4,1,1,1,23544.0,9636.0,26544.0,34,43,26.47058823529412,1
904,7,9,3,9,4,1,1,1,52284.0,12449.0,49752.0,37,40,8.108108108108109,1
904,8,9,3,9,4,1,1,1,48864.0,9485.0,65232.0,37,43,16.216216216216218,1
904,9,9,1,8,4,1,0,1,35520.0,23188.0,25488.0,34,44,29.411764705882355,1
904,10,8,3,9,4,0,1,1,36684.0,13097.0,31248.0,34,39,14.705882352941178,1
904,11,9,3,9,4,1,1,1,41892.0,5947.0,44496.0,37,40,8.108108108108109,0
904,12,9,3,9,4,1,1,1,27996.0,8431.0,35424.0,37,44,18.91891891891892,1
904,13,9,3,9,4,1,1,1,33636.0,14086.0,41040.0,40,44,10.0,1
904,14,9,3,9,4,1,1,1,24996.0,20612.0,11664.0,40,46,15.0,0
904,15,9,3,9,4,1,1,1,24852.0,7330.0,21600.0,40,45,12.5,0
904,16,9,3,9,4,1,1,1,28068.0,4206.0,34128.0,40,44,10.0,0
904,17,9,3,9,4,1,1,1,31500.0,10219.0,30240.0,40,45,12.5,0
904,18,9,3,9,4,1,1,1,40728.0,8784.0,45360.0,35,40,14.285714285714285,0
904,19,9,3,9,4,1,1,1,76980.0,13298.0,76032.0,35,38,8.571428571428571,0
904,20,9,3,9,4,1,1,1,51624.0,11779.0,46656.0,40,43,7.5,0
904,21,9,1,8,4,1,0,1,33552.0,4483.0,33264.0,35,45,28.57142857142857,0
904,22,8,3,9,4,0,1,1,52872.0,5409.0,54432.0,35,39,11.428571428571429,0
904,23,9,1,8,4,1,0,1,24240.0,6949.0,22464.0,40,45,12.5,0
904,24,8,1,0,4,0,0,1,26784.0,5157.0,19440.0,40,45,12.5,1
904,25,0,1,8,0,0,0,1,19068.0,-2449.0,33696.0,40,45,12.5,1
904,26,8,1,8,4,0,0,1,19368.0,12281.0,12528.0,42,45,7.142857142857142,1
904,27,8,1,6,4,0,0,1,24756.0,4444.0,23724.0,42,48,14.285714285714285,0
904,28,6,1,8,3,0,0,1,22464.0,3407.0,23760.0,42,48,14.285714285714285,1
