src/econirl/datasets/supermarket_data.csv
product_id,period,state,action,next_state,inventory_bin,lagged_promotion,promotion,ordered,sales,inventory,orders,wholesale_price,retail_price,markup_pct,stockout
910,3,9,1,8,4,1,0,1,31416.0,11153.0,28944.0,27,34,25.925925925925924,1
910,4,8,1,8,4,0,0,1,16632.0,9585.0,14472.0,27,34,25.925925925925924,1
910,5,8,1,8,4,0,0,1,23748.0,7432.0,23760.0,26,32,23.076923076923077,1
910,6,8,3,9,4,0,1,1,23376.0,7458.0,28464.0,26,30,15.384615384615385,1
910,7,9,1,8,4,1,0,1,63420.0,12325.0,57336.0,27,33,22.22222222222222,1
910,8,8,3,9,4,0,1,1,79968.0,5693.0,100152.0,27,33,22.22222222222222,1
910,9,9,3,9,4,1,1,1,52200.0,15619.0,43416.0,27,33,22.22222222222222,0
910,10,9,3,9,4,1,1,1,57480.0,6597.0,57888.0,26,32,23.076923076923077,1
910,11,9,3,9,4,1,1,1,78096.0,6773.0,96768.0,25,28,12.0,0
910,12,9,3,5,4,1,1,1,41568.0,27555.0,14472.0,26,30,15.384615384615385,1
910,13,5,3,9,2,1,1,1,113088.0,843.0,130248.0,26,28,7.6923076923076925,1
910,14,9,3,9,4,1,1,1,25620.0,17934.0,14472.0,27,31,14.814814814814813,0
910,15,9,3,7,4,1,1,1,77700.0,7771.0,72432.0,26,28,7.6923076923076925,0
910,16,7,3,9,3,1,1,1,43572.0,2479.0,57888.0,25,30,20.0,1
910,17,9,3,9,4,1,1,1,104412.0,16537.0,115776.0,25,28,12.0,1
910,18,9,3,9,4,1,1,1,47124.0,24792.0,36180.0,25,30,20.0,0
910,19,9,1,8,4,1,0,1,66576.0,6835.0,71712.0,28,34,21.428571428571427,0
910,20,8,3,9,4,0,1,1,82860.0,11998.0,93312.0,27,32,18.51851851851852,1
910,21,9,3,9,4,1,1,1,67872.0,21197.0,53568.0,27,30,11.11111111111111,0
910,22,9,3,9,4,1,1,1,66948.0,4253.0,79920.0,27,29,7.4074074074074066,1
910,23,9,3,3,4,1,1,1,30996.0,16967.0,14256.0,27,34,25.925925925925924,1
910,24,3,3,9,1,1,1,1,69456.0,290.0,81648.0,26,27,3.8461538461538463,1
910,25,9,3,9,4,1,1,1,59400.0,11546.0,52704.0,26,29,11.538461538461538,1
910,26,9,3,9,4,1,1,1,18876.0,4354.0,26352.0,26,31,19.230769230769234,0
910,27,9,1,8,4,1,0,1,29064.0,11873.0,26784.0,26,33,26.923076923076923,0
910,28,8,3,9,4,0,1,1,71412.0,9608.0,93744.0,26,29,11.538461538461538,1
913,3,2,1,4,1,0,0,1,1720.0,544.0,2000.0,206,283,37.37864077669903,1
913,4,4,3,7,2,0,1,1,9320.0,829.0,10920.0,196,233,18.877551020408163,0
913,5,7,0,6,3,1,0,0,840.0,2421.0,0.0,196,276,40.816326530612244,0
913,6,6,1,4,3,0,0,1,1360.0,1583.0,1000.0,196,274,39.795918367346935,0
913,7,4,1,4,2,0,0,1,1920.0,1223.0,1600.0,206,282,36.89320388349515,0
913,8,4,3,5,2,0,1,1,5120.0,905.0,4960.0,196,264,34.69387755102041,1
913,9,5,3,7,2,1,1,1,6520.0,945.0,8400.0,196,242,23.46938775510204,1
913,10,7,1,6,3,1,0,1,1280.0,3146.0,800.0,206,288,39.80582524271845,0
913,11,6,0,4,3,0,0,0,1160.0,2084.0,0.0,206,289,40.29126213592233,0
913,12,4,1,2,2,0,0,1,1120.0,993.0,800.0,206,289,40.29126213592233,0
913,13,2,1,4,1,0,0,1,2280.0,602.0,2600.0,206,293,42.23300970873786,1
913,14,4,1,2,2,0,0,1,1440.0,882.0,1000.0,206,292,41.74757281553398,0
913,15,2,1,0,1,0,0,1,2440.0,483.0,2000.0,206,278,34.95145631067961,1
913,16,0,1,4,0,0,0,1,2080.0,-33.0,3200.0,206,267,29.61165048543689,0
913,17,4,3,5,2,0,1,1,4080.0,1088.0,3960.0,187,238,27.27272727272727,1
913,18,5,3,5,2,1,1,1,1120.0,1040.0,800.0,206,252,22.330097087378643,0
913,19,5,3,7,2,1,1,1,3840.0,760.0,5160.0,187,238,27.27272727272727,1
913,20,7,3,1,3,1,1,1,5800.0,2044.0,3960.0,187,219,17.11229946524064,1
913,21,1,3,5,0,1,1,1,7320.0,204.0,8080.0,184,204,10.869565217391305,1
913,22,5,1,2,2,1,0,1,1160.0,963.0,1000.0,206,268,30.097087378640776,0
913,23,2,1,2,1,0,0,1,840.0,657.0,800.0,206,268,30.097087378640776,1
913,24,2,1,2,1,0,0,1,840.0,617.0,800.0,206,268,30.097087378640776,0
913,25,2,1,4,1,0,0,1,920.0,576.0,1200.0,206,268,30.097087378640776,1
913,26,4,3,7,2,0,1,1,7200.0,852.0,8800.0,187,209,11.76470588235294,0
913,27,7,3,9,3,1,1,1,4840.0,2235.0,9200.0,165,177,7.2727272727272725,0
913,28,9,3,9,4,1,1,1,2400.0,6695.0,3200.0,171,187,9.35672514619883,0
919,3,0,0,0,0,0,0,0,17.0,109.0,0.0,2129,2617,22.921559417566932,0
919,4,0,0,0,0,0,0,0,18.0,92.0,0.0,2129,2575,20.948802254579615,0
919,5,0,0,0,0,0,0,0,18.0,74.0,0.0,2129,2631,23.579145138562705,0
919,6,0,0,0,0,0,0,0,18.0,60.0,0.0,2129,2583,21.324565523720057,0
919,7,0,0,0,0,0,0,0,18.0,42.0,0.0,2129,2576,20.99577266322217,0
919,8,0,1,0,0,0,0,1,14.0,25.0,36.0,2193,2582,17.73825809393525,0
919,9,0,0,0,0,0,0,0,33.0,48.0,0.0,2193,2582,17.73825809393525,0
919,10,0,1,0,0,0,0,1,11.0,16.0,72.0,2193,2574,17.373461012311903,0
919,11,0,0,0,0,0,0,0,11.0,64.0,0.0,2193,2696,22.936616507067946,0
919,12,0,0,0,0,0,0,0,17.0,54.0,0.0,2193,2689,22.617419060647514,0
919,13,0,0,0,0,0,0,0,13.0,37.0,0.0,2193,2633,20.063839489284085,0
919,14,0,0,0,0,0,0,0,11.0,27.0,0.0,2193,2599,18.51345189238486,0
919,15,0,0,0,0,0,0,0,3.0,16.0,0.0,2193,2637,20.24623803009576,0
919,16,0,1,0,0,0,0,1,13.0,13.0,36.0,2193,2457,12.038303693570452,0
919,17,0,0,0,0,0,0,0,13.0,37.0,0.0,2193,2586,17.920656634746923,0
919,18,0,1,0,0,0,0,1,12.0,21.0,36.0,2239,2549,13.845466726217062,0
919,19,0,0,0,0,0,0,0,11.0,45.0,0.0,2239,2665,19.026351049575705,0
919,20,0,1,0,0,0,0,1,17.0,34.0,9.0,2239,2622,17.105850826261722,0
919,21,0,0,0,0,0,0,0,7.0,27.0,0.0,2239,2648,18.267083519428315,0
919,22,0,0,0,0,0,0,0,11.0,21.0,0.0,2239,2715,21.25949084412684,0
919,23,0,1,0,0,0,0,1,11.0,10.0,9.0,2239,2659,18.758374274229567,0
919,24,0,1,0,0,0,0,1,17.0,8.0,18.0,2239,2676,19.517641804376954,0
919,25,0,1,0,0,0,0,1,8.0,9.0,9.0,2239,2679,19.651630192050025,0
919,26,0,1,0,0,0,0,1,7.0,11.0,9.0,2239,2788,24.519874944171505,0
919,27,0,0,0,0,0,0,0,5.0,10.0,0.0,2239,2698,20.500223313979454,0
919,28,0,3,1,0,0,1,1,25.0,5.0,54.0,2239,2565,14.560071460473425,1
939,3,4,1,2,2,0,0,1,1488.0,888.0,1200.0,107,133,24.299065420560748,0
939,4,2,1,4,1,0,0,1,1392.0,601.0,1800.0,107,129,20.5607476635514,0
939,5,4,1,0,2,0,0,1,1776.0,1010.0,960.0,112,135,20.535714285714285,0
939,6,0,1,2,0,0,0,1,1224.0,195.0,1320.0,112,138,23.214285714285715,1
939,7,2,1,2,1,0,0,1,1296.0,292.0,1440.0,112,141,25.892857142857146,1
939,8,2,1,0,1,0,0,1,1800.0,436.0,1440.0,112,142,26.785714285714285,1
939,9,0,1,0,0,0,0,1,1128.0,125.0,1200.0,112,142,26.785714285714285,1
939,10,0,1,0,0,0,0,1,1152.0,221.0,960.0,112,142,26.785714285714285,1
939,11,0,1,4,0,0,0,1,1704.0,0.0,3120.0,112,141,25.892857142857146,1
939,12,4,1,2,2,0,0,1,1488.0,1416.0,480.0,120,145,20.833333333333336,0
939,13,2,1,0,1,0,0,1,1656.0,456.0,1200.0,120,152,26.666666666666668,1
939,14,0,1,4,0,0,0,1,1296.0,1.0,2520.0,120,149,24.166666666666668,1
939,15,4,1,2,2,0,0,1,1224.0,1225.0,600.0,120,151,25.833333333333336,0
939,16,2,1,4,1,0,0,1,1392.0,602.0,1560.0,120,147,22.5,1
939,17,4,1,2,2,0,0,1,1344.0,770.0,1200.0,120,147,22.5,1
939,18,2,1,6,1,0,0,1,1272.0,624.0,2400.0,116,147,26.72413793103448,1
939,19,6,3,5,3,0,1,1,1968.0,1800.0,1200.0,116,140,20.689655172413794,0
939,20,5,3,7,2,1,1,1,1224.0,1056.0,1800.0,116,145,25.0,0
939,21,7,0,2,3,1,0,0,1008.0,1656.0,0.0,116,143,23.275862068965516,0
939,22,2,1,2,1,0,0,1,1248.0,648.0,1200.0,116,142,22.413793103448278,0
939,23,2,3,5,1,0,1,1,1344.0,600.0,1440.0,120,145,20.833333333333336,0
939,24,5,1,0,2,1,0,1,984.0,697.0,480.0,127,149,17.322834645669293,1
939,25,0,1,4,0,0,0,1,1320.0,192.0,1920.0,127,156,22.83464566929134,0
939,26,4,1,2,2,0,0,1,1008.0,793.0,720.0,127,155,22.04724409448819,0
939,27,2,1,2,1,0,0,1,720.0,553.0,720.0,127,157,23.62204724409449,0
939,28,2,0,0,1,0,0,0,528.0,552.0,0.0,127,157,23.62204724409449,0
950,3,1,3,7,0,1,1,1,2250.0,155.0,4400.0,75,90,20.0,1
950,4,7,2,7,3,1,1,0,580.0,2305.0,0.0,75,108,44.0,0
950,5,7,2,5,3,1,1,0,840.0,1727.0,0.0,75,102,36.0,0
950,6,5,1,4,2,1,0,1,690.0,887.0,1100.0,91,111,21.978021978021978,0
950,7,4,0,2,2,0,0,0,740.0,1297.0,0.0,91,108,18.681318681318682,0
950,8,2,3,3,1,0,1,1,1340.0,558.0,1100.0,91,106,16.483516483516482,0
950,9,3,3,7,1,1,1,1,920.0,341.0,2200.0,91,107,17.582417582417584,1
950,10,7,0,4,3,1,0,0,780.0,1621.0,0.0,91,108,18.681318681318682,0
950,11,4,3,5,2,0,1,1,1010.0,820.0,1200.0,83,101,21.686746987951807,0
950,12,5,0,0,2,1,0,0,780.0,1010.0,0.0,83,99,19.27710843373494,0
950,13,0,1,2,0,0,0,1,950.0,186.0,1200.0,91,106,16.483516483516482,1
950,14,2,1,4,1,0,0,1,680.0,460.0,1000.0,91,108,18.681318681318682,0
950,15,4,0,0,2,0,0,0,560.0,778.0,0.0,91,109,19.78021978021978,0
950,16,0,3,3,0,0,1,1,790.0,239.0,880.0,98,114,16.3265306122449,0
950,17,3,1,2,1,1,0,1,750.0,330.0,880.0,98,117,19.387755102040817,0
950,18,2,1,2,1,0,0,1,550.0,440.0,770.0,98,117,19.387755102040817,0
950,19,2,1,4,1,0,0,1,940.0,641.0,1200.0,90,117,30.0,1
950,20,4,1,4,2,0,0,1,750.0,901.0,1000.0,98,117,19.387755102040817,0
950,21,4,0,0,2,0,0,0,920.0,1202.0,0.0,98,117,19.387755102040817,0
950,22,0,1,2,0,0,0,1,860.0,281.0,1260.0,98,117,19.387755102040817,1
950,23,2,1,2,1,0,0,1,690.0,661.0,660.0,98,118,20.408163265306122,0
950,24,2,1,4,1,0,0,1,610.0,622.0,660.0,98,116,18.367346938775512,0
950,25,4,1,2,2,0,0,1,1000.0,672.0,660.0,98,119,21.428571428571427,1
950,26,2,1,0,1,0,0,1,690.0,326.0,660.0,98,121,23.46938775510204,1
950,27,0,3,3,0,0,1,1,750.0,280.0,1100.0,98,118,20.408163265306122,0
950,28,3,0,0,1,1,0,0,610.0,630.0,0.0,98,119,21.428571428571427,0
990,3,5,3,3,2,1,1,1,828.0,1081.0,378.0,70,83,18.571428571428573,0
990,4,3,1,4,1,1,0,1,918.0,649.0,864.0,85,102,20.0,0
990,5,4,3,9,2,0,1,1,3258.0,668.0,9936.0,76,93,22.36842105263158,1
990,6,9,2,9,4,1,1,0,3096.0,7347.0,0.0,76,87,14.473684210526317,0
990,7,9,2,7,4,1,1,0,1656.0,4251.0,0.0,76,98,28.947368421052634,0
990,8,7,0,2,3,1,0,0,1890.0,2613.0,0.0,76,102,34.21052631578947,0
990,9,2,3,7,1,0,1,1,3906.0,661.0,5292.0,76,91,19.736842105263158,1
990,10,7,3,7,3,1,1,1,2664.0,2048.0,2124.0,76,89,17.105263157894736,0
990,11,7,0,2,3,1,0,0,1152.0,1476.0,0.0,76,103,35.526315789473685,0
990,12,2,3,3,1,0,1,1,792.0,342.0,864.0,85,112,31.76470588235294,0
990,13,3,3,7,1,1,1,1,1944.0,432.0,3672.0,72,101,40.27777777777778,0
990,14,7,3,7,3,1,1,1,4122.0,2159.0,4752.0,73,87,19.17808219178082,0
990,15,7,2,7,3,1,1,0,342.0,2784.0,0.0,73,84,15.068493150684931,0
990,16,7,2,7,3,1,1,0,792.0,2448.0,0.0,73,86,17.80821917808219,0
990,17,7,0,4,3,1,0,0,792.0,1656.0,0.0,73,89,21.91780821917808,0
990,18,4,1,2,2,0,0,1,774.0,864.0,432.0,92,94,2.1739130434782608,0
990,19,2,1,0,1,0,0,1,1224.0,522.0,864.0,92,115,25.0,0
990,20,0,1,2,0,0,0,1,1566.0,180.0,1872.0,92,114,23.91304347826087,1
990,21,2,3,3,1,0,1,1,1332.0,487.0,1512.0,92,112,21.73913043478261,0
990,22,3,3,3,1,1,1,1,1116.0,667.0,864.0,92,114,23.91304347826087,0
990,23,3,1,4,1,1,0,1,540.0,415.0,864.0,92,113,22.82608695652174,0
990,24,4,3,1,2,0,1,1,756.0,739.0,216.0,92,114,23.91304347826087,0
990,25,1,3,3,0,1,1,1,1026.0,199.0,1188.0,92,116,26.08695652173913,0
990,26,3,3,3,1,1,1,1,756.0,361.0,864.0,92,110,19.565217391304348,0
990,27,3,1,2,1,1,0,1,738.0,522.0,648.0,98,125,27.55102040816326,0
990,28,2,1,4,1,0,0,1,666.0,432.0,972.0,98,129,31.63265306122449,1
991,3,0,1,2,0,0,0,1,1176.0,240.0,1440.0,66,84,27.27272727272727,0
991,4,2,1,2,1,0,0,1,1008.0,480.0,864.0,66,89,34.84848484848485,1
991,5,2,1,4,1,0,0,1,768.0,341.0,1104.0,66,89,34.84848484848485,0
991,6,4,0,0,2,0,0,0,432.0,679.0,0.0,66,89,34.84848484848485,0
991,7,0,1,2,0,0,0,1,984.0,247.0,1344.0,66,92,39.39393939393939,0
991,8,2,1,2,1,0,0,1,1176.0,607.0,1080.0,66,89,34.84848484848485,0
991,9,2,1,2,1,0,0,1,600.0,511.0,576.0,66,89,34.84848484848485,1
991,10,2,1,2,1,0,0,1,888.0,487.0,1152.0,66,89,34.84848484848485,1
991,11,2,1,2,1,0,0,1,1392.0,600.0,1152.0,66,89,34.84848484848485,1
991,12,2,1,0,1,0,0,1,888.0,360.0,576.0,66,89,34.84848484848485,1
991,13,0,1,0,0,0,0,1,1032.0,0.0,1152.0,66,92,39.39393939393939,1
991,14,0,1,0,0,0,0,1,408.0,120.0,288.0,66,92,39.39393939393939,0
991,15,0,1,2,0,0,0,1,552.0,0.0,864.0,66,87,31.818181818181817,0
991,16,2,1,4,1,0,0,1,744.0,384.0,1152.0,72,87,20.833333333333336,0
991,17,4,1,2,2,0,0,1,672.0,864.0,288.0,72,91,26.38888888888889,0
991,18,2,1,2,1,0,0,1,528.0,480.0,576.0,72,91,26.38888888888889,1
991,19,2,1,2,1,0,0,1,768.0,528.0,576.0,72,91,26.38888888888889,1
991,20,2,1,4,1,0,0,1,888.0,336.0,1296.0,72,91,26.38888888888889,0
991,21,4,1,2,2,0,0,1,768.0,744.0,432.0,72,89,23.61111111111111,0
991,22,2,1,2,1,0,0,1,792.0,408.0,864.0,72,89,23.61111111111111,1
991,23,2,1,2,1,0,0,1,696.0,504.0,576.0,72,89,23.61111111111111,0
991,24,2,1,0,1,0,0,1,744.0,384.0,528.0,72,89,23.61111111111111,0
991,25,0,1,6,0,0,0,1,1104.0,168.0,3024.0,72,94,30.555555555555557,1
991,26,6,0,4,3,0,0,0,672.0,2054.0,0.0,72,95,31.944444444444443,0
991,27,4,0,4,2,0,0,0,456.0,1364.0,0.0,72,95,31.944444444444443,0
991,28,4,1,2,2,0,0,1,888.0,1052.0,144.0,77,94,22.07792207792208,0
998,3,1,3,5,0,1,1,1,3435.0,234.0,4500.0,114,122,7.017543859649122,1
998,4,5,3,7,2,1,1,1,7995.0,1215.0,8550.0,106,123,16.037735849056602,0
998,5,7,3,9,3,1,1,1,4425.0,1770.0,7050.0,110,135,22.727272727272727,1
998,6,9,2,7,4,1,1,0,1995.0,4440.0,0.0,110,140,27.27272727272727,0
998,7,7,0,0,3,1,0,0,2145.0,2445.0,0.0,110,155,40.909090909090914,0
998,8,0,3,7,0,0,1,1,8130.0,270.0,9780.0,110,132,20.0,1
998,9,7,3,1,3,1,1,1,3000.0,1936.0,1200.0,110,144,30.909090909090907,1
998,10,1,1,0,0,1,0,1,1330.0,136.0,1600.0,110,155,40.909090909090914,1
998,11,0,0,0,0,0,0,0,220.0,110.0,0.0,110,149,35.45454545454545,0
998,12,0,3,9,0,0,1,1,8400.0,-191.0,15000.0,110,121,10.0,1
998,13,9,2,7,4,1,1,0,3740.0,6600.0,0.0,110,123,11.818181818181818,0
998,14,7,2,7,3,1,1,0,1180.0,2900.0,0.0,110,126,14.545454545454545,0
998,15,7,1,0,3,1,0,1,3020.0,1720.0,1600.0,112,132,17.857142857142858,1
998,16,0,1,6,0,0,0,1,2100.0,280.0,4400.0,112,134,19.642857142857142,1
998,17,6,1,6,3,0,0,1,2420.0,2580.0,1400.0,112,134,19.642857142857142,0
998,18,6,3,7,3,0,1,1,6260.0,1540.0,7200.0,114,124,8.771929824561402,1
998,19,7,1,6,3,1,0,1,1660.0,2491.0,1600.0,114,137,20.175438596491226,0
998,20,6,1,8,3,0,0,1,1020.0,2532.0,2400.0,114,137,20.175438596491226,0
998,21,8,0,6,4,0,0,0,520.0,3912.0,0.0,114,137,20.175438596491226,0
998,22,6,0,4,3,0,0,0,2040.0,3372.0,0.0,114,137,20.175438596491226,0
998,23,4,3,7,2,0,1,1,2600.0,1353.0,4400.0,112,132,17.857142857142858,1
998,24,7,0,6,3,1,0,0,1000.0,3272.0,0.0,112,137,22.321428571428573,0
998,25,6,3,9,3,0,1,1,4340.0,2272.0,6000.0,103,118,14.563106796116504,0
998,26,9,3,7,4,1,1,1,8340.0,3892.0,7200.0,103,110,6.796116504854369,1
998,27,7,0,6,3,1,0,0,1100.0,3180.0,0.0,103,132,28.155339805825243,0
998,28,6,3,9,3,0,1,1,7420.0,2080.0,12800.0,103,111,7.766990291262135,1
1009,3,9,2,9,4,1,1,0,27948.0,44516.0,0.0,78,89,14.102564102564102,0
1009,4,9,3,9,4,1,1,1,60780.0,17077.0,74304.0,78,79,1.282051282051282,0
1009,5,9,3,9,4,1,1,1,41640.0,31118.0,21600.0,78,82,5.128205128205128,0
1009,6,9,3,9,4,1,1,1,42324.0,11908.0,55440.0,76,80,5.263157894736842,1
1009,7,9,3,9,4,1,1,1,90372.0,25260.0,86400.0,75,74,-1.3333333333333335,0
1009,8,9,3,9,4,1,1,1,49380.0,21528.0,35376.0,75,76,1.3333333333333335,1
1009,9,9,3,9,4,1,1,1,32052.0,7777.0,43200.0,83,88,6.024096385542169,1
1009,10,9,3,9,4,1,1,1,58080.0,19215.0,89592.0,83,85,2.4096385542168677,0
1009,11,9,3,9,4,1,1,1,52032.0,44293.0,18216.0,83,84,1.2048192771084338,1
1009,12,9,1,0,4,1,0,1,41028.0,9596.0,33696.0,86,89,3.488372093023256,1
1009,13,0,3,9,0,0,1,1,46152.0,-145.0,101184.0,85,92,8.235294117647058,1
1009,14,9,3,9,4,1,1,1,55620.0,54877.0,7776.0,85,87,2.3529411764705883,0
1009,15,9,3,9,4,1,1,1,32652.0,7141.0,34428.0,80,88,10.0,1
1009,16,9,3,9,4,1,1,1,48540.0,8634.0,45360.0,80,82,2.5,0
1009,17,9,1,8,4,1,0,1,41352.0,5489.0,59616.0,74,82,10.81081081081081,1
1009,18,8,3,9,4,0,1,1,56796.0,23160.0,58752.0,71,73,2.8169014084507045,1
1009,19,9,3,9,4,1,1,1,69180.0,25381.0,50112.0,71,72,1.4084507042253522,0
1009,20,9,1,8,4,1,0,1,32484.0,8159.0,33696.0,75,79,5.333333333333334,1
1009,21,8,3,9,4,0,1,1,41244.0,9205.0,39744.0,80,76,-5.0,1
1009,22,9,1,8,4,1,0,1,46068.0,7718.0,45792.0,83,88,6.024096385542169,1
1009,23,8,1,8,4,0,0,1,35580.0,6635.0,40608.0,86,91,5.813953488372093,1
1009,24,8,1,6,4,0,0,1,25764.0,11658.0,17280.0,84,91,8.333333333333332,1
1009,25,6,1,8,3,0,0,1,45492.0,3186.0,44928.0,84,91,8.333333333333332,1
1009,26,8,3,9,4,0,1,1,38460.0,4144.0,50112.0,81,90,11.11111111111111,1
1009,27,9,3,9,4,1,1,1,70752.0,12377.0,63168.0,81,83,2.4691358024691357,1
1009,28,9,1,8,4,1,0,1,31188.0,3852.0,35424.0,81,87,7.4074074074074066,0
1022,3,4,0,0,2,0,0,0,738.0,765.0,0.0,672,714,6.25,0
1022,4,0,1,6,0,0,0,1,630.0,104.0,1980.0,625,676,8.16,1
1022,5,6,0,2,3,0,0,0,999.0,1469.0,0.0,625,665,6.4,0
1022,6,2,1,2,1,0,0,1,792.0,461.0,792.0,629,667,6.041335453100159,1
1022,7,2,1,0,1,0,0,1,1152.0,461.0,792.0,625,667,6.72,0
1022,8,0,1,2,0,0,0,1,1354.0,102.0,1760.0,625,667,6.72,1
1022,9,2,1,4,1,0,0,1,1040.0,530.0,1328.0,638,676,5.956112852664576,0
1022,10,4,1,4,2,0,0,1,1168.0,820.0,1056.0,662,683,3.1722054380664653,1
1022,11,4,0,0,2,0,0,0,792.0,705.0,0.0,662,708,6.948640483383686,0
1022,12,0,1,2,0,0,0,1,1632.0,-6.0,2160.0,568,606,6.690140845070422,1
1022,13,2,1,6,1,0,0,1,1896.0,551.0,3296.0,570,607,6.491228070175438,1
1022,14,6,0,4,3,0,0,0,832.0,1942.0,0.0,570,611,7.192982456140351,0
1022,15,4,1,6,2,0,0,1,728.0,1146.0,1920.0,570,612,7.368421052631578,0
1022,16,6,0,6,3,0,0,0,736.0,2338.0,0.0,570,615,7.894736842105263,0
1022,17,6,1,6,3,0,0,1,856.0,1618.0,768.0,588,615,4.591836734693878,0
1022,18,6,0,4,3,0,0,0,712.0,1520.0,0.0,588,633,7.653061224489796,0
1022,19,4,1,2,2,0,0,1,920.0,811.0,600.0,608,635,4.440789473684211,0
1022,20,2,1,6,1,0,0,1,940.0,492.0,3200.0,608,654,7.565789473684211,1
1022,21,6,1,8,3,0,0,1,670.0,2791.0,1600.0,608,655,7.730263157894737,0
1022,22,8,0,6,4,0,0,0,970.0,3759.0,0.0,608,655,7.730263157894737,0
1022,23,6,1,6,3,0,0,1,1040.0,2719.0,70.0,608,652,7.236842105263158,0
1022,24,6,0,0,3,0,0,0,1720.0,1747.0,0.0,608,652,7.236842105263158,0
1022,25,0,1,0,0,0,0,1,1504.0,22.0,1520.0,602,649,7.807308970099667,1
1022,26,0,1,0,0,0,0,1,1080.0,20.0,1168.0,602,648,7.641196013289036,1
1022,27,0,1,4,0,0,0,1,896.0,74.0,1920.0,612,658,7.516339869281046,1
1022,28,4,0,0,2,0,0,0,832.0,1088.0,0.0,612,659,7.6797385620915035,0
