src/econirl/datasets/supermarket_data.csv
product_id,period,state,action,next_state,inventory_bin,lagged_promotion,promotion,ordered,sales,inventory,orders,wholesale_price,retail_price,markup_pct,stockout
1572,3,2,3,1,1,0,1,1,1790.0,450.0,1500.0,840,933,11.071428571428571,1
1572,4,1,3,1,0,1,1,1,2070.0,185.0,2100.0,840,943,12.261904761904761,1
1572,5,1,1,2,0,1,0,1,520.0,215.0,800.0,840,955,13.690476190476192,0
1572,6,2,1,0,1,0,0,1,750.0,495.0,200.0,840,949,12.976190476190478,0
1572,7,0,3,3,0,0,1,1,860.0,-45.0,1200.0,840,945,12.5,1
1572,8,3,1,2,1,1,0,1,1350.0,295.0,1400.0,840,968,15.238095238095239,0
1572,9,2,3,1,1,0,1,1,1220.0,346.0,1100.0,840,950,13.095238095238097,1
1572,10,1,3,1,0,1,1,1,1090.0,226.0,900.0,840,957,13.928571428571429,1
1572,11,1,3,3,0,1,1,1,1280.0,0.0,1700.0,905,970,7.18232044198895,1
1572,12,3,3,1,1,1,1,1,2090.0,364.0,1800.0,905,1019,12.596685082872927,1
1572,13,1,3,3,0,1,1,1,1010.0,0.0,1600.0,905,1040,14.917127071823206,1
1572,14,3,3,3,1,1,1,1,1190.0,590.0,1100.0,905,1007,11.2707182320442,0
1572,15,3,3,1,1,1,1,1,2110.0,501.0,1950.0,905,975,7.734806629834254,1
1572,16,1,3,1,0,1,1,1,930.0,225.0,1000.0,905,1006,11.160220994475138,0
1572,17,1,1,0,0,1,0,1,780.0,285.0,600.0,905,1025,13.259668508287293,0
1572,18,0,1,0,0,0,0,1,480.0,60.0,600.0,905,1029,13.701657458563535,0
1572,19,0,3,3,0,0,1,1,790.0,180.0,1000.0,905,1016,12.265193370165745,1
1572,20,3,1,2,1,1,0,1,840.0,390.0,900.0,905,1036,14.475138121546962,1
1572,21,2,1,0,1,0,0,1,950.0,450.0,600.0,905,1019,12.596685082872927,0
1572,22,0,1,2,0,0,0,1,1519.0,100.0,1900.0,970,1052,8.45360824742268,0
1572,23,2,3,3,1,0,1,1,880.0,481.0,1000.0,970,1057,8.969072164948454,0
1572,24,3,3,5,1,1,1,1,1270.0,571.0,1500.0,970,1088,12.164948453608247,1
1572,25,5,3,5,2,1,1,1,630.0,721.0,800.0,970,1097,13.09278350515464,0
1572,26,5,1,4,2,1,0,1,640.0,891.0,500.0,970,1119,15.360824742268042,0
1572,27,4,3,3,2,0,1,1,860.0,681.0,500.0,970,1109,14.329896907216494,0
1572,28,3,3,5,1,1,1,1,1450.0,321.0,2000.0,970,1071,10.412371134020619,0
1582,3,7,1,6,3,1,0,1,4872.0,2474.0,4296.0,114,126,10.526315789473683,0
1582,4,6,1,6,3,0,0,1,5988.0,1842.0,5892.0,106,129,21.69811320754717,0
1582,5,6,3,7,3,0,1,1,7872.0,1746.0,8400.0,106,122,15.09433962264151,0
1582,6,7,3,7,3,1,1,1,5460.0,2334.0,4872.0,106,119,12.264150943396226,0
1582,7,7,3,9,3,1,1,1,19692.0,1759.0,22440.0,88,96,9.090909090909092,1
1582,8,9,3,7,4,1,1,1,12948.0,4519.0,10584.0,106,100,-5.660377358490567,0
1582,9,7,1,0,3,1,0,1,4068.0,2647.0,1680.0,106,123,16.037735849056602,0
1582,10,0,3,7,0,0,1,1,10452.0,259.0,13440.0,94,105,11.702127659574469,1
1582,11,7,3,7,3,1,1,1,21528.0,3041.0,21840.0,94,96,2.127659574468085,0
1582,12,7,2,1,3,1,1,0,3504.0,3380.0,0.0,94,107,13.829787234042554,0
1582,13,1,3,7,0,1,1,1,6708.0,-48.0,9840.0,112,115,2.6785714285714284,1
1582,14,7,1,6,3,1,0,1,2160.0,3085.0,720.0,112,129,15.178571428571427,0
1582,15,6,3,5,3,0,1,1,3360.0,1643.0,3024.0,111,125,12.612612612612612,0
1582,16,5,3,5,2,1,1,1,4668.0,1307.0,4032.0,108,125,15.74074074074074,0
1582,17,5,3,9,2,1,1,1,5244.0,671.0,10116.0,94,116,23.404255319148938,1
1582,18,9,3,9,4,1,1,1,23040.0,5556.0,21000.0,94,95,1.0638297872340425,0
1582,19,9,3,7,4,1,1,1,7656.0,3504.0,6000.0,94,101,7.446808510638298,0
1582,20,7,3,9,3,1,1,1,15948.0,1819.0,18000.0,94,97,3.1914893617021276,1
1582,21,9,1,4,4,1,0,1,4164.0,3908.0,1500.0,94,108,14.893617021276595,0
1582,22,4,3,5,2,0,1,1,4512.0,1256.0,4500.0,94,107,13.829787234042554,1
1582,23,5,1,6,2,1,0,1,5028.0,1328.0,6000.0,94,108,14.893617021276595,1
1582,24,6,3,9,3,0,1,1,9072.0,2300.0,12900.0,90,103,14.444444444444443,1
1582,25,9,3,1,4,1,1,1,15432.0,6285.0,9000.0,90,94,4.444444444444445,1
1582,26,1,0,0,0,1,0,0,12.0,116.0,0.0,92,109,18.478260869565215,0
1582,27,0,1,6,0,0,0,1,3912.0,37.0,6600.0,101,116,14.85148514851485,1
1582,28,6,3,7,3,0,1,1,7800.0,2797.0,8400.0,99,109,10.1010101010101,0
1583,3,8,1,8,4,0,0,1,6912.0,4381.0,8064.0,41,44,7.317073170731707,1
1583,4,8,3,9,4,0,1,1,8784.0,5510.0,19968.0,35,43,22.857142857142858,0
1583,5,9,2,9,4,1,1,0,8616.0,16718.0,0.0,35,39,11.428571428571429,0
1583,6,9,0,6,4,1,0,0,5280.0,8102.0,0.0,35,42,20.0,0
1583,7,6,1,4,3,0,0,1,5448.0,2824.0,4032.0,36,43,19.444444444444446,0
1583,8,4,3,7,2,0,1,1,12912.0,1411.0,14592.0,34,40,17.647058823529413,1
1583,9,7,3,9,3,1,1,1,5208.0,3142.0,6336.0,34,41,20.588235294117645,0
1583,10,9,0,0,4,1,0,0,4536.0,4270.0,0.0,34,41,20.588235294117645,0
1583,11,0,3,9,0,0,1,1,8640.0,49.0,12096.0,36,41,13.88888888888889,1
1583,12,9,3,5,4,1,1,1,14352.0,3529.0,12288.0,33,38,15.151515151515152,1
1583,13,5,3,9,2,1,1,1,12168.0,1344.0,16704.0,36,37,2.7777777777777777,1
1583,14,9,1,8,4,1,0,1,5136.0,5880.0,4032.0,37,44,18.91891891891892,0
1583,15,8,1,8,4,0,0,1,6624.0,4775.0,8064.0,37,44,18.91891891891892,0
1583,16,8,1,6,4,0,0,1,7992.0,6185.0,4992.0,36,44,22.22222222222222,0
1583,17,6,1,8,3,0,0,1,5976.0,3187.0,8064.0,37,45,21.62162162162162,0
1583,18,8,0,4,4,0,0,0,3888.0,5184.0,0.0,37,45,21.62162162162162,0
1583,19,4,1,8,2,0,0,1,6504.0,1296.0,16128.0,37,45,21.62162162162162,1
1583,20,8,1,8,4,0,0,1,5232.0,10929.0,8064.0,37,45,21.62162162162162,0
1583,21,8,2,9,4,0,1,0,6384.0,13784.0,0.0,37,42,13.513513513513514,0
1583,22,9,0,2,4,1,0,0,7008.0,7306.0,0.0,37,45,21.62162162162162,0
1583,23,2,3,9,1,0,1,1,6600.0,300.0,12096.0,45,52,15.555555555555555,1
1583,24,9,1,8,4,1,0,1,4224.0,5821.0,4032.0,45,54,20.0,0
1583,25,8,1,8,4,0,0,1,4296.0,5629.0,4032.0,45,54,20.0,0
1583,26,8,2,5,4,0,1,0,3864.0,5389.0,0.0,45,54,20.0,0
1583,27,5,1,6,2,1,0,1,3816.0,1080.0,4224.0,46,56,21.73913043478261,0
1583,28,6,1,6,3,0,0,1,3864.0,1680.0,4032.0,46,57,23.91304347826087,0
1585,3,2,1,2,1,0,0,1,396.0,388.0,432.0,335,409,22.08955223880597,1
1585,4,2,1,2,1,0,0,1,414.0,462.0,432.0,335,396,18.208955223880597,0
1585,5,2,1,2,1,0,0,1,288.0,511.0,216.0,353,393,11.3314447592068,0
1585,6,2,1,2,1,0,0,1,360.0,440.0,216.0,353,419,18.69688385269122,0
1585,7,2,1,2,1,0,0,1,180.0,297.0,216.0,353,422,19.54674220963173,0
1585,8,2,1,2,1,0,0,1,504.0,333.0,648.0,353,425,20.396600566572236,0
1585,9,2,0,0,1,0,0,0,288.0,479.0,0.0,353,426,20.679886685552407,0
1585,10,0,1,2,0,0,0,1,324.0,210.0,648.0,367,438,19.346049046321525,0
1585,11,2,1,2,1,0,0,1,270.0,437.0,216.0,367,442,20.435967302452315,0
1585,12,2,1,0,1,0,0,1,306.0,383.0,216.0,367,437,19.07356948228883,0
1585,13,0,1,0,0,0,0,1,288.0,288.0,216.0,367,442,20.435967302452315,0
1585,14,0,1,0,0,0,0,1,216.0,235.0,216.0,384,459,19.53125,0
1585,15,0,0,0,0,0,0,0,108.0,250.0,0.0,384,459,19.53125,0
1585,16,0,1,0,0,0,0,1,288.0,144.0,396.0,384,463,20.572916666666664,0
1585,17,0,0,0,0,0,0,0,180.0,252.0,0.0,384,463,20.572916666666664,0
1585,18,0,1,0,0,0,0,1,78.0,54.0,72.0,346,449,29.76878612716763,1
1585,19,0,1,0,0,0,0,1,72.0,49.0,72.0,346,415,19.942196531791907,1
1585,20,0,1,0,0,0,0,1,108.0,49.0,222.0,365,415,13.698630136986301,1
1585,21,0,1,0,0,0,0,1,168.0,164.0,90.0,395,448,13.41772151898734,0
1585,22,0,1,0,0,0,0,1,168.0,85.0,186.0,395,474,20.0,1
1585,23,0,1,0,0,0,0,1,120.0,104.0,144.0,395,472,19.49367088607595,0
1585,24,0,1,2,0,0,0,1,267.0,127.0,480.0,395,444,12.40506329113924,0
1585,25,2,2,1,1,0,1,0,114.0,337.0,0.0,395,470,18.9873417721519,0
1585,26,1,3,1,0,1,1,1,168.0,219.0,90.0,407,468,14.987714987714988,0
1585,27,1,1,0,0,1,0,1,144.0,114.0,90.0,387,489,26.356589147286826,0
1585,28,0,1,0,0,0,0,1,246.0,60.0,360.0,387,475,22.739018087855296,0
1631,3,8,2,3,4,0,1,0,3000.0,3518.0,0.0,60,66,10.0,0
1631,4,3,3,7,1,1,1,1,3600.0,505.0,5400.0,58,65,12.068965517241379,0
1631,5,7,3,3,3,1,1,1,4250.0,2298.0,2400.0,60,68,13.333333333333334,1
1631,6,3,3,9,1,1,1,1,8100.0,453.0,21900.0,55,60,9.090909090909092,0
1631,7,9,3,1,4,1,1,1,27600.0,14253.0,13000.0,55,59,7.2727272727272725,1
1631,8,1,3,5,0,1,1,1,53200.0,-75.0,54600.0,55,57,3.6363636363636362,1
1631,9,5,3,7,2,1,1,1,2700.0,1129.0,4550.0,55,59,7.2727272727272725,1
1631,10,7,3,9,3,1,1,1,17650.0,2992.0,53200.0,54,56,3.7037037037037033,1
1631,11,9,2,9,4,1,1,0,17200.0,39407.0,0.0,54,56,3.7037037037037033,0
1631,12,9,2,9,4,1,1,0,8100.0,21031.0,0.0,54,55,1.8518518518518516,0
1631,13,9,2,9,4,1,1,0,3200.0,13100.0,0.0,54,58,7.4074074074074066,0
1631,14,9,2,9,4,1,1,0,2400.0,9902.0,0.0,54,59,9.25925925925926,0
1631,15,9,0,8,4,1,0,0,1000.0,7699.0,0.0,54,66,22.22222222222222,0
1631,16,8,3,9,4,0,1,1,29200.0,6699.0,28000.0,54,56,3.7037037037037033,0
1631,17,9,2,7,4,1,1,0,4700.0,5408.0,0.0,54,60,11.11111111111111,0
1631,18,7,3,9,3,1,1,1,2800.0,2500.0,14000.0,50,59,18.0,1
1631,19,9,3,9,4,1,1,1,46200.0,13704.0,38500.0,50,53,6.0,1
1631,20,9,2,9,4,1,1,0,2650.0,6002.0,0.0,50,61,22.0,0
1631,21,9,0,6,4,1,0,0,1750.0,3505.0,0.0,50,59,18.0,0
1631,22,6,0,4,3,0,0,0,1000.0,1740.0,0.0,50,61,22.0,0
1631,23,4,1,6,2,0,0,1,1200.0,797.0,2300.0,52,62,19.230769230769234,0
1631,24,6,0,2,3,0,0,0,1400.0,2097.0,0.0,52,63,21.153846153846153,0
1631,25,2,3,1,1,0,1,1,13150.0,657.0,12350.0,50,57,14.000000000000002,1
1631,26,1,3,9,0,1,1,1,6350.0,-282.0,14000.0,50,57,14.000000000000002,0
1631,27,9,0,8,4,1,0,0,2100.0,8500.0,0.0,50,64,28.000000000000004,0
1631,28,8,3,9,4,0,1,1,5000.0,6400.0,14000.0,50,60,20.0,0
1667,3,9,2,9,4,1,1,0,13632.0,41072.0,0.0,40,46,15.0,0
1667,4,9,0,8,4,1,0,0,15504.0,27420.0,0.0,40,47,17.5,0
1667,5,8,3,9,4,0,1,1,28176.0,11872.0,34320.0,41,46,12.195121951219512,0
1667,6,9,3,9,4,1,1,1,27984.0,18161.0,15840.0,41,46,12.195121951219512,1
1667,7,9,3,9,4,1,1,1,13440.0,6112.0,14256.0,41,47,14.634146341463413,0
1667,8,9,1,6,4,1,0,1,14688.0,6932.0,10560.0,41,49,19.51219512195122,1
1667,9,6,1,4,3,0,0,1,12240.0,2948.0,10560.0,41,49,19.51219512195122,1
1667,10,4,1,0,2,0,0,1,15648.0,1226.0,15840.0,41,49,19.51219512195122,1
1667,11,0,1,8,0,0,0,1,10896.0,3.0,15840.0,41,49,19.51219512195122,1
1667,12,8,1,6,4,0,0,1,12960.0,4949.0,10560.0,41,49,19.51219512195122,1
1667,13,6,1,8,3,0,0,1,25200.0,2543.0,27360.0,36,45,25.0,1
1667,14,8,1,8,4,0,0,1,15600.0,4813.0,22080.0,36,43,19.444444444444446,0
1667,15,8,3,5,4,0,1,1,21168.0,11215.0,11040.0,36,41,13.88888888888889,0
1667,16,5,1,8,2,1,0,1,16800.0,1198.0,21120.0,43,49,13.953488372093023,1
1667,17,8,1,8,4,0,0,1,14544.0,5998.0,21120.0,42,49,16.666666666666664,1
1667,18,8,3,9,4,0,1,1,18048.0,12816.0,10560.0,42,46,9.523809523809524,0
1667,19,9,3,9,4,1,1,1,17136.0,5375.0,21120.0,42,47,11.904761904761903,1
1667,20,9,1,8,4,1,0,1,11568.0,9361.0,21120.0,42,49,16.666666666666664,0
1667,21,8,0,8,4,0,0,0,13872.0,18863.0,0.0,42,49,16.666666666666664,0
1667,22,8,1,8,4,0,0,1,17184.0,4991.0,26400.0,43,51,18.6046511627907,1
1667,23,8,1,8,4,0,0,1,11472.0,14290.0,5280.0,43,58,34.883720930232556,0
1667,24,8,1,8,4,0,0,1,13872.0,8194.0,15840.0,43,53,23.25581395348837,1
1667,25,8,0,0,4,0,0,0,9888.0,10114.0,0.0,43,53,23.25581395348837,0
1667,26,0,0,0,0,0,0,0,432.0,226.0,0.0,43,49,13.953488372093023,0
1667,27,0,1,8,0,0,0,1,10416.0,-189.0,15840.0,40,49,22.5,1
1667,28,8,1,8,4,0,0,1,11952.0,5235.0,15840.0,40,49,22.5,0
1693,3,2,1,0,1,0,0,1,516.0,327.0,480.0,96,129,34.375,0
1693,4,0,1,4,0,0,0,1,576.0,269.0,1200.0,96,131,36.45833333333333,1
1693,5,4,0,2,2,0,0,0,576.0,893.0,0.0,96,128,33.33333333333333,0
1693,6,2,1,2,1,0,0,1,552.0,317.0,696.0,96,129,34.375,0
1693,7,2,1,2,1,0,0,1,444.0,462.0,360.0,101,132,30.693069306930692,0
1693,8,2,3,7,1,0,1,1,1044.0,378.0,2400.0,96,132,37.5,0
1693,9,7,2,5,3,1,1,0,456.0,1738.0,0.0,96,118,22.916666666666664,0
1693,10,5,0,4,2,1,0,0,396.0,1283.0,0.0,96,137,42.70833333333333,0
1693,11,4,0,2,2,0,0,0,444.0,867.0,0.0,96,136,41.66666666666667,0
1693,12,2,1,0,1,0,0,1,852.0,414.0,648.0,101,142,40.5940594059406,0
1693,13,0,1,2,0,0,0,1,744.0,179.0,960.0,101,144,42.57425742574257,1
1693,14,2,1,0,1,0,0,1,600.0,409.0,480.0,101,143,41.584158415841586,0
1693,15,0,1,0,0,0,0,1,540.0,263.0,480.0,101,137,35.64356435643564,0
1693,16,0,1,0,0,0,0,1,588.0,191.0,588.0,101,131,29.7029702970297,0
1693,17,0,3,3,0,0,1,1,1308.0,191.0,1560.0,92,114,23.91304347826087,1
1693,18,3,3,3,1,1,1,1,276.0,480.0,360.0,92,123,33.69565217391305,0
1693,19,3,0,0,1,1,0,0,372.0,564.0,0.0,92,131,42.391304347826086,0
1693,20,0,1,2,0,0,0,1,432.0,193.0,600.0,96,124,29.166666666666668,1
1693,21,2,1,2,1,0,0,1,504.0,360.0,720.0,96,125,30.208333333333332,0
1693,22,2,1,2,1,0,0,1,540.0,556.0,360.0,96,125,30.208333333333332,0
1693,23,2,1,0,1,0,0,1,492.0,376.0,360.0,96,125,30.208333333333332,0
1693,24,0,1,0,0,0,0,1,576.0,245.0,360.0,118,142,20.33898305084746,1
1693,25,0,1,4,0,0,0,1,720.0,28.0,1680.0,118,152,28.8135593220339,1
1693,26,4,3,5,2,0,1,1,1068.0,988.0,960.0,98,149,52.04081632653062,0
1693,27,5,0,2,2,1,0,0,492.0,860.0,0.0,98,153,56.12244897959183,0
1693,28,2,1,0,1,0,0,1,408.0,368.0,240.0,113,151,33.6283185840708,0
1694,3,7,3,5,3,1,1,1,3600.0,1692.0,3240.0,110,125,13.636363636363635,1
1694,4,5,3,5,2,1,1,1,4284.0,1253.0,3840.0,110,119,8.181818181818182,0
1694,5,5,3,3,2,1,1,1,3936.0,811.0,3720.0,110,118,7.2727272727272725,0
1694,6,3,3,3,1,1,1,1,1188.0,586.0,1200.0,114,124,8.771929824561402,0
1694,7,3,3,7,1,1,1,1,4272.0,589.0,5640.0,109,120,10.091743119266056,0
1694,8,7,3,5,3,1,1,1,2160.0,1963.0,1200.0,109,125,14.678899082568808,0
1694,9,5,3,7,2,1,1,1,1236.0,993.0,1800.0,110,127,15.454545454545453,0
1694,10,7,3,5,3,1,1,1,1464.0,1561.0,600.0,110,136,23.636363636363637,0
1694,11,5,3,7,2,1,1,1,5424.0,691.0,6600.0,112,120,7.142857142857142,0
1694,12,7,3,7,3,1,1,1,2592.0,1892.0,3000.0,112,123,9.821428571428571,1
1694,13,7,3,5,3,1,1,1,1752.0,2255.0,600.0,132,143,8.333333333333332,0
1694,14,5,3,3,2,1,1,1,1104.0,1102.0,480.0,118,159,34.74576271186441,0
1694,15,3,3,7,1,1,1,1,6408.0,506.0,7392.0,118,125,5.932203389830509,0
1694,16,7,3,5,3,1,1,1,1848.0,1487.0,1464.0,118,130,10.16949152542373,0
1694,17,5,1,2,2,1,0,1,1248.0,1102.0,600.0,118,139,17.796610169491526,1
1694,18,2,3,7,1,0,1,1,3876.0,444.0,6120.0,110,120,9.090909090909092,0
1694,19,7,0,6,3,1,0,0,1128.0,2700.0,0.0,110,139,26.36363636363636,0
1694,20,6,3,5,3,0,1,1,1476.0,1574.0,660.0,120,140,16.666666666666664,0
1694,21,5,3,5,2,1,1,1,1212.0,739.0,1320.0,120,126,5.0,1
1694,22,5,3,7,2,1,1,1,6096.0,826.0,7920.0,120,124,3.3333333333333335,1
1694,23,7,2,7,3,1,1,0,1068.0,2649.0,0.0,120,134,11.666666666666666,0
1694,24,7,0,2,3,1,0,0,972.0,1583.0,0.0,120,141,17.5,0
1694,25,2,3,7,1,0,1,1,2460.0,619.0,4884.0,125,137,9.6,1
1694,26,7,3,3,3,1,1,1,3936.0,3080.0,2112.0,125,134,7.199999999999999,0
1694,27,3,3,5,1,1,1,1,1692.0,648.0,1980.0,125,138,10.4,1
1694,28,5,1,6,2,1,0,1,444.0,936.0,1320.0,125,151,20.8,0
1705,3,6,1,6,3,0,0,1,1624.0,1908.0,1120.0,81,106,30.864197530864196,0
1705,4,6,1,4,3,0,0,1,1680.0,1496.0,1120.0,81,111,37.03703703703704,0
1705,5,4,1,4,2,0,0,1,840.0,992.0,1120.0,81,108,33.33333333333333,0
1705,6,4,1,4,2,0,0,1,1064.0,1272.0,1120.0,81,108,33.33333333333333,0
1705,7,4,1,6,2,0,0,1,896.0,1393.0,1120.0,81,109,34.5679012345679,0
1705,8,6,1,6,3,0,0,1,1904.0,1590.0,2240.0,81,113,39.50617283950617,0
1705,9,6,0,4,3,0,0,0,896.0,1926.0,0.0,81,109,34.5679012345679,0
1705,10,4,1,4,2,0,0,1,896.0,1030.0,1120.0,81,113,39.50617283950617,0
1705,11,4,1,4,2,0,0,1,1288.0,1121.0,784.0,81,109,34.5679012345679,0
1705,12,4,1,4,2,0,0,1,2128.0,674.0,2800.0,81,109,34.5679012345679,1
1705,13,4,1,4,2,0,0,1,1792.0,1288.0,1680.0,81,113,39.50617283950617,1
1705,14,4,1,6,2,0,0,1,784.0,1232.0,1120.0,81,113,39.50617283950617,0
1705,15,6,0,2,3,0,0,0,1064.0,1569.0,0.0,81,102,25.925925925925924,0
1705,16,2,1,4,1,0,0,1,728.0,505.0,1120.0,81,95,17.28395061728395,0
1705,17,4,1,4,2,0,0,1,1288.0,910.0,1120.0,81,95,17.28395061728395,0
1705,18,4,1,4,2,0,0,1,728.0,840.0,1120.0,81,95,17.28395061728395,0
1705,19,4,1,2,2,0,0,1,1176.0,1222.0,560.0,81,97,19.753086419753085,0
1705,20,2,1,4,1,0,0,1,896.0,606.0,1680.0,81,96,18.51851851851852,0
1705,21,4,1,4,2,0,0,1,1064.0,1399.0,560.0,81,95,17.28395061728395,0
1705,22,4,1,2,2,0,0,1,1512.0,893.0,1120.0,81,97,19.753086419753085,1
1705,23,2,1,6,1,0,0,1,1344.0,566.0,2240.0,81,96,18.51851851851852,0
1705,24,6,3,7,3,0,1,1,2072.0,1453.0,2240.0,81,94,16.049382716049383,0
1705,25,7,1,4,3,1,0,1,1736.0,1621.0,840.0,81,97,19.753086419753085,0
1705,26,4,1,6,2,0,0,1,1064.0,725.0,2240.0,81,97,19.753086419753085,0
1705,27,6,1,6,3,0,0,1,1344.0,1960.0,1680.0,81,97,19.753086419753085,0
1705,28,6,0,4,3,0,0,0,1120.0,2352.0,0.0,81,97,19.753086419753085,0
1714,3,4,0,2,2,0,0,0,420.0,756.0,0.0,193,245,26.94300518134715,0
1714,4,2,0,0,1,0,0,0,324.0,336.0,0.0,193,243,25.906735751295333,0
1714,5,0,1,0,0,0,0,1,480.0,14.0,528.0,185,232,25.405405405405407,1
1714,6,0,0,0,0,0,0,0,72.0,64.0,0.0,185,231,24.864864864864867,0
1714,7,0,1,0,0,0,0,1,576.0,4.0,600.0,203,261,28.57142857142857,0
1714,8,0,1,2,0,0,0,1,684.0,17.0,960.0,203,261,28.57142857142857,1
1714,9,2,1,2,1,0,0,1,348.0,498.0,360.0,203,261,28.57142857142857,0
1714,10,2,1,0,1,0,0,1,612.0,495.0,360.0,203,261,28.57142857142857,0
1714,11,0,1,4,0,0,0,1,468.0,48.0,1200.0,203,261,28.57142857142857,1
1714,12,4,0,2,2,0,0,0,396.0,797.0,0.0,203,261,28.57142857142857,0
1714,13,2,3,9,1,0,1,1,672.0,384.0,4536.0,178,237,33.146067415730336,1
1714,14,9,2,5,4,1,1,0,3132.0,4273.0,0.0,178,188,5.617977528089887,0
1714,15,5,0,4,2,1,0,0,240.0,1132.0,0.0,178,239,34.26966292134831,0
1714,16,4,0,2,2,0,0,0,396.0,883.0,0.0,178,232,30.337078651685395,0
1714,17,2,3,5,1,0,1,1,1296.0,501.0,1512.0,181,214,18.23204419889503,0
1714,18,5,2,3,2,1,1,0,204.0,672.0,0.0,181,226,24.861878453038674,0
1714,19,3,0,0,1,1,0,0,408.0,470.0,0.0,181,236,30.386740331491712,0
1714,20,0,1,2,0,0,0,1,336.0,58.0,600.0,180,236,31.11111111111111,1
1714,21,2,1,0,1,0,0,1,492.0,325.0,360.0,180,236,31.11111111111111,0
1714,22,0,1,0,0,0,0,1,504.0,191.0,360.0,180,234,30.0,0
1714,23,0,1,6,0,0,0,1,444.0,96.0,1800.0,183,237,29.508196721311474,1
1714,24,6,1,6,3,0,0,1,348.0,1457.0,360.0,183,238,30.05464480874317,0
1714,25,6,0,4,3,0,0,0,564.0,1471.0,0.0,183,243,32.78688524590164,0
1714,26,4,3,1,2,0,1,1,2952.0,882.0,2280.0,181,240,32.59668508287293,1
1714,27,1,1,6,0,1,0,1,348.0,73.0,1800.0,181,244,34.806629834254146,0
1714,28,6,3,7,3,0,1,1,444.0,1633.0,1644.0,181,228,25.96685082872928,0
