src/econirl/datasets/supermarket_data.csv
product_id,period,state,action,next_state,inventory_bin,lagged_promotion,promotion,ordered,sales,inventory,orders,wholesale_price,retail_price,markup_pct,stockout
1723,3,2,1,2,1,0,0,1,1160.0,485.0,1040.0,110,121,10.0,1
1723,4,2,1,2,1,0,0,1,960.0,365.0,1200.0,95,121,27.368421052631582,1
1723,5,2,1,4,1,0,0,1,840.0,606.0,1560.0,110,121,10.0,0
1723,6,4,3,5,2,0,1,1,960.0,1326.0,1040.0,110,126,14.545454545454545,0
1723,7,5,0,4,2,1,0,0,720.0,1407.0,0.0,110,132,20.0,0
1723,8,4,1,4,2,0,0,1,1560.0,697.0,1560.0,110,132,20.0,0
1723,9,4,1,2,2,0,0,1,600.0,697.0,520.0,110,132,20.0,0
1723,10,2,3,3,1,0,1,1,5920.0,617.0,5760.0,90,94,4.444444444444445,1
1723,11,3,3,3,1,1,1,1,1080.0,400.0,1040.0,110,113,2.727272727272727,0
1723,12,3,1,4,1,1,0,1,840.0,361.0,1040.0,110,132,20.0,0
1723,13,4,3,9,2,0,1,1,1440.0,680.0,7040.0,89,106,19.101123595505616,0
1723,14,9,3,3,4,1,1,1,8920.0,6280.0,3000.0,89,93,4.49438202247191,1
1723,15,3,1,4,1,1,0,1,680.0,360.0,1560.0,110,129,17.272727272727273,0
1723,16,4,0,0,2,0,0,0,1000.0,1240.0,0.0,110,133,20.909090909090907,0
1723,17,0,3,9,0,0,1,1,1080.0,200.0,7040.0,90,115,27.77777777777778,0
1723,18,9,2,5,4,1,1,0,5560.0,6400.0,0.0,94,100,6.382978723404255,0
1723,19,5,0,0,2,1,0,0,640.0,920.0,0.0,94,113,20.212765957446805,0
1723,20,0,1,2,0,0,0,1,960.0,280.0,1200.0,95,114,20.0,0
1723,21,2,1,4,1,0,0,1,680.0,520.0,1200.0,95,115,21.052631578947366,0
1723,22,4,1,4,2,0,0,1,1000.0,1040.0,1280.0,107,115,7.476635514018691,0
1723,23,4,1,6,2,0,0,1,880.0,1320.0,1120.0,107,129,20.5607476635514,0
1723,24,6,0,4,3,0,0,0,800.0,1560.0,0.0,107,129,20.5607476635514,0
1723,25,4,1,4,2,0,0,1,880.0,759.0,1120.0,107,129,20.5607476635514,0
1723,26,4,0,2,2,0,0,0,600.0,998.0,0.0,107,129,20.5607476635514,0
1723,27,2,1,4,1,0,0,1,520.0,436.0,1120.0,117,129,10.256410256410255,1
1723,28,4,1,6,2,0,0,1,1040.0,1036.0,1600.0,117,141,20.51282051282051,0
1746,3,0,1,6,0,0,0,1,1128.0,168.0,3360.0,24,31,29.166666666666668,1
1746,4,6,0,6,3,0,0,0,576.0,2426.0,0.0,24,29,20.833333333333336,0
1746,5,6,3,7,3,0,1,1,4824.0,1850.0,4800.0,29,26,-10.344827586206897,1
1746,6,7,0,4,3,1,0,0,840.0,1783.0,0.0,29,35,20.689655172413794,0
1746,7,4,1,4,2,0,0,1,1344.0,946.0,1200.0,35,39,11.428571428571429,0
1746,8,4,1,4,2,0,0,1,2136.0,783.0,2400.0,35,42,20.0,0
1746,9,4,3,5,2,0,1,1,7272.0,1072.0,7344.0,29,37,27.586206896551722,1
1746,10,5,1,8,2,1,0,1,1776.0,760.0,6144.0,26,32,23.076923076923077,1
1746,11,8,0,8,4,0,0,0,360.0,5011.0,0.0,26,32,23.076923076923077,0
1746,12,8,0,8,4,0,0,0,480.0,4637.0,0.0,26,32,23.076923076923077,0
1746,13,8,0,8,4,0,0,0,672.0,4057.0,0.0,26,32,23.076923076923077,0
1746,14,8,0,6,4,0,0,0,720.0,3891.0,0.0,26,32,23.076923076923077,0
1746,15,6,0,6,3,0,0,0,480.0,3175.0,0.0,26,32,23.076923076923077,0
1746,16,6,0,6,3,0,0,0,528.0,2719.0,0.0,26,32,23.076923076923077,0
1746,17,6,0,4,3,0,0,0,696.0,2191.0,0.0,26,32,23.076923076923077,0
1746,18,4,3,7,2,0,1,1,1584.0,1320.0,3072.0,26,29,11.538461538461538,1
1746,19,7,2,7,3,1,1,0,1344.0,2779.0,0.0,26,31,19.230769230769234,0
1746,20,7,1,4,3,1,0,1,1488.0,1436.0,1200.0,28,32,14.285714285714285,1
1746,21,4,1,4,2,0,0,1,1344.0,1155.0,1200.0,27,34,25.925925925925924,0
1746,22,4,1,6,2,0,0,1,864.0,1008.0,3072.0,27,34,25.925925925925924,0
1746,23,6,2,7,3,0,1,0,360.0,3310.0,0.0,27,33,22.22222222222222,0
1746,24,7,0,6,3,1,0,0,552.0,3404.0,0.0,27,34,25.925925925925924,0
1746,25,6,0,6,3,0,0,0,648.0,2899.0,0.0,27,34,25.925925925925924,0
1746,26,6,0,6,3,0,0,0,312.0,2251.0,0.0,27,34,25.925925925925924,0
1746,27,6,0,4,3,0,0,0,1104.0,1843.0,0.0,27,39,44.44444444444444,0
1746,28,4,0,2,2,0,0,0,360.0,739.0,0.0,27,39,44.44444444444444,0
1760,3,5,3,3,2,1,1,1,1914.0,690.0,1596.0,171,174,1.7543859649122806,1
1760,4,3,1,2,1,1,0,1,912.0,374.0,1008.0,158,196,24.050632911392405,1
1760,5,2,3,3,1,0,1,1,1110.0,470.0,1020.0,171,185,8.187134502923977,0
1760,6,3,1,2,1,1,0,1,756.0,380.0,1020.0,171,201,17.543859649122805,0
1760,7,2,1,0,1,0,0,1,876.0,650.0,300.0,171,203,18.71345029239766,0
1760,8,0,1,2,0,0,0,1,1122.0,74.0,1500.0,181,212,17.12707182320442,1
1760,9,2,1,2,1,0,0,1,750.0,452.0,624.0,168,209,24.404761904761905,0
1760,10,2,3,3,1,0,1,1,1158.0,326.0,1344.0,181,202,11.602209944751381,1
1760,11,3,1,0,1,1,0,1,924.0,579.0,600.0,181,215,18.784530386740332,0
1760,12,0,3,1,0,0,1,1,1194.0,246.0,948.0,181,212,17.12707182320442,1
1760,13,1,3,5,0,1,1,1,1644.0,6.0,2820.0,164,206,25.609756097560975,1
1760,14,5,3,5,2,1,1,1,3660.0,1176.0,3360.0,164,187,14.02439024390244,0
1760,15,5,0,0,2,1,0,0,690.0,875.0,0.0,164,192,17.073170731707318,0
1760,16,0,3,1,0,0,1,1,3120.0,179.0,2940.0,164,186,13.414634146341465,1
1760,17,1,3,1,0,1,1,1,1104.0,-1.0,1320.0,164,188,14.634146341463413,1
1760,18,1,1,0,0,1,0,1,702.0,216.0,600.0,193,219,13.471502590673575,0
1760,19,0,1,0,0,0,0,1,906.0,114.0,840.0,193,223,15.544041450777202,1
1760,20,0,1,4,0,0,0,1,870.0,84.0,1500.0,193,223,15.544041450777202,1
1760,21,4,1,2,2,0,0,1,594.0,726.0,300.0,193,223,15.544041450777202,0
1760,22,2,1,2,1,0,0,1,678.0,432.0,600.0,193,223,15.544041450777202,1
1760,23,2,3,5,1,0,1,1,1296.0,354.0,1620.0,175,213,21.714285714285715,1
1760,24,5,3,3,2,1,1,1,870.0,674.0,660.0,175,221,26.285714285714285,1
1760,25,3,3,5,1,1,1,1,1128.0,465.0,1704.0,175,212,21.142857142857142,0
1760,26,5,3,5,2,1,1,1,1656.0,1040.0,1980.0,175,196,12.0,0
1760,27,5,0,2,2,1,0,0,960.0,1326.0,0.0,175,208,18.857142857142858,0
1760,28,2,1,4,1,0,0,1,996.0,366.0,1980.0,175,208,18.857142857142858,0
1768,3,0,1,0,0,0,0,1,680.0,270.0,600.0,215,255,18.6046511627907,0
1768,4,0,1,2,0,0,0,1,660.0,190.0,900.0,215,264,22.790697674418606,0
1768,5,2,1,0,1,0,0,1,440.0,430.0,200.0,215,269,25.116279069767444,0
1768,6,0,1,2,0,0,0,1,430.0,200.0,700.0,215,269,25.116279069767444,0
1768,7,2,1,2,1,0,0,1,450.0,461.0,300.0,215,274,27.44186046511628,0
1768,8,2,1,0,1,0,0,1,710.0,311.0,600.0,215,274,27.44186046511628,0
1768,9,0,1,2,0,0,0,1,420.0,202.0,520.0,215,274,27.44186046511628,0
1768,10,2,1,0,1,0,0,1,550.0,302.0,440.0,215,275,27.906976744186046,1
1768,11,0,1,2,0,0,0,1,540.0,160.0,800.0,215,273,26.976744186046513,1
1768,12,2,3,1,1,0,1,1,1150.0,420.0,800.0,215,267,24.186046511627907,0
1768,13,1,1,2,0,1,0,1,730.0,50.0,1220.0,205,275,34.146341463414636,1
1768,14,2,0,0,1,0,0,0,410.0,540.0,0.0,205,262,27.80487804878049,0
1768,15,0,1,2,0,0,0,1,598.0,130.0,936.0,170,234,37.64705882352941,1
1768,16,2,1,0,1,0,0,1,1092.0,468.0,720.0,170,203,19.411764705882355,0
1768,17,0,1,0,0,0,0,1,876.0,144.0,960.0,170,203,19.411764705882355,1
1768,18,0,1,2,0,0,0,1,768.0,228.0,960.0,170,204,20.0,0
1768,19,2,1,0,1,0,0,1,732.0,421.0,360.0,170,204,20.0,1
1768,20,0,1,0,0,0,0,1,408.0,49.0,360.0,170,204,20.0,1
1768,21,0,1,0,0,0,0,1,708.0,9.0,720.0,170,204,20.0,1
1768,22,0,1,0,0,0,0,1,1020.0,12.0,1200.0,170,204,20.0,0
1768,23,0,1,2,0,0,0,1,876.0,229.0,1320.0,170,204,20.0,0
1768,24,2,1,0,1,0,0,1,732.0,662.0,240.0,170,203,19.411764705882355,0
1768,25,0,1,0,0,0,0,1,612.0,168.0,600.0,170,208,22.35294117647059,1
1768,26,0,1,2,0,0,0,1,576.0,156.0,960.0,170,209,22.941176470588236,1
1768,27,2,1,0,1,0,0,1,588.0,564.0,240.0,170,209,22.941176470588236,0
1768,28,0,1,2,0,0,0,1,612.0,216.0,840.0,184,224,21.73913043478261,0
1771,3,4,3,5,2,0,1,1,5088.0,672.0,5280.0,105,123,17.142857142857142,0
1771,4,5,3,9,2,1,1,1,6432.0,868.0,10752.0,104,122,17.307692307692307,1
1771,5,9,3,9,4,1,1,1,21648.0,5262.0,24000.0,93,99,6.451612903225806,0
1771,6,9,3,5,4,1,1,1,15888.0,7710.0,9600.0,88,94,6.8181818181818175,1
1771,7,5,1,6,2,1,0,1,4752.0,1423.0,5376.0,104,116,11.538461538461538,1
1771,8,6,1,6,3,0,0,1,5760.0,2143.0,5376.0,104,125,20.192307692307693,0
1771,9,6,3,9,3,0,1,1,13728.0,1759.0,22080.0,88,98,11.363636363636363,1
1771,10,9,3,3,4,1,1,1,15840.0,10159.0,5520.0,88,96,9.090909090909092,0
1771,11,3,1,4,1,1,0,1,4416.0,292.0,5376.0,104,121,16.346153846153847,1
1771,12,4,1,8,2,0,0,1,4464.0,1254.0,12000.0,93,113,21.50537634408602,0
1771,13,8,2,7,4,0,1,0,5760.0,9120.0,0.0,93,109,17.20430107526882,0
1771,14,7,3,7,3,1,1,1,6000.0,3360.0,5376.0,104,111,6.730769230769231,0
1771,15,7,1,8,3,1,0,1,4848.0,2783.0,5760.0,103,123,19.41747572815534,0
1771,16,8,1,8,4,0,0,1,6000.0,3695.0,11520.0,103,121,17.475728155339805,0
1771,17,8,0,8,4,0,0,0,5376.0,9218.0,0.0,103,121,17.475728155339805,0
1771,18,8,1,8,4,0,0,1,3936.0,3840.0,6000.0,99,121,22.22222222222222,0
1771,19,8,0,6,4,0,0,0,3936.0,5903.0,0.0,99,121,22.22222222222222,0
1771,20,6,1,6,3,0,0,1,4272.0,1967.0,4800.0,99,117,18.181818181818183,1
1771,21,6,3,9,3,0,1,1,16464.0,2544.0,23328.0,92,97,5.434782608695652,1
1771,22,9,3,9,4,1,1,1,23088.0,9552.0,29808.0,97,95,-2.0618556701030926,1
1771,23,9,2,9,4,1,1,0,4752.0,17953.0,0.0,97,113,16.49484536082474,0
1771,24,9,2,9,4,1,1,0,4176.0,13155.0,0.0,97,113,16.49484536082474,0
1771,25,9,2,7,4,1,1,0,5904.0,8966.0,0.0,97,111,14.432989690721648,0
1771,26,7,0,4,3,1,0,0,2928.0,3062.0,0.0,97,114,17.525773195876287,0
1771,27,4,1,6,2,0,0,1,3840.0,809.0,5376.0,109,126,15.59633027522936,0
1771,28,6,1,8,3,0,0,1,3456.0,2393.0,11520.0,110,128,16.363636363636363,0
1792,3,9,3,9,4,1,1,1,9840.0,4780.0,8640.0,34,36,5.88235294117647,1
1792,4,9,3,9,4,1,1,1,15624.0,3720.0,18240.0,36,38,5.555555555555555,0
1792,5,9,3,9,4,1,1,1,11304.0,6344.0,15600.0,36,39,8.333333333333332,1
1792,6,9,2,7,4,1,1,0,8112.0,10647.0,0.0,38,42,10.526315789473683,0
1792,7,7,3,9,3,1,1,1,8832.0,2538.0,11040.0,40,43,7.5,0
1792,8,9,3,9,4,1,1,1,9192.0,4749.0,8520.0,38,46,21.052631578947366,0
1792,9,9,3,9,4,1,1,1,17184.0,4082.0,22848.0,34,39,14.705882352941178,1
1792,10,9,3,9,4,1,1,1,9648.0,9752.0,9600.0,34,39,14.705882352941178,0
1792,11,9,3,9,4,1,1,1,8520.0,9629.0,2880.0,38,42,10.526315789473683,0
1792,12,9,3,9,4,1,1,1,9648.0,3901.0,10368.0,36,43,19.444444444444446,1
1792,13,9,3,9,4,1,1,1,32640.0,4271.0,34632.0,35,37,5.714285714285714,0
1792,14,9,2,7,4,1,1,0,3528.0,6270.0,0.0,35,43,22.857142857142858,0
1792,15,7,3,1,3,1,1,1,5592.0,2713.0,2880.0,38,43,13.157894736842104,1
1792,16,1,3,9,0,1,1,1,14064.0,-5.0,22776.0,40,45,12.5,1
1792,17,9,3,9,4,1,1,1,10392.0,8713.0,9000.0,40,45,12.5,0
1792,18,9,3,9,4,1,1,1,10128.0,7320.0,12480.0,40,45,12.5,0
1792,19,9,3,9,4,1,1,1,10008.0,9679.0,12480.0,40,46,15.0,0
1792,20,9,0,8,4,1,0,0,7320.0,12152.0,0.0,40,49,22.5,0
1792,21,8,3,7,4,0,1,1,8280.0,4909.0,6240.0,40,46,15.0,0
1792,22,7,3,9,3,1,1,1,14712.0,2864.0,18720.0,40,44,10.0,1
1792,23,9,3,9,4,1,1,1,7344.0,6925.0,6240.0,40,46,15.0,0
1792,24,9,1,8,4,1,0,1,5424.0,5739.0,6240.0,40,49,22.5,0
1792,25,8,3,9,4,0,1,1,10200.0,6554.0,7800.0,40,45,12.5,0
1792,26,9,3,9,4,1,1,1,9120.0,4218.0,13440.0,40,45,12.5,1
1792,27,9,0,8,4,1,0,0,4704.0,8583.0,0.0,40,49,22.5,0
1792,28,8,3,7,4,0,1,1,11112.0,3999.0,10248.0,45,47,4.444444444444445,0
1800,3,7,3,7,3,1,1,1,2496.0,2084.0,2880.0,34,37,8.823529411764707,0
1800,4,7,3,9,3,1,1,1,4752.0,2468.0,9120.0,36,38,5.555555555555555,0
1800,5,9,3,9,4,1,1,1,2208.0,6837.0,6240.0,36,38,5.555555555555555,0
1800,6,9,2,9,4,1,1,0,1536.0,10945.0,0.0,38,43,13.157894736842104,0
1800,7,9,2,9,4,1,1,0,1512.0,9413.0,0.0,40,44,10.0,0
1800,8,9,2,9,4,1,1,0,1200.0,7902.0,0.0,40,48,20.0,0
1800,9,9,3,7,4,1,1,1,4896.0,6702.0,720.0,34,38,11.76470588235294,0
1800,10,7,2,9,3,1,1,0,1728.0,2479.0,0.0,34,40,17.647058823529413,0
1800,11,9,2,9,4,1,1,0,1944.0,6002.0,0.0,38,43,13.157894736842104,0
1800,12,9,3,9,4,1,1,1,3192.0,4061.0,3456.0,36,43,19.444444444444446,0
1800,13,9,3,7,4,1,1,1,11928.0,4320.0,10608.0,35,37,5.714285714285714,0
1800,14,7,2,7,3,1,1,0,936.0,3022.0,0.0,35,42,20.0,0
1800,15,7,3,9,3,1,1,1,1512.0,2086.0,2880.0,38,45,18.421052631578945,0
1800,16,9,3,7,4,1,1,1,4080.0,3457.0,3120.0,40,45,12.5,0
1800,17,7,3,9,3,1,1,1,2040.0,2645.0,3000.0,40,46,15.0,0
1800,18,9,3,9,4,1,1,1,2280.0,3552.0,3120.0,40,46,15.0,0
1800,19,9,3,9,4,1,1,1,1344.0,4536.0,3120.0,40,45,12.5,0
1800,20,9,0,8,4,1,0,0,792.0,6312.0,0.0,40,49,22.5,0
1800,21,8,2,9,4,0,1,0,864.0,5541.0,0.0,40,48,20.0,0
1800,22,9,3,9,4,1,1,1,4176.0,4672.0,9360.0,40,44,10.0,0
1800,23,9,2,9,4,1,1,0,1536.0,9842.0,0.0,40,47,17.5,0
1800,24,9,0,8,4,1,0,0,1488.0,8292.0,0.0,40,49,22.5,0
1800,25,8,2,7,4,0,1,0,3288.0,6739.0,0.0,40,47,17.5,0
1800,26,7,3,9,3,1,1,1,3240.0,3447.0,6912.0,40,45,12.5,0
1800,27,9,0,8,4,1,0,0,1080.0,7024.0,0.0,40,49,22.5,0
1800,28,8,3,9,4,0,1,1,3096.0,5944.0,6912.0,45,47,4.444444444444445,0
1813,3,6,0,4,3,0,0,0,528.0,1752.0,0.0,113,142,25.663716814159294,0
1813,4,4,1,6,2,0,0,1,552.0,1224.0,1056.0,113,142,25.663716814159294,0
1813,5,6,1,6,3,0,0,1,888.0,1752.0,720.0,113,142,25.663716814159294,0
1813,6,6,1,6,3,0,0,1,816.0,1584.0,720.0,113,143,26.548672566371685,0
1813,7,6,0,4,3,0,0,0,264.0,1498.0,0.0,113,143,26.548672566371685,0
1813,8,4,1,6,2,0,0,1,1248.0,1234.0,2400.0,113,144,27.43362831858407,0
1813,9,6,0,6,3,0,0,0,816.0,2386.0,0.0,113,145,28.31858407079646,0
1813,10,6,0,6,3,0,0,0,1104.0,1570.0,0.0,113,143,26.548672566371685,0
1813,11,6,1,6,3,0,0,1,936.0,1440.0,1200.0,113,144,27.43362831858407,0
1813,12,6,0,4,3,0,0,0,840.0,1704.0,0.0,113,144,27.43362831858407,0
1813,13,4,1,6,2,0,0,1,1296.0,864.0,2160.0,113,144,27.43362831858407,0
1813,14,6,0,4,3,0,0,0,576.0,1704.0,0.0,113,144,27.43362831858407,0
1813,15,4,1,4,2,0,0,1,840.0,1152.0,480.0,113,141,24.778761061946902,0
1813,16,4,1,4,2,0,0,1,1032.0,795.0,1200.0,113,135,19.469026548672566,0
1813,17,4,0,0,2,0,0,0,888.0,970.0,0.0,113,136,20.353982300884958,0
1813,18,0,1,4,0,0,0,1,528.0,96.0,1200.0,113,136,20.353982300884958,1
1813,19,4,1,6,2,0,0,1,720.0,767.0,1440.0,113,136,20.353982300884958,0
1813,20,6,1,4,3,0,0,1,888.0,1487.0,480.0,113,136,20.353982300884958,0
1813,21,4,3,5,2,0,1,1,1320.0,1078.0,1200.0,102,131,28.431372549019606,1
1813,22,5,3,3,2,1,1,1,1056.0,958.0,720.0,113,134,18.58407079646018,0
1813,23,3,1,4,1,1,0,1,864.0,665.0,1200.0,113,136,20.353982300884958,0
1813,24,4,1,4,2,0,0,1,936.0,934.0,1200.0,113,136,20.353982300884958,0
1813,25,4,1,4,2,0,0,1,864.0,1246.0,720.0,115,141,22.608695652173914,0
1813,26,4,1,4,2,0,0,1,840.0,1038.0,720.0,115,144,25.217391304347824,0
1813,27,4,0,2,2,0,0,0,624.0,942.0,0.0,115,145,26.08695652173913,0
1813,28,2,1,4,1,0,0,1,768.0,318.0,1200.0,115,145,26.08695652173913,0
1834,3,2,1,4,1,0,0,1,132.0,420.0,528.0,159,205,28.930817610062892,0
1834,4,4,0,2,2,0,0,0,252.0,816.0,0.0,174,205,17.81609195402299,0
1834,5,2,3,5,1,0,1,1,840.0,565.0,1440.0,159,190,19.49685534591195,0
1834,6,5,2,3,2,1,1,0,972.0,1165.0,0.0,159,187,17.61006289308176,0
1834,7,3,1,2,1,1,0,1,264.0,313.0,576.0,159,205,28.930817610062892,0
1834,8,2,0,0,1,0,0,0,420.0,617.0,0.0,159,205,28.930817610062892,0
1834,9,0,1,2,0,0,0,1,360.0,197.0,648.0,166,211,27.10843373493976,0
1834,10,2,0,0,1,0,0,0,276.0,485.0,0.0,166,214,28.915662650602407,0
1834,11,0,1,2,0,0,0,1,144.0,216.0,300.0,159,208,30.81761006289308,0
1834,12,2,0,0,1,0,0,0,180.0,372.0,0.0,159,205,28.930817610062892,0
1834,13,0,1,0,0,0,0,1,228.0,181.0,276.0,166,209,25.903614457831324,0
1834,14,0,1,2,0,0,0,1,72.0,229.0,276.0,166,214,28.915662650602407,0
1834,15,2,0,2,1,0,0,0,72.0,433.0,0.0,166,212,27.710843373493976,0
1834,16,2,3,9,1,0,1,1,348.0,361.0,3600.0,96,145,51.041666666666664,0
1834,17,9,2,7,4,1,1,0,1920.0,3613.0,0.0,96,112,16.666666666666664,0
1834,18,7,0,6,3,1,0,0,120.0,1704.0,0.0,96,132,37.5,0
1834,19,6,0,4,3,0,0,0,504.0,1584.0,0.0,96,132,37.5,0
1834,20,4,0,2,2,0,0,0,600.0,1082.0,0.0,96,117,21.875,0
1834,21,2,1,2,1,0,0,1,492.0,482.0,300.0,166,133,-19.879518072289155,0
1834,22,2,1,2,1,0,0,1,216.0,292.0,276.0,166,201,21.084337349397593,0
1834,23,2,0,0,1,0,0,0,120.0,340.0,0.0,166,201,21.084337349397593,0
1834,24,0,0,0,0,0,0,0,180.0,222.0,0.0,166,201,21.084337349397593,0
1834,25,0,1,2,0,0,0,1,96.0,41.0,540.0,128,208,62.5,1
1834,26,2,0,2,1,0,0,0,132.0,485.0,0.0,128,208,62.5,0
1834,27,2,0,0,1,0,0,0,216.0,312.0,0.0,128,198,54.6875,0
1834,28,0,3,7,0,0,1,1,1020.0,96.0,3900.0,143,162,13.286713286713287,0
1836,3,9,2,9,4,1,1,0,13400.0,25241.0,0.0,117,118,0.8547008547008548,0
1836,4,9,2,9,4,1,1,0,8160.0,11704.0,0.0,117,120,2.564102564102564,0
1836,5,9,3,9,4,1,1,1,8180.0,3550.0,22680.0,122,126,3.278688524590164,0
1836,6,9,2,9,4,1,1,0,7100.0,18032.0,0.0,122,131,7.377049180327869,0
1836,7,9,3,9,4,1,1,1,9620.0,10909.0,22720.0,112,128,14.285714285714285,0
1836,8,9,3,9,4,1,1,1,22820.0,24016.0,22680.0,112,113,0.8928571428571428,0
1836,9,9,2,9,4,1,1,0,9920.0,23821.0,0.0,112,116,3.571428571428571,0
1836,10,9,2,7,4,1,1,0,11680.0,13799.0,0.0,112,120,7.142857142857142,0
1836,11,7,3,9,3,1,1,1,9480.0,2125.0,22680.0,117,123,5.128205128205128,1
1836,12,9,2,9,4,1,1,0,7240.0,15326.0,0.0,117,126,7.6923076923076925,0
1836,13,9,3,9,4,1,1,1,13360.0,7999.0,22680.0,117,122,4.273504273504273,1
1836,14,9,2,9,4,1,1,0,11040.0,17319.0,0.0,113,121,7.079646017699115,0
1836,15,9,3,9,4,1,1,1,11080.0,6281.0,23280.0,113,117,3.5398230088495577,0
1836,16,9,2,9,4,1,1,0,13360.0,18449.0,0.0,113,117,3.5398230088495577,0
1836,17,9,3,9,4,1,1,1,8140.0,5091.0,17640.0,113,121,7.079646017699115,0
1836,18,9,3,9,4,1,1,1,11840.0,14540.0,22680.0,113,116,2.6548672566371683,0
1836,19,9,2,9,4,1,1,0,11160.0,25383.0,0.0,113,115,1.7699115044247788,0
1836,20,9,3,9,4,1,1,1,11160.0,13644.0,21340.0,113,117,3.5398230088495577,0
1836,21,9,2,9,4,1,1,0,7880.0,23848.0,0.0,113,116,2.6548672566371683,0
1836,22,9,2,9,4,1,1,0,8400.0,15829.0,0.0,113,121,7.079646017699115,0
1836,23,9,3,9,4,1,1,1,5160.0,7436.0,21200.0,118,122,3.389830508474576,0
1836,24,9,2,9,4,1,1,0,7640.0,20513.0,0.0,118,128,8.47457627118644,0
1836,25,9,0,8,4,1,0,0,7880.0,12841.0,0.0,118,131,11.016949152542372,0
1836,26,8,1,8,4,0,0,1,4860.0,4835.0,19200.0,118,134,13.559322033898304,0
1836,27,8,2,9,4,0,1,0,9440.0,19154.0,0.0,118,126,6.779661016949152,0
1836,28,9,2,7,4,1,1,0,6280.0,8914.0,0.0,118,130,10.16949152542373,0
