src/econirl/datasets/supermarket_data.csv
product_id,period,state,action,next_state,inventory_bin,lagged_promotion,promotion,ordered,sales,inventory,orders,wholesale_price,retail_price,markup_pct,stockout
1855,3,2,3,9,1,0,1,1,4944.0,299.0,8544.0,89,101,13.48314606741573,1
1855,4,9,3,5,4,1,1,1,8928.0,3902.0,5880.0,89,93,4.49438202247191,0
1855,5,5,3,9,2,1,1,1,6096.0,863.0,9000.0,89,98,10.112359550561797,1
1855,6,9,3,7,4,1,1,1,9888.0,3814.0,9000.0,89,94,5.617977528089887,1
1855,7,7,3,5,3,1,1,1,10752.0,2958.0,9000.0,85,93,9.411764705882353,1
1855,8,5,3,7,2,1,1,1,5712.0,1178.0,6000.0,78,92,17.94871794871795,0
1855,9,7,3,9,3,1,1,1,6480.0,1556.0,9000.0,87,95,9.195402298850574,0
1855,10,9,3,9,4,1,1,1,7944.0,4144.0,9600.0,85,94,10.588235294117647,0
1855,11,9,3,9,4,1,1,1,8208.0,5582.0,6000.0,87,93,6.896551724137931,0
1855,12,9,3,3,4,1,1,1,5904.0,3488.0,3000.0,75,94,25.333333333333336,0
1855,13,3,3,9,1,1,1,1,10488.0,430.0,14688.0,86,95,10.465116279069768,0
1855,14,9,2,7,4,1,1,0,1608.0,4663.0,0.0,86,99,15.11627906976744,0
1855,15,7,0,6,3,1,0,0,1368.0,3081.0,0.0,86,103,19.767441860465116,0
1855,16,6,3,3,3,0,1,1,2640.0,1695.0,1440.0,94,101,7.446808510638298,1
1855,17,3,1,4,1,1,0,1,2016.0,498.0,2640.0,94,109,15.957446808510639,1
1855,18,4,1,4,2,0,0,1,2400.0,1080.0,2400.0,94,109,15.957446808510639,0
1855,19,4,1,2,2,0,0,1,3000.0,1106.0,2400.0,94,109,15.957446808510639,0
1855,20,2,1,6,1,0,0,1,2688.0,509.0,3600.0,94,109,15.957446808510639,1
1855,21,6,1,6,3,0,0,1,2328.0,1426.0,2400.0,94,109,15.957446808510639,0
1855,22,6,3,3,3,0,1,1,2928.0,1476.0,1920.0,84,101,20.238095238095237,0
1855,23,3,3,5,1,1,1,1,1344.0,534.0,1920.0,84,98,16.666666666666664,1
1855,24,5,3,3,2,1,1,1,2352.0,1133.0,1536.0,88,100,13.636363636363635,0
1855,25,3,1,2,1,1,0,1,1992.0,320.0,2304.0,88,103,17.045454545454543,1
1855,26,2,0,0,1,0,0,0,576.0,588.0,0.0,92,103,11.956521739130435,0
1855,27,0,3,7,0,0,1,1,2208.0,26.0,3840.0,92,130,41.30434782608695,1
1855,28,7,1,6,3,1,0,1,2616.0,1682.0,2400.0,100,109,9.0,1
1856,3,0,1,2,0,0,0,1,1092.0,225.0,1488.0,124,159,28.225806451612907,0
1856,4,2,3,5,1,0,1,1,4764.0,638.0,5040.0,124,137,10.483870967741936,1
1856,5,5,1,4,2,1,0,1,1404.0,900.0,1200.0,130,159,22.30769230769231,1
1856,6,4,1,4,2,0,0,1,1212.0,793.0,1320.0,140,167,19.28571428571429,1
1856,7,4,1,0,2,0,0,1,1008.0,894.0,360.0,135,178,31.851851851851855,1
1856,8,0,3,5,0,0,1,1,1116.0,212.0,2220.0,133,174,30.82706766917293,1
1856,9,5,2,3,2,1,1,0,912.0,1317.0,0.0,133,151,13.533834586466165,0
1856,10,3,1,4,1,1,0,1,708.0,420.0,1200.0,140,175,25.0,1
1856,11,4,1,2,2,0,0,1,636.0,687.0,600.0,140,179,27.857142857142858,0
1856,12,2,1,0,1,0,0,1,816.0,655.0,360.0,140,179,27.857142857142858,0
1856,13,0,1,2,0,0,0,1,816.0,240.0,960.0,140,179,27.857142857142858,1
1856,14,2,1,0,1,0,0,1,576.0,389.0,360.0,140,171,22.142857142857142,0
1856,15,0,1,0,0,0,0,1,816.0,166.0,816.0,140,169,20.714285714285715,0
1856,16,0,1,0,0,0,0,1,732.0,166.0,624.0,140,169,20.714285714285715,0
1856,17,0,3,5,0,0,1,1,4872.0,63.0,5639.0,133,148,11.278195488721805,1
1856,18,5,3,5,2,1,1,1,1116.0,755.0,1260.0,133,154,15.789473684210526,0
1856,19,5,3,1,2,1,1,1,1140.0,923.0,504.0,133,158,18.796992481203006,1
1856,20,1,1,2,0,1,0,1,792.0,284.0,876.0,133,161,21.052631578947366,1
1856,21,2,1,2,1,0,0,1,1164.0,359.0,1200.0,140,166,18.571428571428573,0
1856,22,2,1,2,1,0,0,1,1188.0,343.0,1140.0,126,169,34.12698412698413,0
1856,23,2,1,0,1,0,0,1,708.0,300.0,660.0,127,156,22.83464566929134,0
1856,24,0,1,0,0,0,0,1,996.0,250.0,660.0,127,154,21.25984251968504,1
1856,25,0,1,0,0,0,0,1,1068.0,-85.0,1320.0,127,158,24.409448818897637,1
1856,26,0,3,5,0,0,1,1,2160.0,143.0,2640.0,133,149,12.030075187969924,0
1856,27,5,3,7,2,1,1,1,1164.0,786.0,2760.0,133,155,16.541353383458645,1
1856,28,7,3,3,3,1,1,1,5412.0,2382.0,3456.0,133,148,11.278195488721805,1
1857,3,5,3,1,2,1,1,1,10900.0,1189.0,9800.0,226,241,6.637168141592921,1
1857,4,1,3,7,0,1,1,1,7080.0,-23.0,8800.0,226,257,13.716814159292035,1
1857,5,7,1,2,3,1,0,1,2700.0,1687.0,1760.0,233,264,13.304721030042918,1
1857,6,2,1,6,1,0,0,1,3000.0,552.0,5600.0,233,269,15.450643776824036,1
1857,7,6,1,4,3,0,0,1,5620.0,3273.0,3200.0,233,272,16.738197424892704,0
1857,8,4,3,3,2,0,1,1,2920.0,873.0,2600.0,221,266,20.361990950226243,1
1857,9,3,3,7,1,1,1,1,8600.0,539.0,10600.0,221,255,15.384615384615385,1
1857,10,7,3,3,3,1,1,1,8620.0,2562.0,7000.0,221,255,15.384615384615385,1
1857,11,3,3,7,1,1,1,1,10580.0,442.0,11720.0,221,254,14.93212669683258,1
1857,12,7,3,5,3,1,1,1,8220.0,1651.0,8000.0,213,255,19.718309859154928,0
1857,13,5,3,7,2,1,1,1,23020.0,1147.0,25000.0,213,227,6.572769953051644,1
1857,14,7,3,7,3,1,1,1,4980.0,3094.0,5000.0,213,235,10.328638497652582,0
1857,15,7,3,5,3,1,1,1,3780.0,3108.0,1600.0,223,246,10.31390134529148,1
1857,16,5,3,3,2,1,1,1,13400.0,911.0,12800.0,210,232,10.476190476190476,1
1857,17,3,3,5,1,1,1,1,6620.0,435.0,7200.0,210,233,10.952380952380953,1
1857,18,5,1,4,2,1,0,1,3760.0,700.0,3600.0,233,242,3.862660944206009,1
1857,19,4,1,0,2,0,0,1,3940.0,680.0,3200.0,233,264,13.304721030042918,1
1857,20,0,3,7,0,0,1,1,3840.0,-34.0,6400.0,233,262,12.446351931330472,1
1857,21,7,3,7,3,1,1,1,4440.0,2549.0,4800.0,233,262,12.446351931330472,1
1857,22,7,3,9,3,1,1,1,21320.0,2876.0,22300.0,211,224,6.161137440758294,1
1857,23,9,3,7,4,1,1,1,3020.0,3768.0,1600.0,233,256,9.871244635193133,0
1857,24,7,3,9,3,1,1,1,5900.0,2288.0,12000.0,222,265,19.36936936936937,1
1857,25,9,3,5,4,1,1,1,10280.0,8445.0,3200.0,233,252,8.15450643776824,1
1857,26,5,1,8,2,1,0,1,5600.0,771.0,9400.0,279,285,2.1505376344086025,1
1857,27,8,3,5,4,0,1,1,7140.0,3866.0,4000.0,279,325,16.48745519713262,0
1857,28,5,1,4,2,1,0,1,5940.0,746.0,6400.0,279,326,16.845878136200717,1
1869,3,7,3,7,3,1,1,1,2640.0,1872.0,2400.0,151,171,13.245033112582782,0
1869,4,7,3,5,3,1,1,1,4248.0,1825.0,3600.0,150,167,11.333333333333332,1
1869,5,5,1,6,2,1,0,1,2856.0,1181.0,3600.0,150,173,15.333333333333332,0
1869,6,6,3,7,3,0,1,1,2712.0,1940.0,10800.0,143,159,11.188811188811188,0
1869,7,7,3,7,3,1,1,1,1800.0,2115.0,2400.0,143,163,13.986013986013987,0
1869,8,7,3,7,3,1,1,1,3024.0,2723.0,3600.0,143,158,10.48951048951049,1
1869,9,7,2,5,3,1,1,0,2400.0,3301.0,0.0,143,159,11.188811188811188,0
1869,10,5,3,3,2,1,1,1,2544.0,910.0,1920.0,144,162,12.5,1
1869,11,3,3,7,1,1,1,1,2856.0,293.0,4800.0,125,154,23.200000000000003,1
1869,12,7,3,7,3,1,1,1,11520.0,2120.0,12000.0,125,128,2.4,1
1869,13,7,3,5,3,1,1,1,4296.0,2569.0,2520.0,150,138,-8.0,0
1869,14,5,3,3,2,1,1,1,1632.0,851.0,1200.0,140,163,16.428571428571427,0
1869,15,3,1,6,1,1,0,1,1488.0,407.0,2880.0,135,156,15.555555555555555,0
1869,16,6,3,5,3,0,1,1,3216.0,1800.0,2400.0,128,149,16.40625,0
1869,17,5,3,3,2,1,1,1,3408.0,976.0,2640.0,118,145,22.88135593220339,0
1869,18,3,1,4,1,1,0,1,1704.0,576.0,2400.0,118,141,19.491525423728813,0
1869,19,4,3,5,2,0,1,1,9648.0,1274.0,9600.0,114,113,-0.8771929824561403,1
1869,20,5,3,3,2,1,1,1,2112.0,1251.0,1200.0,125,128,2.4,1
1869,21,3,3,7,1,1,1,1,2424.0,347.0,3600.0,140,141,0.7142857142857143,1
1869,22,7,1,4,3,1,0,1,2736.0,1541.0,1920.0,143,162,13.286713286713287,0
1869,23,4,3,7,2,0,1,1,1800.0,724.0,2760.0,138,161,16.666666666666664,0
1869,24,7,1,4,3,1,0,1,1800.0,1686.0,960.0,138,161,16.666666666666664,0
1869,25,4,1,8,2,0,0,1,1752.0,869.0,5520.0,130,157,20.76923076923077,0
1869,26,8,0,6,4,0,0,0,1776.0,4636.0,0.0,130,149,14.615384615384617,0
1869,27,6,0,2,3,0,0,0,2352.0,2940.0,0.0,130,149,14.615384615384617,0
1869,28,2,3,3,1,0,1,1,8352.0,589.0,8400.0,119,127,6.722689075630252,0
1875,3,5,1,0,2,1,0,1,2544.0,1320.0,2640.0,84,113,34.523809523809526,1
1875,4,0,3,7,0,0,1,1,6528.0,219.0,9600.0,83,104,25.301204819277107,1
1875,5,7,3,7,3,1,1,1,3024.0,3369.0,1440.0,83,108,30.120481927710845,0
1875,6,7,3,9,3,1,1,1,2928.0,1809.0,4800.0,83,102,22.89156626506024,0
1875,7,9,2,3,4,1,1,0,3408.0,3697.0,0.0,83,108,30.120481927710845,0
1875,8,3,1,6,1,1,0,1,2976.0,314.0,6000.0,85,119,40.0,1
1875,9,6,0,4,3,0,0,0,2064.0,3338.0,0.0,85,117,37.64705882352941,0
1875,10,4,1,6,2,0,0,1,2712.0,1276.0,3120.0,83,114,37.34939759036144,1
1875,11,6,3,9,3,0,1,1,5376.0,1775.0,7200.0,85,104,22.35294117647059,0
1875,12,9,2,1,4,1,1,0,3792.0,3599.0,0.0,85,110,29.411764705882355,0
1875,13,1,3,7,0,1,1,1,6936.0,0.0,8376.0,82,110,34.146341463414636,1
1875,14,7,3,9,3,1,1,1,3816.0,1439.0,7200.0,82,92,12.195121951219512,1
1875,15,9,2,1,4,1,1,0,4776.0,4827.0,0.0,82,99,20.73170731707317,0
1875,16,1,3,1,0,1,1,1,4728.0,50.0,4800.0,82,95,15.853658536585366,1
1875,17,1,1,4,0,1,0,1,3864.0,121.0,5040.0,85,103,21.176470588235293,1
1875,18,4,1,6,2,0,0,1,3096.0,1272.0,4800.0,85,103,21.176470588235293,1
1875,19,6,3,9,3,0,1,1,5496.0,2976.0,12720.0,87,99,13.793103448275861,1
1875,20,9,2,9,4,1,1,0,5256.0,10202.0,0.0,87,100,14.942528735632186,0
1875,21,9,2,7,4,1,1,0,3288.0,4945.0,0.0,87,104,19.54022988505747,0
1875,22,7,1,8,3,1,0,1,2760.0,1657.0,4800.0,87,107,22.988505747126435,1
1875,23,8,1,8,4,0,0,1,4248.0,3601.0,4800.0,87,106,21.839080459770116,0
1875,24,8,1,8,4,0,0,1,5376.0,4153.0,4800.0,88,106,20.454545454545457,0
1875,25,8,1,4,4,0,0,1,4224.0,3579.0,1440.0,89,106,19.101123595505616,1
1875,26,4,1,6,2,0,0,1,4272.0,793.0,5280.0,89,109,22.47191011235955,1
1875,27,6,1,6,3,0,0,1,1968.0,1723.0,2880.0,89,109,22.47191011235955,1
1875,28,6,3,9,3,0,1,1,6240.0,2659.0,9600.0,90,107,18.88888888888889,0
1887,3,2,3,3,1,0,1,1,2088.0,584.0,2052.0,240,259,7.916666666666666,0
1887,4,3,3,5,1,1,1,1,1548.0,525.0,2040.0,240,278,15.833333333333332,1
1887,5,5,3,9,2,1,1,1,5400.0,1017.0,8472.0,229,244,6.550218340611353,0
1887,6,9,2,5,4,1,1,0,3276.0,4065.0,0.0,229,240,4.8034934497816595,0
1887,7,5,3,5,2,1,1,1,2652.0,862.0,3264.0,240,256,6.666666666666667,0
1887,8,5,3,7,2,1,1,1,4344.0,1404.0,4896.0,240,255,6.25,0
1887,9,7,3,5,3,1,1,1,1584.0,2093.0,420.0,240,258,7.5,0
1887,10,5,3,1,2,1,1,1,1848.0,943.0,756.0,236,253,7.203389830508475,1
1887,11,1,3,5,0,1,1,1,3780.0,-34.0,4680.0,228,246,7.894736842105263,1
1887,12,5,3,7,2,1,1,1,10128.0,1010.0,11688.0,222,229,3.153153153153153,1
1887,13,7,3,7,3,1,1,1,2148.0,2364.0,1344.0,232,237,2.1551724137931036,0
1887,14,7,0,2,3,1,0,0,1296.0,1606.0,0.0,232,255,9.913793103448276,0
1887,15,2,3,3,1,0,1,1,2208.0,442.0,2112.0,227,247,8.81057268722467,1
1887,16,3,3,5,1,1,1,1,2148.0,347.0,2628.0,227,243,7.048458149779736,0
1887,17,5,3,9,2,1,1,1,6780.0,825.0,10920.0,208,223,7.211538461538461,0
1887,18,9,2,5,4,1,1,0,3984.0,4896.0,0.0,208,220,5.769230769230769,0
1887,19,5,3,9,2,1,1,1,8256.0,901.0,22848.0,214,219,2.336448598130841,1
1887,20,9,2,9,4,1,1,0,9072.0,15565.0,0.0,214,222,3.7383177570093453,0
1887,21,9,2,7,4,1,1,0,3240.0,5712.0,0.0,214,225,5.14018691588785,0
1887,22,7,3,9,3,1,1,1,4440.0,2472.0,13416.0,214,227,6.074766355140187,0
1887,23,9,2,9,4,1,1,0,6468.0,11471.0,0.0,214,224,4.672897196261682,0
1887,24,9,3,9,4,1,1,1,12037.0,4391.0,13260.0,214,219,2.336448598130841,0
1887,25,9,2,7,4,1,1,0,3077.0,5827.0,0.0,214,228,6.5420560747663545,0
1887,26,7,3,5,3,1,1,1,4248.0,2756.0,2688.0,217,229,5.529953917050691,0
1887,27,5,3,9,2,1,1,1,4452.0,1332.0,14616.0,217,236,8.755760368663594,1
1887,28,9,3,9,4,1,1,1,5352.0,11520.0,13440.0,217,234,7.834101382488479,0
1888,3,2,0,2,1,0,0,0,204.0,612.0,0.0,258,305,18.217054263565892,0
1888,4,2,0,0,1,0,0,0,228.0,408.0,0.0,258,309,19.767441860465116,0
1888,5,0,1,0,0,0,0,1,252.0,270.0,144.0,281,311,10.676156583629894,0
1888,6,0,1,2,0,0,0,1,264.0,162.0,576.0,281,332,18.14946619217082,0
1888,7,2,1,2,1,0,0,1,288.0,463.0,288.0,281,339,20.640569395017792,0
1888,8,2,1,2,1,0,0,1,720.0,463.0,600.0,281,335,19.217081850533805,0
1888,9,2,1,0,1,0,0,1,360.0,343.0,288.0,281,337,19.9288256227758,0
1888,10,0,3,3,0,0,1,1,432.0,271.0,576.0,281,331,17.793594306049823,0
1888,11,3,3,3,1,1,1,1,780.0,408.0,720.0,281,311,10.676156583629894,0
1888,12,3,3,1,1,1,1,1,852.0,348.0,720.0,281,324,15.302491103202847,1
1888,13,1,1,2,0,1,0,1,324.0,108.0,552.0,281,339,20.640569395017792,0
1888,14,2,3,3,1,0,1,1,348.0,349.0,300.0,281,320,13.87900355871886,0
1888,15,3,3,3,1,1,1,1,228.0,308.0,288.0,281,326,16.014234875444842,0
1888,16,3,3,5,1,1,1,1,408.0,368.0,720.0,287,316,10.104529616724738,1
1888,17,5,3,9,2,1,1,1,1140.0,674.0,4320.0,276,301,9.057971014492754,0
1888,18,9,2,7,4,1,1,0,384.0,3816.0,0.0,276,312,13.043478260869565,0
1888,19,7,0,6,3,1,0,0,480.0,3444.0,0.0,276,317,14.855072463768115,0
1888,20,6,2,7,3,0,1,0,1056.0,2964.0,0.0,276,311,12.681159420289855,0
1888,21,7,0,6,3,1,0,0,360.0,1921.0,0.0,276,315,14.130434782608695,0
1888,22,6,0,4,3,0,0,0,360.0,1562.0,0.0,276,315,14.130434782608695,0
1888,23,4,0,4,2,0,0,0,408.0,1250.0,0.0,276,316,14.492753623188406,0
1888,24,4,3,7,2,0,1,1,4671.0,854.0,5400.0,276,283,2.536231884057971,0
1888,25,7,2,5,3,1,1,0,480.0,1583.0,0.0,276,304,10.144927536231885,0
1888,26,5,0,4,2,1,0,0,288.0,1077.0,0.0,276,317,14.855072463768115,0
1888,27,4,2,3,2,0,1,0,468.0,781.0,0.0,276,316,14.492753623188406,0
1888,28,3,2,1,1,1,1,0,312.0,313.0,0.0,276,313,13.405797101449277,0
1895,3,5,2,3,2,1,1,0,276.0,705.0,0.0,584,651,11.472602739726028,0
1895,4,3,0,2,1,1,0,0,120.0,441.0,0.0,584,678,16.095890410958905,0
1895,5,2,0,0,1,0,0,0,120.0,321.0,0.0,584,675,15.582191780821919,0
1895,6,0,3,1,0,0,1,1,528.0,201.0,600.0,584,625,7.02054794520548,1
1895,7,1,3,1,0,1,1,1,312.0,273.0,120.0,584,620,6.164383561643835,0
1895,8,1,1,0,0,1,0,1,204.0,81.0,240.0,584,679,16.267123287671232,1
1895,9,0,1,0,0,0,0,1,72.0,129.0,120.0,584,679,16.267123287671232,0
1895,10,0,3,1,0,0,1,1,156.0,177.0,120.0,601,662,10.149750415973378,0
1895,11,1,3,1,0,1,1,1,132.0,72.0,300.0,601,658,9.484193011647255,0
1895,12,1,3,1,0,1,1,1,216.0,242.0,120.0,601,656,9.151414309484194,0
1895,13,1,3,1,0,1,1,1,168.0,156.0,180.0,601,671,11.647254575707153,0
1895,14,1,1,0,0,1,0,1,48.0,121.0,120.0,601,699,16.306156405990016,0
1895,15,0,3,1,0,0,1,1,192.0,205.0,120.0,601,650,8.153078202995008,0
1895,16,1,2,1,0,1,1,0,72.0,133.0,0.0,601,663,10.316139767054908,0
1895,17,1,1,0,0,1,0,1,84.0,61.0,120.0,601,692,15.141430948419302,0
1895,18,0,1,0,0,0,0,1,48.0,108.0,120.0,601,684,13.810316139767053,0
1895,19,0,0,0,0,0,0,0,156.0,180.0,0.0,601,689,14.64226289517471,0
1895,20,0,1,2,0,0,0,1,288.0,24.0,600.0,601,689,14.64226289517471,1
1895,21,2,3,3,1,0,1,1,156.0,336.0,360.0,601,661,9.983361064891847,0
1895,22,3,2,3,1,1,1,0,216.0,540.0,0.0,601,672,11.813643926788686,0
1895,23,3,0,0,1,1,0,0,108.0,324.0,0.0,601,684,13.810316139767053,0
1895,24,0,0,0,0,0,0,0,72.0,216.0,0.0,601,687,14.309484193011649,0
1895,25,0,1,2,0,0,0,1,96.0,144.0,252.0,605,688,13.71900826446281,0
1895,26,2,0,0,1,0,0,0,108.0,300.0,0.0,605,676,11.735537190082644,0
1895,27,0,0,0,0,0,0,0,120.0,204.0,0.0,605,687,13.553719008264462,0
1895,28,0,1,0,0,0,0,1,144.0,84.0,240.0,605,691,14.214876033057852,1
1897,3,8,1,6,4,0,0,1,9552.0,5164.0,7560.0,86,98,13.953488372093023,0
1897,4,6,1,6,3,0,0,1,9960.0,3164.0,8820.0,86,99,15.11627906976744,0
1897,5,6,1,8,3,0,0,1,12396.0,2070.0,13920.0,86,99,15.11627906976744,0
1897,6,8,3,7,4,0,1,1,8220.0,3619.0,6300.0,86,97,12.790697674418606,1
1897,7,7,3,9,3,1,1,1,11148.0,1674.0,15120.0,86,98,13.953488372093023,0
1897,8,9,3,9,4,1,1,1,16104.0,5644.0,16380.0,86,95,10.465116279069768,1
1897,9,9,3,9,4,1,1,1,8868.0,5922.0,7560.0,86,97,12.790697674418606,0
1897,10,9,3,7,4,1,1,1,8232.0,4620.0,7560.0,86,98,13.953488372093023,1
1897,11,7,3,7,3,1,1,1,8508.0,3350.0,7560.0,86,98,13.953488372093023,0
1897,12,7,1,4,3,1,0,1,8544.0,2418.0,7560.0,86,99,15.11627906976744,1
1897,13,4,1,8,2,0,0,1,10068.0,1296.0,15120.0,86,99,15.11627906976744,1
1897,14,8,1,8,4,0,0,1,6768.0,6356.0,5040.0,86,99,15.11627906976744,0
1897,15,8,3,7,4,0,1,1,21876.0,4305.0,20700.0,78,87,11.538461538461538,1
1897,16,7,3,7,3,1,1,1,13152.0,2744.0,14340.0,86,93,8.13953488372093,1
1897,17,7,3,1,3,1,1,1,18468.0,3205.0,15792.0,80,91,13.750000000000002,0
1897,18,1,3,9,0,1,1,1,18696.0,-432.0,22848.0,80,88,10.0,1
1897,19,9,1,4,4,1,0,1,11124.0,3617.0,7776.0,87,99,13.793103448275861,1
1897,20,4,3,9,2,0,1,1,20724.0,888.0,25560.0,85,95,11.76470588235294,1
1897,21,9,3,7,4,1,1,1,21288.0,5030.0,19620.0,90,92,2.2222222222222223,0
1897,22,7,1,2,3,1,0,1,7104.0,3274.0,4320.0,90,103,14.444444444444443,0
1897,23,2,3,9,1,0,1,1,32628.0,397.0,39660.0,85,89,4.705882352941177,1
1897,24,9,3,9,4,1,1,1,15096.0,7245.0,18816.0,84,93,10.714285714285714,0
1897,25,9,2,9,4,1,1,0,5784.0,10662.0,0.0,84,99,17.857142857142858,0
1897,26,9,3,9,4,1,1,1,10620.0,4823.0,10836.0,84,97,15.476190476190476,1
1897,27,9,3,7,4,1,1,1,21408.0,5459.0,17640.0,84,89,5.952380952380952,1
1897,28,7,1,6,3,1,0,1,7896.0,1677.0,8520.0,94,105,11.702127659574469,1
