src/econirl/datasets/supermarket_data.csv
product_id,period,state,action,next_state,inventory_bin,lagged_promotion,promotion,ordered,sales,inventory,orders,wholesale_price,retail_price,markup_pct,stockout
1909,3,8,1,4,4,0,0,1,8856.0,4224.0,5760.0,30,37,23.333333333333332,0
1909,4,4,1,6,2,0,0,1,3192.0,1132.0,4224.0,28,37,32.142857142857146,0
1909,5,6,3,9,3,0,1,1,8712.0,2190.0,10752.0,30,32,6.666666666666667,0
1909,6,9,0,4,4,1,0,0,2880.0,4279.0,0.0,30,37,23.333333333333332,0
1909,7,4,1,4,2,0,0,1,4008.0,1413.0,3840.0,30,37,23.333333333333332,1
1909,8,4,1,0,2,0,0,1,5496.0,1245.0,4032.0,30,37,23.333333333333332,0
1909,9,0,3,7,0,0,1,1,7632.0,-193.0,9984.0,27,31,14.814814814814813,1
1909,10,7,3,7,3,1,1,1,12360.0,2209.0,11424.0,27,29,7.4074074074074066,0
1909,11,7,3,5,3,1,1,1,2904.0,1851.0,1800.0,27,32,18.51851851851852,0
1909,12,5,1,6,2,1,0,1,8856.0,757.0,10800.0,27,33,22.22222222222222,1
1909,13,6,1,6,3,0,0,1,6696.0,2546.0,6600.0,33,35,6.0606060606060606,1
1909,14,6,1,4,3,0,0,1,2232.0,2283.0,960.0,33,41,24.242424242424242,0
1909,15,4,1,6,2,0,0,1,2256.0,1041.0,2736.0,36,42,16.666666666666664,0
1909,16,6,1,2,3,0,0,1,2232.0,1516.0,1200.0,36,43,19.444444444444446,0
1909,17,2,1,4,1,0,0,1,1728.0,437.0,2400.0,36,43,19.444444444444446,0
1909,18,4,1,2,2,0,0,1,2472.0,1344.0,1440.0,32,42,31.25,1
1909,19,2,1,0,1,0,0,1,3312.0,406.0,2880.0,32,39,21.875,1
1909,20,0,1,6,0,0,0,1,4344.0,-48.0,6864.0,27,38,40.74074074074074,1
1909,21,6,1,4,3,0,0,1,4392.0,2451.0,2880.0,27,33,22.22222222222222,1
1909,22,4,1,6,2,0,0,1,2832.0,1050.0,3072.0,25,33,32.0,0
1909,23,6,1,6,3,0,0,1,1656.0,1465.0,3072.0,28,33,17.857142857142858,1
1909,24,6,1,4,3,0,0,1,4608.0,2294.0,3072.0,30,36,20.0,1
1909,25,4,1,6,2,0,0,1,3240.0,798.0,4272.0,34,37,8.823529411764707,1
1909,26,6,0,2,3,0,0,0,1512.0,1886.0,0.0,34,41,20.588235294117645,0
1909,27,2,3,5,1,0,1,1,8928.0,339.0,9936.0,28,31,10.714285714285714,1
1909,28,5,3,5,2,1,1,1,3432.0,1413.0,3072.0,28,35,25.0,0
1916,3,3,3,3,1,1,1,1,714.0,318.0,840.0,530,544,2.6415094339622645,0
1916,4,3,1,0,1,1,0,1,342.0,432.0,180.0,530,609,14.90566037735849,0
1916,5,0,3,1,0,0,1,1,330.0,270.0,240.0,530,579,9.245283018867925,0
1916,6,1,3,1,0,1,1,1,402.0,182.0,480.0,530,578,9.056603773584905,0
1916,7,1,3,3,0,1,1,1,348.0,260.0,420.0,530,587,10.754716981132075,0
1916,8,3,3,1,1,1,1,1,516.0,332.0,420.0,530,599,13.018867924528301,1
1916,9,1,1,0,0,1,0,1,276.0,238.0,204.0,486,602,23.868312757201647,0
1916,10,0,1,0,0,0,0,1,366.0,166.0,420.0,486,563,15.843621399176955,0
1916,11,0,3,3,0,0,1,1,534.0,210.0,864.0,486,529,8.847736625514404,0
1916,12,3,3,1,1,1,1,1,858.0,542.0,600.0,530,548,3.3962264150943398,1
1916,13,1,3,1,0,1,1,1,396.0,0.0,576.0,587,615,4.770017035775128,1
1916,14,1,1,2,0,1,0,1,150.0,182.0,360.0,587,683,16.35434412265758,0
1916,15,2,0,0,1,0,0,0,180.0,338.0,0.0,587,666,13.458262350936966,0
1916,16,0,3,3,0,0,1,1,294.0,158.0,432.0,538,601,11.71003717472119,0
1916,17,3,3,1,1,1,1,1,384.0,296.0,216.0,538,574,6.691449814126393,0
1916,18,1,1,0,0,1,0,1,216.0,174.0,216.0,538,598,11.152416356877323,0
1916,19,0,3,1,0,0,1,1,492.0,174.0,336.0,587,593,1.0221465076660987,0
1916,20,1,1,2,0,1,0,1,444.0,18.0,840.0,587,649,10.562180579216355,1
1916,21,2,0,0,1,0,0,0,360.0,420.0,0.0,587,648,10.391822827938672,0
1916,22,0,1,0,0,0,0,1,438.0,54.0,648.0,559,649,16.100178890876567,0
1916,23,0,3,3,0,0,1,1,426.0,264.0,576.0,559,611,9.30232558139535,0
1916,24,3,1,0,1,1,0,1,474.0,415.0,288.0,559,606,8.407871198568873,1
1916,25,0,1,0,0,0,0,1,126.0,218.0,144.0,559,649,16.100178890876567,0
1916,26,0,0,0,0,0,0,0,120.0,231.0,0.0,559,629,12.522361359570661,0
1916,27,0,1,0,0,0,0,1,138.0,90.0,120.0,596,622,4.3624161073825505,1
1916,28,0,3,3,0,0,1,1,240.0,72.0,600.0,572,647,13.111888111888112,1
1919,3,6,3,7,3,0,1,1,2928.0,2640.0,3600.0,52,57,9.615384615384617,0
1919,4,7,2,7,3,1,1,0,1464.0,3314.0,0.0,52,58,11.538461538461538,0
1919,5,7,1,8,3,1,0,1,2136.0,2330.0,6000.0,42,55,30.952380952380953,0
1919,6,8,0,8,4,0,0,0,2352.0,6219.0,0.0,42,49,16.666666666666664,0
1919,7,8,1,6,4,0,0,1,4560.0,3867.0,2376.0,42,49,16.666666666666664,1
1919,8,6,3,7,3,0,1,1,8208.0,1684.0,9600.0,42,47,11.904761904761903,0
1919,9,7,3,7,3,1,1,1,3528.0,3080.0,3120.0,42,47,11.904761904761903,0
1919,10,7,3,9,3,1,1,1,4536.0,2673.0,6480.0,42,48,14.285714285714285,0
1919,11,9,1,8,4,1,0,1,2760.0,5234.0,2880.0,42,49,16.666666666666664,0
1919,12,8,0,6,4,0,0,0,2952.0,5332.0,0.0,42,49,16.666666666666664,0
1919,13,6,3,9,3,0,1,1,3096.0,2352.0,4800.0,42,48,14.285714285714285,0
1919,14,9,1,8,4,1,0,1,2760.0,4051.0,2640.0,41,49,19.51219512195122,0
1919,15,8,0,6,4,0,0,0,2520.0,3933.0,0.0,41,47,14.634146341463413,0
1919,16,6,1,6,3,0,0,1,3912.0,1437.0,5280.0,41,47,14.634146341463413,0
1919,17,6,1,8,3,0,0,1,3912.0,2877.0,6480.0,41,47,14.634146341463413,1
1919,18,8,0,6,4,0,0,0,2592.0,5760.0,0.0,41,47,14.634146341463413,0
1919,19,6,1,8,3,0,0,1,4272.0,3168.0,5280.0,41,47,14.634146341463413,0
1919,20,8,3,9,4,0,1,1,19512.0,4163.0,19320.0,39,41,5.128205128205128,1
1919,21,9,1,6,4,1,0,1,4992.0,3972.0,2760.0,39,47,20.51282051282051,0
1919,22,6,1,6,3,0,0,1,3552.0,1630.0,3840.0,41,47,14.634146341463413,1
1919,23,6,1,6,3,0,0,1,3120.0,1864.0,3840.0,41,47,14.634146341463413,0
1919,24,6,1,4,3,0,0,1,3792.0,2554.0,2400.0,41,47,14.634146341463413,0
1919,25,4,1,2,2,0,0,1,3192.0,1160.0,2640.0,41,47,14.634146341463413,1
1919,26,2,3,9,1,0,1,1,4128.0,553.0,11088.0,38,42,10.526315789473683,1
1919,27,9,2,7,4,1,1,0,5544.0,7780.0,0.0,38,43,13.157894736842104,0
1919,28,7,1,4,3,1,0,1,3480.0,2284.0,2400.0,56,52,-7.142857142857142,0
1920,3,2,1,2,1,0,0,1,504.0,566.0,480.0,238,271,13.865546218487395,0
1920,4,2,0,0,1,0,0,0,360.0,539.0,0.0,238,272,14.285714285714285,0
1920,5,0,1,0,0,0,0,1,408.0,180.0,480.0,238,269,13.025210084033615,0
1920,6,0,1,2,0,0,0,1,324.0,264.0,480.0,238,271,13.865546218487395,0
1920,7,2,1,4,1,0,0,1,348.0,420.0,600.0,238,275,15.546218487394958,0
1920,8,4,3,3,2,0,1,1,672.0,673.0,480.0,238,266,11.76470588235294,0
1920,9,3,0,0,1,1,0,0,264.0,481.0,0.0,238,274,15.126050420168067,0
1920,10,0,1,2,0,0,0,1,396.0,207.0,600.0,238,274,15.126050420168067,0
1920,11,2,1,2,1,0,0,1,480.0,408.0,480.0,238,274,15.126050420168067,1
1920,12,2,1,0,1,0,0,1,672.0,408.0,480.0,238,275,15.546218487394958,0
1920,13,0,1,2,0,0,0,1,516.0,216.0,720.0,275,299,8.727272727272728,0
1920,14,2,1,2,1,0,0,1,420.0,419.0,480.0,275,319,16.0,0
1920,15,2,0,0,1,0,0,0,276.0,481.0,0.0,275,315,14.545454545454545,0
1920,16,0,1,0,0,0,0,1,408.0,182.0,480.0,275,309,12.363636363636363,0
1920,17,0,1,0,0,0,0,1,336.0,254.0,240.0,275,312,13.454545454545455,0
1920,18,0,1,0,0,0,0,1,300.0,180.0,240.0,275,312,13.454545454545455,0
1920,19,0,1,2,0,0,0,1,408.0,121.0,600.0,275,309,12.363636363636363,0
1920,20,2,1,2,1,0,0,1,420.0,312.0,600.0,275,313,13.818181818181818,0
1920,21,2,0,0,1,0,0,0,384.0,493.0,0.0,275,313,13.818181818181818,0
1920,22,0,1,2,0,0,0,1,456.0,108.0,960.0,275,313,13.818181818181818,0
1920,23,2,3,3,1,0,1,1,516.0,612.0,360.0,275,306,11.272727272727273,0
1920,24,3,2,1,1,1,1,0,324.0,457.0,0.0,275,309,12.363636363636363,0
1920,25,1,1,0,0,1,0,1,552.0,132.0,480.0,275,313,13.818181818181818,1
1920,26,0,1,2,0,0,0,1,396.0,60.0,720.0,306,345,12.745098039215685,1
1920,27,2,1,0,1,0,0,1,408.0,360.0,240.0,289,349,20.761245674740483,1
1920,28,0,3,5,0,0,1,1,528.0,192.0,1200.0,269,324,20.44609665427509,0
1930,3,0,1,0,0,0,0,1,96.0,144.0,240.0,474,547,15.400843881856542,0
1930,4,0,0,0,0,0,0,0,108.0,284.0,0.0,474,548,15.611814345991561,0
1930,5,0,0,0,0,0,0,0,132.0,176.0,0.0,474,543,14.556962025316455,0
1930,6,0,0,0,0,0,0,0,24.0,116.0,0.0,474,531,12.025316455696203,0
1930,7,0,1,0,0,0,0,1,108.0,92.0,240.0,474,552,16.455696202531644,0
1930,8,0,0,0,0,0,0,0,132.0,224.0,0.0,474,552,16.455696202531644,0
1930,9,0,1,2,0,0,0,1,84.0,104.0,288.0,474,547,15.400843881856542,0
1930,10,2,1,2,1,0,0,1,336.0,296.0,480.0,512,566,10.546875,1
1930,11,2,0,0,1,0,0,0,144.0,348.0,0.0,512,593,15.8203125,0
1930,12,0,3,1,0,0,1,1,828.0,216.0,840.0,512,518,1.171875,1
1930,13,1,3,1,0,1,1,1,312.0,120.0,360.0,512,562,9.765625,1
1930,14,1,1,0,0,1,0,1,132.0,156.0,240.0,501,584,16.56686626746507,0
1930,15,0,1,2,0,0,0,1,216.0,281.0,300.0,501,579,15.568862275449103,0
1930,16,2,0,0,1,0,0,0,96.0,365.0,0.0,501,575,14.770459081836327,0
1930,17,0,3,7,0,0,1,1,696.0,259.0,2400.0,486,537,10.493827160493826,0
1930,18,7,2,7,3,1,1,0,144.0,1956.0,0.0,486,550,13.168724279835391,0
1930,19,7,0,6,3,1,0,0,144.0,1812.0,0.0,486,559,15.020576131687244,0
1930,20,6,0,6,3,0,0,0,144.0,1704.0,0.0,486,549,12.962962962962962,0
1930,21,6,0,4,3,0,0,0,144.0,1562.0,0.0,486,557,14.609053497942387,0
1930,22,4,2,5,2,0,1,0,372.0,1416.0,0.0,486,514,5.761316872427984,0
1930,23,5,0,4,2,1,0,0,120.0,1213.0,0.0,486,545,12.139917695473251,0
1930,24,4,0,4,2,0,0,0,499.0,1105.0,0.0,486,519,6.790123456790123,0
1930,25,4,0,2,2,0,0,0,84.0,674.0,0.0,486,559,15.020576131687244,0
1930,26,2,0,2,1,0,0,0,72.0,580.0,0.0,486,559,15.020576131687244,0
1930,27,2,1,2,1,0,0,1,108.0,540.0,12.0,486,559,15.020576131687244,0
1930,28,2,1,4,1,0,0,1,84.0,444.0,576.0,486,559,15.020576131687244,0
1948,3,2,3,3,1,0,1,1,1658.0,448.0,1776.0,278,320,15.107913669064748,1
1948,4,3,1,4,1,1,0,1,1458.0,543.0,1944.0,278,324,16.546762589928058,0
1948,5,4,3,1,2,0,1,1,1728.0,1046.0,648.0,278,324,16.546762589928058,0
1948,6,1,3,5,0,1,1,1,1188.0,-15.0,2592.0,278,326,17.26618705035971,1
1948,7,5,1,6,2,1,0,1,1296.0,1392.0,1296.0,279,332,18.996415770609318,0
1948,8,6,1,6,3,0,0,1,1314.0,1590.0,1944.0,279,329,17.921146953405017,0
1948,9,6,0,4,3,0,0,0,1098.0,2241.0,0.0,279,333,19.35483870967742,0
1948,10,4,1,2,2,0,0,1,1350.0,1164.0,648.0,279,333,19.35483870967742,1
1948,11,2,1,2,1,0,0,1,612.0,450.0,648.0,279,328,17.562724014336915,1
1948,12,2,1,2,1,0,0,1,1134.0,488.0,1296.0,279,334,19.71326164874552,0
1948,13,2,1,4,1,0,0,1,900.0,630.0,1188.0,269,331,23.04832713754647,1
1948,14,4,1,4,2,0,0,1,1080.0,954.0,1296.0,269,321,19.33085501858736,0
1948,15,4,1,4,2,0,0,1,1098.0,1169.0,648.0,294,327,11.224489795918368,0
1948,16,4,3,9,2,0,1,1,3852.0,719.0,7776.0,273,302,10.622710622710622,1
1948,17,9,3,9,4,1,1,1,918.0,4643.0,648.0,298,340,14.093959731543624,0
1948,18,9,0,8,4,1,0,0,792.0,4500.0,0.0,298,356,19.463087248322147,0
1948,19,8,2,7,4,0,1,0,1152.0,3708.0,0.0,298,351,17.78523489932886,0
1948,20,7,2,5,3,1,1,0,1710.0,2574.0,0.0,298,341,14.429530201342283,0
1948,21,5,3,9,2,1,1,1,900.0,865.0,10368.0,290,340,17.24137931034483,0
1948,22,9,3,9,4,1,1,1,4518.0,10352.0,2592.0,290,310,6.896551724137931,0
1948,23,9,2,9,4,1,1,0,1350.0,8660.0,0.0,290,323,11.379310344827587,0
1948,24,9,2,9,4,1,1,0,1296.0,7383.0,0.0,290,333,14.827586206896552,0
1948,25,9,2,9,4,1,1,0,1854.0,6094.0,0.0,290,339,16.896551724137932,0
1948,26,9,2,7,4,1,1,0,2268.0,4239.0,0.0,290,333,14.827586206896552,0
1948,27,7,3,3,3,1,1,1,2088.0,2088.0,648.0,315,328,4.1269841269841265,0
1948,28,3,1,6,1,1,0,1,1746.0,648.0,2592.0,298,372,24.832214765100673,1
1955,3,9,2,7,4,1,1,0,1905.0,3582.0,0.0,464,559,20.474137931034484,0
1955,4,7,3,7,3,1,1,1,5328.0,1672.0,5616.0,485,520,7.216494845360824,0
1955,5,7,0,2,3,1,0,0,1320.0,1954.0,0.0,485,579,19.381443298969074,0
1955,6,2,3,5,1,0,1,1,3240.0,636.0,3780.0,497,522,5.030181086519115,1
1955,7,5,1,2,2,1,0,1,1368.0,1181.0,630.0,497,595,19.718309859154928,0
1955,8,2,3,7,1,0,1,1,2805.0,445.0,3960.0,480,575,19.791666666666664,0
1955,9,7,3,7,3,1,1,1,3114.0,1607.0,4800.0,480,534,11.25,0
1955,10,7,0,6,3,1,0,0,963.0,3299.0,0.0,480,578,20.416666666666668,0
1955,11,6,0,4,3,0,0,0,879.0,2183.0,0.0,480,578,20.416666666666668,0
1955,12,4,0,0,2,0,0,0,1047.0,1301.0,0.0,480,577,20.208333333333332,0
1955,13,0,1,2,0,0,0,1,1551.0,251.0,1920.0,529,624,17.958412098298677,0
1955,14,2,1,4,1,0,0,1,465.0,627.0,960.0,529,644,21.73913043478261,0
1955,15,4,0,0,2,0,0,0,723.0,1020.0,0.0,529,619,17.01323251417769,0
1955,16,0,1,6,0,0,0,1,891.0,182.0,2160.0,503,608,20.87475149105368,1
1955,17,6,3,7,3,0,1,1,3489.0,1451.0,5520.0,503,541,7.5546719681908545,0
1955,18,7,2,7,3,1,1,0,585.0,3450.0,0.0,503,581,15.50695825049702,0
1955,19,7,0,6,3,1,0,0,912.0,2860.0,0.0,503,608,20.87475149105368,0
1955,20,6,1,4,3,0,0,1,1275.0,1950.0,600.0,529,608,14.933837429111533,0
1955,21,4,0,0,2,0,0,0,1038.0,1275.0,0.0,529,609,15.122873345935728,0
1955,22,0,1,0,0,0,0,1,1107.0,229.0,1035.0,529,609,15.122873345935728,0
1955,23,0,1,2,0,0,0,1,813.0,156.0,1320.0,529,609,15.122873345935728,0
1955,24,2,1,2,1,0,0,1,777.0,659.0,600.0,529,609,15.122873345935728,1
1955,25,2,1,0,1,0,0,1,1002.0,481.0,576.0,529,609,15.122873345935728,1
1955,26,0,3,1,0,0,1,1,2217.0,41.0,2160.0,529,595,12.476370510396976,1
1955,27,1,3,5,0,1,1,1,1581.0,-9.0,2400.0,529,604,14.177693761814744,0
1955,28,5,0,2,2,1,0,0,732.0,1041.0,0.0,529,615,16.257088846880908,0
1960,3,4,3,7,2,0,1,1,1800.0,768.0,2640.0,87,102,17.24137931034483,0
1960,4,7,1,2,3,1,0,1,2640.0,1610.0,1320.0,87,102,17.24137931034483,1
1960,5,2,3,1,1,0,1,1,3552.0,290.0,3120.0,93,106,13.978494623655912,0
1960,6,1,3,5,0,1,1,1,2040.0,288.0,2856.0,93,107,15.053763440860216,0
1960,7,5,1,4,2,1,0,1,744.0,1106.0,480.0,93,112,20.43010752688172,0
1960,8,4,1,4,2,0,0,1,1368.0,842.0,1800.0,93,112,20.43010752688172,0
1960,9,4,0,2,2,0,0,0,960.0,1298.0,0.0,93,111,19.35483870967742,0
1960,10,2,1,0,1,0,0,1,1776.0,355.0,1560.0,91,109,19.78021978021978,0
1960,11,0,3,3,0,0,1,1,1488.0,216.0,1920.0,91,107,17.582417582417584,1
1960,12,3,1,0,1,1,0,1,1920.0,648.0,1560.0,94,111,18.085106382978726,0
1960,13,0,3,7,0,0,1,1,2856.0,288.0,4512.0,82,108,31.70731707317073,0
1960,14,7,3,7,3,1,1,1,5268.0,2040.0,5328.0,82,89,8.536585365853659,0
1960,15,7,0,4,3,1,0,0,1116.0,2096.0,0.0,82,97,18.29268292682927,0
1960,16,4,3,1,2,0,1,1,2448.0,980.0,1560.0,88,96,9.090909090909092,1
1960,17,1,3,3,0,1,1,1,1728.0,92.0,2040.0,88,103,17.045454545454543,0
1960,18,3,1,4,1,1,0,1,1356.0,396.0,1980.0,83,106,27.710843373493976,0
1960,19,4,3,5,2,0,1,1,2136.0,1019.0,1800.0,83,100,20.481927710843372,0
1960,20,5,3,3,2,1,1,1,1776.0,683.0,1560.0,83,97,16.867469879518072,1
1960,21,3,1,4,1,1,0,1,1404.0,467.0,1800.0,88,102,15.909090909090908,1
1960,22,4,1,0,2,0,0,1,1656.0,863.0,1080.0,88,105,19.318181818181817,0
1960,23,0,1,4,0,0,0,1,1332.0,275.0,1800.0,88,105,19.318181818181817,0
1960,24,4,1,0,2,0,0,1,1536.0,743.0,780.0,88,105,19.318181818181817,1
1960,25,0,1,4,0,0,0,1,1692.0,-13.0,2880.0,83,105,26.506024096385545,1
1960,26,4,1,2,2,0,0,1,1812.0,1175.0,960.0,83,101,21.686746987951807,0
1960,27,2,3,3,1,0,1,1,1920.0,408.0,1920.0,83,98,18.072289156626507,0
1960,28,3,1,0,1,1,0,1,1440.0,408.0,1020.0,89,106,19.101123595505616,1
1963,3,9,3,9,4,1,1,1,14994.0,5023.0,13608.0,97,109,12.371134020618557,0
1963,4,9,3,7,4,1,1,1,10008.0,3604.0,9720.0,99,102,3.0303030303030303,0
1963,5,7,3,9,3,1,1,1,6300.0,3341.0,6480.0,97,105,8.24742268041237,1
1963,6,9,3,3,4,1,1,1,4950.0,3505.0,1944.0,117,108,-7.6923076923076925,1
1963,7,3,3,9,1,1,1,1,13518.0,543.0,18144.0,99,105,6.0606060606060606,1
1963,8,9,3,7,4,1,1,1,6372.0,5193.0,3240.0,101,106,4.9504950495049505,1
1963,9,7,3,7,3,1,1,1,5886.0,2047.0,5832.0,116,111,-4.310344827586207,1
1963,10,7,3,7,3,1,1,1,5364.0,2032.0,5832.0,116,126,8.620689655172415,0
1963,11,7,3,9,3,1,1,1,4608.0,2459.0,9720.0,116,126,8.620689655172415,0
1963,12,9,2,7,4,1,1,0,4878.0,7575.0,0.0,116,127,9.482758620689655,0
1963,13,7,3,7,3,1,1,1,7326.0,2808.0,7128.0,115,126,9.565217391304348,1
1963,14,7,3,7,3,1,1,1,5472.0,2590.0,5184.0,115,125,8.695652173913043,0
1963,15,7,3,5,3,1,1,1,3834.0,2347.0,2592.0,115,128,11.304347826086957,0
1963,16,5,3,9,2,1,1,1,13302.0,1112.0,17496.0,108,117,8.333333333333332,0
1963,17,9,2,7,4,1,1,0,3132.0,5326.0,0.0,115,127,10.434782608695652,0
1963,18,7,1,0,3,1,0,1,3366.0,2196.0,1296.0,108,128,18.51851851851852,0
1963,19,0,3,7,0,0,1,1,12348.0,127.0,14256.0,108,114,5.555555555555555,1
1963,20,7,3,9,3,1,1,1,3042.0,2052.0,5184.0,108,120,11.11111111111111,0
1963,21,9,0,6,4,1,0,0,2682.0,4194.0,0.0,108,127,17.59259259259259,0
1963,22,6,3,9,3,0,1,1,5454.0,1467.0,12960.0,106,121,14.150943396226415,0
1963,23,9,2,9,4,1,1,0,4374.0,8954.0,0.0,106,125,17.92452830188679,0
1963,24,9,3,7,4,1,1,1,7092.0,4559.0,5832.0,106,116,9.433962264150944,1
1963,25,7,3,7,3,1,1,1,6084.0,2760.0,5184.0,123,125,1.6260162601626018,1
1963,26,7,3,9,3,1,1,1,11088.0,1858.0,19872.0,116,124,6.896551724137931,1
1963,27,9,2,9,4,1,1,0,3150.0,10907.0,0.0,116,128,10.344827586206897,0
1963,28,9,2,9,4,1,1,0,3348.0,8099.0,0.0,116,126,8.620689655172415,0
