src/econirl/datasets/supermarket_data.csv
product_id,period,state,action,next_state,inventory_bin,lagged_promotion,promotion,ordered,sales,inventory,orders,wholesale_price,retail_price,markup_pct,stockout
1970,3,6,1,6,3,0,0,1,3690.0,2716.0,2475.0,98,111,13.26530612244898,0
1970,4,6,3,1,3,0,1,1,3225.0,1531.0,1980.0,98,114,16.3265306122449,0
1970,5,1,3,1,0,1,1,1,3240.0,287.0,2970.0,98,115,17.346938775510203,1
1970,6,1,3,5,0,1,1,1,4995.0,32.0,5760.0,90,105,16.666666666666664,1
1970,7,5,1,6,2,1,0,1,3930.0,812.0,4950.0,98,114,16.3265306122449,1
1970,8,6,1,6,3,0,0,1,4650.0,1822.0,4950.0,98,118,20.408163265306122,0
1970,9,6,1,2,3,0,0,1,3765.0,2122.0,1980.0,98,117,19.387755102040817,0
1970,10,2,3,5,1,0,1,1,3900.0,337.0,4875.0,90,108,20.0,1
1970,11,5,1,6,2,1,0,1,3390.0,1186.0,5550.0,103,114,10.679611650485436,1
1970,12,6,2,3,3,0,1,0,2685.0,3349.0,0.0,103,122,18.446601941747574,0
1970,13,3,1,2,1,1,0,1,4470.0,587.0,4455.0,103,123,19.41747572815534,1
1970,14,2,1,2,1,0,0,1,3330.0,572.0,3375.0,115,128,11.304347826086957,1
1970,15,2,1,4,1,0,0,1,3270.0,619.0,3960.0,115,137,19.130434782608695,0
1970,16,4,1,4,2,0,0,1,3480.0,1326.0,2970.0,115,137,19.130434782608695,0
1970,17,4,1,2,2,0,0,1,3450.0,817.0,2970.0,115,137,19.130434782608695,1
1970,18,2,3,5,1,0,1,1,3540.0,315.0,3960.0,115,136,18.26086956521739,1
1970,19,5,1,4,2,1,0,1,3660.0,722.0,3960.0,115,137,19.130434782608695,1
1970,20,4,1,4,2,0,0,1,3660.0,1035.0,3960.0,115,137,19.130434782608695,1
1970,21,4,1,0,2,0,0,1,3810.0,1337.0,2640.0,115,137,19.130434782608695,1
1970,22,0,1,4,0,0,0,1,4095.0,165.0,5280.0,115,137,19.130434782608695,1
1970,23,4,1,4,2,0,0,1,3315.0,1351.0,2970.0,115,137,19.130434782608695,0
1970,24,4,1,4,2,0,0,1,3000.0,1051.0,2640.0,115,136,18.26086956521739,0
1970,25,4,1,6,2,0,0,1,3945.0,750.0,4620.0,115,137,19.130434782608695,0
1970,26,6,3,5,3,0,1,1,3930.0,1514.0,3630.0,115,135,17.391304347826086,0
1970,27,5,1,4,2,1,0,1,4095.0,1312.0,3630.0,115,137,19.130434782608695,0
1970,28,4,1,4,2,0,0,1,4005.0,848.0,4290.0,115,137,19.130434782608695,0
1976,3,0,3,3,0,0,1,1,80.0,229.0,400.0,84,100,19.047619047619047,0
1976,4,3,2,3,1,1,1,0,110.0,549.0,0.0,84,107,27.380952380952383,0
1976,5,3,0,2,1,1,0,0,100.0,439.0,0.0,84,115,36.904761904761905,0
1976,6,2,0,0,1,0,0,0,90.0,339.0,0.0,84,111,32.142857142857146,0
1976,7,0,1,2,0,0,0,1,110.0,249.0,240.0,93,115,23.655913978494624,0
1976,8,2,1,2,1,0,0,1,100.0,379.0,240.0,93,129,38.70967741935484,0
1976,9,2,0,2,1,0,0,0,70.0,519.0,0.0,93,131,40.86021505376344,0
1976,10,2,0,2,1,0,0,0,50.0,449.0,0.0,93,127,36.55913978494624,0
1976,11,2,0,2,1,0,0,0,40.0,390.0,0.0,93,133,43.01075268817204,0
1976,12,2,0,2,1,0,0,0,50.0,350.0,0.0,93,129,38.70967741935484,0
1976,13,2,0,0,1,0,0,0,150.0,310.0,0.0,93,129,38.70967741935484,0
1976,14,0,1,2,0,0,0,1,50.0,160.0,240.0,102,132,29.411764705882355,0
1976,15,2,0,0,1,0,0,0,70.0,350.0,0.0,102,137,34.31372549019608,0
1976,16,0,0,0,0,0,0,0,70.0,280.0,0.0,102,133,30.392156862745097,0
1976,17,0,0,0,0,0,0,0,70.0,210.0,0.0,102,131,28.431372549019606,0
1976,18,0,1,0,0,0,0,1,90.0,130.0,240.0,102,129,26.47058823529412,0
1976,19,0,0,0,0,0,0,0,40.0,280.0,0.0,102,133,30.392156862745097,0
1976,20,0,0,0,0,0,0,0,80.0,240.0,0.0,102,129,26.47058823529412,0
1976,21,0,0,0,0,0,0,0,80.0,160.0,0.0,102,133,30.392156862745097,0
1976,22,0,1,0,0,0,0,1,150.0,80.0,240.0,102,133,30.392156862745097,0
1976,23,0,0,0,0,0,0,0,40.0,170.0,0.0,102,129,26.47058823529412,0
1976,24,0,0,0,0,0,0,0,50.0,130.0,0.0,102,133,30.392156862745097,0
1976,25,0,1,0,0,0,0,1,40.0,80.0,240.0,102,136,33.33333333333333,0
1976,26,0,0,0,0,0,0,0,70.0,277.0,0.0,102,139,36.27450980392157,0
1976,27,0,0,0,0,0,0,0,80.0,220.0,0.0,102,137,34.31372549019608,0
1976,28,0,0,0,0,0,0,0,70.0,140.0,0.0,102,135,32.35294117647059,0
1990,3,0,1,0,0,0,0,1,632.0,256.0,640.0,594,743,25.084175084175087,1
1990,4,0,3,5,0,0,1,1,2824.0,288.0,3360.0,598,658,10.033444816053512,1
1990,5,5,0,0,2,1,0,0,800.0,824.0,0.0,598,758,26.755852842809364,0
1990,6,0,1,2,0,0,0,1,512.0,48.0,800.0,604,757,25.33112582781457,0
1990,7,2,1,0,1,0,0,1,464.0,336.0,240.0,604,761,25.99337748344371,0
1990,8,0,3,1,0,0,1,1,1120.0,113.0,1280.0,598,707,18.22742474916388,1
1990,9,1,3,5,0,1,1,1,1640.0,273.0,2240.0,598,655,9.531772575250837,0
1990,10,5,0,2,2,1,0,0,520.0,914.0,0.0,598,762,27.424749163879596,0
1990,11,2,3,5,1,0,1,1,1768.0,473.0,1992.0,604,651,7.781456953642383,1
1990,12,5,3,1,2,1,1,1,1104.0,689.0,400.0,604,675,11.754966887417218,1
1990,13,1,3,5,0,1,1,1,3128.0,16.0,4160.0,619,685,10.662358642972535,1
1990,14,5,3,7,2,1,1,1,680.0,1072.0,3040.0,619,758,22.45557350565428,0
1990,15,7,2,5,3,1,1,0,2632.0,3440.0,0.0,619,714,15.347334410339256,0
1990,16,5,3,3,2,1,1,1,1104.0,808.0,600.0,622,766,23.15112540192926,0
1990,17,3,3,5,1,1,1,1,2720.0,304.0,3600.0,622,719,15.594855305466238,1
1990,18,5,2,3,2,1,1,0,776.0,1288.0,0.0,622,760,22.186495176848876,0
1990,19,3,1,4,1,1,0,1,1048.0,530.0,1320.0,635,789,24.251968503937007,1
1990,20,4,3,7,2,0,1,1,2152.0,802.0,3360.0,635,724,14.015748031496065,0
1990,21,7,0,6,3,1,0,0,512.0,2010.0,0.0,635,799,25.826771653543307,0
1990,22,6,3,1,3,0,1,1,2640.0,1498.0,1248.0,635,701,10.393700787401574,0
1990,23,1,1,4,0,1,0,1,688.0,107.0,1456.0,635,802,26.299212598425196,0
1990,24,4,3,5,2,0,1,1,1328.0,876.0,1440.0,635,760,19.68503937007874,0
1990,25,5,3,5,2,1,1,1,2368.0,988.0,2640.0,635,713,12.283464566929133,1
1990,26,5,3,5,2,1,1,1,2784.0,1269.0,2496.0,635,704,10.866141732283465,1
1990,27,5,3,7,2,1,1,1,1224.0,1080.0,2496.0,635,713,12.283464566929133,0
1990,28,7,3,7,3,1,1,1,1232.0,2376.0,624.0,635,711,11.968503937007874,0
2000,3,5,3,7,2,1,1,1,2596.0,746.0,3360.0,286,290,1.3986013986013985,1
2000,4,7,3,5,3,1,1,1,4096.0,1549.0,3840.0,286,290,1.3986013986013985,0
2000,5,5,1,2,2,1,0,1,1172.0,1335.0,320.0,292,309,5.821917808219178,0
2000,6,2,3,3,1,0,1,1,1140.0,475.0,1120.0,318,325,2.20125786163522,0
2000,7,3,3,5,1,1,1,1,948.0,460.0,1280.0,318,337,5.9748427672955975,0
2000,8,5,1,2,2,1,0,1,1416.0,793.0,960.0,318,339,6.60377358490566,0
2000,9,2,1,4,1,0,0,1,1420.0,340.0,2080.0,305,336,10.163934426229508,0
2000,10,4,1,2,2,0,0,1,1292.0,1008.0,960.0,305,326,6.885245901639345,0
2000,11,2,1,2,1,0,0,1,848.0,600.0,640.0,305,326,6.885245901639345,1
2000,12,2,2,1,1,0,1,0,400.0,401.0,0.0,305,323,5.901639344262295,0
2000,13,1,1,6,0,1,0,1,216.0,0.0,1920.0,305,325,6.557377049180328,1
2000,14,6,0,4,3,0,0,0,708.0,1704.0,0.0,305,326,6.885245901639345,0
2000,15,4,1,4,2,0,0,1,972.0,988.0,960.0,305,329,7.868852459016394,0
2000,16,4,1,2,2,0,0,1,1368.0,976.0,800.0,305,329,7.868852459016394,1
2000,17,2,1,0,1,0,0,1,1348.0,409.0,960.0,279,329,17.921146953405017,1
2000,18,0,1,2,0,0,0,1,1812.0,12.0,2400.0,283,319,12.7208480565371,1
2000,19,2,3,3,1,0,1,1,1700.0,608.0,1440.0,259,297,14.671814671814673,1
2000,20,3,3,5,1,1,1,1,2432.0,340.0,3360.0,259,285,10.038610038610038,0
2000,21,5,3,1,2,1,1,1,1728.0,1256.0,640.0,300,293,-2.3333333333333335,1
2000,22,1,1,2,0,1,0,1,1864.0,181.0,2080.0,300,325,8.333333333333332,1
2000,23,2,3,9,1,0,1,1,1908.0,396.0,4960.0,291,308,5.841924398625429,0
2000,24,9,2,7,4,1,1,0,1332.0,3462.0,0.0,291,320,9.965635738831615,0
2000,25,7,0,2,3,1,0,0,1824.0,2130.0,0.0,291,318,9.278350515463918,0
2000,26,2,1,4,1,0,0,1,1288.0,300.0,1920.0,300,326,8.666666666666668,1
2000,27,4,1,2,2,0,0,1,1308.0,913.0,960.0,300,328,9.333333333333334,1
2000,28,2,1,0,1,0,0,1,888.0,565.0,320.0,300,327,9.0,1
2001,3,0,1,0,0,0,0,1,168.0,-36.0,180.0,239,307,28.451882845188287,1
2001,4,0,1,0,0,0,0,1,588.0,-12.0,780.0,239,287,20.0836820083682,1
2001,5,0,1,2,0,0,0,1,468.0,180.0,600.0,237,298,25.738396624472575,1
2001,6,2,1,0,1,0,0,1,312.0,324.0,180.0,237,299,26.160337552742618,0
2001,7,0,1,0,0,0,0,1,276.0,192.0,180.0,242,307,26.859504132231404,0
2001,8,0,1,0,0,0,0,1,300.0,96.0,264.0,242,309,27.685950413223143,1
2001,9,0,1,0,0,0,0,1,348.0,48.0,396.0,231,296,28.13852813852814,1
2001,10,0,1,0,0,0,0,1,300.0,108.0,420.0,235,299,27.23404255319149,1
2001,11,0,1,0,0,0,0,1,432.0,180.0,384.0,247,309,25.101214574898783,0
2001,12,0,1,0,0,0,0,1,348.0,132.0,240.0,247,318,28.74493927125506,1
2001,13,0,1,0,0,0,0,1,192.0,24.0,360.0,254,318,25.196850393700785,1
2001,14,0,1,0,0,0,0,1,516.0,192.0,408.0,254,325,27.95275590551181,1
2001,15,0,1,0,0,0,0,1,348.0,96.0,288.0,254,317,24.803149606299215,1
2001,16,0,1,0,0,0,0,1,336.0,36.0,576.0,254,313,23.228346456692915,1
2001,17,0,1,0,0,0,0,1,444.0,276.0,468.0,264,324,22.727272727272727,1
2001,18,0,1,0,0,0,0,1,252.0,276.0,240.0,264,325,23.106060606060606,0
2001,19,0,1,0,0,0,0,1,360.0,264.0,240.0,264,326,23.484848484848484,0
2001,20,0,3,5,0,0,1,1,1116.0,156.0,1716.0,226,265,17.25663716814159,1
2001,21,5,2,3,2,1,1,0,252.0,757.0,0.0,226,272,20.353982300884958,0
2001,22,3,2,1,1,1,1,0,336.0,494.0,0.0,226,278,23.008849557522122,0
2001,23,1,3,1,0,1,1,1,168.0,171.0,180.0,270,281,4.074074074074074,0
2001,24,1,1,0,0,1,0,1,444.0,183.0,384.0,270,334,23.703703703703706,1
2001,25,0,1,0,0,0,0,1,432.0,125.0,444.0,270,333,23.333333333333332,0
2001,26,0,1,0,0,0,0,1,384.0,136.0,360.0,282,343,21.631205673758867,0
2001,27,0,1,0,0,0,0,1,288.0,120.0,360.0,282,348,23.404255319148938,0
2001,28,0,1,0,0,0,0,1,384.0,192.0,312.0,282,348,23.404255319148938,1
2063,3,9,3,9,4,1,1,1,49260.0,26424.0,46512.0,78,87,11.538461538461538,1
2063,4,9,3,9,4,1,1,1,117132.0,22731.0,118368.0,78,79,1.282051282051282,0
2063,5,9,3,9,4,1,1,1,65676.0,25909.0,54432.0,78,82,5.128205128205128,0
2063,6,9,3,9,4,1,1,1,69072.0,14774.0,84960.0,76,80,5.263157894736842,1
2063,7,9,3,9,4,1,1,1,186060.0,30658.0,183600.0,75,74,-1.3333333333333335,0
2063,8,9,3,9,4,1,1,1,142956.0,29239.0,177120.0,80,76,-5.0,1
2063,9,9,3,9,4,1,1,1,64488.0,59776.0,21600.0,83,84,1.2048192771084338,0
2063,10,9,3,9,4,1,1,1,89520.0,26834.0,113244.0,83,86,3.614457831325301,0
2063,11,9,3,1,4,1,1,1,91884.0,32543.0,72492.0,83,83,0.0,1
2063,12,1,1,8,0,1,0,1,78780.0,-734.0,90576.0,86,89,3.488372093023256,1
2063,13,8,3,9,4,0,1,1,94464.0,6588.0,188832.0,85,93,9.411764705882353,0
2063,14,9,3,9,4,1,1,1,111828.0,99671.0,21600.0,85,87,2.3529411764705883,1
2063,15,9,3,9,4,1,1,1,54840.0,9952.0,58608.0,80,89,11.25,0
2063,16,9,3,9,4,1,1,1,85632.0,13571.0,92868.0,77,82,6.493506493506493,0
2063,17,9,1,8,4,1,0,1,71208.0,21067.0,102816.0,74,82,10.81081081081081,0
2063,18,8,3,9,4,0,1,1,97248.0,48408.0,86400.0,71,73,2.8169014084507045,0
2063,19,9,3,9,4,1,1,1,133752.0,39202.0,101076.0,71,72,1.4084507042253522,1
2063,20,9,1,8,4,1,0,1,62268.0,5423.0,98496.0,75,79,5.333333333333334,1
2063,21,8,3,9,4,0,1,1,95220.0,39857.0,61344.0,80,76,-5.0,1
2063,22,9,1,8,4,1,0,1,89184.0,5426.0,101088.0,83,88,6.024096385542169,0
2063,23,8,1,8,4,0,0,1,63000.0,15914.0,56160.0,86,89,3.488372093023256,0
2063,24,8,1,8,4,0,0,1,61956.0,8745.0,64800.0,84,91,8.333333333333332,0
2063,25,8,1,8,4,0,0,1,76776.0,12325.0,69120.0,84,89,5.952380952380952,0
2063,26,8,3,9,4,0,1,1,79068.0,4675.0,122688.0,81,87,7.4074074074074066,0
2063,27,9,3,9,4,1,1,1,140688.0,50598.0,97632.0,81,84,3.7037037037037033,0
2063,28,9,1,8,4,1,0,1,71736.0,6620.0,87264.0,81,89,9.876543209876543,0
2064,3,6,1,4,3,0,0,1,2172.0,2174.0,1296.0,70,75,7.142857142857142,0
2064,4,4,1,4,2,0,0,1,1584.0,1389.0,1248.0,70,83,18.571428571428573,1
2064,5,4,1,6,2,0,0,1,2364.0,1056.0,3744.0,70,83,18.571428571428573,0
2064,6,6,1,6,3,0,0,1,1884.0,2427.0,1872.0,65,83,27.692307692307693,0
2064,7,6,1,6,3,0,0,1,3084.0,2443.0,2496.0,70,79,12.857142857142856,1
2064,8,6,1,6,3,0,0,1,3996.0,1859.0,3744.0,70,84,20.0,1
2064,9,6,1,4,3,0,0,1,2076.0,1727.0,1248.0,70,84,20.0,1
2064,10,4,1,2,2,0,0,1,1632.0,901.0,1248.0,70,84,20.0,1
2064,11,2,1,8,1,0,0,1,1368.0,360.0,5520.0,70,85,21.428571428571427,1
2064,12,8,0,6,4,0,0,0,1488.0,4730.0,0.0,70,85,21.428571428571427,0
2064,13,6,1,6,3,0,0,1,2232.0,3216.0,1248.0,74,85,14.864864864864865,0
2064,14,6,1,6,3,0,0,1,864.0,2231.0,1584.0,74,89,20.27027027027027,0
2064,15,6,0,6,3,0,0,0,1236.0,2953.0,0.0,74,89,20.27027027027027,0
2064,16,6,1,6,3,0,0,1,1308.0,1698.0,1056.0,74,89,20.27027027027027,0
2064,17,6,1,2,3,0,0,1,1956.0,1447.0,960.0,74,89,20.27027027027027,0
2064,18,2,1,2,1,0,0,1,1404.0,492.0,1440.0,74,89,20.27027027027027,0
2064,19,2,1,0,1,0,0,1,2304.0,528.0,1920.0,74,89,20.27027027027027,1
2064,20,0,1,4,0,0,0,1,2820.0,133.0,3840.0,74,89,20.27027027027027,1
2064,21,4,1,2,2,0,0,1,2256.0,891.0,1920.0,74,89,20.27027027027027,0
2064,22,2,1,2,1,0,0,1,1860.0,550.0,1920.0,74,89,20.27027027027027,0
2064,23,2,1,4,1,0,0,1,1596.0,607.0,1920.0,74,89,20.27027027027027,0
2064,24,4,0,0,2,0,0,0,1140.0,970.0,0.0,74,89,20.27027027027027,0
2064,25,0,1,4,0,0,0,1,1380.0,-85.0,2400.0,74,89,20.27027027027027,1
2064,26,4,1,2,2,0,0,1,1404.0,909.0,480.0,74,89,20.27027027027027,0
2064,27,2,1,0,1,0,0,1,2184.0,348.0,1920.0,79,95,20.253164556962027,1
2064,28,0,1,8,0,0,0,1,1212.0,96.0,5280.0,79,95,20.253164556962027,0
2069,3,3,3,5,1,1,1,1,1600.0,321.0,1960.0,273,336,23.076923076923077,0
2069,4,5,3,7,2,1,1,1,3520.0,758.0,6120.0,255,276,8.235294117647058,0
2069,5,7,3,7,3,1,1,1,3400.0,3286.0,2880.0,255,268,5.098039215686274,0
2069,6,7,0,6,3,1,0,0,800.0,2766.0,0.0,255,323,26.666666666666668,0
2069,7,6,0,4,3,0,0,0,1080.0,1934.0,0.0,255,319,25.098039215686274,0
2069,8,4,1,0,2,0,0,1,2200.0,892.0,1440.0,273,339,24.175824175824175,0
2069,9,0,1,4,0,0,0,1,1040.0,213.0,1800.0,273,348,27.472527472527474,0
2069,10,4,1,4,2,0,0,1,1160.0,1013.0,1080.0,266,347,30.451127819548873,0
2069,11,4,3,9,2,0,1,1,4840.0,961.0,9600.0,255,294,15.294117647058824,1
2069,12,9,2,9,4,1,1,0,1560.0,5721.0,0.0,255,301,18.03921568627451,0
2069,13,9,0,6,4,1,0,0,1760.0,4160.0,0.0,255,324,27.058823529411764,0
2069,14,6,0,6,3,0,0,0,440.0,2401.0,0.0,255,322,26.27450980392157,0
2069,15,6,3,7,3,0,1,1,2280.0,1964.0,1920.0,255,298,16.862745098039216,0
2069,16,7,3,7,3,1,1,1,5240.0,1603.0,5760.0,255,282,10.588235294117647,1
2069,17,7,2,5,3,1,1,0,1280.0,2132.0,0.0,255,303,18.823529411764707,0
2069,18,5,3,9,2,1,1,1,1960.0,840.0,6240.0,261,291,11.494252873563218,0
2069,19,9,0,8,4,1,0,0,1040.0,5121.0,0.0,261,313,19.923371647509576,0
2069,20,8,3,9,4,0,1,1,3680.0,4122.0,4160.0,246,276,12.195121951219512,0
2069,21,9,3,9,4,1,1,1,2520.0,4601.0,6240.0,246,274,11.38211382113821,0
2069,22,9,2,9,4,1,1,0,920.0,8321.0,0.0,246,308,25.203252032520325,0
2069,23,9,2,7,4,1,1,0,5080.0,7324.0,0.0,246,259,5.284552845528456,0
2069,24,7,3,7,3,1,1,1,5640.0,2243.0,6240.0,246,256,4.0650406504065035,1
2069,25,7,2,7,3,1,1,0,1240.0,2883.0,0.0,246,278,13.008130081300814,0
2069,26,7,3,7,3,1,1,1,600.0,1645.0,360.0,285,307,7.719298245614035,0
2069,27,7,3,9,3,1,1,1,3600.0,2158.0,6760.0,246,263,6.910569105691057,0
2069,28,9,2,9,4,1,1,0,800.0,5318.0,0.0,246,287,16.666666666666664,0
2104,3,0,1,2,0,0,0,1,432.0,144.0,864.0,93,119,27.956989247311824,1
2104,4,2,1,2,1,0,0,1,3672.0,552.0,3456.0,93,129,38.70967741935484,1
2104,5,2,1,4,1,0,0,1,3708.0,336.0,4176.0,86,129,50.0,1
2104,6,4,1,4,2,0,0,1,3240.0,840.0,3456.0,86,116,34.883720930232556,0
2104,7,4,1,6,2,0,0,1,4392.0,1056.0,5184.0,93,127,36.55913978494624,1
2104,8,6,1,6,3,0,0,1,4212.0,1848.0,4752.0,93,131,40.86021505376344,1
2104,9,6,1,4,3,0,0,1,3708.0,2388.0,2016.0,93,131,40.86021505376344,0
2104,10,4,1,6,2,0,0,1,2988.0,696.0,3744.0,93,131,40.86021505376344,0
2104,11,6,1,0,3,0,0,1,4104.0,1692.0,2592.0,87,127,45.97701149425287,1
2104,12,0,3,7,0,0,1,1,15048.0,180.0,18216.0,79,88,11.39240506329114,1
2104,13,7,3,5,3,1,1,1,6624.0,3348.0,4176.0,93,108,16.129032258064516,1
2104,14,5,1,2,2,1,0,1,2304.0,900.0,1728.0,93,131,40.86021505376344,0
2104,15,2,1,4,1,0,0,1,1728.0,370.0,2160.0,93,121,30.107526881720432,0
2104,16,4,1,4,2,0,0,1,4536.0,802.0,4752.0,100,125,25.0,0
2104,17,4,1,4,2,0,0,1,2628.0,1018.0,2592.0,100,126,26.0,0
2104,18,4,3,7,2,0,1,1,6804.0,936.0,8856.0,86,106,23.25581395348837,1
2104,19,7,3,1,3,1,1,1,6948.0,2988.0,4032.0,100,104,4.0,1
2104,20,1,1,4,0,1,0,1,3960.0,107.0,5184.0,100,126,26.0,1
2104,21,4,1,2,2,0,0,1,3024.0,1367.0,2160.0,100,126,26.0,0
2104,22,2,1,2,1,0,0,1,3456.0,575.0,3456.0,100,126,26.0,1
2104,23,2,1,4,1,0,0,1,2016.0,647.0,2592.0,100,126,26.0,1
2104,24,4,3,9,2,0,1,1,4032.0,1223.0,9648.0,81,103,27.160493827160494,1
2104,25,9,3,9,4,1,1,1,16560.0,6839.0,13320.0,100,89,-11.0,1
2104,26,9,1,6,4,1,0,1,2592.0,3600.0,432.0,100,133,33.0,0
2104,27,6,3,9,3,0,1,1,12204.0,1513.0,15444.0,83,94,13.253012048192772,1
2104,28,9,3,7,4,1,1,1,5436.0,4753.0,2160.0,83,96,15.66265060240964,0
2118,3,9,2,9,4,1,1,0,20955.0,35438.0,0.0,305,307,0.6557377049180327,0
2118,4,9,3,9,4,1,1,1,50415.0,11795.0,84240.0,303,303,0.0,0
2118,5,9,3,9,4,1,1,1,74400.0,47513.0,48600.0,303,299,-1.3201320132013201,0
2118,6,9,3,9,4,1,1,1,38430.0,21977.0,21060.0,303,301,-0.6600660066006601,1
2118,7,9,3,9,4,1,1,1,170520.0,4646.0,177120.0,304,285,-6.25,1
2118,8,9,3,9,4,1,1,1,41430.0,9176.0,109905.0,304,291,-4.276315789473684,1
2118,9,9,3,9,4,1,1,1,94485.0,65360.0,72900.0,307,295,-3.908794788273615,0
2118,10,9,2,9,4,1,1,0,31845.0,43871.0,0.0,307,310,0.9771986970684038,0
2118,11,9,3,1,4,1,1,1,14940.0,11207.0,4860.0,265,312,17.735849056603772,1
2118,12,1,3,9,0,1,1,1,193440.0,27.0,204930.0,267,264,-1.1235955056179776,1
2118,13,9,3,9,4,1,1,1,112080.0,4259.0,124740.0,264,262,-0.7575757575757576,1
2118,14,9,3,9,4,1,1,1,60795.0,14851.0,182250.0,269,269,0.0,1
2118,15,9,2,9,4,1,1,0,82440.0,118802.0,0.0,269,269,0.0,0
2118,16,9,3,9,4,1,1,1,37110.0,36456.0,24300.0,269,274,1.858736059479554,0
2118,17,9,3,9,4,1,1,1,57480.0,23576.0,48600.0,269,276,2.6022304832713754,1
2118,18,9,3,9,4,1,1,1,30060.0,11400.0,24300.0,298,293,-1.6778523489932886,1
2118,19,9,3,9,4,1,1,1,68040.0,5454.0,88290.0,295,299,1.3559322033898304,0
2118,20,9,3,9,4,1,1,1,19620.0,26427.0,24300.0,300,303,1.0,0
2118,21,9,3,9,4,1,1,1,26655.0,31385.0,56700.0,300,303,1.0,0
2118,22,9,3,9,4,1,1,1,80190.0,61528.0,70110.0,300,300,0.0,0
2118,23,9,0,8,4,1,0,0,39960.0,51438.0,0.0,300,309,3.0,0
2118,24,8,1,8,4,0,0,1,19230.0,7369.0,19440.0,330,341,3.3333333333333335,1
2118,25,8,1,6,4,0,0,1,24314.0,3536.0,25110.0,293,315,7.508532423208192,1
2118,26,6,1,8,3,0,0,1,26715.0,3285.0,34019.0,295,309,4.745762711864407,1
2118,27,8,3,9,4,0,1,1,66540.0,7613.0,96075.0,295,289,-2.0338983050847457,1
2118,28,9,0,8,4,1,0,0,13290.0,37449.0,0.0,295,312,5.762711864406779,0
