src/econirl/datasets/supermarket_data.csv
product_id,period,state,action,next_state,inventory_bin,lagged_promotion,promotion,ordered,sales,inventory,orders,wholesale_price,retail_price,markup_pct,stockout
2120,3,0,0,0,0,0,0,0,216.0,236.0,0.0,1797,1911,6.3439065108514185,0
2120,4,0,1,2,0,0,0,1,172.0,24.0,440.0,1632,1738,6.495098039215687,1
2120,5,2,1,0,1,0,0,1,292.0,292.0,220.0,1632,1733,6.188725490196079,0
2120,6,0,1,0,0,0,0,1,224.0,232.0,220.0,1623,1735,6.900800985828711,0
2120,7,0,1,0,0,0,0,1,408.0,228.0,220.0,1632,1738,6.495098039215687,0
2120,8,0,1,2,0,0,0,1,472.0,44.0,880.0,1632,1744,6.862745098039216,0
2120,9,2,1,2,1,0,0,1,384.0,454.0,220.0,1670,1745,4.491017964071856,0
2120,10,2,1,0,1,0,0,1,360.0,299.0,252.0,1710,1789,4.619883040935672,1
2120,11,0,1,0,0,0,0,1,284.0,156.0,160.0,1710,1824,6.666666666666667,1
2120,12,0,1,0,0,0,0,1,716.0,44.0,840.0,1495,1592,6.488294314381271,1
2120,13,0,1,0,0,0,0,1,984.0,156.0,884.0,1499,1598,6.604402935290193,1
2120,14,0,1,2,0,0,0,1,396.0,56.0,880.0,1499,1599,6.671114076050701,0
2120,15,2,0,2,1,0,0,0,208.0,548.0,0.0,1499,1605,7.071380920613743,0
2120,16,2,0,0,1,0,0,0,252.0,339.0,0.0,1499,1589,6.004002668445631,0
2120,17,0,1,2,0,0,0,1,248.0,91.0,508.0,1620,1677,3.5185185185185186,1
2120,18,2,0,0,1,0,0,0,196.0,352.0,0.0,1620,1719,6.111111111111111,0
2120,19,0,1,2,0,0,0,1,208.0,164.0,352.0,1570,1725,9.872611464968154,0
2120,20,2,1,4,1,0,0,1,432.0,306.0,960.0,1570,1678,6.8789808917197455,0
2120,21,4,1,4,2,0,0,1,236.0,814.0,480.0,1570,1673,6.560509554140127,0
2120,22,4,0,4,2,0,0,0,328.0,1058.0,0.0,1570,1672,6.496815286624204,0
2120,23,4,0,2,2,0,0,0,364.0,746.0,0.0,1570,1671,6.43312101910828,0
2120,24,2,1,0,1,0,0,1,520.0,381.0,120.0,1570,1677,6.8152866242038215,1
2120,25,0,1,0,0,0,0,1,508.0,-19.0,592.0,1580,1682,6.455696202531645,1
2120,26,0,1,0,0,0,0,1,388.0,65.0,528.0,1580,1682,6.455696202531645,0
2120,27,0,1,0,0,0,0,1,292.0,224.0,352.0,1595,1691,6.018808777429467,0
2120,28,0,0,0,0,0,0,0,264.0,284.0,0.0,1595,1706,6.959247648902821,0
2169,3,2,1,2,1,0,0,1,2240.0,521.0,2160.0,107,143,33.64485981308411,0
2169,4,2,1,4,1,0,0,1,1240.0,480.0,2160.0,107,146,36.44859813084112,0
2169,5,4,3,5,2,0,1,1,2840.0,1402.0,2240.0,107,143,33.64485981308411,1
2169,6,5,3,9,2,1,1,1,3360.0,842.0,7680.0,84,101,20.238095238095237,0
2169,7,9,0,6,4,1,0,0,2800.0,5162.0,0.0,84,119,41.66666666666667,0
2169,8,6,0,0,3,0,0,0,2240.0,2362.0,0.0,84,116,38.095238095238095,0
2169,9,0,1,4,0,0,0,1,1440.0,97.0,2560.0,107,139,29.906542056074763,1
2169,10,4,3,9,2,0,1,1,5520.0,1233.0,9520.0,84,96,14.285714285714285,1
2169,11,9,2,9,4,1,1,0,1320.0,5240.0,0.0,84,114,35.714285714285715,0
2169,12,9,0,6,4,1,0,0,1480.0,3961.0,0.0,84,122,45.23809523809524,0
2169,13,6,3,5,3,0,1,1,6880.0,2480.0,5560.0,84,105,25.0,1
2169,14,5,0,0,2,1,0,0,1240.0,1326.0,0.0,84,129,53.57142857142857,0
2169,15,0,1,0,0,0,0,1,1440.0,89.0,1440.0,107,149,39.25233644859813,1
2169,16,0,1,2,0,0,0,1,1400.0,251.0,1440.0,107,149,39.25233644859813,0
2169,17,2,1,2,1,0,0,1,1600.0,292.0,1800.0,107,152,42.05607476635514,1
2169,18,2,1,2,1,0,0,1,1640.0,400.0,1800.0,118,154,30.508474576271187,1
2169,19,2,1,4,1,0,0,1,2120.0,600.0,2520.0,118,166,40.67796610169492,0
2169,20,4,1,0,2,0,0,1,2240.0,1040.0,1440.0,118,166,40.67796610169492,0
2169,21,0,1,4,0,0,0,1,2200.0,280.0,2880.0,118,166,40.67796610169492,1
2169,22,4,1,2,2,0,0,1,1880.0,950.0,1440.0,118,166,40.67796610169492,1
2169,23,2,1,4,1,0,0,1,1920.0,470.0,2160.0,118,168,42.3728813559322,1
2169,24,4,3,7,2,0,1,1,3440.0,710.0,5520.0,80,127,58.75,1
2169,25,7,3,5,3,1,1,1,9240.0,2791.0,7360.0,80,89,11.25,1
2169,26,5,1,4,2,1,0,1,1120.0,1032.0,720.0,118,119,0.847457627118644,1
2169,27,4,1,2,2,0,0,1,560.0,760.0,360.0,118,163,38.13559322033898,0
2169,28,2,1,4,1,0,0,1,600.0,560.0,720.0,118,167,41.52542372881356,0
2179,3,4,1,4,2,0,0,1,13500.0,1331.0,11880.0,127,148,16.535433070866144,0
2179,4,4,3,9,2,0,1,1,18390.0,1133.0,23640.0,110,129,17.272727272727273,0
2179,5,9,3,7,4,1,1,1,24150.0,6415.0,19440.0,117,122,4.273504273504273,0
2179,6,7,1,6,3,1,0,1,20490.0,1573.0,20520.0,117,137,17.094017094017094,0
2179,7,6,1,6,3,0,0,1,12240.0,1608.0,12960.0,117,137,17.094017094017094,1
2179,8,6,1,6,3,0,0,1,16080.0,2334.0,17400.0,117,137,17.094017094017094,0
2179,9,6,1,0,3,0,0,1,14220.0,1767.0,10500.0,137,151,10.218978102189782,1
2179,10,0,1,6,0,0,0,1,11070.0,-2813.0,12240.0,120,145,20.833333333333336,1
2179,11,6,1,6,3,0,0,1,12540.0,1971.0,13680.0,120,139,15.833333333333332,1
2179,12,6,1,6,3,0,0,1,12960.0,2830.0,15690.0,132,139,5.303030303030303,1
2179,13,6,3,7,3,0,1,1,38670.0,3286.0,38040.0,120,129,7.5,1
2179,14,7,3,9,3,1,1,1,9300.0,2649.0,11160.0,127,146,14.960629921259844,1
2179,15,9,1,8,4,1,0,1,9870.0,4136.0,9240.0,127,147,15.748031496062993,1
2179,16,8,1,8,4,0,0,1,9450.0,3491.0,9720.0,127,146,14.960629921259844,1
2179,17,8,1,8,4,0,0,1,12090.0,3763.0,16200.0,122,145,18.852459016393443,1
2179,18,8,1,6,4,0,0,1,6600.0,5730.0,2250.0,115,139,20.869565217391305,1
2179,19,6,1,4,3,0,0,1,11310.0,1758.0,10440.0,115,133,15.65217391304348,1
2179,20,4,1,4,2,0,0,1,12060.0,858.0,12960.0,115,133,15.65217391304348,1
2179,21,4,3,7,2,0,1,1,19320.0,1409.0,19920.0,120,124,3.3333333333333335,0
2179,22,7,1,6,3,1,0,1,10740.0,2112.0,10440.0,110,136,23.636363636363637,0
2179,23,6,3,7,3,0,1,1,11460.0,1748.0,13800.0,110,126,14.545454545454545,1
2179,24,7,1,4,3,1,0,1,7230.0,2906.0,5730.0,110,133,20.909090909090907,0
2179,25,4,1,0,2,0,0,1,10380.0,956.0,9720.0,110,133,20.909090909090907,1
2179,26,0,1,6,0,0,0,1,4440.0,-5.0,7080.0,110,133,20.909090909090907,1
2179,27,6,1,0,3,0,0,1,7110.0,2965.0,4140.0,110,133,20.909090909090907,1
2179,28,0,1,6,0,0,0,1,3660.0,-78.0,6630.0,110,133,20.909090909090907,0
2395,3,6,1,8,3,0,0,1,4920.0,1960.0,8800.0,175,214,22.285714285714285,0
2395,4,8,2,7,4,0,1,0,3920.0,5895.0,0.0,175,208,18.857142857142858,0
2395,5,7,3,9,3,1,1,1,5000.0,2000.0,13200.0,174,207,18.96551724137931,1
2395,6,9,3,9,4,1,1,1,11880.0,8240.0,9480.0,174,191,9.770114942528735,1
2395,7,9,2,7,4,1,1,0,3160.0,5873.0,0.0,174,212,21.839080459770116,0
2395,8,7,3,1,3,1,1,1,8760.0,2203.0,3600.0,174,206,18.39080459770115,0
2395,9,1,3,7,0,1,1,1,4960.0,-3067.0,9600.0,174,198,13.793103448275861,0
2395,10,7,3,7,3,1,1,1,4680.0,1613.0,6080.0,184,206,11.956521739130435,1
2395,11,7,3,9,3,1,1,1,3840.0,2498.0,7200.0,174,220,26.436781609195403,1
2395,12,9,3,9,4,1,1,1,4320.0,5815.0,3600.0,174,213,22.413793103448278,0
2395,13,9,1,6,4,1,0,1,5160.0,4278.0,3000.0,201,221,9.950248756218906,1
2395,14,6,3,7,3,0,1,1,2960.0,2419.0,3000.0,201,246,22.388059701492537,0
2395,15,7,3,9,3,1,1,1,8840.0,3054.0,14400.0,186,218,17.20430107526882,0
2395,16,9,2,9,4,1,1,0,4920.0,8583.0,0.0,186,208,11.827956989247312,0
2395,17,9,3,5,4,1,1,1,4080.0,3663.0,1200.0,201,226,12.437810945273633,0
2395,18,5,3,9,2,1,1,1,7800.0,720.0,14160.0,201,226,12.437810945273633,0
2395,19,9,2,7,4,1,1,0,3960.0,7060.0,0.0,201,242,20.398009950248756,0
2395,20,7,1,8,3,1,0,1,4280.0,3178.0,5040.0,191,251,31.413612565445025,1
2395,21,8,3,3,4,0,1,1,4000.0,3998.0,480.0,191,231,20.94240837696335,1
2395,22,3,1,2,1,1,0,1,2880.0,519.0,2760.0,209,239,14.354066985645932,1
2395,23,2,1,6,1,0,0,1,3160.0,441.0,4200.0,209,261,24.880382775119617,1
2395,24,6,1,6,3,0,0,1,2480.0,1480.0,2400.0,219,271,23.74429223744292,1
2395,25,6,1,6,3,0,0,1,3360.0,1441.0,4320.0,219,272,24.200913242009133,1
2395,26,6,3,1,3,0,1,1,3720.0,2321.0,1800.0,219,261,19.17808219178082,1
2395,27,1,1,6,0,1,0,1,1320.0,162.0,4200.0,219,275,25.570776255707763,0
2395,28,6,2,5,3,0,1,0,2240.0,3042.0,0.0,219,253,15.52511415525114,0
2476,3,4,0,2,2,0,0,0,282.0,846.0,0.0,337,395,17.210682492581604,0
2476,4,2,3,5,1,0,1,1,402.0,576.0,660.0,331,364,9.969788519637463,0
2476,5,5,0,4,2,1,0,0,132.0,834.0,0.0,331,391,18.12688821752266,0
2476,6,4,0,2,2,0,0,0,258.0,705.0,0.0,331,382,15.407854984894259,0
2476,7,2,1,4,1,0,0,1,306.0,447.0,660.0,333,389,16.816816816816818,0
2476,8,4,3,5,2,0,1,1,582.0,801.0,660.0,333,362,8.708708708708707,0
2476,9,5,0,4,2,1,0,0,156.0,879.0,0.0,333,393,18.01801801801802,0
2476,10,4,0,2,2,0,0,0,258.0,723.0,0.0,333,391,17.417417417417415,0
2476,11,2,3,3,1,0,1,1,546.0,498.0,660.0,333,367,10.21021021021021,0
2476,12,3,3,5,1,1,1,1,240.0,612.0,660.0,333,369,10.81081081081081,0
2476,13,5,0,4,2,1,0,0,174.0,1050.0,0.0,333,388,16.516516516516518,0
2476,14,4,2,3,2,0,1,0,462.0,894.0,0.0,333,360,8.108108108108109,0
2476,15,3,0,2,1,1,0,0,84.0,439.0,0.0,333,391,17.417417417417415,0
2476,16,2,3,3,1,0,1,1,378.0,355.0,660.0,343,359,4.664723032069971,0
2476,17,3,0,2,1,1,0,0,180.0,637.0,0.0,343,383,11.661807580174926,0
2476,18,2,0,2,1,0,0,0,162.0,468.0,0.0,343,378,10.204081632653061,0
2476,19,2,0,0,1,0,0,0,204.0,306.0,0.0,343,379,10.495626822157435,0
2476,20,0,3,3,0,0,1,1,336.0,102.0,660.0,343,371,8.16326530612245,0
2476,21,3,0,2,1,1,0,0,96.0,432.0,0.0,343,379,10.495626822157435,0
2476,22,2,0,0,1,0,0,0,132.0,336.0,0.0,343,379,10.495626822157435,0
2476,23,0,3,3,0,0,1,1,450.0,204.0,660.0,343,371,8.16326530612245,0
2476,24,3,2,1,1,1,1,0,222.0,414.0,0.0,343,375,9.329446064139942,0
2476,25,1,0,0,0,1,0,0,84.0,246.0,0.0,343,402,17.20116618075802,0
2476,26,0,0,0,0,0,0,0,168.0,228.0,0.0,343,395,15.160349854227405,0
2476,27,0,3,3,0,0,1,1,216.0,3.0,660.0,350,384,9.714285714285714,1
2476,28,3,2,1,1,1,1,0,168.0,447.0,0.0,350,388,10.857142857142858,0
2502,3,6,1,4,3,0,0,1,2600.0,1882.0,2000.0,86,109,26.744186046511626,0
2502,4,4,3,5,2,0,1,1,14920.0,1294.0,14480.0,86,93,8.13953488372093,1
2502,5,5,1,6,2,1,0,1,2560.0,863.0,3120.0,91,112,23.076923076923077,1
2502,6,6,1,4,3,0,0,1,1880.0,1476.0,1200.0,91,114,25.274725274725274,1
2502,7,4,1,2,2,0,0,1,3120.0,796.0,2800.0,91,116,27.472527472527474,0
2502,8,2,1,2,1,0,0,1,2560.0,478.0,2400.0,91,116,27.472527472527474,1
2502,9,2,1,2,1,0,0,1,1240.0,358.0,1200.0,91,116,27.472527472527474,1
2502,10,2,1,4,1,0,0,1,2000.0,321.0,3200.0,91,116,27.472527472527474,1
2502,11,4,1,2,2,0,0,1,1920.0,1208.0,1200.0,91,116,27.472527472527474,1
2502,12,2,1,2,1,0,0,1,2200.0,531.0,2120.0,91,116,27.472527472527474,1
2502,13,2,1,6,1,0,0,1,2080.0,400.0,3600.0,91,117,28.57142857142857,0
2502,14,6,1,6,3,0,0,1,1320.0,1840.0,2000.0,91,117,28.57142857142857,0
2502,15,6,1,2,3,0,0,1,1880.0,1959.0,800.0,91,115,26.373626373626376,0
2502,16,2,1,4,1,0,0,1,2640.0,479.0,3600.0,91,115,26.373626373626376,0
2502,17,4,3,1,2,0,1,1,6800.0,1039.0,6000.0,86,98,13.953488372093023,1
2502,18,1,1,4,0,1,0,1,2280.0,0.0,3600.0,86,115,33.72093023255814,1
2502,19,4,1,6,2,0,0,1,2320.0,1320.0,3200.0,86,109,26.744186046511626,0
2502,20,6,1,4,3,0,0,1,2480.0,2200.0,1200.0,86,109,26.744186046511626,1
2502,21,4,1,4,2,0,0,1,2120.0,921.0,2400.0,86,109,26.744186046511626,0
2502,22,4,1,4,2,0,0,1,2320.0,1200.0,2400.0,86,109,26.744186046511626,1
2502,23,4,1,6,2,0,0,1,2440.0,1280.0,2800.0,86,109,26.744186046511626,1
2502,24,6,1,4,3,0,0,1,1560.0,1642.0,1200.0,86,109,26.744186046511626,0
2502,25,4,1,2,2,0,0,1,1920.0,1282.0,1200.0,86,109,26.744186046511626,0
2502,26,2,3,9,1,0,1,1,3200.0,562.0,6600.0,86,108,25.581395348837212,1
2502,27,9,2,7,4,1,1,0,2400.0,3999.0,0.0,86,109,26.744186046511626,0
2502,28,7,1,2,3,1,0,1,2280.0,1679.0,1200.0,91,109,19.78021978021978,1
2511,3,7,3,7,3,1,1,1,8490.0,1998.0,9450.0,90,102,13.333333333333334,1
2511,4,7,3,7,3,1,1,1,12420.0,3002.0,12150.0,90,99,10.0,0
2511,5,7,3,9,3,1,1,1,11718.0,2762.0,13500.0,90,99,10.0,1
2511,6,9,3,7,4,1,1,1,8289.0,4497.0,6750.0,88,101,14.772727272727273,0
2511,7,7,3,7,3,1,1,1,9234.0,2967.0,8100.0,90,101,12.222222222222221,0
2511,8,7,3,7,3,1,1,1,9342.0,1836.0,10800.0,90,103,14.444444444444443,1
2511,9,7,3,9,3,1,1,1,10989.0,3346.0,13500.0,86,99,15.11627906976744,1
2511,10,9,3,1,4,1,1,1,9018.0,5860.0,4050.0,88,99,12.5,1
2511,11,1,1,6,0,1,0,1,12177.0,-104.0,14850.0,88,101,14.772727272727273,0
2511,12,6,3,7,3,0,1,1,14337.0,2625.0,14850.0,88,97,10.227272727272728,1
2511,13,7,3,9,3,1,1,1,12231.0,3057.0,14850.0,88,101,14.772727272727273,0
2511,14,9,3,9,4,1,1,1,10260.0,5620.0,8100.0,88,97,10.227272727272728,0
2511,15,9,3,9,4,1,1,1,11257.0,3483.0,12150.0,88,99,12.5,1
2511,16,9,3,7,4,1,1,1,13527.0,4366.0,12042.0,88,96,9.090909090909092,0
2511,17,7,3,9,3,1,1,1,13615.0,2974.0,13500.0,88,97,10.227272727272728,0
2511,18,9,3,7,4,1,1,1,8532.0,3834.0,6750.0,88,96,9.090909090909092,0
2511,19,7,3,9,3,1,1,1,10611.0,2079.0,12150.0,88,97,10.227272727272728,1
2511,20,9,3,7,4,1,1,1,9261.0,3566.0,8100.0,88,98,11.363636363636363,1
2511,21,7,3,9,3,1,1,1,16173.0,2440.0,17550.0,84,93,10.714285714285714,1
2511,22,9,1,6,4,1,0,1,9135.0,4056.0,7200.0,84,99,17.857142857142858,0
2511,23,6,1,6,3,0,0,1,7938.0,2127.0,9000.0,88,99,12.5,1
2511,24,6,1,8,3,0,0,1,8568.0,3175.0,9000.0,88,99,12.5,1
2511,25,8,3,9,4,0,1,1,10638.0,3610.0,10800.0,88,98,11.363636363636363,1
2511,26,9,1,6,4,1,0,1,7740.0,3789.0,5400.0,88,99,12.5,0
2511,27,6,1,8,3,0,0,1,9702.0,1809.0,11700.0,93,106,13.978494623655912,1
2511,28,8,1,8,4,0,0,1,9216.0,3917.0,10800.0,93,107,15.053763440860216,0
2528,3,9,3,9,4,1,1,1,27570.0,8760.0,24432.0,200,186,-7.000000000000001,1
2528,4,9,3,9,4,1,1,1,17706.0,4410.0,18642.0,200,201,0.5,1
2528,5,9,3,9,4,1,1,1,18912.0,5325.0,23130.0,200,204,2.0,1
2528,6,9,3,9,4,1,1,1,20970.0,9784.0,23424.0,200,195,-2.5,1
2528,7,9,3,9,4,1,1,1,53052.0,9819.0,62574.0,187,178,-4.81283422459893,0
2528,8,9,3,9,4,1,1,1,24900.0,19156.0,23442.0,187,185,-1.06951871657754,1
2528,9,9,3,3,4,1,1,1,19590.0,14248.0,5862.0,208,198,-4.807692307692308,1
2528,10,3,3,9,1,1,1,1,25836.0,565.0,33144.0,198,203,2.525252525252525,1
2528,11,9,3,9,4,1,1,1,21024.0,6928.0,18666.0,198,199,0.5050505050505051,1
2528,12,9,3,9,4,1,1,1,16128.0,4580.0,18672.0,198,203,2.525252525252525,1
2528,13,9,3,9,4,1,1,1,68016.0,7015.0,69029.0,193,178,-7.772020725388601,1
2528,14,9,3,9,4,1,1,1,23580.0,7466.0,27324.0,193,192,-0.5181347150259068,0
2528,15,9,3,9,4,1,1,1,25908.0,11227.0,19452.0,192,193,0.5208333333333333,0
2528,16,9,3,1,4,1,1,1,13470.0,4290.0,8580.0,192,212,10.416666666666668,1
2528,17,1,3,9,0,1,1,1,25902.0,-614.0,39400.0,192,190,-1.0416666666666665,1
2528,18,9,2,7,4,1,1,0,7134.0,10095.0,0.0,192,210,9.375,0
2528,19,7,3,9,3,1,1,1,15780.0,2908.0,40632.0,208,220,5.769230769230769,0
2528,20,9,3,9,4,1,1,1,19668.0,27775.0,7128.0,208,209,0.4807692307692308,0
2528,21,9,3,9,4,1,1,1,42894.0,15244.0,40620.0,208,183,-12.01923076923077,1
2528,22,9,3,9,4,1,1,1,17982.0,12922.0,9570.0,208,197,-5.288461538461538,0
2528,23,9,3,9,4,1,1,1,7932.0,5101.0,16944.0,208,226,8.653846153846153,0
2528,24,9,0,8,4,1,0,0,8670.0,14132.0,0.0,208,232,11.538461538461538,0
2528,25,8,1,8,4,0,0,1,11334.0,5464.0,11850.0,208,232,11.538461538461538,1
2528,26,8,3,9,4,0,1,1,35130.0,5961.0,37824.0,208,181,-12.980769230769232,1
2528,27,9,3,7,4,1,1,1,5454.0,6986.0,600.0,208,230,10.576923076923077,0
2528,28,7,3,9,3,1,1,1,6660.0,2300.0,10608.0,208,232,11.538461538461538,0
2557,3,0,1,2,0,0,0,1,1848.0,164.0,2280.0,114,135,18.421052631578945,0
2557,4,2,1,4,1,0,0,1,1644.0,603.0,1920.0,114,136,19.298245614035086,0
2557,5,4,3,7,2,0,1,1,2316.0,879.0,2880.0,95,110,15.789473684210526,0
2557,6,7,2,3,3,1,1,0,1200.0,1443.0,0.0,95,113,18.947368421052634,0
2557,7,3,1,2,1,1,0,1,960.0,291.0,1200.0,114,129,13.157894736842104,1
2557,8,2,1,4,1,0,0,1,1152.0,552.0,1440.0,114,138,21.052631578947366,1
2557,9,4,0,0,2,0,0,0,720.0,863.0,0.0,114,138,21.052631578947366,0
2557,10,0,1,0,0,0,0,1,948.0,139.0,1080.0,114,138,21.052631578947366,1
2557,11,0,1,2,0,0,0,1,1056.0,176.0,1200.0,114,138,21.052631578947366,1
2557,12,2,1,2,1,0,0,1,912.0,326.0,960.0,114,138,21.052631578947366,0
2557,13,2,1,2,1,0,0,1,1092.0,313.0,1320.0,121,144,19.00826446280992,0
2557,14,2,1,2,1,0,0,1,672.0,541.0,600.0,121,144,19.00826446280992,0
2557,15,2,1,2,1,0,0,1,744.0,476.0,840.0,121,144,19.00826446280992,0
2557,16,2,1,2,1,0,0,1,900.0,500.0,720.0,121,142,17.355371900826448,0
2557,17,2,1,0,1,0,0,1,852.0,336.0,720.0,121,142,17.355371900826448,1
2557,18,0,1,0,0,0,0,1,492.0,216.0,480.0,121,142,17.355371900826448,0
2557,19,0,1,0,0,0,0,1,420.0,200.0,480.0,121,142,17.355371900826448,0
2557,20,0,1,0,0,0,0,1,792.0,257.0,720.0,121,142,17.355371900826448,0
2557,21,0,3,1,0,0,1,1,7788.0,274.0,7440.0,90,96,6.666666666666667,1
2557,22,1,3,3,0,1,1,1,14736.0,44.0,15360.0,121,94,-22.31404958677686,1
2557,23,3,0,0,1,1,0,0,468.0,635.0,0.0,121,141,16.528925619834713,0
2557,24,0,3,9,0,0,1,1,3888.0,167.0,8220.0,90,99,10.0,1
2557,25,9,3,1,4,1,1,1,18588.0,4508.0,13464.0,90,93,3.3333333333333335,1
2557,26,1,1,2,0,1,0,1,972.0,-661.0,1560.0,124,126,1.6129032258064515,1
2557,27,2,3,3,1,0,1,1,876.0,649.0,600.0,124,146,17.741935483870968,0
2557,28,3,1,2,1,1,0,1,600.0,421.0,720.0,124,149,20.161290322580644,0
2562,3,2,1,2,1,0,0,1,480.0,540.0,576.0,60,73,21.666666666666668,0
2562,4,2,1,2,1,0,0,1,720.0,651.0,576.0,60,73,21.666666666666668,0
2562,5,2,1,2,1,0,0,1,504.0,507.0,576.0,60,73,21.666666666666668,0
2562,6,2,1,4,1,0,0,1,552.0,627.0,576.0,60,74,23.333333333333332,0
2562,7,4,1,4,2,0,0,1,432.0,676.0,576.0,60,74,23.333333333333332,0
2562,8,4,1,4,2,0,0,1,528.0,824.0,576.0,60,74,23.333333333333332,0
2562,9,4,0,2,2,0,0,0,216.0,872.0,0.0,60,77,28.333333333333332,0
2562,10,2,1,4,1,0,0,1,576.0,656.0,576.0,60,75,25.0,0
2562,11,4,1,4,2,0,0,1,552.0,708.0,576.0,60,75,25.0,0
2562,12,4,1,0,2,0,0,1,1128.0,720.0,576.0,60,75,25.0,0
2562,13,0,1,4,0,0,0,1,960.0,168.0,1728.0,60,75,25.0,0
2562,14,4,0,2,2,0,0,0,456.0,936.0,0.0,60,75,25.0,0
2562,15,2,1,4,1,0,0,1,696.0,478.0,1440.0,65,76,16.923076923076923,0
2562,16,4,0,2,2,0,0,0,624.0,1223.0,0.0,65,76,16.923076923076923,0
2562,17,2,1,2,1,0,0,1,552.0,599.0,360.0,65,76,16.923076923076923,0
2562,18,2,1,2,1,0,0,1,456.0,432.0,360.0,65,76,16.923076923076923,0
2562,19,2,1,0,1,0,0,1,528.0,336.0,360.0,65,78,20.0,0
2562,20,0,1,4,0,0,0,1,432.0,168.0,960.0,65,78,20.0,0
2562,21,4,0,0,2,0,0,0,408.0,696.0,0.0,65,78,20.0,0
2562,22,0,0,0,0,0,0,0,312.0,288.0,0.0,65,78,20.0,0
2562,23,0,1,0,0,0,0,1,912.0,24.0,960.0,65,78,20.0,1
2562,24,0,1,0,0,0,0,1,1176.0,72.0,1080.0,69,78,13.043478260869565,1
2562,25,0,1,2,0,0,0,1,1344.0,48.0,1680.0,69,84,21.73913043478261,1
2562,26,2,0,0,1,0,0,0,384.0,408.0,0.0,69,84,21.73913043478261,0
2562,27,0,1,4,0,0,0,1,1008.0,-24.0,2160.0,69,84,21.73913043478261,1
2562,28,4,0,2,2,0,0,0,648.0,1152.0,0.0,69,84,21.73913043478261,0
