src/econirl/datasets/supermarket_data.csv
product_id,period,state,action,next_state,inventory_bin,lagged_promotion,promotion,ordered,sales,inventory,orders,wholesale_price,retail_price,markup_pct,stockout
2563,3,6,1,6,3,0,0,1,3024.0,2243.0,3120.0,71,77,8.450704225352112,0
2563,4,6,1,6,3,0,0,1,2832.0,2319.0,2760.0,71,85,19.718309859154928,0
2563,5,6,1,6,3,0,0,1,2496.0,2272.0,2880.0,68,83,22.058823529411764,0
2563,6,6,1,6,3,0,0,1,3240.0,2659.0,2880.0,73,84,15.068493150684931,0
2563,7,6,1,6,3,0,0,1,3048.0,2445.0,2760.0,71,86,21.12676056338028,1
2563,8,6,1,6,3,0,0,1,4584.0,2160.0,5760.0,71,86,21.12676056338028,0
2563,9,6,0,4,3,0,0,0,2256.0,3337.0,0.0,71,86,21.12676056338028,0
2563,10,4,1,8,2,0,0,1,3048.0,1087.0,7800.0,71,86,21.12676056338028,1
2563,11,8,0,6,4,0,0,0,2688.0,5859.0,0.0,71,86,21.12676056338028,0
2563,12,6,1,6,3,0,0,1,3624.0,3220.0,2880.0,71,86,21.12676056338028,0
2563,13,6,3,9,3,0,1,1,4152.0,2950.0,5760.0,73,85,16.43835616438356,1
2563,14,9,2,7,4,1,1,0,2088.0,4561.0,0.0,73,85,16.43835616438356,0
2563,15,7,3,7,3,1,1,1,2400.0,2454.0,2880.0,73,84,15.068493150684931,0
2563,16,7,3,9,3,1,1,1,3360.0,2940.0,6000.0,77,86,11.688311688311687,1
2563,17,9,1,8,4,1,0,1,3864.0,5633.0,3000.0,77,91,18.181818181818183,0
2563,18,8,0,6,4,0,0,0,2424.0,4512.0,0.0,77,91,18.181818181818183,0
2563,19,6,1,4,3,0,0,1,2664.0,2089.0,1632.0,77,91,18.181818181818183,1
2563,20,4,3,9,2,0,1,1,6144.0,1052.0,12000.0,77,86,11.688311688311687,0
2563,21,9,2,7,4,1,1,0,3528.0,6908.0,0.0,77,85,10.38961038961039,0
2563,22,7,0,4,3,1,0,0,2544.0,3338.0,0.0,77,91,18.181818181818183,0
2563,23,4,1,8,2,0,0,1,2568.0,801.0,6000.0,77,91,18.181818181818183,0
2563,24,8,1,8,4,0,0,1,2760.0,4209.0,3120.0,77,91,18.181818181818183,0
2563,25,8,0,6,4,0,0,0,3000.0,4572.0,0.0,77,91,18.181818181818183,0
2563,26,6,1,6,3,0,0,1,1824.0,1567.0,1560.0,77,91,18.181818181818183,0
2563,27,6,1,2,3,0,0,1,2448.0,1485.0,1440.0,85,96,12.941176470588237,1
2563,28,2,1,2,1,0,0,1,3000.0,525.0,3120.0,85,99,16.470588235294116,0
2570,3,7,3,9,3,1,1,1,8352.0,2820.0,16128.0,55,61,10.909090909090908,0
2570,4,9,3,3,4,1,1,1,13032.0,10629.0,2880.0,55,58,5.454545454545454,0
2570,5,3,3,7,1,1,1,1,6288.0,478.0,8640.0,58,62,6.896551724137931,0
2570,6,7,3,3,3,1,1,1,5016.0,2710.0,2880.0,58,64,10.344827586206897,1
2570,7,3,3,9,1,1,1,1,4080.0,503.0,7776.0,60,65,8.333333333333332,0
2570,8,9,3,7,4,1,1,1,4752.0,4207.0,3888.0,60,68,13.333333333333334,1
2570,9,7,3,7,3,1,1,1,6432.0,3320.0,5928.0,60,67,11.666666666666666,0
2570,10,7,3,9,3,1,1,1,13032.0,2816.0,23400.0,56,59,5.357142857142857,1
2570,11,9,2,9,4,1,1,0,7968.0,15601.0,0.0,56,63,12.5,0
2570,12,9,1,8,4,1,0,1,9000.0,7418.0,15432.0,56,65,16.071428571428573,0
2570,13,8,3,9,4,0,1,1,17904.0,13800.0,8400.0,65,63,-3.076923076923077,1
2570,14,9,3,7,4,1,1,1,5112.0,4363.0,2640.0,65,74,13.846153846153847,1
2570,15,7,3,9,3,1,1,1,5016.0,1891.0,10560.0,62,72,16.129032258064516,1
2570,16,9,3,9,4,1,1,1,13872.0,7434.0,14256.0,62,67,8.064516129032258,1
2570,17,9,3,9,4,1,1,1,5232.0,7817.0,7920.0,63,70,11.11111111111111,0
2570,18,9,2,9,4,1,1,0,6096.0,10344.0,0.0,65,69,6.153846153846154,0
2570,19,9,0,4,4,1,0,0,3312.0,4248.0,0.0,65,74,13.846153846153847,0
2570,20,4,1,6,2,0,0,1,3048.0,937.0,5280.0,66,75,13.636363636363635,1
2570,21,6,3,9,3,0,1,1,11880.0,3169.0,21120.0,63,66,4.761904761904762,1
2570,22,9,2,9,4,1,1,0,7032.0,12362.0,0.0,63,72,14.285714285714285,0
2570,23,9,1,8,4,1,0,1,5496.0,5319.0,7920.0,64,76,18.75,0
2570,24,8,1,8,4,0,0,1,6792.0,7743.0,13200.0,64,73,14.0625,0
2570,25,8,0,8,4,0,0,0,9360.0,14129.0,0.0,64,75,17.1875,0
2570,26,8,0,0,4,0,0,0,4896.0,4744.0,0.0,64,74,15.625,0
2570,27,0,1,8,0,0,0,1,7008.0,-49.0,13200.0,72,82,13.88888888888889,1
2570,28,8,0,6,4,0,0,0,4488.0,6167.0,0.0,72,83,15.277777777777779,0
2572,3,9,2,7,4,1,1,0,2640.0,4923.0,0.0,34,37,8.823529411764707,0
2572,4,7,3,9,3,1,1,1,4488.0,2357.0,9120.0,36,38,5.555555555555555,0
2572,5,9,3,9,4,1,1,1,2592.0,6997.0,3120.0,36,39,8.333333333333332,0
2572,6,9,2,9,4,1,1,0,1536.0,7504.0,0.0,38,43,13.157894736842104,0
2572,7,9,2,9,4,1,1,0,768.0,5969.0,0.0,40,46,15.0,0
2572,8,9,0,8,4,1,0,0,1368.0,5202.0,0.0,40,49,22.5,0
2572,9,8,3,9,4,0,1,1,4656.0,3858.0,4800.0,34,38,11.76470588235294,0
2572,10,9,3,9,4,1,1,1,1392.0,4002.0,3840.0,34,41,20.588235294117645,0
2572,11,9,2,9,4,1,1,0,2472.0,6337.0,0.0,38,42,10.526315789473683,0
2572,12,9,3,9,4,1,1,1,3336.0,3942.0,3456.0,36,43,19.444444444444446,0
2572,13,9,3,9,4,1,1,1,12960.0,3983.0,16848.0,35,37,5.714285714285714,0
2572,14,9,0,8,4,1,0,0,1392.0,7852.0,0.0,35,42,20.0,0
2572,15,8,2,9,4,0,1,0,1464.0,6406.0,0.0,38,44,15.789473684210526,0
2572,16,9,3,9,4,1,1,1,4416.0,4938.0,3120.0,40,45,12.5,0
2572,17,9,2,7,4,1,1,0,2112.0,3736.0,0.0,40,46,15.0,0
2572,18,7,3,7,3,1,1,1,2472.0,1704.0,3120.0,40,46,15.0,0
2572,19,7,3,9,3,1,1,1,1464.0,2351.0,3120.0,40,45,12.5,0
2572,20,9,0,6,4,1,0,0,768.0,4006.0,0.0,40,49,22.5,0
2572,21,6,2,7,3,0,1,0,960.0,3231.0,0.0,40,45,12.5,0
2572,22,7,3,9,3,1,1,1,4512.0,2221.0,12480.0,40,43,7.5,0
2572,23,9,2,9,4,1,1,0,1224.0,10230.0,0.0,40,46,15.0,0
2572,24,9,0,8,4,1,0,0,1824.0,9004.0,0.0,40,49,22.5,0
2572,25,8,2,9,4,0,1,0,3216.0,7152.0,0.0,40,46,15.0,0
2572,26,9,3,9,4,1,1,1,3408.0,3863.0,8064.0,40,45,12.5,0
2572,27,9,0,8,4,1,0,0,1032.0,8740.0,0.0,40,49,22.5,0
2572,28,8,3,9,4,0,1,1,2928.0,7708.0,2688.0,45,47,4.444444444444445,0
2585,3,6,0,6,3,0,0,0,648.0,2784.0,0.0,113,142,25.663716814159294,0
2585,4,6,0,6,3,0,0,0,720.0,2160.0,0.0,113,142,25.663716814159294,0
2585,5,6,1,4,3,0,0,1,1032.0,1443.0,720.0,113,142,25.663716814159294,0
2585,6,4,1,4,2,0,0,1,648.0,1135.0,720.0,113,143,26.548672566371685,0
2585,7,4,0,4,2,0,0,0,384.0,1209.0,0.0,113,143,26.548672566371685,0
2585,8,4,1,6,2,0,0,1,1032.0,781.0,2400.0,113,143,26.548672566371685,1
2585,9,6,0,6,3,0,0,0,768.0,2198.0,0.0,113,143,26.548672566371685,0
2585,10,6,1,6,3,0,0,1,768.0,1430.0,2400.0,113,143,26.548672566371685,0
2585,11,6,1,6,3,0,0,1,936.0,2208.0,1200.0,113,143,26.548672566371685,0
2585,12,6,0,6,3,0,0,0,768.0,2472.0,0.0,113,145,28.31858407079646,0
2585,13,6,1,6,3,0,0,1,1224.0,1465.0,1200.0,113,145,28.31858407079646,0
2585,14,6,1,6,3,0,0,1,408.0,1465.0,720.0,113,145,28.31858407079646,0
2585,15,6,0,4,3,0,0,0,792.0,1775.0,0.0,113,141,24.778761061946902,0
2585,16,4,1,6,2,0,0,1,936.0,960.0,1440.0,113,132,16.8141592920354,0
2585,17,6,0,2,3,0,0,0,792.0,1464.0,0.0,113,136,20.353982300884958,0
2585,18,2,1,2,1,0,0,1,696.0,648.0,480.0,113,136,20.353982300884958,0
2585,19,2,1,0,1,0,0,1,960.0,457.0,720.0,113,136,20.353982300884958,0
2585,20,0,1,4,0,0,0,1,936.0,218.0,1680.0,113,136,20.353982300884958,1
2585,21,4,3,5,2,0,1,1,1824.0,963.0,1920.0,102,131,28.431372549019606,0
2585,22,5,3,7,2,1,1,1,1200.0,1059.0,1920.0,113,134,18.58407079646018,0
2585,23,7,1,6,3,1,0,1,984.0,1821.0,1200.0,113,136,20.353982300884958,0
2585,24,6,0,4,3,0,0,0,912.0,1927.0,0.0,113,136,20.353982300884958,0
2585,25,4,1,4,2,0,0,1,1080.0,955.0,1200.0,113,141,24.778761061946902,0
2585,26,4,1,4,2,0,0,1,936.0,1033.0,1200.0,115,142,23.47826086956522,0
2585,27,4,0,2,2,0,0,0,840.0,1368.0,0.0,115,144,25.217391304347824,0
2585,28,2,1,4,1,0,0,1,1008.0,528.0,1680.0,115,144,25.217391304347824,0
2608,3,4,0,4,2,0,0,0,144.0,1368.0,0.0,85,104,22.35294117647059,0
2608,4,4,0,4,2,0,0,0,216.0,1224.0,0.0,85,109,28.235294117647058,0
2608,5,4,0,4,2,0,0,0,144.0,1032.0,0.0,85,104,22.35294117647059,0
2608,6,4,0,4,2,0,0,0,192.0,888.0,0.0,85,109,28.235294117647058,0
2608,7,4,1,6,2,0,0,1,264.0,696.0,1152.0,85,109,28.235294117647058,0
2608,8,6,0,4,3,0,0,0,696.0,1584.0,0.0,85,109,28.235294117647058,0
2608,9,4,0,4,2,0,0,0,168.0,888.0,0.0,85,109,28.235294117647058,0
2608,10,4,0,2,2,0,0,0,216.0,720.0,0.0,85,109,28.235294117647058,0
2608,11,2,0,2,1,0,0,0,96.0,456.0,0.0,85,109,28.235294117647058,0
2608,12,2,1,4,1,0,0,1,240.0,360.0,576.0,82,105,28.04878048780488,0
2608,13,4,3,7,2,0,1,1,528.0,694.0,3120.0,73,99,35.61643835616438,0
2608,14,7,2,5,3,1,1,0,2016.0,3286.0,0.0,73,92,26.027397260273972,0
2608,15,5,0,4,2,1,0,0,240.0,1269.0,0.0,73,95,30.136986301369863,0
2608,16,4,0,4,2,0,0,0,144.0,1029.0,0.0,73,88,20.54794520547945,0
2608,17,4,0,4,2,0,0,0,96.0,885.0,0.0,73,87,19.17808219178082,0
2608,18,4,0,2,2,0,0,0,144.0,768.0,0.0,73,87,19.17808219178082,0
2608,19,2,0,2,1,0,0,0,240.0,624.0,0.0,73,88,20.54794520547945,0
2608,20,2,1,4,1,0,0,1,312.0,384.0,672.0,79,89,12.658227848101266,0
2608,21,4,0,2,2,0,0,0,336.0,744.0,0.0,79,96,21.518987341772153,0
2608,22,2,0,0,1,0,0,0,144.0,408.0,0.0,79,96,21.518987341772153,0
2608,23,0,0,0,0,0,0,0,144.0,264.0,0.0,79,96,21.518987341772153,0
2608,24,0,1,0,0,0,0,1,336.0,119.0,480.0,63,96,52.38095238095239,0
2608,25,0,1,6,0,0,0,1,264.0,260.0,1440.0,63,82,30.158730158730158,0
2608,26,6,0,4,3,0,0,0,432.0,1436.0,0.0,63,79,25.396825396825395,0
2608,27,4,0,2,2,0,0,0,528.0,1008.0,0.0,63,79,25.396825396825395,0
2608,28,2,1,4,1,0,0,1,648.0,480.0,1440.0,71,82,15.492957746478872,0
2631,3,4,1,6,2,0,0,1,1152.0,1157.0,1440.0,74,93,25.675675675675674,0
2631,4,6,0,2,3,0,0,0,1008.0,1507.0,0.0,74,94,27.027027027027028,0
2631,5,2,1,2,1,0,0,1,1320.0,466.0,1200.0,74,94,27.027027027027028,1
2631,6,2,1,6,1,0,0,1,984.0,379.0,2400.0,80,98,22.5,0
2631,7,6,0,4,3,0,0,0,888.0,1806.0,0.0,80,103,28.749999999999996,0
2631,8,4,3,7,2,0,1,1,1464.0,952.0,3720.0,76,99,30.263157894736842,1
2631,9,7,2,7,3,1,1,0,1152.0,3219.0,0.0,76,85,11.842105263157894,0
2631,10,7,0,4,3,1,0,0,672.0,2068.0,0.0,76,98,28.947368421052634,0
2631,11,4,0,4,2,0,0,0,312.0,1129.0,0.0,76,98,28.947368421052634,0
2631,12,4,1,2,2,0,0,1,672.0,818.0,480.0,76,98,28.947368421052634,0
2631,13,2,1,4,1,0,0,1,792.0,555.0,1344.0,80,101,26.25,1
2631,14,4,0,4,2,0,0,0,456.0,1202.0,0.0,80,99,23.75,0
2631,15,4,1,2,2,0,0,1,1104.0,927.0,720.0,80,97,21.25,1
2631,16,2,1,0,1,0,0,1,1104.0,489.0,720.0,80,97,21.25,0
2631,17,0,3,7,0,0,1,1,3696.0,152.0,5544.0,76,90,18.421052631578945,0
2631,18,7,3,7,3,1,1,1,1008.0,3144.0,264.0,76,92,21.052631578947366,0
2631,19,7,0,6,3,1,0,0,1104.0,2756.0,0.0,76,91,19.736842105263158,0
2631,20,6,0,2,3,0,0,0,1320.0,1658.0,0.0,76,92,21.052631578947366,0
2631,21,2,1,0,1,0,0,1,1560.0,341.0,1440.0,80,96,20.0,0
2631,22,0,1,2,0,0,0,1,1536.0,211.0,1752.0,73,97,32.87671232876712,0
2631,23,2,1,4,1,0,0,1,1176.0,426.0,1584.0,73,97,32.87671232876712,0
2631,24,4,1,6,2,0,0,1,912.0,852.0,1656.0,73,97,32.87671232876712,0
2631,25,6,1,4,3,0,0,1,1080.0,1637.0,792.0,73,91,24.65753424657534,0
2631,26,4,3,7,2,0,1,1,2904.0,1337.0,3096.0,76,87,14.473684210526317,1
2631,27,7,3,7,3,1,1,1,1560.0,1585.0,1512.0,76,88,15.789473684210526,0
2631,28,7,0,2,3,1,0,0,1296.0,1585.0,0.0,76,95,25.0,0
2633,3,2,1,2,1,0,0,1,1128.0,298.0,1320.0,145,173,19.310344827586206,0
2633,4,2,3,5,1,0,1,1,1164.0,489.0,1440.0,143,167,16.783216783216783,0
2633,5,5,3,9,2,1,1,1,2304.0,752.0,5400.0,143,160,11.888111888111888,1
2633,6,9,3,7,4,1,1,1,6024.0,3854.0,3600.0,143,155,8.391608391608392,0
2633,7,7,1,8,3,1,0,1,1932.0,1432.0,4536.0,144,169,17.36111111111111,1
2633,8,8,3,9,4,0,1,1,8244.0,4029.0,9300.0,144,155,7.638888888888889,0
2633,9,9,2,7,4,1,1,0,2256.0,4977.0,0.0,144,161,11.805555555555555,0
2633,10,7,2,5,3,1,1,0,1944.0,2724.0,0.0,144,168,16.666666666666664,0
2633,11,5,3,7,2,1,1,1,4704.0,750.0,5820.0,152,167,9.868421052631579,0
2633,12,7,3,1,3,1,1,1,3564.0,1850.0,1956.0,140,164,17.142857142857142,1
2633,13,1,1,4,0,1,0,1,2136.0,224.0,2700.0,135,163,20.74074074074074,1
2633,14,4,3,7,2,0,1,1,3276.0,813.0,4500.0,151,157,3.9735099337748347,1
2633,15,7,3,5,3,1,1,1,5400.0,2035.0,4500.0,151,159,5.298013245033113,0
2633,16,5,3,5,2,1,1,1,1872.0,1087.0,1908.0,153,176,15.032679738562091,1
2633,17,5,3,7,2,1,1,1,1404.0,1100.0,2808.0,142,182,28.169014084507044,0
2633,18,7,3,7,3,1,1,1,6888.0,2448.0,7260.0,142,150,5.633802816901409,0
2633,19,7,3,9,3,1,1,1,2568.0,2810.0,6300.0,139,160,15.107913669064748,0
2633,20,9,3,9,4,1,1,1,5760.0,5858.0,4200.0,139,150,7.913669064748201,0
2633,21,9,2,7,4,1,1,0,2136.0,4282.0,0.0,139,149,7.194244604316546,0
2633,22,7,3,7,3,1,1,1,3612.0,2154.0,3720.0,142,154,8.450704225352112,1
2633,23,7,3,7,3,1,1,1,3228.0,2252.0,4356.0,142,154,8.450704225352112,1
2633,24,7,3,9,3,1,1,1,1703.0,2107.0,3708.0,126,167,32.53968253968254,0
2633,25,9,3,7,4,1,1,1,5124.0,4115.0,3708.0,126,140,11.11111111111111,0
2633,26,7,3,5,3,1,1,1,8592.0,2717.0,6660.0,130,136,4.615384615384616,1
2633,27,5,1,6,2,1,0,1,648.0,684.0,1800.0,145,159,9.655172413793103,0
2633,28,6,3,7,3,0,1,1,4068.0,2184.0,3600.0,150,160,6.666666666666667,0
2636,3,8,0,6,4,0,0,0,2650.0,4752.0,0.0,151,179,18.543046357615893,0
2636,4,6,3,7,3,0,1,1,6610.0,2074.0,6000.0,178,199,11.797752808988763,1
2636,5,7,3,7,3,1,1,1,2500.0,1478.0,3600.0,168,206,22.61904761904762,0
2636,6,7,3,7,3,1,1,1,2670.0,2573.0,1800.0,168,197,17.261904761904763,0
2636,7,7,3,3,3,1,1,1,1970.0,1712.0,800.0,178,207,16.292134831460675,0
2636,8,3,3,5,1,1,1,1,2270.0,558.0,2700.0,162,204,25.925925925925924,1
2636,9,5,3,5,2,1,1,1,10160.0,1015.0,10500.0,162,169,4.320987654320987,1
2636,10,5,3,7,2,1,1,1,4330.0,1376.0,4900.0,162,188,16.049382716049383,1
2636,11,7,3,1,3,1,1,1,10720.0,1596.0,9000.0,159,174,9.433962264150944,1
2636,12,1,3,7,0,1,1,1,7240.0,-128.0,9000.0,178,180,1.1235955056179776,1
2636,13,7,3,9,3,1,1,1,21050.0,1736.0,24600.0,163,175,7.361963190184049,1
2636,14,9,3,9,4,1,1,1,7030.0,5235.0,8000.0,163,172,5.521472392638037,0
2636,15,9,2,7,4,1,1,0,4380.0,6158.0,0.0,163,175,7.361963190184049,0
2636,16,7,3,7,3,1,1,1,12220.0,1773.0,13400.0,160,174,8.75,0
2636,17,7,3,9,3,1,1,1,8050.0,3060.0,8800.0,170,183,7.647058823529412,1
2636,18,9,3,7,4,1,1,1,9280.0,3860.0,7500.0,170,186,9.411764705882353,1
2636,19,7,3,7,3,1,1,1,5860.0,2079.0,7000.0,170,182,7.0588235294117645,0
2636,20,7,3,7,3,1,1,1,5510.0,3210.0,5000.0,170,187,10.0,0
2636,21,7,3,9,3,1,1,1,10930.0,2708.0,12000.0,170,177,4.117647058823529,0
2636,22,9,3,9,4,1,1,1,9030.0,3766.0,10090.0,172,183,6.395348837209303,0
2636,23,9,3,9,4,1,1,1,9120.0,4838.0,8000.0,172,179,4.069767441860465,1
2636,24,9,3,9,4,1,1,1,4770.0,3733.0,9200.0,178,203,14.04494382022472,0
2636,25,9,3,5,4,1,1,1,8950.0,8111.0,2000.0,198,201,1.5151515151515151,1
2636,26,5,3,5,2,1,1,1,2260.0,1134.0,2200.0,198,225,13.636363636363635,0
2636,27,5,1,8,2,1,0,1,2210.0,996.0,5200.0,198,229,15.656565656565657,1
2636,28,8,1,6,4,0,0,1,2890.0,3986.0,1500.0,198,229,15.656565656565657,0
2637,3,4,3,5,2,0,1,1,1488.0,1305.0,1200.0,249,297,19.27710843373494,0
2637,4,5,3,5,2,1,1,1,1644.0,1014.0,1740.0,249,294,18.072289156626507,0
2637,5,5,3,5,2,1,1,1,1968.0,1125.0,2040.0,249,290,16.46586345381526,0
2637,6,5,3,5,2,1,1,1,1836.0,1201.0,1560.0,249,289,16.06425702811245,0
2637,7,5,3,5,2,1,1,1,1368.0,926.0,1440.0,249,306,22.89156626506024,0
2637,8,5,1,4,2,1,0,1,1248.0,999.0,1080.0,249,314,26.104417670682732,0
2637,9,4,1,2,2,0,0,1,936.0,839.0,600.0,249,315,26.506024096385545,0
2637,10,2,3,7,1,0,1,1,1908.0,506.0,3360.0,265,294,10.943396226415095,1
2637,11,7,3,5,3,1,1,1,1548.0,1993.0,840.0,265,313,18.11320754716981,0
2637,12,5,1,4,2,1,0,1,1116.0,1279.0,720.0,265,334,26.037735849056602,0
2637,13,4,3,5,2,0,1,1,2724.0,864.0,2760.0,265,307,15.849056603773585,0
2637,14,5,1,2,2,1,0,1,996.0,901.0,720.0,265,337,27.169811320754718,0
2637,15,2,1,2,1,0,0,1,1116.0,625.0,840.0,265,319,20.37735849056604,1
2637,16,2,1,2,1,0,0,1,1692.0,361.0,1680.0,265,307,15.849056603773585,1
2637,17,2,3,5,1,0,1,1,3180.0,433.0,3300.0,265,294,10.943396226415095,1
2637,18,5,1,2,2,1,0,1,936.0,864.0,480.0,265,309,16.60377358490566,0
2637,19,2,3,3,1,0,1,1,1608.0,431.0,1440.0,265,296,11.69811320754717,0
2637,20,3,1,2,1,1,0,1,1116.0,309.0,1200.0,265,309,16.60377358490566,0
2637,21,2,3,1,1,0,1,1,1236.0,406.0,1080.0,265,302,13.962264150943396,1
2637,22,1,3,5,0,1,1,1,1584.0,273.0,2040.0,278,317,14.028776978417264,0
2637,23,5,1,6,2,1,0,1,1272.0,717.0,2760.0,278,321,15.467625899280577,1
2637,24,6,3,5,3,0,1,1,1248.0,2207.0,240.0,278,319,14.748201438848922,0
2637,25,5,3,5,2,1,1,1,1824.0,1199.0,1320.0,278,325,16.906474820143885,0
2637,26,5,1,4,2,1,0,1,1272.0,700.0,1920.0,278,328,17.985611510791365,0
2637,27,4,3,5,2,0,1,1,1680.0,1406.0,1536.0,278,325,16.906474820143885,1
2637,28,5,1,4,2,1,0,1,1164.0,1273.0,1152.0,278,328,17.985611510791365,0
2644,3,4,3,7,2,0,1,1,1940.0,960.0,3000.0,151,160,5.960264900662252,0
2644,4,7,0,4,3,1,0,0,1120.0,2043.0,0.0,151,171,13.245033112582782,0
2644,5,4,3,5,2,0,1,1,1750.0,924.0,2000.0,151,167,10.596026490066226,0
2644,6,5,3,5,2,1,1,1,1370.0,1204.0,1000.0,151,165,9.271523178807946,1
2644,7,5,3,5,2,1,1,1,1740.0,834.0,2000.0,151,162,7.28476821192053,0
2644,8,5,3,5,2,1,1,1,1420.0,1094.0,1000.0,151,170,12.582781456953644,1
2644,9,5,3,7,2,1,1,1,1190.0,724.0,2000.0,152,166,9.210526315789473,0
2644,10,7,3,7,3,1,1,1,2440.0,1534.0,2000.0,152,168,10.526315789473683,0
2644,11,7,3,5,3,1,1,1,1660.0,1620.0,1000.0,152,167,9.868421052631579,0
2644,12,5,3,5,2,1,1,1,2400.0,1030.0,2000.0,152,165,8.552631578947368,1
2644,13,5,3,5,2,1,1,1,1740.0,710.0,2000.0,152,167,9.868421052631579,0
2644,14,5,3,5,2,1,1,1,1540.0,990.0,1500.0,152,164,7.894736842105263,0
2644,15,5,3,5,2,1,1,1,1090.0,971.0,1300.0,152,167,9.868421052631579,0
2644,16,5,3,3,2,1,1,1,1810.0,1191.0,1000.0,152,162,6.578947368421052,0
2644,17,3,3,7,1,1,1,1,1670.0,381.0,3000.0,152,164,7.894736842105263,0
2644,18,7,3,5,3,1,1,1,1330.0,1670.0,500.0,152,161,5.921052631578947,0
2644,19,5,3,3,2,1,1,1,1480.0,841.0,1000.0,152,167,9.868421052631579,0
2644,20,3,3,5,1,1,1,1,990.0,361.0,1500.0,152,170,11.842105263157894,0
2644,21,5,1,2,2,1,0,1,850.0,921.0,500.0,152,175,15.131578947368421,0
2644,22,2,1,4,1,0,0,1,1360.0,631.0,1800.0,152,171,12.5,0
2644,23,4,1,2,2,0,0,1,1210.0,1091.0,500.0,152,171,12.5,0
2644,24,2,1,2,1,0,0,1,1400.0,391.0,1500.0,152,172,13.157894736842104,1
2644,25,2,1,4,1,0,0,1,1220.0,511.0,1500.0,152,172,13.157894736842104,0
2644,26,4,1,4,2,0,0,1,900.0,675.0,1000.0,150,171,14.000000000000002,1
2644,27,4,3,7,2,0,1,1,1500.0,680.0,2300.0,150,170,13.333333333333334,0
2644,28,7,3,3,3,1,1,1,1380.0,1480.0,500.0,155,168,8.38709677419355,0
