src/econirl/datasets/supermarket_data.csv
product_id,period,state,action,next_state,inventory_bin,lagged_promotion,promotion,ordered,sales,inventory,orders,wholesale_price,retail_price,markup_pct,stockout
2646,3,0,1,2,0,0,0,1,556.0,156.0,800.0,197,236,19.796954314720814,0
2646,4,2,1,2,1,0,0,1,348.0,400.0,400.0,197,236,19.796954314720814,0
2646,5,2,1,2,1,0,0,1,712.0,452.0,600.0,197,238,20.812182741116754,0
2646,6,2,1,2,1,0,0,1,420.0,340.0,600.0,197,238,20.812182741116754,0
2646,7,2,1,0,1,0,0,1,888.0,520.0,400.0,197,238,20.812182741116754,1
2646,8,0,1,4,0,0,0,1,1060.0,32.0,1800.0,197,238,20.812182741116754,1
2646,9,4,0,2,2,0,0,0,476.0,776.0,0.0,197,237,20.304568527918782,0
2646,10,2,1,2,1,0,0,1,928.0,301.0,1320.0,179,221,23.463687150837988,1
2646,11,2,1,2,1,0,0,1,624.0,656.0,400.0,197,218,10.65989847715736,0
2646,12,2,1,2,1,0,0,1,600.0,576.0,400.0,197,238,20.812182741116754,1
2646,13,2,1,2,1,0,0,1,556.0,372.0,800.0,216,252,16.666666666666664,0
2646,14,2,1,2,1,0,0,1,348.0,616.0,200.0,216,261,20.833333333333336,0
2646,15,2,1,2,1,0,0,1,328.0,469.0,400.0,216,254,17.59259259259259,0
2646,16,2,0,0,1,0,0,0,344.0,541.0,0.0,216,249,15.277777777777779,0
2646,17,0,3,5,0,0,1,1,4876.0,199.0,5800.0,194,213,9.793814432989691,0
2646,18,5,3,5,2,1,1,1,784.0,776.0,1100.0,194,221,13.917525773195877,0
2646,19,5,3,5,2,1,1,1,3408.0,1116.0,3520.0,194,212,9.278350515463918,1
2646,20,5,0,2,2,1,0,0,912.0,1236.0,0.0,194,226,16.49484536082474,0
2646,21,2,1,2,1,0,0,1,832.0,345.0,800.0,216,243,12.5,0
2646,22,2,3,5,1,0,1,1,2328.0,321.0,3080.0,196,216,10.204081632653061,1
2646,23,5,0,4,2,1,0,0,276.0,1057.0,0.0,196,249,27.040816326530614,0
2646,24,4,3,5,2,0,1,1,1260.0,788.0,1320.0,196,220,12.244897959183673,1
2646,25,5,2,3,2,1,1,0,488.0,855.0,0.0,196,234,19.387755102040817,0
2646,26,3,1,0,1,1,0,1,432.0,365.0,400.0,241,245,1.6597510373443984,1
2646,27,0,1,0,0,0,0,1,436.0,283.0,216.0,241,276,14.522821576763487,0
2646,28,0,1,2,0,0,0,1,360.0,63.0,640.0,241,277,14.937759336099585,0
2658,3,8,1,6,4,0,0,1,6480.0,5140.0,4776.0,64,64,0.0,1
2658,4,6,1,6,3,0,0,1,5208.0,3413.0,3600.0,57,69,21.052631578947366,0
2658,5,6,3,7,3,0,1,1,6840.0,2842.0,7200.0,57,64,12.280701754385964,0
2658,6,7,3,7,3,1,1,1,4512.0,3227.0,3600.0,57,65,14.035087719298245,0
2658,7,7,1,6,3,1,0,1,5520.0,2274.0,4800.0,57,66,15.789473684210526,0
2658,8,6,1,6,3,0,0,1,6840.0,1556.0,7200.0,57,67,17.543859649122805,0
2658,9,6,3,7,3,0,1,1,4128.0,1940.0,5520.0,57,66,15.789473684210526,1
2658,10,7,3,9,3,1,1,1,4944.0,3308.0,5760.0,57,66,15.789473684210526,1
2658,11,9,3,7,4,1,1,1,3672.0,3628.0,2880.0,57,66,15.789473684210526,0
2658,12,7,3,3,3,1,1,1,13392.0,2935.0,10800.0,52,54,3.8461538461538463,0
2658,13,3,3,9,1,1,1,1,5928.0,312.0,10800.0,57,59,3.508771929824561,1
2658,14,9,2,7,4,1,1,0,3552.0,5233.0,0.0,57,66,15.789473684210526,0
2658,15,7,1,6,3,1,0,1,3624.0,1659.0,5280.0,57,66,15.789473684210526,0
2658,16,6,3,7,3,0,1,1,5160.0,3219.0,5280.0,57,65,14.035087719298245,0
2658,17,7,3,9,3,1,1,1,4776.0,3436.0,6240.0,57,65,14.035087719298245,1
2658,18,9,2,7,4,1,1,0,3336.0,4848.0,0.0,57,65,14.035087719298245,0
2658,19,7,3,7,3,1,1,1,4200.0,1537.0,5040.0,57,65,14.035087719298245,0
2658,20,7,1,4,3,1,0,1,3504.0,2354.0,2400.0,63,69,9.523809523809524,0
2658,21,4,1,2,2,0,0,1,2976.0,1133.0,2400.0,63,73,15.873015873015872,0
2658,22,2,1,6,1,0,0,1,3144.0,532.0,4800.0,63,73,15.873015873015872,1
2658,23,6,3,9,3,0,1,1,13032.0,2211.0,23760.0,54,58,7.4074074074074066,0
2658,24,9,3,9,4,1,1,1,6312.0,13107.0,2640.0,54,62,14.814814814814813,0
2658,25,9,2,9,4,1,1,0,1848.0,9460.0,0.0,54,66,22.22222222222222,0
2658,26,9,3,9,4,1,1,1,5616.0,7502.0,12000.0,55,59,7.2727272727272725,0
2658,27,9,2,9,4,1,1,0,3936.0,13697.0,0.0,55,65,18.181818181818183,0
2658,28,9,3,9,4,1,1,1,6048.0,9779.0,9024.0,63,63,0.0,0
2673,3,5,3,7,2,1,1,1,8436.0,923.0,9072.0,108,111,2.7777777777777777,0
2673,4,7,3,7,3,1,1,1,12492.0,1527.0,13392.0,108,114,5.555555555555555,0
2673,5,7,3,9,3,1,1,1,11904.0,2443.0,15552.0,103,113,9.70873786407767,1
2673,6,9,3,9,4,1,1,1,17532.0,6084.0,16848.0,103,107,3.8834951456310676,0
2673,7,9,3,7,4,1,1,1,9852.0,5443.0,7344.0,108,111,2.7777777777777777,0
2673,8,7,3,7,3,1,1,1,9756.0,2947.0,9504.0,108,117,8.333333333333332,0
2673,9,7,3,7,3,1,1,1,7956.0,2660.0,8640.0,108,116,7.4074074074074066,1
2673,10,7,3,7,3,1,1,1,7812.0,3346.0,6480.0,108,117,8.333333333333332,0
2673,11,7,3,9,3,1,1,1,18576.0,1815.0,21168.0,106,112,5.660377358490567,0
2673,12,9,1,4,4,1,0,1,14064.0,4454.0,10788.0,94,103,9.574468085106384,0
2673,13,4,3,9,2,0,1,1,7128.0,1139.0,9504.0,108,113,4.62962962962963,0
2673,14,9,3,7,4,1,1,1,10824.0,3521.0,10368.0,100,110,10.0,0
2673,15,7,3,7,3,1,1,1,9636.0,3051.0,9072.0,100,106,6.0,0
2673,16,7,3,7,3,1,1,1,7440.0,2462.0,6912.0,109,116,6.422018348623854,0
2673,17,7,3,7,3,1,1,1,12612.0,2069.0,12384.0,100,110,10.0,1
2673,18,7,3,5,3,1,1,1,4344.0,1776.0,3456.0,100,116,16.0,0
2673,19,5,3,9,2,1,1,1,7692.0,891.0,10800.0,100,116,16.0,0
2673,20,9,3,9,4,1,1,1,8136.0,3942.0,7776.0,109,118,8.256880733944955,1
2673,21,9,1,6,4,1,0,1,4908.0,3568.0,4320.0,109,121,11.009174311926607,0
2673,22,6,3,7,3,0,1,1,18096.0,3074.0,18144.0,100,109,9.0,0
2673,23,7,3,7,3,1,1,1,3744.0,3187.0,2592.0,100,118,18.0,0
2673,24,7,3,9,3,1,1,1,5916.0,2023.0,10368.0,77,116,50.649350649350644,0
2673,25,9,3,9,4,1,1,1,23748.0,6573.0,21168.0,77,82,6.493506493506493,1
2673,26,9,3,9,4,1,1,1,12036.0,4145.0,14256.0,77,83,7.792207792207792,1
2673,27,9,2,5,4,1,1,0,4416.0,6330.0,0.0,77,101,31.16883116883117,0
2673,28,5,3,7,2,1,1,1,6312.0,1301.0,7776.0,101,105,3.9603960396039604,1
2679,3,8,1,6,4,0,0,1,4104.0,4771.0,1260.0,86,98,13.953488372093023,0
2679,4,6,1,6,3,0,0,1,5016.0,1884.0,5040.0,86,98,13.953488372093023,1
2679,5,6,1,6,3,0,0,1,7008.0,1912.0,7740.0,86,98,13.953488372093023,0
2679,6,6,3,7,3,0,1,1,4764.0,2674.0,3780.0,86,96,11.627906976744185,0
2679,7,7,3,9,3,1,1,1,6972.0,1729.0,8820.0,86,98,13.953488372093023,0
2679,8,9,3,7,4,1,1,1,11472.0,3532.0,11340.0,86,95,10.465116279069768,1
2679,9,7,3,7,3,1,1,1,5616.0,3393.0,5040.0,86,97,12.790697674418606,0
2679,10,7,3,7,3,1,1,1,5184.0,2829.0,6300.0,86,97,12.790697674418606,1
2679,11,7,1,6,3,1,0,1,4764.0,3066.0,5040.0,86,99,15.11627906976744,0
2679,12,6,1,6,3,0,0,1,5268.0,3393.0,5040.0,86,99,15.11627906976744,1
2679,13,6,1,8,3,0,0,1,4332.0,3180.0,6300.0,86,99,15.11627906976744,1
2679,14,8,1,8,4,0,0,1,2628.0,5136.0,1260.0,86,99,15.11627906976744,0
2679,15,8,3,7,4,0,1,1,14508.0,3581.0,13800.0,78,87,11.538461538461538,0
2679,16,7,3,7,3,1,1,1,5388.0,2723.0,5160.0,86,92,6.976744186046512,0
2679,17,7,3,9,3,1,1,1,11196.0,2276.0,12012.0,80,90,12.5,0
2679,18,9,3,7,4,1,1,1,10476.0,3516.0,9408.0,80,88,10.0,1
2679,19,7,1,4,3,1,0,1,6420.0,2316.0,5184.0,87,99,13.793103448275861,0
2679,20,4,3,5,2,0,1,1,15528.0,1077.0,15720.0,85,94,10.588235294117647,1
2679,21,5,3,9,2,1,1,1,13476.0,1285.0,18240.0,90,91,1.1111111111111112,1
2679,22,9,1,8,4,1,0,1,3528.0,6124.0,2040.0,90,103,14.444444444444443,0
2679,23,8,3,9,4,0,1,1,20952.0,4959.0,22380.0,85,88,3.5294117647058822,0
2679,24,9,3,9,4,1,1,1,8256.0,6393.0,10752.0,84,93,10.714285714285714,0
2679,25,9,2,9,4,1,1,0,2388.0,8740.0,0.0,84,97,15.476190476190476,0
2679,26,9,3,9,4,1,1,1,3696.0,6350.0,3024.0,84,95,13.095238095238097,0
2679,27,9,3,7,4,1,1,1,11928.0,5066.0,9576.0,84,87,3.571428571428571,1
2679,28,7,1,6,3,1,0,1,2256.0,2697.0,1860.0,94,105,11.702127659574469,0
2691,3,4,2,1,2,0,1,0,1128.0,1131.0,0.0,614,651,6.026058631921824,0
2691,4,1,3,7,0,1,1,1,1776.0,-8.0,3240.0,618,638,3.2362459546925564,1
2691,5,7,3,5,3,1,1,1,1752.0,1446.0,1200.0,630,643,2.0634920634920633,0
2691,6,5,3,3,2,1,1,1,1140.0,882.0,840.0,614,657,7.0032573289902285,0
2691,7,3,3,5,1,1,1,1,1776.0,582.0,2280.0,614,645,5.048859934853421,1
2691,8,5,3,7,2,1,1,1,3372.0,1086.0,4800.0,614,630,2.6058631921824107,1
2691,9,7,3,9,3,1,1,1,2892.0,2514.0,4320.0,614,625,1.7915309446254073,0
2691,10,9,2,7,4,1,1,0,840.0,3943.0,0.0,614,651,6.026058631921824,0
2691,11,7,2,3,3,1,1,0,2676.0,3158.0,0.0,614,630,2.6058631921824107,0
2691,12,3,3,5,1,1,1,1,4512.0,495.0,4800.0,640,623,-2.65625,1
2691,13,5,3,7,2,1,1,1,2724.0,732.0,3600.0,640,636,-0.625,1
2691,14,7,3,5,3,1,1,1,1392.0,1649.0,600.0,640,659,2.96875,0
2691,15,5,3,1,2,1,1,1,1200.0,910.0,600.0,640,671,4.84375,0
2691,16,1,3,7,0,1,1,1,3036.0,166.0,5400.0,640,657,2.65625,1
2691,17,7,2,3,3,1,1,0,2088.0,2518.0,0.0,640,672,5.0,0
2691,18,3,1,2,1,1,0,1,1308.0,444.0,1200.0,663,695,4.826546003016592,1
2691,19,2,3,3,1,0,1,1,1404.0,336.0,1440.0,681,712,4.552129221732746,0
2691,20,3,3,1,1,1,1,1,888.0,360.0,720.0,681,723,6.167400881057269,1
2691,21,1,1,6,0,1,0,1,792.0,204.0,2400.0,681,728,6.901615271659324,1
2691,22,6,2,1,3,0,1,0,1536.0,1812.0,0.0,681,711,4.405286343612335,0
2691,23,1,3,5,0,1,1,1,1284.0,276.0,2400.0,681,720,5.726872246696035,0
2691,24,5,2,1,2,1,1,0,1289.0,1393.0,0.0,681,736,8.076358296622614,0
2691,25,1,3,7,0,1,1,1,936.0,103.0,3960.0,677,728,7.533234859675036,1
2691,26,7,3,9,3,1,1,1,1440.0,3120.0,1800.0,676,714,5.621301775147929,0
2691,27,9,2,7,4,1,1,0,1620.0,3456.0,0.0,676,715,5.769230769230769,0
2691,28,7,2,3,3,1,1,0,1224.0,1836.0,0.0,676,726,7.396449704142012,0
2697,3,9,3,9,4,1,1,1,169536.0,34649.0,195120.0,29,33,13.793103448275861,0
2697,4,9,3,9,4,1,1,1,181776.0,56153.0,202176.0,30,30,0.0,0
2697,5,9,3,9,4,1,1,1,169968.0,76107.0,102384.0,30,33,10.0,1
2697,6,9,3,9,4,1,1,1,166608.0,8989.0,203472.0,30,33,10.0,0
2697,7,9,3,9,4,1,1,1,188856.0,41064.0,193104.0,29,34,17.24137931034483,0
2697,8,9,3,9,4,1,1,1,317328.0,45050.0,347328.0,29,30,3.4482758620689653,1
2697,9,9,3,9,4,1,1,1,175464.0,65879.0,163296.0,30,32,6.666666666666667,1
2697,10,9,3,9,4,1,1,1,131712.0,55891.0,106320.0,30,33,10.0,1
2697,11,9,3,5,4,1,1,1,148488.0,32678.0,117288.0,29,32,10.344827586206897,1
2697,12,5,3,3,2,1,1,1,219096.0,716.0,219528.0,29,30,3.4482758620689653,1
2697,13,3,3,9,1,1,1,1,115224.0,310.0,167184.0,34,34,0.0,1
2697,14,9,3,9,4,1,1,1,94968.0,52157.0,70944.0,32,37,15.625,0
2697,15,9,3,9,4,1,1,1,200928.0,27793.0,208656.0,32,34,6.25,0
2697,16,9,3,9,4,1,1,1,175392.0,35296.0,165888.0,34,34,0.0,0
2697,17,9,3,9,4,1,1,1,178920.0,26010.0,288096.0,32,35,9.375,1
2697,18,9,3,9,4,1,1,1,83256.0,131544.0,480.0,32,35,9.375,0
2697,19,9,3,9,4,1,1,1,161352.0,50197.0,258864.0,32,36,12.5,0
2697,20,9,3,9,4,1,1,1,175704.0,142163.0,57024.0,32,35,9.375,0
2697,21,9,3,9,4,1,1,1,209496.0,21030.0,228096.0,32,31,-3.125,0
2697,22,9,3,9,4,1,1,1,141864.0,39518.0,171912.0,29,32,10.344827586206897,0
2697,23,9,3,9,4,1,1,1,100920.0,67611.0,51120.0,32,33,3.125,1
2697,24,9,3,9,4,1,1,1,144552.0,17772.0,279936.0,32,33,3.125,0
2697,25,9,2,9,4,1,1,0,123552.0,145405.0,0.0,32,34,6.25,0
2697,26,9,3,9,4,1,1,1,152592.0,17686.0,216432.0,32,34,6.25,1
2697,27,9,3,9,4,1,1,1,140520.0,83120.0,161808.0,32,34,6.25,0
2697,28,9,2,9,4,1,1,0,86976.0,103149.0,0.0,32,36,12.5,0
2699,3,4,1,2,2,0,0,1,612.0,784.0,312.0,139,159,14.388489208633093,0
2699,4,2,1,2,1,0,0,1,600.0,496.0,624.0,139,159,14.388489208633093,0
2699,5,2,3,1,1,0,1,1,696.0,594.0,312.0,139,158,13.66906474820144,0
2699,6,1,1,0,0,1,0,1,708.0,212.0,624.0,139,159,14.388489208633093,0
2699,7,0,1,4,0,0,0,1,624.0,119.0,1248.0,139,162,16.546762589928058,1
2699,8,4,3,7,2,0,1,1,780.0,743.0,1872.0,139,160,15.107913669064748,0
2699,9,7,1,6,3,1,0,1,624.0,1847.0,312.0,139,162,16.546762589928058,0
2699,10,6,0,4,3,0,0,0,744.0,1535.0,0.0,139,162,16.546762589928058,0
2699,11,4,1,4,2,0,0,1,696.0,852.0,624.0,139,162,16.546762589928058,0
2699,12,4,3,5,2,0,1,1,1260.0,781.0,1248.0,139,154,10.79136690647482,0
2699,13,5,3,5,2,1,1,1,660.0,769.0,624.0,139,160,15.107913669064748,0
2699,14,5,1,2,2,1,0,1,720.0,745.0,312.0,136,159,16.911764705882355,0
2699,15,2,3,3,1,0,1,1,576.0,327.0,624.0,136,154,13.23529411764706,0
2699,16,3,3,1,1,1,1,1,744.0,375.0,624.0,136,152,11.76470588235294,0
2699,17,1,3,7,0,1,1,1,1908.0,256.0,4284.0,131,144,9.923664122137405,1
2699,18,7,2,7,3,1,1,0,720.0,2556.0,0.0,131,146,11.450381679389313,0
2699,19,7,0,4,3,1,0,0,924.0,1837.0,0.0,131,147,12.213740458015266,0
2699,20,4,3,7,2,0,1,1,3588.0,912.0,6120.0,125,132,5.6000000000000005,0
2699,21,7,2,7,3,1,1,0,1008.0,3377.0,0.0,125,141,12.8,0
2699,22,7,2,5,3,1,1,0,1344.0,2362.0,0.0,125,142,13.600000000000001,0
2699,23,5,3,5,2,1,1,1,1152.0,1017.0,1560.0,126,143,13.492063492063492,0
2699,24,5,3,5,2,1,1,1,1260.0,1415.0,660.0,126,142,12.698412698412698,0
2699,25,5,1,4,2,1,0,1,564.0,828.0,780.0,130,147,13.076923076923078,0
2699,26,4,1,4,2,0,0,1,984.0,1024.0,720.0,130,149,14.615384615384617,0
2699,27,4,1,8,2,0,0,1,1452.0,1046.0,5100.0,126,149,18.253968253968253,1
2699,28,8,3,7,4,0,1,1,3960.0,4766.0,2160.0,126,138,9.523809523809524,0
2701,3,4,1,2,2,0,0,1,1752.0,1003.0,1296.0,115,133,15.65217391304348,1
2701,4,2,1,4,1,0,0,1,2016.0,557.0,2160.0,115,133,15.65217391304348,0
2701,5,4,1,4,2,0,0,1,2772.0,792.0,3024.0,115,133,15.65217391304348,1
2701,6,4,1,4,2,0,0,1,2076.0,1082.0,1728.0,115,133,15.65217391304348,1
2701,7,4,1,8,2,0,0,1,2520.0,736.0,5616.0,104,133,27.884615384615387,0
2701,8,8,3,9,4,0,1,1,10944.0,3898.0,12096.0,104,112,7.6923076923076925,0
2701,9,9,3,7,4,1,1,1,8448.0,4887.0,5184.0,115,112,-2.608695652173913,1
2701,10,7,1,4,3,1,0,1,2844.0,1599.0,2160.0,115,134,16.52173913043478,0
2701,11,4,1,2,2,0,0,1,3144.0,696.0,3024.0,115,134,16.52173913043478,0
2701,12,2,1,0,1,0,0,1,4020.0,549.0,3456.0,115,134,16.52173913043478,1
2701,13,0,1,6,0,0,0,1,3852.0,0.0,6048.0,115,134,16.52173913043478,1
2701,14,6,1,6,3,0,0,1,3000.0,2185.0,2592.0,115,134,16.52173913043478,1
2701,15,6,3,7,3,0,1,1,10572.0,1537.0,11664.0,105,113,7.6190476190476195,0
2701,16,7,3,5,3,1,1,1,4248.0,2208.0,3456.0,117,129,10.256410256410255,0
2701,17,5,3,7,2,1,1,1,7188.0,949.0,9072.0,107,125,16.822429906542055,0
2701,18,7,2,1,3,1,1,0,2448.0,2568.0,0.0,107,133,24.299065420560748,0
2701,19,1,1,0,0,1,0,1,3804.0,123.0,3888.0,117,137,17.094017094017094,1
2701,20,0,3,7,0,0,1,1,9528.0,171.0,12012.0,108,124,14.814814814814813,1
2701,21,7,1,4,3,1,0,1,2628.0,2699.0,1296.0,117,138,17.94871794871795,0
2701,22,4,1,4,2,0,0,1,3036.0,1303.0,2592.0,117,138,17.94871794871795,0
2701,23,4,1,4,2,0,0,1,3360.0,858.0,3456.0,108,138,27.77777777777778,0
2701,24,4,3,9,2,0,1,1,15864.0,1015.0,19008.0,108,113,4.62962962962963,1
2701,25,9,3,7,4,1,1,1,3396.0,4128.0,1728.0,108,125,15.74074074074074,0
2701,26,7,3,7,3,1,1,1,6036.0,2421.0,5616.0,108,122,12.962962962962962,1
2701,27,7,1,6,3,1,0,1,2952.0,2119.0,3900.0,108,133,23.14814814814815,0
2701,28,6,1,4,3,0,0,1,3636.0,3086.0,1296.0,109,129,18.34862385321101,0
2705,3,2,1,0,1,0,0,1,636.0,372.0,312.0,139,159,14.388489208633093,0
2705,4,0,1,2,0,0,0,1,564.0,60.0,936.0,139,159,14.388489208633093,0
2705,5,2,3,1,1,0,1,1,708.0,432.0,312.0,139,160,15.107913669064748,0
2705,6,1,3,1,0,1,1,1,708.0,48.0,624.0,139,156,12.23021582733813,1
2705,7,1,1,4,0,1,0,1,360.0,-24.0,1248.0,139,162,16.546762589928058,1
2705,8,4,1,4,2,0,0,1,1056.0,864.0,1560.0,139,162,16.546762589928058,0
2705,9,4,2,5,2,0,1,0,636.0,1367.0,0.0,139,160,15.107913669064748,0
2705,10,5,1,4,2,1,0,1,936.0,735.0,936.0,139,162,16.546762589928058,0
2705,11,4,1,2,2,0,0,1,888.0,732.0,624.0,139,162,16.546762589928058,0
2705,12,2,3,3,1,0,1,1,1188.0,468.0,1248.0,139,157,12.949640287769784,1
2705,13,3,3,3,1,1,1,1,756.0,516.0,624.0,139,158,13.66906474820144,0
2705,14,3,3,3,1,1,1,1,876.0,384.0,936.0,136,155,13.970588235294118,0
2705,15,3,1,2,1,1,0,1,756.0,442.0,624.0,136,157,15.441176470588236,0
2705,16,2,3,1,1,0,1,1,1044.0,310.0,936.0,136,153,12.5,0
2705,17,1,3,7,0,1,1,1,2160.0,202.0,4284.0,131,145,10.687022900763358,1
2705,18,7,2,5,3,1,1,0,996.0,2352.0,0.0,131,148,12.977099236641221,0
2705,19,5,2,1,2,1,1,0,1128.0,1356.0,0.0,131,150,14.50381679389313,0
2705,20,1,3,9,0,1,1,1,5496.0,228.0,11112.0,125,132,5.6000000000000005,1
2705,21,9,2,9,4,1,1,0,1356.0,5831.0,0.0,125,141,12.8,0
2705,22,9,2,7,4,1,1,0,1440.0,4621.0,0.0,125,142,13.600000000000001,0
2705,23,7,2,7,3,1,1,0,1704.0,3303.0,0.0,125,142,13.600000000000001,0
2705,24,7,3,5,3,1,1,1,1464.0,1597.0,660.0,125,142,13.600000000000001,0
2705,25,5,1,4,2,1,0,1,552.0,708.0,780.0,130,144,10.76923076923077,0
2705,26,4,1,0,2,0,0,1,1284.0,948.0,720.0,130,149,14.615384615384617,1
2705,27,0,1,8,0,0,0,1,1332.0,217.0,6480.0,126,149,18.253968253968253,1
2705,28,8,3,9,4,0,1,1,3696.0,5365.0,2160.0,126,138,9.523809523809524,0
2707,3,2,0,2,1,0,0,0,96.0,660.0,0.0,488,559,14.549180327868852,0
2707,4,2,0,2,1,0,0,0,192.0,624.0,0.0,488,552,13.114754098360656,0
2707,5,2,0,2,1,0,0,0,96.0,437.0,0.0,488,553,13.319672131147541,0
2707,6,2,0,0,1,0,0,0,72.0,341.0,0.0,488,555,13.729508196721312,0
2707,7,0,3,3,0,0,1,1,120.0,270.0,240.0,512,553,8.0078125,0
2707,8,3,0,0,1,1,0,0,180.0,390.0,0.0,512,596,16.40625,0
2707,9,0,0,0,0,0,0,0,24.0,210.0,0.0,512,596,16.40625,0
2707,10,0,0,0,0,0,0,0,168.0,187.0,0.0,512,592,15.625,0
2707,11,0,1,4,0,0,0,1,120.0,108.0,1200.0,499,581,16.432865731462925,1
2707,12,4,3,1,2,0,1,1,1140.0,1188.0,240.0,512,513,0.1953125,0
2707,13,1,3,7,0,1,1,1,480.0,216.0,1440.0,512,575,12.3046875,1
2707,14,7,2,5,3,1,1,0,564.0,1464.0,0.0,512,529,3.3203125,0
2707,15,5,2,5,2,1,1,0,144.0,900.0,0.0,512,544,6.25,0
2707,16,5,2,3,2,1,1,0,132.0,756.0,0.0,512,575,12.3046875,0
2707,17,3,3,3,1,1,1,1,816.0,612.0,756.0,488,524,7.377049180327869,0
2707,18,3,2,3,1,1,1,0,120.0,564.0,0.0,488,559,14.549180327868852,0
2707,19,3,0,0,1,1,0,0,168.0,432.0,0.0,488,561,14.959016393442623,0
2707,20,0,0,0,0,0,0,0,168.0,276.0,0.0,488,557,14.139344262295081,0
2707,21,0,0,0,0,0,0,0,108.0,156.0,0.0,488,554,13.524590163934427,0
2707,22,0,1,6,0,0,0,1,96.0,48.0,2016.0,488,556,13.934426229508196,0
2707,23,6,0,6,3,0,0,0,144.0,1980.0,0.0,488,555,13.729508196721312,0
2707,24,6,0,6,3,0,0,0,300.0,1836.0,0.0,488,553,13.319672131147541,0
2707,25,6,0,4,3,0,0,0,228.0,1536.0,0.0,488,545,11.68032786885246,0
2707,26,4,0,4,2,0,0,0,144.0,1284.0,0.0,488,553,13.319672131147541,0
2707,27,4,2,5,2,0,1,0,384.0,1152.0,0.0,488,539,10.450819672131148,0
2707,28,5,1,2,2,1,0,1,156.0,768.0,12.0,498,559,12.248995983935743,0
