src/econirl/datasets/supermarket_data.csv
product_id,period,state,action,next_state,inventory_bin,lagged_promotion,promotion,ordered,sales,inventory,orders,wholesale_price,retail_price,markup_pct,stockout
2708,3,5,1,4,2,1,0,1,1632.0,910.0,1452.0,110,124,12.727272727272727,0
2708,4,4,1,2,2,0,0,1,1524.0,719.0,1188.0,110,132,20.0,1
2708,5,2,3,1,1,0,1,1,1692.0,376.0,1320.0,110,130,18.181818181818183,0
2708,6,1,1,0,0,1,0,1,708.0,6.0,660.0,110,131,19.090909090909093,1
2708,7,0,1,4,0,0,0,1,684.0,-38.0,1452.0,110,132,20.0,1
2708,8,4,3,7,2,0,1,1,7488.0,734.0,8328.0,110,116,5.454545454545454,1
2708,9,7,2,5,3,1,1,0,600.0,1564.0,0.0,110,131,19.090909090909093,0
2708,10,5,1,4,2,1,0,1,1272.0,1053.0,1320.0,110,132,20.0,0
2708,11,4,1,4,2,0,0,1,1224.0,1305.0,792.0,110,133,20.909090909090907,0
2708,12,4,1,8,2,0,0,1,1368.0,1025.0,6288.0,103,132,28.155339805825243,0
2708,13,8,3,9,4,0,1,1,8508.0,5940.0,7200.0,103,112,8.737864077669903,1
2708,14,9,2,7,4,1,1,0,2676.0,4657.0,0.0,103,114,10.679611650485436,0
2708,15,7,3,3,3,1,1,1,2520.0,1972.0,960.0,104,112,7.6923076923076925,0
2708,16,3,1,6,1,1,0,1,1440.0,400.0,2640.0,105,124,18.095238095238095,1
2708,17,6,0,2,3,0,0,0,1368.0,1600.0,0.0,105,125,19.047619047619047,0
2708,18,2,1,2,1,0,0,1,1140.0,312.0,1452.0,108,125,15.74074074074074,0
2708,19,2,1,0,1,0,0,1,2136.0,598.0,1620.0,105,125,19.047619047619047,0
2708,20,0,1,6,0,0,0,1,2628.0,83.0,5436.0,102,122,19.607843137254903,0
2708,21,6,0,4,3,0,0,0,1656.0,2875.0,0.0,105,124,18.095238095238095,0
2708,22,4,1,6,2,0,0,1,1548.0,1202.0,2688.0,102,121,18.627450980392158,0
2708,23,6,0,4,3,0,0,0,1488.0,2339.0,0.0,102,121,18.627450980392158,0
2708,24,4,1,0,2,0,0,1,1428.0,849.0,864.0,102,121,18.627450980392158,1
2708,25,0,1,4,0,0,0,1,1212.0,281.0,1920.0,107,121,13.084112149532709,1
2708,26,4,1,2,2,0,0,1,1488.0,966.0,1080.0,107,125,16.822429906542055,1
2708,27,2,1,4,1,0,0,1,1572.0,505.0,2220.0,104,125,20.192307692307693,1
2708,28,4,3,5,2,0,1,1,2100.0,1153.0,2160.0,100,118,18.0,1
2714,3,5,3,1,2,1,1,1,768.0,696.0,300.0,587,603,2.72572402044293,0
2714,4,1,3,5,0,1,1,1,660.0,253.0,1320.0,587,638,8.68824531516184,0
2714,5,5,2,3,2,1,1,0,504.0,913.0,0.0,587,625,6.473594548551959,0
2714,6,3,1,2,1,1,0,1,396.0,409.0,600.0,587,639,8.858603066439523,0
2714,7,2,3,3,1,0,1,1,624.0,603.0,600.0,595,641,7.73109243697479,1
2714,8,3,3,3,1,1,1,1,1368.0,579.0,1200.0,595,632,6.218487394957983,0
2714,9,3,3,1,1,1,1,1,432.0,414.0,240.0,617,646,4.700162074554295,0
2714,10,1,3,3,0,1,1,1,636.0,213.0,840.0,636,660,3.7735849056603774,1
2714,11,3,3,3,1,1,1,1,396.0,420.0,600.0,636,695,9.276729559748427,0
2714,12,3,3,1,1,1,1,1,2388.0,637.0,1800.0,611,627,2.618657937806874,1
2714,13,1,3,7,0,1,1,1,300.0,11.0,2400.0,611,653,6.873977086743044,1
2714,14,7,2,7,3,1,1,0,348.0,2124.0,0.0,611,655,7.201309328968904,0
2714,15,7,2,5,3,1,1,0,432.0,1815.0,0.0,611,659,7.855973813420622,0
2714,16,5,2,5,2,1,1,0,396.0,1383.0,0.0,611,659,7.855973813420622,0
2714,17,5,0,2,2,1,0,0,504.0,968.0,0.0,611,666,9.00163666121113,0
2714,18,2,0,0,1,0,0,0,480.0,480.0,0.0,611,665,8.8379705400982,0
2714,19,0,1,0,0,0,0,1,528.0,0.0,720.0,646,701,8.513931888544892,1
2714,20,0,3,5,0,0,1,1,1008.0,192.0,1800.0,646,688,6.5015479876160995,1
2714,21,5,2,3,2,1,1,0,600.0,972.0,0.0,646,696,7.739938080495357,0
2714,22,3,2,1,1,1,1,0,348.0,349.0,0.0,646,689,6.656346749226007,0
2714,23,1,3,5,0,1,1,1,1392.0,1.0,2280.0,583,650,11.49228130360206,1
2714,24,5,1,2,2,1,0,1,2141.0,890.0,1800.0,583,601,3.0874785591766725,1
2714,25,2,2,1,1,0,1,0,377.0,550.0,0.0,583,648,11.149228130360205,0
2714,26,1,3,5,0,1,1,1,504.0,163.0,1200.0,617,663,7.455429497568882,0
2714,27,5,2,1,2,1,1,0,732.0,960.0,0.0,617,681,10.372771474878444,0
2714,28,1,1,0,0,1,0,1,480.0,228.0,240.0,649,725,11.710323574730355,1
2718,3,4,3,3,2,0,1,1,2748.0,871.0,2400.0,1096,1110,1.2773722627737227,1
2718,4,3,3,7,1,1,1,1,2652.0,535.0,3720.0,1096,1101,0.45620437956204374,0
2718,5,7,3,5,3,1,1,1,2004.0,1604.0,1200.0,1096,1120,2.18978102189781,0
2718,6,5,3,3,2,1,1,1,1536.0,800.0,1200.0,1096,1135,3.5583941605839415,0
2718,7,3,3,5,1,1,1,1,2316.0,452.0,3000.0,1116,1116,0.0,1
2718,8,5,3,5,2,1,1,1,4188.0,1136.0,4200.0,1114,1139,2.244165170556553,0
2718,9,5,3,1,2,1,1,1,2711.0,1137.0,1800.0,1134,1153,1.6754850088183422,0
2718,10,1,3,5,0,1,1,1,1680.0,213.0,2400.0,1139,1150,0.9657594381035997,1
2718,11,5,3,5,2,1,1,1,1392.0,866.0,1800.0,1139,1173,2.9850746268656714,0
2718,12,5,3,7,2,1,1,1,6660.0,1252.0,8400.0,1124,1134,0.8896797153024912,1
2718,13,7,3,7,3,1,1,1,1800.0,1976.0,2400.0,1124,1129,0.4448398576512456,0
2718,14,7,2,7,3,1,1,0,912.0,2711.0,0.0,1124,1166,3.7366548042704624,0
2718,15,7,2,3,3,1,1,0,1272.0,1856.0,0.0,1124,1171,4.1814946619217075,0
2718,16,3,3,5,1,1,1,1,3396.0,584.0,3600.0,1139,1151,1.0535557506584723,1
2718,17,5,3,3,2,1,1,1,804.0,764.0,600.0,1139,1193,4.741000877963126,0
2718,18,3,3,3,1,1,1,1,1368.0,576.0,1320.0,1139,1180,3.5996488147497807,0
2718,19,3,3,3,1,1,1,1,2328.0,528.0,2280.0,1187,1199,1.0109519797809603,0
2718,20,3,3,5,1,1,1,1,2796.0,492.0,3000.0,1187,1210,1.9376579612468408,1
2718,21,5,3,3,2,1,1,1,996.0,717.0,600.0,1187,1252,5.475989890480202,0
2718,22,3,1,0,1,1,0,1,1320.0,404.0,1200.0,1187,1264,6.486941870261162,1
2718,23,0,1,4,0,0,0,1,804.0,284.0,1200.0,1217,1284,5.5053410024650775,1
2718,24,4,3,3,2,0,1,1,3859.0,680.0,3600.0,1217,1229,0.9860312243221034,0
2718,25,3,3,5,1,1,1,1,588.0,445.0,1200.0,1148,1273,10.888501742160278,1
2718,26,5,1,8,2,1,0,1,600.0,1040.0,4200.0,1148,1267,10.365853658536585,0
2718,27,8,2,7,4,0,1,0,2388.0,4572.0,0.0,1148,1169,1.8292682926829267,0
2718,28,7,2,5,3,1,1,0,972.0,2184.0,0.0,1148,1217,6.010452961672474,0
2723,3,6,3,7,3,0,1,1,1350.0,1733.0,2700.0,275,303,10.181818181818182,0
2723,4,7,3,7,3,1,1,1,1476.0,3084.0,450.0,275,292,6.181818181818182,0
2723,5,7,2,7,3,1,1,0,342.0,2058.0,0.0,275,337,22.545454545454547,0
2723,6,7,0,6,3,1,0,0,252.0,1734.0,0.0,275,337,22.545454545454547,0
2723,7,6,0,4,3,0,0,0,558.0,1482.0,0.0,275,346,25.818181818181817,0
2723,8,4,0,0,2,0,0,0,684.0,925.0,0.0,275,349,26.90909090909091,0
2723,9,0,1,2,0,0,0,1,432.0,241.0,540.0,296,371,25.33783783783784,0
2723,10,2,1,0,1,0,0,1,396.0,349.0,270.0,286,371,29.72027972027972,0
2723,11,0,1,2,0,0,0,1,252.0,270.0,540.0,306,364,18.954248366013072,0
2723,12,2,0,0,1,0,0,0,306.0,576.0,0.0,306,386,26.143790849673206,0
2723,13,0,1,0,0,0,0,1,378.0,270.0,360.0,299,387,29.431438127090303,1
2723,14,0,1,2,0,0,0,1,108.0,252.0,180.0,299,384,28.428093645484946,0
2723,15,2,0,0,1,0,0,0,180.0,324.0,0.0,299,351,17.391304347826086,0
2723,16,0,3,7,0,0,1,1,2196.0,162.0,4536.0,270,305,12.962962962962962,0
2723,17,7,2,7,3,1,1,0,306.0,2502.0,0.0,287,329,14.634146341463413,0
2723,18,7,2,7,3,1,1,0,216.0,2232.0,0.0,287,328,14.285714285714285,0
2723,19,7,3,7,3,1,1,1,1350.0,2016.0,1152.0,259,311,20.077220077220076,0
2723,20,7,3,3,3,1,1,1,2394.0,1818.0,1152.0,259,289,11.583011583011583,0
2723,21,3,0,0,1,1,0,0,504.0,612.0,0.0,259,315,21.62162162162162,0
2723,22,0,3,5,0,0,1,1,3474.0,126.0,4716.0,263,282,7.224334600760455,0
2723,23,5,0,4,2,1,0,0,72.0,1367.0,0.0,263,329,25.09505703422053,0
2723,24,4,3,7,2,0,1,1,774.0,1295.0,1800.0,245,279,13.877551020408163,0
2723,25,7,3,5,3,1,1,1,2808.0,2321.0,1800.0,245,270,10.204081632653061,1
2723,26,5,2,5,2,1,1,0,360.0,1348.0,0.0,245,281,14.69387755102041,0
2723,27,5,2,5,2,1,1,0,378.0,1043.0,0.0,245,279,13.877551020408163,0
2723,28,5,0,2,2,1,0,0,324.0,701.0,0.0,245,295,20.408163265306122,0
2731,3,7,2,3,3,1,1,0,1056.0,1625.0,0.0,295,329,11.525423728813559,0
2731,4,3,3,3,1,1,1,1,792.0,570.0,576.0,294,313,6.462585034013606,0
2731,5,3,3,5,1,1,1,1,588.0,365.0,1188.0,246,278,13.008130081300814,0
2731,6,5,3,3,2,1,1,1,1080.0,983.0,612.0,246,267,8.536585365853659,0
2731,7,3,2,3,1,1,1,0,204.0,515.0,0.0,246,308,25.203252032520325,0
2731,8,3,2,1,1,1,1,0,240.0,312.0,0.0,246,306,24.390243902439025,0
2731,9,1,1,4,0,1,0,1,132.0,79.0,1380.0,294,368,25.170068027210885,1
2731,10,4,3,5,2,0,1,1,708.0,1327.0,480.0,294,370,25.850340136054424,0
2731,11,5,3,7,2,1,1,1,1764.0,1020.0,3000.0,264,316,19.696969696969695,0
2731,12,7,3,7,3,1,1,1,252.0,2412.0,1188.0,264,299,13.257575757575758,0
2731,13,7,2,7,3,1,1,0,216.0,3360.0,0.0,264,316,19.696969696969695,0
2731,14,7,2,7,3,1,1,0,1104.0,3144.0,0.0,264,302,14.393939393939394,0
2731,15,7,2,5,3,1,1,0,648.0,2052.0,0.0,264,300,13.636363636363635,0
2731,16,5,2,5,2,1,1,0,132.0,1404.0,0.0,264,309,17.045454545454543,0
2731,17,5,0,4,2,1,0,0,120.0,1260.0,0.0,264,319,20.833333333333336,0
2731,18,4,2,5,2,0,1,0,192.0,1140.0,0.0,264,311,17.803030303030305,0
2731,19,5,0,2,2,1,0,0,372.0,948.0,0.0,264,318,20.454545454545457,0
2731,20,2,2,1,1,0,1,0,480.0,576.0,0.0,264,313,18.560606060606062,0
2731,21,1,1,0,0,1,0,1,240.0,84.0,360.0,297,348,17.17171717171717,1
2731,22,0,1,2,0,0,0,1,228.0,203.0,420.0,297,358,20.53872053872054,1
2731,23,2,3,5,1,0,1,1,660.0,396.0,1200.0,270,303,12.222222222222221,0
2731,24,5,0,4,2,1,0,0,120.0,936.0,0.0,270,338,25.185185185185183,0
2731,25,4,0,2,2,0,0,0,168.0,804.0,0.0,270,335,24.074074074074073,0
2731,26,2,2,3,1,0,1,0,300.0,614.0,0.0,270,317,17.40740740740741,0
2731,27,3,3,7,1,1,1,1,2088.0,303.0,3888.0,247,265,7.28744939271255,0
2731,28,7,3,7,3,1,1,1,468.0,2103.0,1296.0,247,276,11.740890688259109,0
2736,3,7,3,7,3,1,1,1,3070.0,2122.0,2850.0,668,628,-5.9880239520958085,0
2736,4,7,2,7,3,1,1,0,245.0,1889.0,0.0,668,702,5.089820359281437,0
2736,5,7,3,7,3,1,1,1,1090.0,1644.0,2400.0,622,636,2.2508038585209005,0
2736,6,7,2,5,3,1,1,0,1810.0,2949.0,0.0,622,626,0.6430868167202572,0
2736,7,5,3,7,2,1,1,1,440.0,1140.0,2100.0,622,655,5.305466237942122,0
2736,8,7,2,7,3,1,1,0,465.0,2801.0,0.0,622,658,5.787781350482315,0
2736,9,7,3,9,3,1,1,1,1545.0,2331.0,3750.0,622,629,1.1254019292604502,0
2736,10,9,3,9,4,1,1,1,1455.0,4534.0,750.0,575,607,5.565217391304348,0
2736,11,9,2,7,4,1,1,0,1220.0,3846.0,0.0,622,584,-6.109324758842444,0
2736,12,7,2,7,3,1,1,0,275.0,2635.0,0.0,622,654,5.144694533762058,0
2736,13,7,3,9,3,1,1,1,515.0,2360.0,3750.0,613,649,5.872756933115824,0
2736,14,9,2,9,4,1,1,0,2090.0,5596.0,0.0,613,624,1.794453507340946,0
2736,15,9,2,7,4,1,1,0,215.0,3501.0,0.0,613,644,5.057096247960848,0
2736,16,7,0,6,3,1,0,0,335.0,3285.0,0.0,613,667,8.809135399673735,0
2736,17,6,0,6,3,0,0,0,295.0,2949.0,0.0,613,667,8.809135399673735,0
2736,18,6,0,6,3,0,0,0,235.0,2660.0,0.0,613,667,8.809135399673735,0
2736,19,6,0,6,3,0,0,0,295.0,2426.0,0.0,613,667,8.809135399673735,0
2736,20,6,2,7,3,0,1,0,520.0,2130.0,0.0,613,664,8.31973898858075,0
2736,21,7,2,5,3,1,1,0,410.0,1610.0,0.0,613,659,7.504078303425775,0
2736,22,5,2,5,2,1,1,0,495.0,1200.0,0.0,613,648,5.709624796084829,0
2736,23,5,2,3,2,1,1,0,135.0,705.0,0.0,613,637,3.915171288743882,0
2736,24,3,3,1,1,1,1,1,2555.0,570.0,1950.0,522,544,4.21455938697318,1
2736,25,1,3,7,0,1,1,1,4505.0,-43.0,7950.0,534,530,-0.7490636704119851,1
2736,26,7,3,7,3,1,1,1,3705.0,3412.0,3000.0,525,536,2.0952380952380953,1
2736,27,7,3,9,3,1,1,1,5505.0,2762.0,8400.0,525,540,2.857142857142857,0
2736,28,9,3,9,4,1,1,1,3575.0,5662.0,2250.0,443,536,20.993227990970656,0
2741,3,5,3,3,2,1,1,1,3135.0,1385.0,2240.0,274,269,-1.824817518248175,1
2741,4,3,1,0,1,1,0,1,535.0,496.0,320.0,278,299,7.553956834532374,0
2741,5,0,3,7,0,0,1,1,1125.0,282.0,2395.0,266,281,5.639097744360902,0
2741,6,7,3,7,3,1,1,1,1975.0,1548.0,2080.0,266,269,1.1278195488721803,0
2741,7,7,3,5,3,1,1,1,2790.0,1668.0,1920.0,276,270,-2.1739130434782608,0
2741,8,5,3,3,2,1,1,1,800.0,798.0,480.0,276,280,1.4492753623188406,0
2741,9,3,3,5,1,1,1,1,1335.0,474.0,1920.0,276,278,0.7246376811594203,0
2741,10,5,3,7,2,1,1,1,2945.0,1066.0,3520.0,276,268,-2.898550724637681,0
2741,11,7,3,7,3,1,1,1,1530.0,1681.0,1760.0,277,285,2.888086642599278,0
2741,12,7,2,5,3,1,1,0,1040.0,1911.0,0.0,277,284,2.527075812274368,0
2741,13,5,0,0,2,1,0,0,700.0,900.0,0.0,277,305,10.108303249097473,0
2741,14,0,1,0,0,0,0,1,460.0,200.0,320.0,283,309,9.187279151943462,0
2741,15,0,1,0,0,0,0,1,650.0,60.0,800.0,310,335,8.064516129032258,0
2741,16,0,1,2,0,0,0,1,670.0,210.0,955.0,318,339,6.60377358490566,1
2741,17,2,1,2,1,0,0,1,595.0,495.0,480.0,318,347,9.119496855345911,0
2741,18,2,3,7,1,0,1,1,1770.0,375.0,3520.0,299,319,6.688963210702341,0
2741,19,7,0,6,3,1,0,0,540.0,2125.0,0.0,299,326,9.03010033444816,0
2741,20,6,1,4,3,0,0,1,525.0,1585.0,320.0,318,334,5.031446540880504,0
2741,21,4,0,4,2,0,0,0,510.0,1386.0,0.0,318,347,9.119496855345911,0
2741,22,4,0,2,2,0,0,0,535.0,875.0,0.0,318,347,9.119496855345911,0
2741,23,2,3,7,1,0,1,1,505.0,383.0,1600.0,295,340,15.254237288135593,0
2741,24,7,0,4,3,1,0,0,445.0,1475.0,0.0,295,348,17.966101694915253,0
2741,25,4,2,3,2,0,1,0,610.0,1031.0,0.0,295,339,14.915254237288137,0
2741,26,3,2,1,1,1,1,0,580.0,394.0,0.0,295,323,9.491525423728813,0
2741,27,1,1,0,0,1,0,1,430.0,230.0,480.0,322,353,9.627329192546584,1
2741,28,0,2,1,0,0,1,0,555.0,274.0,0.0,322,350,8.695652173913043,0
2748,3,8,1,8,4,0,0,1,12240.0,5805.0,11099.0,25,34,36.0,0
2748,4,8,3,9,4,0,1,1,34005.0,4889.0,39600.0,25,30,20.0,1
2748,5,9,3,9,4,1,1,1,16740.0,10516.0,13050.0,25,34,36.0,0
2748,6,9,3,9,4,1,1,1,26805.0,6869.0,30525.0,25,30,20.0,0
2748,7,9,1,8,4,1,0,1,11205.0,10653.0,5400.0,27,38,40.74074074074074,0
2748,8,8,3,9,4,0,1,1,23985.0,4833.0,25200.0,25,34,36.0,0
2748,9,9,3,9,4,1,1,1,28320.0,6073.0,34650.0,25,29,16.0,0
2748,10,9,1,8,4,1,0,1,10335.0,12421.0,7950.0,27,36,33.33333333333333,0
2748,11,8,1,6,4,0,0,1,10545.0,9414.0,4500.0,27,39,44.44444444444444,1
2748,12,6,3,9,3,0,1,1,25020.0,3309.0,31185.0,25,32,28.000000000000004,0
2748,13,9,3,9,4,1,1,1,20430.0,9450.0,24225.0,25,35,40.0,1
2748,14,9,3,9,4,1,1,1,49395.0,13259.0,51150.0,25,29,16.0,0
2748,15,9,0,8,4,1,0,0,8640.0,14103.0,0.0,30,42,40.0,0
2748,16,8,3,9,4,0,1,1,29640.0,4338.0,34650.0,30,37,23.333333333333332,0
2748,17,9,3,9,4,1,1,1,7530.0,7957.0,12900.0,30,42,40.0,0
2748,18,9,3,9,4,1,1,1,17835.0,12494.0,9900.0,30,38,26.666666666666668,0
2748,19,9,3,9,4,1,1,1,19605.0,4573.0,21900.0,30,36,20.0,1
2748,20,9,1,8,4,1,0,1,15720.0,6874.0,13500.0,30,43,43.333333333333336,0
2748,21,8,3,9,4,0,1,1,34185.0,4671.0,35400.0,27,33,22.22222222222222,0
2748,22,9,3,9,4,1,1,1,39600.0,6418.0,39600.0,27,31,14.814814814814813,1
2748,23,9,1,8,4,1,0,1,6255.0,6347.0,6000.0,30,43,43.333333333333336,0
2748,24,8,3,9,4,0,1,1,24660.0,6093.0,25245.0,27,31,14.814814814814813,0
2748,25,9,3,9,4,1,1,1,14880.0,6694.0,17400.0,30,38,26.666666666666668,0
2748,26,9,3,9,4,1,1,1,20895.0,9182.0,24750.0,27,35,29.629629629629626,1
2748,27,9,3,5,4,1,1,1,26190.0,13633.0,13200.0,27,31,14.814814814814813,1
2748,28,5,3,7,2,1,1,1,17895.0,918.0,19875.0,30,34,13.333333333333334,1
2769,3,0,1,0,0,0,0,1,306.0,153.0,320.0,518,649,25.28957528957529,0
2769,4,0,3,5,0,0,1,1,1560.0,186.0,2320.0,499,552,10.62124248496994,0
2769,5,5,0,2,2,1,0,0,400.0,942.0,0.0,499,629,26.052104208416832,0
2769,6,2,0,0,1,0,0,0,336.0,598.0,0.0,499,625,25.250501002004004,0
2769,7,0,1,0,0,0,0,1,312.0,257.0,160.0,518,633,22.2007722007722,0
2769,8,0,3,3,0,0,1,1,760.0,105.0,1040.0,499,595,19.238476953907817,1
2769,9,3,3,5,1,1,1,1,968.0,393.0,1360.0,499,557,11.623246492985972,0
2769,10,5,0,2,2,1,0,0,288.0,777.0,0.0,499,627,25.651302605210418,0
2769,11,2,3,3,1,0,1,1,1032.0,569.0,960.0,518,554,6.94980694980695,0
2769,12,3,3,3,1,1,1,1,400.0,505.0,240.0,518,583,12.548262548262548,0
2769,13,3,1,0,1,1,0,1,392.0,336.0,320.0,518,661,27.606177606177607,0
2769,14,0,1,6,0,0,0,1,192.0,264.0,2560.0,530,679,28.11320754716981,0
2769,15,6,2,5,3,0,1,0,1304.0,2632.0,0.0,530,614,15.849056603773585,0
2769,16,5,2,5,2,1,1,0,304.0,1328.0,0.0,530,649,22.452830188679247,0
2769,17,5,3,3,2,1,1,1,1240.0,1024.0,800.0,540,618,14.444444444444443,0
2769,18,3,2,3,1,1,1,0,224.0,568.0,0.0,540,656,21.48148148148148,0
2769,19,3,1,0,1,1,0,1,360.0,344.0,240.0,551,684,24.137931034482758,0
2769,20,0,3,5,0,0,1,1,888.0,224.0,1344.0,551,628,13.974591651542651,1
2769,21,5,0,2,2,1,0,0,256.0,680.0,0.0,551,693,25.771324863883848,0
2769,22,2,0,0,1,0,0,0,312.0,424.0,0.0,551,697,26.497277676950997,0
2769,23,0,1,2,0,0,0,1,328.0,112.0,608.0,551,697,26.497277676950997,0
2769,24,2,3,3,1,0,1,1,752.0,415.0,800.0,551,649,17.78584392014519,1
2769,25,3,3,5,1,1,1,1,1088.0,471.0,1712.0,551,620,12.522686025408348,1
2769,26,5,3,5,2,1,1,1,872.0,1110.0,800.0,551,666,20.87114337568058,0
2769,27,5,3,7,2,1,1,1,600.0,1000.0,1448.0,551,625,13.430127041742287,0
2769,28,7,3,7,3,1,1,1,192.0,1879.0,624.0,551,636,15.426497277676951,0
2789,3,0,1,0,0,0,0,1,396.0,116.0,480.0,308,383,24.350649350649352,0
2789,4,0,1,0,0,0,0,1,480.0,200.0,360.0,305,387,26.885245901639344,1
2789,5,0,3,3,0,0,1,1,840.0,80.0,1320.0,305,354,16.065573770491802,1
2789,6,3,0,0,1,1,0,0,312.0,560.0,0.0,305,386,26.557377049180324,0
2789,7,0,1,4,0,0,0,1,504.0,248.0,1440.0,250,388,55.2,0
2789,8,4,3,1,2,0,1,1,3480.0,1184.0,2256.0,250,268,7.199999999999999,1
2789,9,1,1,0,0,1,0,1,12.0,-40.0,240.0,305,355,16.39344262295082,1
2789,10,0,1,0,0,0,0,1,492.0,188.0,180.0,305,392,28.524590163934427,1
2789,11,0,3,5,0,0,1,1,1920.0,-84.0,3240.0,280,313,11.785714285714285,1
2789,12,5,3,5,2,1,1,1,564.0,1260.0,600.0,280,323,15.357142857142858,0
2789,13,5,2,5,2,1,1,0,684.0,1356.0,0.0,280,336,20.0,0
2789,14,5,1,2,2,1,0,1,324.0,672.0,180.0,319,361,13.166144200626958,0
2789,15,2,0,0,1,0,0,0,540.0,540.0,0.0,319,395,23.824451410658305,0
2789,16,0,1,0,0,0,0,1,516.0,0.0,600.0,319,383,20.06269592476489,0
2789,17,0,1,0,0,0,0,1,408.0,84.0,588.0,319,384,20.37617554858934,1
2789,18,0,1,2,0,0,0,1,576.0,264.0,900.0,285,384,34.73684210526316,1
2789,19,2,3,1,1,0,1,1,1224.0,600.0,600.0,285,349,22.45614035087719,1
2789,20,1,1,0,0,1,0,1,444.0,-12.0,480.0,285,365,28.07017543859649,1
2789,21,0,3,5,0,0,1,1,3096.0,96.0,4200.0,275,301,9.454545454545455,0
2789,22,5,2,3,2,1,1,0,564.0,1188.0,0.0,275,336,22.181818181818183,0
2789,23,3,0,0,1,1,0,0,492.0,660.0,0.0,275,344,25.09090909090909,0
2789,24,0,3,1,0,0,1,1,456.0,181.0,480.0,319,359,12.539184952978054,1
2789,25,1,1,0,0,1,0,1,492.0,217.0,492.0,319,384,20.37617554858934,1
2789,26,0,3,1,0,0,1,1,294.0,217.0,180.0,319,382,19.74921630094044,1
2789,27,1,1,2,0,1,0,1,624.0,83.0,1044.0,319,382,19.74921630094044,1
2789,28,2,0,0,1,0,0,0,348.0,427.0,0.0,319,383,20.06269592476489,0
