src/econirl/datasets/supermarket_data.csv
product_id,period,state,action,next_state,inventory_bin,lagged_promotion,promotion,ordered,sales,inventory,orders,wholesale_price,retail_price,markup_pct,stockout
2838,3,5,3,5,2,1,1,1,2000.0,1382.0,1520.0,159,190,19.49685534591195,0
2838,4,5,3,5,2,1,1,1,2240.0,884.0,2600.0,159,184,15.723270440251572,0
2838,5,5,3,7,2,1,1,1,3160.0,1263.0,3680.0,159,178,11.949685534591195,0
2838,6,7,2,3,3,1,1,0,1440.0,1783.0,0.0,159,193,21.38364779874214,0
2838,7,3,3,7,1,1,1,1,9840.0,424.0,12000.0,155,162,4.516129032258064,1
2838,8,7,3,7,3,1,1,1,4360.0,2584.0,3800.0,159,172,8.176100628930817,1
2838,9,7,2,1,3,1,1,0,1800.0,2026.0,0.0,159,181,13.836477987421384,0
2838,10,1,1,4,0,1,0,1,1200.0,189.0,1800.0,159,189,18.867924528301888,1
2838,11,4,3,5,2,0,1,1,1680.0,760.0,1800.0,159,176,10.69182389937107,1
2838,12,5,3,5,2,1,1,1,1440.0,882.0,1440.0,159,184,15.723270440251572,0
2838,13,5,3,5,2,1,1,1,3120.0,720.0,3600.0,159,181,13.836477987421384,1
2838,14,5,3,5,2,1,1,1,1040.0,1208.0,720.0,159,180,13.20754716981132,0
2838,15,5,3,1,2,1,1,1,2240.0,884.0,1440.0,159,183,15.09433962264151,0
2838,16,1,3,3,0,1,1,1,2360.0,83.0,2880.0,165,188,13.939393939393941,0
2838,17,3,1,2,1,1,0,1,1480.0,603.0,1440.0,165,197,19.393939393939394,0
2838,18,2,3,9,1,0,1,1,4560.0,600.0,10400.0,156,172,10.256410256410255,1
2838,19,9,2,9,4,1,1,0,1480.0,6399.0,0.0,156,184,17.94871794871795,0
2838,20,9,0,6,4,1,0,0,1800.0,4919.0,0.0,156,185,18.58974358974359,0
2838,21,6,0,0,3,0,0,0,3720.0,3105.0,0.0,156,186,19.230769230769234,0
2838,22,0,3,5,0,0,1,1,2440.0,-641.0,1800.0,165,189,14.545454545454545,1
2838,23,5,3,9,2,1,1,1,1840.0,799.0,4680.0,142,169,19.014084507042252,0
2838,24,9,3,9,4,1,1,1,2280.0,3719.0,6000.0,85,121,42.35294117647059,0
2838,25,9,3,7,4,1,1,1,22880.0,7439.0,18880.0,85,91,7.0588235294117645,1
2838,26,7,2,7,3,1,1,0,1440.0,3437.0,0.0,85,115,35.294117647058826,0
2838,27,7,2,5,3,1,1,0,1400.0,2318.0,0.0,85,146,71.76470588235294,0
2838,28,5,3,3,2,1,1,1,1240.0,958.0,720.0,165,162,-1.8181818181818181,0
2839,3,0,1,0,0,0,0,1,180.0,156.0,240.0,205,259,26.34146341463415,1
2839,4,0,1,0,0,0,0,1,192.0,216.0,120.0,205,262,27.80487804878049,0
2839,5,0,1,0,0,0,0,1,240.0,144.0,240.0,205,259,26.34146341463415,1
2839,6,0,1,0,0,0,0,1,252.0,143.0,204.0,205,259,26.34146341463415,0
2839,7,0,1,0,0,0,0,1,312.0,95.0,480.0,205,264,28.780487804878046,1
2839,8,0,1,2,0,0,0,1,348.0,287.0,540.0,205,269,31.21951219512195,0
2839,9,2,1,0,1,0,0,1,360.0,479.0,120.0,205,267,30.24390243902439,0
2839,10,0,1,0,0,0,0,1,216.0,263.0,300.0,205,268,30.73170731707317,0
2839,11,0,1,0,0,0,0,1,240.0,241.0,180.0,205,263,28.292682926829265,0
2839,12,0,1,0,0,0,0,1,204.0,181.0,180.0,205,267,30.24390243902439,0
2839,13,0,1,0,0,0,0,1,324.0,82.0,288.0,205,267,30.24390243902439,0
2839,14,0,1,0,0,0,0,1,120.0,94.0,120.0,245,308,25.71428571428571,0
2839,15,0,1,0,0,0,0,1,180.0,105.0,300.0,245,306,24.897959183673468,1
2839,16,0,1,0,0,0,0,1,204.0,201.0,60.0,245,327,33.46938775510204,0
2839,17,0,1,0,0,0,0,1,60.0,81.0,120.0,397,307,-22.670025188916874,0
2839,18,0,1,0,0,0,0,1,170.0,120.0,100.0,397,495,24.68513853904282,0
2839,19,0,1,0,0,0,0,1,200.0,40.0,240.0,397,475,19.64735516372796,1
2839,20,0,1,0,0,0,0,1,150.0,80.0,200.0,397,481,21.158690176322416,0
2839,21,0,1,0,0,0,0,1,160.0,130.0,100.0,397,472,18.89168765743073,0
2839,22,0,1,0,0,0,0,1,130.0,70.0,100.0,397,479,20.65491183879093,0
2839,23,0,1,0,0,0,0,1,100.0,50.0,100.0,397,469,18.1360201511335,1
2839,24,0,1,0,0,0,0,1,60.0,50.0,180.0,397,484,21.91435768261965,0
2839,25,0,0,0,0,0,0,0,80.0,180.0,0.0,397,469,18.1360201511335,0
2839,26,0,1,0,0,0,0,1,80.0,100.0,60.0,397,471,18.639798488664987,0
2839,27,0,1,0,0,0,0,1,110.0,30.0,220.0,397,477,20.151133501259448,0
2839,28,0,1,0,0,0,0,1,130.0,140.0,100.0,397,486,22.418136020151135,0
2841,3,9,3,9,4,1,1,1,278028.0,12407.0,279504.0,64,71,10.9375,1
2841,4,9,3,9,4,1,1,1,384420.0,9366.0,401328.0,64,65,1.5625,1
2841,5,9,3,9,4,1,1,1,138996.0,22985.0,121728.0,64,67,4.6875,1
2841,6,9,3,1,4,1,1,1,112344.0,4585.0,101952.0,64,68,6.25,1
2841,7,1,3,9,0,1,1,1,92400.0,-5593.0,219732.0,62,68,9.67741935483871,1
2841,8,9,3,7,4,1,1,1,235284.0,122260.0,123552.0,62,65,4.838709677419355,1
2841,9,7,3,9,3,1,1,1,315252.0,1846.0,340416.0,67,65,-2.9850746268656714,1
2841,10,9,3,9,4,1,1,1,251304.0,28118.0,234120.0,65,68,4.615384615384616,1
2841,11,9,3,1,4,1,1,1,348168.0,5868.0,356460.0,71,66,-7.042253521126761,1
2841,12,1,1,8,0,1,0,1,61284.0,-4218.0,128688.0,73,78,6.8493150684931505,1
2841,13,8,3,9,4,0,1,1,570252.0,66986.0,584052.0,76,72,-5.263157894736842,1
2841,14,9,3,9,4,1,1,1,228612.0,56881.0,228084.0,72,76,5.555555555555555,1
2841,15,9,3,9,4,1,1,1,175704.0,53616.0,145560.0,67,72,7.462686567164178,1
2841,16,9,3,7,4,1,1,1,457908.0,22957.0,457080.0,66,66,0.0,1
2841,17,7,3,1,3,1,1,1,224220.0,1513.0,213408.0,63,66,4.761904761904762,1
2841,18,1,3,9,0,1,1,1,242748.0,-13596.0,329052.0,64,63,-1.5625,1
2841,19,9,3,9,4,1,1,1,201108.0,19658.0,194028.0,60,63,5.0,1
2841,20,9,3,9,4,1,1,1,264696.0,13444.0,310176.0,60,64,6.666666666666667,1
2841,21,9,3,1,4,1,1,1,96468.0,54380.0,41472.0,66,64,-3.0303030303030303,1
2841,22,1,1,8,0,1,0,1,179532.0,-2499.0,203616.0,69,73,5.797101449275362,1
2841,23,8,3,9,4,0,1,1,282912.0,11645.0,344520.0,73,74,1.36986301369863,1
2841,24,9,3,9,4,1,1,1,202692.0,58511.0,199788.0,73,74,1.36986301369863,1
2841,25,9,3,9,4,1,1,1,390504.0,53304.0,426816.0,73,73,0.0,0
2841,26,9,3,9,4,1,1,1,242220.0,82028.0,254916.0,71,73,2.8169014084507045,1
2841,27,9,3,9,4,1,1,1,370272.0,89196.0,312744.0,68,73,7.352941176470589,1
2841,28,9,3,3,4,1,1,1,427344.0,28547.0,422412.0,68,67,-1.4705882352941175,1
2845,3,2,1,0,1,0,0,1,372.0,372.0,144.0,279,344,23.297491039426525,0
2845,4,0,1,2,0,0,0,1,396.0,156.0,660.0,279,346,24.014336917562723,0
2845,5,2,1,0,1,0,0,1,336.0,420.0,120.0,279,345,23.655913978494624,0
2845,6,0,1,0,0,0,0,1,312.0,204.0,240.0,285,351,23.157894736842106,0
2845,7,0,1,0,0,0,0,1,360.0,132.0,420.0,285,362,27.017543859649123,1
2845,8,0,1,0,0,0,0,1,480.0,192.0,480.0,288,359,24.65277777777778,1
2845,9,0,1,2,0,0,0,1,240.0,192.0,420.0,288,367,27.430555555555557,0
2845,10,2,1,0,1,0,0,1,432.0,372.0,180.0,288,364,26.38888888888889,0
2845,11,0,1,0,0,0,0,1,264.0,96.0,360.0,295,369,25.08474576271186,0
2845,12,0,1,0,0,0,0,1,336.0,228.0,384.0,294,369,25.510204081632654,0
2845,13,0,1,0,0,0,0,1,420.0,276.0,300.0,299,369,23.411371237458194,0
2845,14,0,1,0,0,0,0,1,276.0,168.0,360.0,299,381,27.424749163879596,0
2845,15,0,1,0,0,0,0,1,216.0,260.0,120.0,299,371,24.08026755852843,0
2845,16,0,1,0,0,0,0,1,240.0,165.0,240.0,299,368,23.076923076923077,1
2845,17,0,1,0,0,0,0,1,276.0,177.0,120.0,299,367,22.74247491638796,1
2845,18,0,1,0,0,0,0,1,348.0,0.0,420.0,299,367,22.74247491638796,0
2845,19,0,1,0,0,0,0,1,396.0,72.0,300.0,299,367,22.74247491638796,1
2845,20,0,1,0,0,0,0,1,396.0,-24.0,480.0,299,365,22.073578595317723,1
2845,21,0,1,0,0,0,0,1,384.0,72.0,300.0,299,369,23.411371237458194,1
2845,22,0,1,0,0,0,0,1,348.0,-1.0,600.0,299,368,23.076923076923077,1
2845,23,0,3,5,0,0,1,1,468.0,251.0,1200.0,285,335,17.543859649122805,0
2845,24,5,0,4,2,1,0,0,312.0,983.0,0.0,285,359,25.964912280701753,0
2845,25,4,0,2,2,0,0,0,336.0,671.0,0.0,285,348,22.105263157894736,0
2845,26,2,0,0,1,0,0,0,264.0,335.0,0.0,285,352,23.50877192982456,0
2845,27,0,1,0,0,0,0,1,240.0,96.0,216.0,299,366,22.40802675585284,0
2845,28,0,1,0,0,0,0,1,312.0,72.0,396.0,319,389,21.9435736677116,1
2859,3,2,1,4,1,0,0,1,432.0,474.0,672.0,145,177,22.06896551724138,0
2859,4,4,1,4,2,0,0,1,240.0,714.0,648.0,156,173,10.897435897435898,0
2859,5,4,2,5,2,0,1,0,408.0,1122.0,0.0,156,179,14.743589743589745,0
2859,6,5,1,4,2,1,0,1,456.0,714.0,648.0,156,185,18.58974358974359,0
2859,7,4,0,2,2,0,0,0,432.0,906.0,0.0,156,185,18.58974358974359,0
2859,8,2,1,2,1,0,0,1,648.0,474.0,648.0,156,189,21.153846153846153,0
2859,9,2,0,0,1,0,0,0,384.0,474.0,0.0,156,187,19.871794871794872,0
2859,10,0,3,5,0,0,1,1,528.0,90.0,1296.0,164,192,17.073170731707318,0
2859,11,5,2,1,2,1,1,0,768.0,888.0,0.0,164,192,17.073170731707318,0
2859,12,1,1,2,0,1,0,1,408.0,144.0,648.0,153,185,20.915032679738562,0
2859,13,2,1,4,1,0,0,1,960.0,384.0,1296.0,164,195,18.902439024390244,0
2859,14,4,0,2,2,0,0,0,288.0,744.0,0.0,164,196,19.51219512195122,0
2859,15,2,0,0,1,0,0,0,312.0,509.0,0.0,164,196,19.51219512195122,0
2859,16,0,1,2,0,0,0,1,288.0,185.0,432.0,164,192,17.073170731707318,0
2859,17,2,1,2,1,0,0,1,384.0,329.0,648.0,172,198,15.11627906976744,0
2859,18,2,1,2,1,0,0,1,432.0,576.0,216.0,172,201,16.86046511627907,0
2859,19,2,1,2,1,0,0,1,456.0,360.0,432.0,172,202,17.441860465116278,0
2859,20,2,1,0,1,0,0,1,720.0,342.0,432.0,172,202,17.441860465116278,1
2859,21,0,1,2,0,0,0,1,432.0,78.0,648.0,172,202,17.441860465116278,1
2859,22,2,1,2,1,0,0,1,816.0,293.0,864.0,172,201,16.86046511627907,1
2859,23,2,3,5,1,0,1,1,864.0,341.0,1656.0,161,183,13.664596273291925,1
2859,24,5,2,5,2,1,1,0,288.0,1133.0,0.0,161,198,22.981366459627328,0
2859,25,5,3,3,2,1,1,1,720.0,846.0,216.0,172,197,14.534883720930234,0
2859,26,3,1,2,1,1,0,1,384.0,342.0,432.0,172,209,21.511627906976745,1
2859,27,2,1,0,1,0,0,1,432.0,408.0,216.0,172,209,21.511627906976745,0
2859,28,0,1,0,0,0,0,1,264.0,192.0,216.0,183,221,20.76502732240437,0
2883,3,9,3,9,4,1,1,1,233020.0,26873.0,222720.0,114,112,-1.7543859649122806,1
2883,4,9,3,9,4,1,1,1,126460.0,16018.0,158400.0,114,115,0.8771929824561403,1
2883,5,9,3,9,4,1,1,1,163830.0,46995.0,134400.0,114,115,0.8771929824561403,0
2883,6,9,3,9,4,1,1,1,91550.0,19256.0,133440.0,114,115,0.8771929824561403,0
2883,7,9,3,9,4,1,1,1,106250.0,11344.0,131520.0,116,116,0.0,0
2883,8,9,3,9,4,1,1,1,129260.0,34845.0,136320.0,116,118,1.7241379310344827,0
2883,9,9,3,9,4,1,1,1,115490.0,33575.0,113280.0,116,117,0.8620689655172413,1
2883,10,9,3,9,4,1,1,1,158040.0,30055.0,179520.0,116,117,0.8620689655172413,1
2883,11,9,3,9,4,1,1,1,138340.0,31675.0,148800.0,116,116,0.0,1
2883,12,9,3,9,4,1,1,1,164130.0,40093.0,135360.0,116,116,0.0,1
2883,13,9,3,9,4,1,1,1,306460.0,8692.0,365760.0,116,110,-5.172413793103448,1
2883,14,9,3,9,4,1,1,1,82820.0,56040.0,67200.0,116,118,1.7241379310344827,0
2883,15,9,3,9,4,1,1,1,111880.0,39655.0,114240.0,116,117,0.8620689655172413,0
2883,16,9,3,9,4,1,1,1,165350.0,41924.0,160320.0,118,117,-0.847457627118644,0
2883,17,9,1,8,4,1,0,1,137850.0,35821.0,158400.0,118,121,2.5423728813559325,1
2883,18,8,3,9,4,0,1,1,80150.0,44398.0,68160.0,118,108,-8.47457627118644,0
2883,19,9,1,8,4,1,0,1,93540.0,30376.0,89930.0,118,121,2.5423728813559325,0
2883,20,8,3,9,4,0,1,1,121590.0,29577.0,136320.0,118,114,-3.389830508474576,1
2883,21,9,1,8,4,1,0,1,92120.0,36315.0,69120.0,118,121,2.5423728813559325,0
2883,22,8,3,9,4,0,1,1,170990.0,12834.0,183360.0,118,114,-3.389830508474576,1
2883,23,9,1,8,4,1,0,1,85170.0,12011.0,92160.0,118,121,2.5423728813559325,0
2883,24,8,3,9,4,0,1,1,182640.0,15969.0,211200.0,118,112,-5.084745762711865,1
2883,25,9,3,9,4,1,1,1,153860.0,42892.0,161280.0,118,111,-5.932203389830509,1
2883,26,9,1,8,4,1,0,1,71730.0,35361.0,67200.0,118,121,2.5423728813559325,1
2883,27,8,3,9,4,0,1,1,156030.0,28692.0,158400.0,118,114,-3.389830508474576,1
2883,28,9,1,8,4,1,0,1,96310.0,30979.0,93580.0,120,121,0.8333333333333334,0
2884,3,5,3,7,2,1,1,1,2592.0,1035.0,3600.0,248,278,12.096774193548388,0
2884,4,7,3,7,3,1,1,1,2568.0,2035.0,2160.0,261,262,0.38314176245210724,0
2884,5,7,3,7,3,1,1,1,1296.0,1631.0,1440.0,261,291,11.494252873563218,0
2884,6,7,3,5,3,1,1,1,1512.0,1781.0,720.0,261,303,16.091954022988507,0
2884,7,5,3,3,2,1,1,1,1776.0,995.0,1440.0,261,288,10.344827586206897,0
2884,8,3,3,7,1,1,1,1,1632.0,660.0,2880.0,261,299,14.559386973180077,0
2884,9,7,3,5,3,1,1,1,1896.0,1939.0,720.0,261,293,12.260536398467432,0
2884,10,5,3,7,2,1,1,1,1920.0,783.0,2784.0,254,290,14.173228346456693,0
2884,11,7,3,7,3,1,1,1,3864.0,1593.0,5328.0,248,269,8.46774193548387,0
2884,12,7,2,5,3,1,1,0,1800.0,3063.0,0.0,248,268,8.064516129032258,0
2884,13,5,1,4,2,1,0,1,1608.0,1273.0,1560.0,266,304,14.285714285714285,0
2884,14,4,0,2,2,0,0,0,840.0,1225.0,0.0,266,308,15.789473684210526,0
2884,15,2,1,0,1,0,0,1,1104.0,388.0,720.0,266,306,15.037593984962406,1
2884,16,0,3,7,0,0,1,1,2112.0,4.0,5160.0,257,294,14.396887159533073,1
2884,17,7,3,7,3,1,1,1,2880.0,3052.0,2232.0,257,284,10.505836575875486,0
2884,18,7,0,4,3,1,0,0,768.0,1680.0,0.0,257,296,15.17509727626459,0
2884,19,4,0,0,2,0,0,0,1344.0,1273.0,0.0,257,292,13.618677042801556,0
2884,20,0,3,7,0,0,1,1,2544.0,-71.0,5040.0,252,281,11.507936507936508,1
2884,21,7,3,5,3,1,1,1,3192.0,2425.0,1728.0,252,270,7.142857142857142,1
2884,22,5,3,3,2,1,1,1,1368.0,985.0,720.0,269,294,9.293680297397769,0
2884,23,3,3,7,1,1,1,1,1776.0,337.0,3600.0,254,293,15.354330708661418,0
2884,24,7,2,5,3,1,1,0,984.0,2163.0,0.0,254,298,17.322834645669293,0
2884,25,5,3,7,2,1,1,1,2136.0,1203.0,4320.0,255,284,11.372549019607844,1
2884,26,7,2,7,3,1,1,0,1632.0,3399.0,0.0,255,281,10.196078431372548,0
2884,27,7,2,3,3,1,1,0,1392.0,1813.0,0.0,255,305,19.607843137254903,0
2884,28,3,3,3,1,1,1,1,1440.0,420.0,1440.0,269,305,13.382899628252787,1
2893,3,9,2,9,4,1,1,0,14664.0,21978.0,0.0,315,317,0.6349206349206349,0
2893,4,9,1,8,4,1,0,1,3900.0,7275.0,20148.0,316,323,2.2151898734177213,0
2893,5,8,2,9,4,0,1,0,15564.0,22946.0,0.0,316,317,0.31645569620253167,0
2893,6,9,2,1,4,1,1,0,8184.0,7595.0,0.0,315,320,1.5873015873015872,0
2893,7,1,3,3,0,1,1,1,8388.0,-568.0,9072.0,315,320,1.5873015873015872,1
2893,8,3,1,6,1,1,0,1,4920.0,313.0,6600.0,315,329,4.444444444444445,1
2893,9,6,3,9,3,0,1,1,5568.0,1984.0,16512.0,321,337,4.984423676012461,1
2893,10,9,2,9,4,1,1,0,7152.0,13048.0,0.0,321,334,4.049844236760125,0
2893,11,9,2,1,4,1,1,0,6108.0,5836.0,0.0,321,326,1.557632398753894,0
2893,12,1,1,8,0,1,0,1,6336.0,-106.0,10080.0,285,305,7.017543859649122,1
2893,13,8,3,9,4,0,1,1,86832.0,3701.0,100007.0,289,265,-8.304498269896193,1
2893,14,9,3,9,4,1,1,1,27744.0,12608.0,70848.0,289,285,-1.384083044982699,0
2893,15,9,3,9,4,1,1,1,23568.0,55194.0,21600.0,289,282,-2.422145328719723,0
2893,16,9,2,9,4,1,1,0,38244.0,53232.0,0.0,289,283,-2.0761245674740483,0
2893,17,9,3,9,4,1,1,1,8292.0,14388.0,20160.0,296,301,1.6891891891891893,0
2893,18,9,3,9,4,1,1,1,28416.0,25367.0,17520.0,308,299,-2.922077922077922,1
2893,19,9,3,9,4,1,1,1,6972.0,14621.0,19152.0,303,307,1.3201320132013201,0
2893,20,9,3,9,4,1,1,1,19416.0,26913.0,13200.0,303,302,-0.33003300330033003,0
2893,21,9,3,1,4,1,1,1,23088.0,20744.0,3600.0,303,301,-0.6600660066006601,1
2893,22,1,0,0,0,1,0,0,168.0,25.0,0.0,303,325,7.2607260726072615,0
2893,23,0,1,6,0,0,0,1,2820.0,-36.0,4572.0,328,354,7.926829268292683,1
2893,24,6,1,2,3,0,0,1,6168.0,1730.0,5040.0,328,355,8.231707317073171,1
2893,25,2,1,6,1,0,0,1,7620.0,604.0,9048.0,305,328,7.540983606557377,1
2893,26,6,1,8,3,0,0,1,7428.0,1929.0,10104.0,305,324,6.229508196721312,1
2893,27,8,1,6,4,0,0,1,5592.0,3818.0,5040.0,308,327,6.1688311688311686,1
2893,28,6,0,0,3,0,0,0,3384.0,3218.0,0.0,308,329,6.8181818181818175,0
2939,3,1,1,0,0,1,0,1,24.0,39.0,27.0,785,1089,38.726114649681534,0
2939,4,0,1,0,0,0,0,1,30.0,42.0,27.0,785,1041,32.611464968152866,0
2939,5,0,1,0,0,0,0,1,36.0,42.0,27.0,785,1043,32.86624203821656,0
2939,6,0,1,0,0,0,0,1,36.0,30.0,27.0,785,1004,27.898089171974522,0
2939,7,0,1,0,0,0,0,1,36.0,22.0,54.0,785,1083,37.961783439490446,1
2939,8,0,1,0,0,0,0,1,30.0,38.0,54.0,785,1051,33.88535031847134,0
2939,9,0,0,0,0,0,0,0,63.0,62.0,0.0,785,1019,29.808917197452228,0
2939,10,0,1,0,0,0,0,1,15.0,-1.0,54.0,785,1032,31.46496815286624,0
2939,11,0,0,0,0,0,0,0,27.0,48.0,0.0,785,1087,38.47133757961784,0
2939,12,0,1,0,0,0,0,1,33.0,21.0,27.0,785,1093,39.23566878980892,0
2939,13,0,1,0,0,0,0,1,30.0,15.0,27.0,785,1045,33.12101910828025,0
2939,14,0,1,0,0,0,0,1,24.0,12.0,27.0,785,1045,33.12101910828025,0
2939,15,0,1,0,0,0,0,1,15.0,21.0,27.0,785,1063,35.4140127388535,0
2939,16,0,1,0,0,0,0,1,42.0,34.0,54.0,795,912,14.716981132075471,0
2939,17,0,1,0,0,0,0,1,24.0,46.0,27.0,795,1059,33.20754716981132,0
2939,18,0,0,0,0,0,0,0,33.0,63.0,0.0,795,1079,35.72327044025157,0
2939,19,0,0,0,0,0,0,0,18.0,30.0,0.0,795,1033,29.937106918238992,0
2939,20,0,1,0,0,0,0,1,39.0,12.0,27.0,795,1017,27.92452830188679,0
2939,21,0,1,0,0,0,0,1,30.0,0.0,54.0,795,1044,31.32075471698113,0
2939,22,0,1,0,0,0,0,1,33.0,30.0,27.0,795,1052,32.32704402515723,0
2939,23,0,1,0,0,0,0,1,30.0,24.0,27.0,795,1074,35.094339622641506,1
2939,24,0,1,0,0,0,0,1,42.0,21.0,63.0,795,1048,31.82389937106918,1
2939,25,0,1,0,0,0,0,1,24.0,42.0,54.0,795,1006,26.540880503144653,0
2939,26,0,0,0,0,0,0,0,27.0,72.0,0.0,795,1097,37.9874213836478,0
2939,27,0,3,1,0,0,1,1,27.0,42.0,27.0,795,941,18.364779874213834,0
2939,28,1,3,1,0,1,1,1,45.0,42.0,54.0,795,997,25.40880503144654,1
