src/econirl/datasets/supermarket_data.csv
product_id,period,state,action,next_state,inventory_bin,lagged_promotion,promotion,ordered,sales,inventory,orders,wholesale_price,retail_price,markup_pct,stockout
3161,3,0,3,1,0,0,1,1,370.0,220.0,200.0,750,843,12.4,0
3161,4,1,1,2,0,1,0,1,130.0,70.0,500.0,750,873,16.400000000000002,0
3161,5,2,0,2,1,0,0,0,90.0,440.0,0.0,750,849,13.200000000000001,0
3161,6,2,0,0,1,0,0,0,90.0,350.0,0.0,750,834,11.200000000000001,0
3161,7,0,0,0,0,0,0,0,90.0,260.0,0.0,750,884,17.866666666666667,0
3161,8,0,1,0,0,0,0,1,170.0,180.0,200.0,750,902,20.266666666666666,0
3161,9,0,1,0,0,0,0,1,120.0,210.0,100.0,750,879,17.2,0
3161,10,0,1,0,0,0,0,1,128.0,190.0,100.0,760,899,18.289473684210527,0
3161,11,0,1,2,0,0,0,1,90.0,172.0,200.0,780,917,17.564102564102562,0
3161,12,2,0,0,1,0,0,0,140.0,301.0,0.0,780,926,18.71794871794872,0
3161,13,0,1,0,0,0,0,1,110.0,181.0,100.0,780,926,18.71794871794872,0
3161,14,0,0,0,0,0,0,0,130.0,168.0,0.0,780,929,19.102564102564102,0
3161,15,0,1,0,0,0,0,1,140.0,37.0,150.0,780,894,14.615384615384617,0
3161,16,0,1,0,0,0,0,1,90.0,47.0,30.0,780,918,17.692307692307693,0
3161,17,0,1,0,0,0,0,1,60.0,-13.0,150.0,780,915,17.307692307692307,1
3161,18,0,0,0,0,0,0,0,60.0,101.0,0.0,780,922,18.205128205128204,0
3161,19,0,1,0,0,0,0,1,60.0,41.0,50.0,780,929,19.102564102564102,0
3161,20,0,1,0,0,0,0,1,60.0,34.0,150.0,780,929,19.102564102564102,1
3161,21,0,0,0,0,0,0,0,60.0,124.0,0.0,780,922,18.205128205128204,0
3161,22,0,1,0,0,0,0,1,90.0,64.0,150.0,870,947,8.85057471264368,1
3161,23,0,1,0,0,0,0,1,100.0,134.0,100.0,870,1032,18.620689655172416,0
3161,24,0,0,0,0,0,0,0,100.0,134.0,0.0,870,1036,19.080459770114942,0
3161,25,0,1,0,0,0,0,1,60.0,34.0,100.0,870,1011,16.206896551724135,1
3161,26,0,0,0,0,0,0,0,30.0,74.0,0.0,870,1013,16.436781609195403,0
3161,27,0,1,0,0,0,0,1,90.0,51.0,100.0,870,1038,19.310344827586206,0
3161,28,0,3,1,0,0,1,1,60.0,71.0,100.0,870,962,10.574712643678161,0
3232,3,2,1,4,1,0,0,1,1296.0,498.0,1680.0,115,143,24.347826086956523,0
3232,4,4,1,2,2,0,0,1,1176.0,883.0,720.0,115,144,25.217391304347824,0
3232,5,2,1,2,1,0,0,1,1332.0,433.0,1320.0,115,142,23.47826086956522,0
3232,6,2,1,2,1,0,0,1,1056.0,406.0,1080.0,115,143,24.347826086956523,0
3232,7,2,1,2,1,0,0,1,1188.0,431.0,1320.0,115,145,26.08695652173913,0
3232,8,2,3,7,1,0,1,1,1920.0,565.0,3600.0,115,147,27.82608695652174,0
3232,9,7,2,5,3,1,1,0,996.0,2235.0,0.0,115,133,15.65217391304348,0
3232,10,5,0,2,2,1,0,0,876.0,1228.0,0.0,115,147,27.82608695652174,0
3232,11,2,1,2,1,0,0,1,1068.0,333.0,1320.0,121,154,27.27272727272727,0
3232,12,2,1,0,1,0,0,1,1308.0,586.0,720.0,121,155,28.09917355371901,1
3232,13,0,1,4,0,0,0,1,2004.0,-13.0,2952.0,121,155,28.09917355371901,1
3232,14,4,1,4,2,0,0,1,996.0,927.0,720.0,121,155,28.09917355371901,1
3232,15,4,1,2,2,0,0,1,984.0,685.0,960.0,121,152,25.6198347107438,0
3232,16,2,1,2,1,0,0,1,1104.0,662.0,960.0,121,149,23.140495867768596,0
3232,17,2,3,1,1,0,1,1,2196.0,518.0,1800.0,111,134,20.72072072072072,1
3232,18,1,3,1,0,1,1,1,504.0,108.0,600.0,111,144,29.72972972972973,0
3232,19,1,1,0,0,1,0,1,708.0,202.0,600.0,115,144,25.217391304347824,0
3232,20,0,1,2,0,0,0,1,756.0,108.0,1200.0,115,142,23.47826086956522,1
3232,21,2,1,2,1,0,0,1,960.0,550.0,960.0,115,142,23.47826086956522,0
3232,22,2,1,2,1,0,0,1,936.0,540.0,720.0,137,145,5.839416058394161,1
3232,23,2,1,4,1,0,0,1,540.0,311.0,960.0,137,169,23.357664233576642,1
3232,24,4,1,2,2,0,0,1,948.0,719.0,600.0,137,169,23.357664233576642,1
3232,25,2,3,7,1,0,1,1,1404.0,359.0,3600.0,126,165,30.952380952380953,1
3232,26,7,3,7,3,1,1,1,3084.0,2591.0,3600.0,126,150,19.047619047619047,0
3232,27,7,0,6,3,1,0,0,444.0,3012.0,0.0,126,168,33.33333333333333,0
3232,28,6,0,6,3,0,0,0,732.0,2592.0,0.0,126,169,34.12698412698413,0
3237,3,7,3,5,3,1,1,1,4680.0,1845.0,3960.0,110,127,15.454545454545453,0
3237,4,5,3,1,2,1,1,1,5748.0,1134.0,4800.0,110,120,9.090909090909092,0
3237,5,1,3,1,0,1,1,1,4836.0,187.0,4872.0,110,119,8.181818181818182,1
3237,6,1,3,3,0,1,1,1,1680.0,223.0,1800.0,114,128,12.280701754385964,0
3237,7,3,3,7,1,1,1,1,5796.0,313.0,7044.0,109,119,9.174311926605505,1
3237,8,7,3,7,3,1,1,1,2676.0,1561.0,2640.0,109,126,15.59633027522936,0
3237,9,7,3,5,3,1,1,1,1596.0,1525.0,1200.0,110,128,16.363636363636363,0
3237,10,5,3,5,2,1,1,1,1632.0,1130.0,600.0,110,136,23.636363636363637,1
3237,11,5,3,7,2,1,1,1,6156.0,948.0,7200.0,112,121,8.035714285714286,1
3237,12,7,3,5,3,1,1,1,3108.0,2053.0,3000.0,112,123,9.821428571428571,0
3237,13,5,3,3,2,1,1,1,2412.0,1104.0,1800.0,132,143,8.333333333333332,0
3237,14,3,3,3,1,1,1,1,1536.0,491.0,1680.0,118,159,34.74576271186441,0
3237,15,3,3,5,1,1,1,1,8220.0,633.0,8400.0,118,125,5.932203389830509,1
3237,16,5,3,7,2,1,1,1,2376.0,802.0,3000.0,118,131,11.016949152542372,0
3237,17,7,1,4,3,1,0,1,1908.0,1427.0,1200.0,118,139,17.796610169491526,0
3237,18,4,3,7,2,0,1,1,4560.0,708.0,5640.0,110,120,9.090909090909092,1
3237,19,7,0,2,3,1,0,0,1224.0,1761.0,0.0,110,139,26.36363636363636,0
3237,20,2,1,2,1,0,0,1,1392.0,524.0,1320.0,120,141,17.5,1
3237,21,2,3,5,1,0,1,1,2292.0,452.0,2772.0,120,129,7.5,1
3237,22,5,3,7,2,1,1,1,6996.0,929.0,9240.0,120,125,4.166666666666666,1
3237,23,7,2,5,3,1,1,0,1824.0,3158.0,0.0,120,137,14.166666666666666,0
3237,24,5,1,4,2,1,0,1,1740.0,1322.0,1320.0,125,146,16.8,1
3237,25,4,3,7,2,0,1,1,3552.0,902.0,5016.0,125,140,12.0,0
3237,26,7,3,5,3,1,1,1,5340.0,2379.0,3960.0,125,134,7.199999999999999,1
3237,27,5,3,7,2,1,1,1,2616.0,743.0,3960.0,125,138,10.4,1
3237,28,7,1,6,3,1,0,1,1008.0,2087.0,660.0,125,149,19.2,0
3271,3,7,3,7,3,1,1,1,5370.0,2160.0,5400.0,149,183,22.818791946308725,1
3271,4,7,3,7,3,1,1,1,6030.0,2250.0,6600.0,149,176,18.120805369127517,0
3271,5,7,3,5,3,1,1,1,3930.0,2820.0,2400.0,156,188,20.51282051282051,0
3271,6,5,3,5,2,1,1,1,3960.0,1230.0,3600.0,156,184,17.94871794871795,0
3271,7,5,3,5,2,1,1,1,4890.0,811.0,4800.0,156,184,17.94871794871795,0
3271,8,5,1,6,2,1,0,1,4080.0,723.0,4800.0,156,198,26.923076923076923,0
3271,9,6,3,5,3,0,1,1,3420.0,1443.0,3300.0,149,181,21.476510067114095,1
3271,10,5,3,7,2,1,1,1,5010.0,1324.0,6900.0,149,179,20.13422818791946,0
3271,11,7,3,7,3,1,1,1,7590.0,3360.0,7500.0,156,180,15.384615384615385,1
3271,12,7,3,7,3,1,1,1,27780.0,3332.0,26400.0,147,152,3.4013605442176873,1
3271,13,7,3,7,3,1,1,1,9780.0,2040.0,10500.0,147,160,8.843537414965986,1
3271,14,7,3,7,3,1,1,1,6660.0,3148.0,6000.0,147,166,12.925170068027212,0
3271,15,7,3,7,3,1,1,1,17550.0,2520.0,16500.0,147,159,8.16326530612245,0
3271,16,7,3,9,3,1,1,1,4770.0,1470.0,7500.0,147,162,10.204081632653061,1
3271,17,9,3,5,4,1,1,1,6240.0,4301.0,3000.0,147,164,11.564625850340136,0
3271,18,5,1,6,2,1,0,1,2400.0,990.0,3150.0,155,178,14.838709677419354,1
3271,19,6,1,0,3,0,0,1,3270.0,1740.0,1500.0,155,182,17.419354838709676,1
3271,20,0,3,9,0,0,1,1,4440.0,29.0,13500.0,155,180,16.129032258064516,1
3271,21,9,2,9,4,1,1,0,5040.0,9120.0,0.0,155,172,10.967741935483872,0
3271,22,9,3,9,4,1,1,1,14520.0,4080.0,15000.0,155,168,8.38709677419355,1
3271,23,9,3,9,4,1,1,1,11460.0,4860.0,10500.0,155,165,6.451612903225806,1
3271,24,9,3,9,4,1,1,1,11280.0,3960.0,13800.0,155,163,5.161290322580645,1
3271,25,9,3,7,4,1,1,1,12900.0,6810.0,9000.0,155,164,5.806451612903226,1
3271,26,7,3,9,3,1,1,1,13410.0,3000.0,16500.0,155,160,3.225806451612903,0
3271,27,9,3,9,4,1,1,1,5400.0,6236.0,6000.0,155,167,7.741935483870968,0
3271,28,9,3,9,4,1,1,1,6270.0,6836.0,6180.0,154,170,10.38961038961039,0
3277,3,6,1,6,3,0,0,1,6280.0,2313.0,6400.0,37,43,16.216216216216218,0
3277,4,6,3,9,3,0,1,1,20600.0,2481.0,24000.0,36,41,13.88888888888889,1
3277,5,9,1,6,4,1,0,1,5920.0,5883.0,2000.0,38,43,13.157894736842104,0
3277,6,6,1,0,3,0,0,1,4120.0,1965.0,2000.0,38,46,21.052631578947366,1
3277,7,0,1,6,0,0,0,1,4800.0,-194.0,6400.0,38,47,23.684210526315788,0
3277,8,6,3,1,3,0,1,1,6840.0,1453.0,5120.0,38,45,18.421052631578945,1
3277,9,1,3,9,0,1,1,1,13200.0,-267.0,20000.0,36,42,16.666666666666664,1
3277,10,9,0,6,4,1,0,0,3760.0,6539.0,0.0,36,44,22.22222222222222,0
3277,11,6,1,2,3,0,0,1,4640.0,3204.0,2000.0,38,45,18.421052631578945,0
3277,12,2,1,4,1,0,0,1,4640.0,606.0,5200.0,38,47,23.684210526315788,0
3277,13,4,1,6,2,0,0,1,7000.0,1239.0,7200.0,38,47,23.684210526315788,0
3277,14,6,1,6,3,0,0,1,3560.0,1479.0,6000.0,38,47,23.684210526315788,0
3277,15,6,1,4,3,0,0,1,4840.0,2761.0,4400.0,38,48,26.31578947368421,1
3277,16,4,1,2,2,0,0,1,6560.0,1121.0,7200.0,38,48,26.31578947368421,0
3277,17,2,3,1,1,0,1,1,11480.0,440.0,12000.0,37,44,18.91891891891892,0
3277,18,1,3,7,0,1,1,1,4440.0,240.0,6000.0,37,48,29.72972972972973,1
3277,19,7,1,8,3,1,0,1,5520.0,1800.0,9600.0,37,48,29.72972972972973,0
3277,20,8,1,6,4,0,0,1,5080.0,5880.0,2000.0,37,46,24.324324324324326,0
3277,21,6,1,6,3,0,0,1,4440.0,2751.0,3200.0,37,46,24.324324324324326,1
3277,22,6,1,4,3,0,0,1,4640.0,1515.0,4400.0,37,46,24.324324324324326,1
3277,23,4,1,6,2,0,0,1,5120.0,1316.0,6000.0,37,46,24.324324324324326,0
3277,24,6,1,6,3,0,0,1,4440.0,2196.0,4000.0,37,46,24.324324324324326,1
3277,25,6,1,0,3,0,0,1,3640.0,1756.0,2000.0,37,47,27.027027027027028,1
3277,26,0,3,9,0,0,1,1,6200.0,116.0,23200.0,37,47,27.027027027027028,1
3277,27,9,0,8,4,1,0,0,6680.0,17480.0,0.0,37,47,27.027027027027028,0
3277,28,8,0,8,4,0,0,0,6360.0,10800.0,0.0,37,47,27.027027027027028,0
3280,3,4,0,0,2,0,0,0,680.0,902.0,0.0,483,515,6.625258799171843,0
3280,4,0,1,4,0,0,0,1,1020.0,242.0,2160.0,483,515,6.625258799171843,1
3280,5,4,1,6,2,0,0,1,920.0,1382.0,1080.0,483,515,6.625258799171843,0
3280,6,6,3,9,3,0,1,1,4220.0,1542.0,12300.0,435,447,2.7586206896551726,0
3280,7,9,2,9,4,1,1,0,1190.0,9642.0,0.0,435,460,5.747126436781609,0
3280,8,9,2,9,4,1,1,0,4600.0,8456.0,0.0,435,441,1.3793103448275863,0
3280,9,9,2,7,4,1,1,0,520.0,3876.0,0.0,435,460,5.747126436781609,0
3280,10,7,2,7,3,1,1,0,1500.0,3356.0,0.0,435,462,6.206896551724138,0
3280,11,7,2,3,3,1,1,0,1190.0,1850.0,0.0,435,463,6.436781609195402,0
3280,12,3,1,6,1,1,0,1,1340.0,661.0,3120.0,466,489,4.935622317596566,1
3280,13,6,0,6,3,0,0,0,760.0,2439.0,0.0,466,497,6.652360515021459,0
3280,14,6,0,4,3,0,0,0,710.0,1669.0,0.0,466,497,6.652360515021459,0
3280,15,4,3,9,2,0,1,1,5050.0,956.0,14000.0,422,424,0.47393364928909953,0
3280,16,9,2,9,4,1,1,0,1100.0,9904.0,0.0,422,440,4.265402843601896,0
3280,17,9,2,9,4,1,1,0,3910.0,8804.0,0.0,422,446,5.687203791469194,0
3280,18,9,2,9,4,1,1,0,810.0,4930.0,0.0,422,453,7.345971563981042,0
3280,19,9,0,6,4,1,0,0,960.0,4110.0,0.0,422,459,8.767772511848342,0
3280,20,6,0,6,3,0,0,0,1280.0,3160.0,0.0,422,459,8.767772511848342,0
3280,21,6,0,4,3,0,0,0,850.0,1880.0,0.0,422,459,8.767772511848342,0
3280,22,4,1,4,2,0,0,1,1460.0,1036.0,1120.0,478,491,2.7196652719665275,0
3280,23,4,3,7,2,0,1,1,4930.0,686.0,7180.0,451,461,2.2172949002217295,0
3280,24,7,2,7,3,1,1,0,700.0,2945.0,0.0,451,516,14.412416851441243,0
3280,25,7,0,4,3,1,0,0,790.0,2202.0,0.0,451,516,14.412416851441243,0
3280,26,4,0,2,2,0,0,0,860.0,1412.0,0.0,451,502,11.30820399113082,0
3280,27,2,1,0,1,0,0,1,710.0,590.0,120.0,504,502,-0.3968253968253968,1
3280,28,0,3,7,0,0,1,1,1260.0,10.0,3340.0,470,517,10.0,1
3290,3,4,1,4,2,0,0,1,1050.0,690.0,1440.0,37,48,29.72972972972973,0
3290,4,4,1,2,2,0,0,1,1680.0,1054.0,1290.0,37,45,21.62162162162162,0
3290,5,2,3,5,1,0,1,1,1620.0,664.0,1920.0,44,48,9.090909090909092,0
3290,6,5,3,3,2,1,1,1,4080.0,1053.0,3690.0,37,41,10.81081081081081,0
3290,7,3,3,5,1,1,1,1,1680.0,642.0,1800.0,37,46,24.324324324324326,1
3290,8,5,1,4,2,1,0,1,3120.0,824.0,3000.0,37,47,27.027027027027028,1
3290,9,4,1,4,2,0,0,1,2250.0,690.0,2400.0,41,48,17.073170731707318,1
3290,10,4,3,5,2,0,1,1,2250.0,865.0,3060.0,41,49,19.51219512195122,1
3290,11,5,1,2,2,1,0,1,1560.0,1175.0,900.0,41,52,26.82926829268293,0
3290,12,2,1,2,1,0,0,1,1350.0,489.0,1440.0,41,52,26.82926829268293,0
3290,13,2,1,6,1,0,0,1,1830.0,576.0,2880.0,41,52,26.82926829268293,0
3290,14,6,0,4,3,0,0,0,300.0,1638.0,0.0,41,52,26.82926829268293,0
3290,15,4,3,5,2,0,1,1,1320.0,1343.0,1440.0,41,46,12.195121951219512,0
3290,16,5,3,7,2,1,1,1,1020.0,1423.0,1440.0,41,49,19.51219512195122,0
3290,17,7,0,2,3,1,0,0,1320.0,1779.0,0.0,41,49,19.51219512195122,0
3290,18,2,1,2,1,0,0,1,1440.0,570.0,1440.0,41,48,17.073170731707318,0
3290,19,2,3,3,1,0,1,1,1590.0,601.0,1440.0,41,47,14.634146341463413,0
3290,20,3,1,4,1,1,0,1,2160.0,450.0,2880.0,41,48,17.073170731707318,0
3290,21,4,1,0,2,0,0,1,2160.0,1227.0,1080.0,41,48,17.073170731707318,1
3290,22,0,1,4,0,0,0,1,2070.0,230.0,3060.0,45,52,15.555555555555555,1
3290,23,4,1,4,2,0,0,1,1260.0,1107.0,990.0,45,53,17.77777777777778,0
3290,24,4,1,4,2,0,0,1,1290.0,840.0,1380.0,41,53,29.268292682926827,0
3290,25,4,1,4,2,0,0,1,1530.0,932.0,1320.0,45,53,17.77777777777778,0
3290,26,4,1,0,2,0,0,1,1830.0,718.0,1320.0,45,53,17.77777777777778,1
3290,27,0,1,4,0,0,0,1,60.0,-58.0,1320.0,45,53,17.77777777777778,1
3290,28,4,1,6,2,0,0,1,1500.0,1202.0,2160.0,41,53,29.268292682926827,0
3294,3,4,1,4,2,0,0,1,1296.0,818.0,1440.0,66,78,18.181818181818183,0
3294,4,4,1,2,2,0,0,1,1608.0,957.0,1200.0,66,83,25.757575757575758,0
3294,5,2,1,4,1,0,0,1,1824.0,645.0,2520.0,68,83,22.058823529411764,0
3294,6,4,3,5,2,0,1,1,2136.0,1341.0,1440.0,63,78,23.809523809523807,1
3294,7,5,3,7,2,1,1,1,2016.0,770.0,2880.0,63,71,12.698412698412698,1
3294,8,7,0,2,3,1,0,0,1296.0,1636.0,0.0,63,82,30.158730158730158,0
3294,9,2,3,5,1,0,1,1,936.0,404.0,1440.0,65,80,23.076923076923077,1
3294,10,5,1,0,2,1,0,1,1272.0,932.0,720.0,68,84,23.52941176470588,1
3294,11,0,1,4,0,0,0,1,1344.0,50.0,2160.0,68,87,27.941176470588236,1
3294,12,4,1,4,2,0,0,1,1224.0,846.0,1200.0,68,88,29.411764705882355,0
3294,13,4,1,2,2,0,0,1,960.0,769.0,720.0,71,88,23.943661971830984,0
3294,14,2,1,2,1,0,0,1,768.0,527.0,720.0,66,88,33.33333333333333,0
3294,15,2,1,2,1,0,0,1,1032.0,548.0,1104.0,67,84,25.37313432835821,0
3294,16,2,1,4,1,0,0,1,1416.0,619.0,2208.0,67,84,25.37313432835821,1
3294,17,4,0,2,2,0,0,0,1056.0,1411.0,0.0,67,84,25.37313432835821,0
3294,18,2,1,2,1,0,0,1,768.0,312.0,1104.0,67,84,25.37313432835821,0
3294,19,2,1,2,1,0,0,1,1200.0,648.0,1104.0,67,84,25.37313432835821,1
3294,20,2,1,0,1,0,0,1,1704.0,553.0,1104.0,67,84,25.37313432835821,0
3294,21,0,1,2,0,0,0,1,1176.0,-46.0,1656.0,67,83,23.88059701492537,1
3294,22,2,1,4,1,0,0,1,1248.0,434.0,1656.0,67,83,23.88059701492537,1
3294,23,4,1,4,2,0,0,1,1248.0,819.0,1104.0,67,83,23.88059701492537,0
3294,24,4,0,0,2,0,0,0,768.0,697.0,0.0,67,83,23.88059701492537,0
3294,25,0,1,0,0,0,0,1,1032.0,-71.0,1104.0,67,83,23.88059701492537,1
3294,26,0,0,0,0,0,0,0,48.0,-45.0,0.0,67,78,16.417910447761194,0
3294,27,0,1,6,0,0,0,1,960.0,-2.0,2760.0,70,86,22.857142857142858,1
3294,28,6,0,4,3,0,0,0,1008.0,1798.0,0.0,70,86,22.857142857142858,0
3307,3,3,3,5,1,1,1,1,1086.0,605.0,1296.0,166,197,18.67469879518072,0
3307,4,5,3,7,2,1,1,1,2232.0,859.0,3540.0,163,191,17.177914110429448,1
3307,5,7,3,3,3,1,1,1,2376.0,2167.0,708.0,163,185,13.496932515337424,0
3307,6,3,1,2,1,1,0,1,990.0,405.0,1020.0,179,214,19.553072625698324,0
3307,7,2,1,2,1,0,0,1,1224.0,435.0,1248.0,190,224,17.894736842105264,1
3307,8,2,1,4,1,0,0,1,2130.0,460.0,2592.0,176,227,28.97727272727273,1
3307,9,4,1,0,2,0,0,1,2136.0,928.0,1200.0,190,234,23.157894736842106,1
3307,10,0,1,2,0,0,0,1,1608.0,-7.0,2100.0,190,239,25.789473684210527,1
3307,11,2,1,4,1,0,0,1,1650.0,543.0,2100.0,190,239,25.789473684210527,1
3307,12,4,1,0,2,0,0,1,1278.0,1004.0,300.0,190,239,25.789473684210527,1
3307,13,0,3,3,0,0,1,1,9042.0,-1.0,9564.0,163,178,9.202453987730062,1
3307,14,3,1,2,1,1,0,1,936.0,532.0,900.0,190,235,23.684210526315788,0
3307,15,2,1,2,1,0,0,1,1266.0,486.0,1200.0,190,233,22.63157894736842,0
3307,16,2,3,1,1,0,1,1,3930.0,420.0,3600.0,173,193,11.560693641618498,1
3307,17,1,3,3,0,1,1,1,2274.0,101.0,2640.0,173,200,15.606936416184972,1
3307,18,3,1,2,1,1,0,1,1242.0,366.0,1260.0,185,219,18.37837837837838,0
3307,19,2,3,7,1,0,1,1,2376.0,384.0,4620.0,185,213,15.135135135135137,0
3307,20,7,3,5,3,1,1,1,3300.0,2628.0,1980.0,185,206,11.351351351351353,1
3307,21,5,0,0,2,1,0,0,1158.0,1308.0,0.0,185,219,18.37837837837838,0
3307,22,0,1,4,0,0,0,1,1530.0,156.0,2148.0,203,241,18.7192118226601,0
3307,23,4,3,7,2,0,1,1,8454.0,734.0,9900.0,185,191,3.2432432432432434,1
3307,24,7,2,5,3,1,1,0,924.0,2191.0,0.0,185,227,22.702702702702705,0
3307,25,5,3,7,2,1,1,1,3672.0,1255.0,3996.0,185,203,9.72972972972973,1
3307,26,7,3,7,3,1,1,1,822.0,1578.0,1320.0,185,216,16.756756756756758,0
3307,27,7,0,4,3,1,0,0,906.0,1891.0,0.0,185,226,22.162162162162165,0
3307,28,4,3,5,2,0,1,1,1518.0,985.0,1320.0,185,212,14.594594594594595,0
3308,3,0,1,2,0,0,0,1,756.0,198.0,1200.0,314,366,16.560509554140125,1
3308,4,2,1,2,1,0,0,1,786.0,608.0,660.0,286,354,23.776223776223777,0
3308,5,2,1,2,1,0,0,1,1062.0,482.0,960.0,314,351,11.78343949044586,0
3308,6,2,3,3,1,0,1,1,1176.0,380.0,1320.0,314,351,11.78343949044586,0
3308,7,3,3,3,1,1,1,1,684.0,524.0,660.0,350,371,6.0,0
3308,8,3,1,0,1,1,0,1,852.0,500.0,600.0,350,415,18.571428571428573,0
3308,9,0,1,2,0,0,0,1,582.0,266.0,900.0,350,414,18.285714285714285,1
3308,10,2,1,2,1,0,0,1,660.0,577.0,600.0,350,414,18.285714285714285,0
3308,11,2,1,2,1,0,0,1,492.0,522.0,426.0,350,414,18.285714285714285,0
3308,12,2,1,0,1,0,0,1,630.0,456.0,300.0,350,416,18.857142857142858,0
3308,13,0,1,2,0,0,0,1,528.0,114.0,750.0,350,416,18.857142857142858,0
3308,14,2,1,0,1,0,0,1,414.0,408.0,180.0,350,419,19.714285714285715,0
3308,15,0,1,0,0,0,0,1,444.0,173.0,360.0,350,412,17.71428571428571,1
3308,16,0,3,1,0,0,1,1,2988.0,88.0,2880.0,318,357,12.264150943396226,1
3308,17,1,3,1,0,1,1,1,1170.0,64.0,1320.0,318,366,15.09433962264151,1
3308,18,1,1,0,0,1,0,1,648.0,150.0,600.0,382,427,11.780104712041885,1
3308,19,0,1,0,0,0,0,1,594.0,96.0,732.0,382,447,17.015706806282722,0
3308,20,0,1,0,0,0,0,1,666.0,234.0,540.0,382,445,16.49214659685864,1
3308,21,0,1,2,0,0,0,1,672.0,105.0,900.0,382,444,16.230366492146597,0
3308,22,2,3,5,1,0,1,1,2094.0,333.0,2940.0,347,391,12.680115273775217,1
3308,23,5,3,3,2,1,1,1,2196.0,1191.0,1650.0,347,375,8.069164265129682,0
3308,24,3,1,2,1,1,0,1,825.0,635.0,660.0,347,417,20.172910662824208,1
3308,25,2,1,2,1,0,0,1,642.0,468.0,630.0,382,419,9.68586387434555,1
3308,26,2,1,4,1,0,0,1,648.0,459.0,900.0,382,445,16.49214659685864,1
3308,27,4,1,0,2,0,0,1,864.0,718.0,300.0,382,446,16.75392670157068,0
3308,28,0,1,0,0,0,0,1,822.0,166.0,780.0,382,444,16.230366492146597,1
