src/econirl/datasets/supermarket_data.csv
product_id,period,state,action,next_state,inventory_bin,lagged_promotion,promotion,ordered,sales,inventory,orders,wholesale_price,retail_price,markup_pct,stockout
3334,3,3,1,8,1,1,0,1,3440.0,401.0,4000.0,77,89,15.584415584415584,0
3334,4,8,3,7,4,0,1,1,13680.0,4005.0,12800.0,76,81,6.578947368421052,1
3334,5,7,3,9,3,1,1,1,8800.0,3206.0,12000.0,76,79,3.9473684210526314,1
3334,6,9,0,6,4,1,0,0,3520.0,6567.0,0.0,76,88,15.789473684210526,0
3334,7,6,1,0,3,0,0,1,4720.0,3128.0,1600.0,83,91,9.63855421686747,1
3334,8,0,1,8,0,0,0,1,3520.0,-9.0,7200.0,82,101,23.170731707317074,0
3334,9,8,0,6,4,0,0,0,1840.0,3692.0,0.0,82,96,17.073170731707318,0
3334,10,6,1,6,3,0,0,1,2640.0,1852.0,2400.0,79,95,20.253164556962027,0
3334,11,6,0,4,3,0,0,0,1120.0,2101.0,0.0,79,92,16.455696202531644,0
3334,12,4,1,4,2,0,0,1,3360.0,985.0,3200.0,81,93,14.814814814814813,1
3334,13,4,1,6,2,0,0,1,1920.0,1040.0,2400.0,81,94,16.049382716049383,0
3334,14,6,1,6,3,0,0,1,1440.0,1520.0,2400.0,84,96,14.285714285714285,0
3334,15,6,0,4,3,0,0,0,1200.0,2480.0,0.0,84,98,16.666666666666664,0
3334,16,4,1,4,2,0,0,1,1520.0,1281.0,1600.0,84,97,15.476190476190476,0
3334,17,4,1,6,2,0,0,1,1440.0,1361.0,1600.0,84,97,15.476190476190476,0
3334,18,6,0,4,3,0,0,0,960.0,1760.0,0.0,84,97,15.476190476190476,0
3334,19,4,1,6,2,0,0,1,1120.0,800.0,2400.0,84,97,15.476190476190476,1
3334,20,6,3,7,3,0,1,1,19920.0,2080.0,20000.0,81,83,2.4691358024691357,0
3334,21,7,0,6,3,1,0,0,720.0,2161.0,0.0,81,97,19.753086419753085,0
3334,22,6,1,4,3,0,0,1,1440.0,1434.0,800.0,84,97,15.476190476190476,0
3334,23,4,1,6,2,0,0,1,1600.0,954.0,3840.0,84,97,15.476190476190476,0
3334,24,6,0,6,3,0,0,0,880.0,3194.0,0.0,84,97,15.476190476190476,0
3334,25,6,1,6,3,0,0,1,1200.0,2314.0,1200.0,84,99,17.857142857142858,0
3334,26,6,0,6,3,0,0,0,560.0,2314.0,0.0,84,99,17.857142857142858,0
3334,27,6,0,4,3,0,0,0,960.0,2240.0,0.0,84,99,17.857142857142858,0
3334,28,4,0,0,2,0,0,0,1120.0,1280.0,0.0,84,99,17.857142857142858,0
3346,3,9,0,6,4,1,0,0,1080.0,3600.0,0.0,54,63,16.666666666666664,0
3346,4,6,2,5,3,0,1,0,1368.0,2522.0,0.0,54,60,11.11111111111111,0
3346,5,5,3,3,2,1,1,1,1116.0,1154.0,432.0,56,61,8.928571428571429,0
3346,6,3,3,7,1,1,1,1,2628.0,488.0,5184.0,58,61,5.172413793103448,0
3346,7,7,2,7,3,1,1,0,828.0,3044.0,0.0,60,65,8.333333333333332,0
3346,8,7,2,5,3,1,1,0,846.0,2216.0,0.0,60,68,13.333333333333334,0
3346,9,5,3,5,2,1,1,1,1314.0,1370.0,1008.0,60,67,11.666666666666666,0
3346,10,5,3,7,2,1,1,1,1584.0,1064.0,2160.0,60,67,11.666666666666666,1
3346,11,7,2,3,3,1,1,0,1494.0,1945.0,0.0,61,69,13.114754098360656,0
3346,12,3,3,1,1,1,1,1,1800.0,491.0,1584.0,64,72,12.5,1
3346,13,1,3,5,0,1,1,1,1548.0,198.0,2592.0,64,73,14.0625,1
3346,14,5,3,3,2,1,1,1,1674.0,1242.0,864.0,64,72,12.5,0
3346,15,3,3,7,1,1,1,1,1548.0,450.0,2880.0,61,69,13.114754098360656,0
3346,16,7,2,3,3,1,1,0,1332.0,1783.0,0.0,61,71,16.39344262295082,0
3346,17,3,1,4,1,1,0,1,1134.0,450.0,1728.0,63,71,12.698412698412698,1
3346,18,4,3,9,2,0,1,1,1116.0,1008.0,5184.0,63,71,12.698412698412698,0
3346,19,9,2,9,4,1,1,0,918.0,5076.0,0.0,63,71,12.698412698412698,0
3346,20,9,2,7,4,1,1,0,1350.0,4170.0,0.0,63,71,12.698412698412698,0
3346,21,7,2,7,3,1,1,0,1116.0,2837.0,0.0,66,70,6.0606060606060606,0
3346,22,7,3,7,3,1,1,1,5454.0,1709.0,6480.0,64,67,4.6875,0
3346,23,7,0,6,3,1,0,0,900.0,2735.0,0.0,64,76,18.75,0
3346,24,6,1,6,3,0,0,1,1062.0,1836.0,1440.0,63,76,20.634920634920633,0
3346,25,6,1,4,3,0,0,1,1926.0,2214.0,864.0,69,76,10.144927536231885,0
3346,26,4,3,9,2,0,1,1,3348.0,1152.0,7488.0,66,72,9.090909090909092,1
3346,27,9,2,9,4,1,1,0,1188.0,5095.0,0.0,66,75,13.636363636363635,0
3346,28,9,0,6,4,1,0,0,1116.0,3889.0,0.0,66,78,18.181818181818183,0
3348,3,7,3,7,3,1,1,1,6240.0,2376.0,5760.0,34,38,11.76470588235294,0
3348,4,7,3,9,3,1,1,1,8952.0,1916.0,15120.0,36,38,5.555555555555555,1
3348,5,9,3,9,4,1,1,1,6216.0,8060.0,6240.0,36,39,8.333333333333332,0
3348,6,9,2,7,4,1,1,0,5376.0,8111.0,0.0,38,43,13.157894736842104,0
3348,7,7,3,7,3,1,1,1,4968.0,2760.0,5520.0,40,47,17.5,1
3348,8,7,1,6,3,1,0,1,6336.0,3336.0,5640.0,38,48,26.31578947368421,1
3348,9,6,3,7,3,0,1,1,10800.0,2640.0,10560.0,34,38,11.76470588235294,1
3348,10,7,3,9,3,1,1,1,4704.0,2426.0,5760.0,34,41,20.588235294117645,1
3348,11,9,3,5,4,1,1,1,6192.0,4639.0,2880.0,38,43,13.157894736842104,0
3348,12,5,3,7,2,1,1,1,6216.0,1349.0,6912.0,36,44,22.22222222222222,1
3348,13,7,3,7,3,1,1,1,20496.0,2065.0,21048.0,35,37,5.714285714285714,0
3348,14,7,0,2,3,1,0,0,2112.0,2619.0,0.0,35,43,22.857142857142858,0
3348,15,2,3,1,1,0,1,1,3456.0,566.0,2880.0,38,45,18.421052631578945,1
3348,16,1,3,9,0,1,1,1,5256.0,-12.0,10296.0,40,48,20.0,1
3348,17,9,3,9,4,1,1,1,6312.0,5145.0,6000.0,40,48,20.0,1
3348,18,9,3,1,4,1,1,1,7776.0,4824.0,3120.0,40,47,17.5,0
3348,19,1,3,1,0,1,1,1,6192.0,143.0,6240.0,40,46,15.0,1
3348,20,1,1,4,0,1,0,1,1872.0,121.0,3120.0,40,49,22.5,1
3348,21,4,3,7,2,0,1,1,4296.0,1396.0,6240.0,40,48,20.0,0
3348,22,7,3,9,3,1,1,1,9624.0,3333.0,15600.0,40,44,10.0,0
3348,23,9,2,9,4,1,1,0,3024.0,9286.0,0.0,40,47,17.5,0
3348,24,9,1,8,4,1,0,1,3552.0,6260.0,3120.0,40,49,22.5,0
3348,25,8,2,5,4,0,1,0,4632.0,5834.0,0.0,40,47,17.5,0
3348,26,5,3,9,2,1,1,1,5640.0,1189.0,12960.0,40,44,10.0,1
3348,27,9,0,8,4,1,0,0,2136.0,8730.0,0.0,40,49,22.5,0
3348,28,8,3,9,4,0,1,1,7800.0,6594.0,6480.0,45,47,4.444444444444445,0
3376,3,6,0,4,3,0,0,0,792.0,1872.0,0.0,108,128,18.51851851851852,0
3376,4,4,1,6,2,0,0,1,1008.0,1057.0,1440.0,108,128,18.51851851851852,0
3376,5,6,3,7,3,0,1,1,1080.0,1489.0,1200.0,108,125,15.74074074074074,0
3376,6,7,1,6,3,1,0,1,984.0,1609.0,1200.0,108,129,19.444444444444446,0
3376,7,6,1,6,3,0,0,1,1080.0,1825.0,720.0,108,129,19.444444444444446,0
3376,8,6,1,6,3,0,0,1,1488.0,1465.0,2640.0,108,129,19.444444444444446,0
3376,9,6,0,6,3,0,0,0,888.0,2665.0,0.0,108,129,19.444444444444446,0
3376,10,6,1,6,3,0,0,1,1104.0,1777.0,1200.0,108,129,19.444444444444446,0
3376,11,6,1,6,3,0,0,1,1032.0,1825.0,1440.0,108,129,19.444444444444446,0
3376,12,6,0,4,3,0,0,0,792.0,2233.0,0.0,108,129,19.444444444444446,0
3376,13,4,1,4,2,0,0,1,936.0,1417.0,720.0,108,129,19.444444444444446,0
3376,14,4,0,4,2,0,0,0,456.0,1182.0,0.0,108,129,19.444444444444446,0
3376,15,4,1,4,2,0,0,1,840.0,725.0,1440.0,108,129,19.444444444444446,0
3376,16,4,1,4,2,0,0,1,936.0,1301.0,720.0,108,128,18.51851851851852,0
3376,17,4,0,2,2,0,0,0,696.0,1065.0,0.0,108,129,19.444444444444446,0
3376,18,2,1,4,1,0,0,1,696.0,360.0,1440.0,108,129,19.444444444444446,0
3376,19,4,1,4,2,0,0,1,1080.0,1103.0,720.0,108,129,19.444444444444446,0
3376,20,4,1,6,2,0,0,1,1008.0,743.0,2640.0,108,129,19.444444444444446,0
3376,21,6,3,7,3,0,1,1,1896.0,2375.0,1200.0,97,125,28.865979381443296,0
3376,22,7,2,3,3,1,1,0,1344.0,1679.0,0.0,97,127,30.927835051546392,0
3376,23,3,1,6,1,1,0,1,1200.0,403.0,2400.0,111,131,18.01801801801802,0
3376,24,6,0,2,3,0,0,0,1008.0,1491.0,0.0,111,132,18.91891891891892,0
3376,25,2,1,4,1,0,0,1,1392.0,482.0,1920.0,111,137,23.423423423423422,0
3376,26,4,1,6,2,0,0,1,1056.0,1010.0,1440.0,111,139,25.225225225225223,0
3376,27,6,0,2,3,0,0,0,1056.0,1536.0,0.0,111,139,25.225225225225223,0
3376,28,2,1,4,1,0,0,1,1176.0,480.0,1440.0,111,139,25.225225225225223,0
3377,3,4,0,0,2,0,0,0,504.0,720.0,0.0,205,256,24.878048780487806,0
3377,4,0,1,4,0,0,0,1,372.0,214.0,1440.0,205,261,27.31707317073171,0
3377,5,4,0,4,2,0,0,0,456.0,1282.0,0.0,205,256,24.878048780487806,0
3377,6,4,1,4,2,0,0,1,468.0,828.0,720.0,205,258,25.853658536585368,0
3377,7,4,0,4,2,0,0,0,372.0,1080.0,0.0,205,262,27.80487804878049,0
3377,8,4,1,2,2,0,0,1,804.0,708.0,720.0,205,259,26.34146341463415,1
3377,9,2,1,4,1,0,0,1,588.0,624.0,720.0,205,259,26.34146341463415,0
3377,10,4,0,0,2,0,0,0,480.0,756.0,0.0,205,263,28.292682926829265,0
3377,11,0,1,2,0,0,0,1,456.0,288.0,720.0,205,263,28.292682926829265,0
3377,12,2,1,4,1,0,0,1,420.0,638.0,720.0,205,263,28.292682926829265,0
3377,13,4,3,5,2,0,1,1,2280.0,828.0,2160.0,205,234,14.146341463414632,1
3377,14,5,0,2,2,1,0,0,276.0,708.0,0.0,205,263,28.292682926829265,0
3377,15,2,1,2,1,0,0,1,372.0,430.0,360.0,205,257,25.365853658536587,0
3377,16,2,1,2,1,0,0,1,576.0,399.0,600.0,205,247,20.48780487804878,0
3377,17,2,1,2,1,0,0,1,396.0,424.0,360.0,205,246,20.0,0
3377,18,2,1,2,1,0,0,1,372.0,372.0,360.0,205,246,20.0,0
3377,19,2,1,4,1,0,0,1,552.0,348.0,1080.0,205,246,20.0,0
3377,20,4,1,2,2,0,0,1,672.0,853.0,360.0,205,246,20.0,0
3377,21,2,3,1,1,0,1,1,912.0,529.0,600.0,185,239,29.18918918918919,1
3377,22,1,3,3,0,1,1,1,864.0,229.0,1200.0,205,236,15.121951219512194,0
3377,23,3,1,2,1,1,0,1,540.0,575.0,600.0,209,245,17.22488038277512,0
3377,24,2,1,2,1,0,0,1,600.0,601.0,600.0,209,248,18.660287081339714,0
3377,25,2,1,2,1,0,0,1,672.0,597.0,600.0,209,255,22.00956937799043,0
3377,26,2,1,2,1,0,0,1,696.0,525.0,600.0,209,259,23.923444976076556,0
3377,27,2,1,2,1,0,0,1,588.0,565.0,360.0,209,259,23.923444976076556,1
3377,28,2,1,2,1,0,0,1,600.0,337.0,720.0,209,259,23.923444976076556,0
3383,3,4,0,4,2,0,0,0,336.0,1032.0,0.0,85,107,25.882352941176475,0
3383,4,4,1,4,2,0,0,1,672.0,696.0,1104.0,85,107,25.882352941176475,0
3383,5,4,3,7,2,0,1,1,2112.0,1129.0,2880.0,81,98,20.98765432098765,0
3383,6,7,3,5,3,1,1,1,2160.0,1875.0,1440.0,81,93,14.814814814814813,0
3383,7,5,0,2,2,1,0,0,528.0,1156.0,0.0,81,104,28.39506172839506,0
3383,8,2,1,4,1,0,0,1,1104.0,630.0,1440.0,81,104,28.39506172839506,0
3383,9,4,1,4,2,0,0,1,720.0,967.0,1152.0,81,104,28.39506172839506,0
3383,10,4,0,4,2,0,0,0,672.0,1402.0,0.0,81,105,29.629629629629626,0
3383,11,4,1,2,2,0,0,1,696.0,720.0,600.0,81,105,29.629629629629626,0
3383,12,2,1,2,1,0,0,1,720.0,600.0,576.0,81,105,29.629629629629626,0
3383,13,2,3,7,1,0,1,1,1032.0,432.0,3840.0,75,101,34.66666666666667,0
3383,14,7,3,5,3,1,1,1,3240.0,3240.0,1104.0,85,93,9.411764705882353,0
3383,15,5,0,2,2,1,0,0,528.0,1104.0,0.0,85,105,23.52941176470588,0
3383,16,2,0,0,1,0,0,0,576.0,530.0,0.0,85,103,21.176470588235293,0
3383,17,0,1,2,0,0,0,1,552.0,-22.0,1104.0,85,103,21.176470588235293,1
3383,18,2,0,0,1,0,0,0,264.0,552.0,0.0,85,103,21.176470588235293,0
3383,19,0,1,4,0,0,0,1,336.0,287.0,720.0,85,103,21.176470588235293,0
3383,20,4,0,0,2,0,0,0,600.0,671.0,0.0,85,103,21.176470588235293,0
3383,21,0,1,2,0,0,0,1,240.0,71.0,600.0,85,103,21.176470588235293,1
3383,22,2,0,0,1,0,0,0,192.0,430.0,0.0,85,102,20.0,0
3383,23,0,0,0,0,0,0,0,48.0,242.0,0.0,85,103,21.176470588235293,0
3383,24,0,0,0,0,0,0,0,120.0,191.0,0.0,85,103,21.176470588235293,0
3383,25,0,1,6,0,0,0,1,288.0,70.0,1800.0,65,104,60.0,1
3383,26,6,0,4,3,0,0,0,264.0,1500.0,0.0,65,92,41.53846153846154,0
3383,27,4,0,4,2,0,0,0,432.0,1272.0,0.0,65,92,41.53846153846154,0
3383,28,4,1,4,2,0,0,1,600.0,840.0,960.0,73,88,20.54794520547945,0
3388,3,3,3,3,1,1,1,1,1008.0,476.0,1320.0,123,158,28.455284552845526,1
3388,4,3,1,2,1,1,0,1,552.0,317.0,660.0,123,173,40.65040650406504,0
3388,5,2,1,2,1,0,0,1,516.0,451.0,660.0,123,172,39.83739837398374,0
3388,6,2,0,0,1,0,0,0,420.0,619.0,0.0,123,169,37.39837398373984,0
3388,7,0,1,2,0,0,0,1,312.0,187.0,660.0,123,174,41.46341463414634,0
3388,8,2,1,2,1,0,0,1,540.0,536.0,396.0,123,176,43.08943089430895,0
3388,9,2,1,2,1,0,0,1,252.0,406.0,396.0,123,176,43.08943089430895,0
3388,10,2,1,2,1,0,0,1,648.0,544.0,660.0,123,176,43.08943089430895,0
3388,11,2,3,5,1,0,1,1,2268.0,521.0,2640.0,123,135,9.75609756097561,0
3388,12,5,3,5,2,1,1,1,1164.0,896.0,1320.0,123,144,17.073170731707318,0
3388,13,5,3,7,2,1,1,1,1164.0,1059.0,2688.0,121,168,38.84297520661157,1
3388,14,7,3,7,3,1,1,1,2388.0,2591.0,1344.0,121,141,16.528925619834713,0
3388,15,7,0,4,3,1,0,0,336.0,1565.0,0.0,121,159,31.40495867768595,0
3388,16,4,0,2,2,0,0,0,600.0,1237.0,0.0,121,151,24.793388429752067,0
3388,17,2,1,4,1,0,0,1,576.0,638.0,672.0,130,152,16.923076923076923,0
3388,18,4,0,0,2,0,0,0,564.0,696.0,0.0,130,164,26.153846153846157,0
3388,19,0,1,0,0,0,0,1,564.0,132.0,672.0,130,164,26.153846153846157,1
3388,20,0,1,2,0,0,0,1,516.0,265.0,672.0,130,164,26.153846153846157,0
3388,21,2,1,2,1,0,0,1,396.0,427.0,264.0,130,165,26.923076923076923,0
3388,22,2,1,2,1,0,0,1,504.0,308.0,672.0,130,163,25.384615384615383,0
3388,23,2,1,4,1,0,0,1,432.0,475.0,672.0,130,164,26.153846153846157,0
3388,24,4,0,2,2,0,0,0,324.0,714.0,0.0,130,164,26.153846153846157,0
3388,25,2,1,2,1,0,0,1,444.0,388.0,660.0,133,165,24.06015037593985,1
3388,26,2,0,0,1,0,0,0,348.0,603.0,0.0,133,166,24.81203007518797,0
3388,27,0,1,2,0,0,0,1,372.0,240.0,660.0,133,167,25.563909774436087,1
3388,28,2,0,0,1,0,0,0,468.0,540.0,0.0,141,178,26.24113475177305,0
3400,3,0,1,0,0,0,0,1,116.0,81.0,56.0,957,1163,21.525600835945664,0
3400,4,0,1,0,0,0,0,1,68.0,32.0,56.0,957,1129,17.972831765935215,0
3400,5,0,1,0,0,0,0,1,140.0,18.0,232.0,894,1118,25.05592841163311,1
3400,6,0,3,1,0,0,1,1,148.0,118.0,120.0,894,1018,13.870246085011187,0
3400,7,1,3,1,0,1,1,1,124.0,90.0,120.0,894,1027,14.876957494407158,0
3400,8,1,3,1,0,1,1,1,252.0,91.0,240.0,894,970,8.501118568232663,1
3400,9,1,1,0,0,1,0,1,76.0,91.0,112.0,957,1115,16.509926854754443,0
3400,10,0,3,1,0,0,1,1,180.0,131.0,112.0,957,1049,9.61337513061651,1
3400,11,1,3,3,0,1,1,1,172.0,43.0,448.0,957,992,3.657262277951933,0
3400,12,3,2,1,1,1,1,0,124.0,319.0,0.0,957,1079,12.748171368861025,0
3400,13,1,3,1,0,1,1,1,160.0,191.0,96.0,978,1026,4.9079754601226995,0
3400,14,1,3,1,0,1,1,1,64.0,128.0,48.0,978,1173,19.938650306748464,0
3400,15,1,0,0,0,1,0,0,80.0,106.0,0.0,978,1121,14.621676891615543,0
3400,16,0,3,1,0,0,1,1,208.0,34.0,256.0,958,1028,7.306889352818372,0
3400,17,1,1,0,0,1,0,1,108.0,81.0,48.0,958,1078,12.526096033402922,0
3400,18,0,1,0,0,0,0,1,168.0,28.0,144.0,958,1069,11.586638830897703,0
3400,19,0,3,1,0,0,1,1,256.0,5.0,432.0,958,1009,5.323590814196242,1
3400,20,1,0,0,0,1,0,0,124.0,183.0,0.0,958,1091,13.883089770354907,0
3400,21,0,1,0,0,0,0,1,152.0,55.0,156.0,920,1068,16.08695652173913,1
3400,22,0,1,0,0,0,0,1,120.0,59.0,156.0,920,1019,10.760869565217392,0
3400,23,0,0,0,0,0,0,0,96.0,109.0,0.0,920,1035,12.5,0
3400,24,0,1,0,0,0,0,1,92.0,13.0,60.0,920,1021,10.978260869565219,1
3400,25,0,1,0,0,0,0,1,148.0,-7.0,180.0,920,1025,11.41304347826087,1
3400,26,0,0,0,0,0,0,0,32.0,24.0,0.0,920,1052,14.347826086956522,0
3400,27,0,1,0,0,0,0,1,56.0,-1.0,56.0,1005,1069,6.368159203980099,1
3400,28,0,3,1,0,0,1,1,164.0,-1.0,292.0,1014,1124,10.848126232741617,1
3406,3,4,1,0,2,0,0,1,1540.0,1245.0,400.0,222,259,16.666666666666664,1
3406,4,0,1,6,0,0,0,1,2020.0,53.0,3700.0,222,259,16.666666666666664,1
3406,5,6,1,4,3,0,0,1,1360.0,1734.0,400.0,222,262,18.01801801801802,0
3406,6,4,1,4,2,0,0,1,1660.0,774.0,1800.0,222,262,18.01801801801802,0
3406,7,4,1,2,2,0,0,1,1760.0,898.0,1200.0,222,266,19.81981981981982,0
3406,8,2,1,0,1,0,0,1,1380.0,339.0,1000.0,222,266,19.81981981981982,1
3406,9,0,1,6,0,0,0,1,2640.0,-40.0,4200.0,222,255,14.864864864864865,1
3406,10,6,3,7,3,0,1,1,4060.0,1538.0,5060.0,222,253,13.963963963963963,1
3406,11,7,3,5,3,1,1,1,3240.0,2473.0,1900.0,222,253,13.963963963963963,0
3406,12,5,3,3,2,1,1,1,2440.0,1089.0,2000.0,222,255,14.864864864864865,0
3406,13,3,3,9,1,1,1,1,4380.0,556.0,9400.0,180,237,31.666666666666664,1
3406,14,9,3,7,4,1,1,1,7000.0,5592.0,3000.0,180,188,4.444444444444445,0
3406,15,7,0,4,3,1,0,0,840.0,1645.0,0.0,180,209,16.11111111111111,0
3406,16,4,1,2,2,0,0,1,1880.0,836.0,1600.0,205,219,6.829268292682928,1
3406,17,2,1,0,1,0,0,1,1720.0,561.0,1300.0,205,234,14.146341463414632,0
3406,18,0,1,0,0,0,0,1,1080.0,160.0,1000.0,205,234,14.146341463414632,1
3406,19,0,1,2,0,0,0,1,1280.0,167.0,1600.0,205,234,14.146341463414632,1
3406,20,2,1,2,1,0,0,1,1420.0,486.0,1400.0,205,234,14.146341463414632,0
3406,21,2,1,0,1,0,0,1,1280.0,463.0,900.0,205,234,14.146341463414632,1
3406,22,0,1,4,0,0,0,1,2280.0,37.0,3200.0,205,234,14.146341463414632,0
3406,23,4,1,4,2,0,0,1,1160.0,929.0,1200.0,205,234,14.146341463414632,0
3406,24,4,1,2,2,0,0,1,1260.0,972.0,800.0,205,234,14.146341463414632,0
3406,25,2,1,2,1,0,0,1,2020.0,494.0,2000.0,205,243,18.536585365853657,1
3406,26,2,1,6,1,0,0,1,2100.0,438.0,2960.0,205,244,19.024390243902438,0
3406,27,6,1,4,3,0,0,1,1680.0,1556.0,1000.0,205,244,19.024390243902438,0
3406,28,4,1,4,2,0,0,1,2000.0,936.0,1800.0,205,244,19.024390243902438,0
3414,3,0,1,2,0,0,0,1,1740.0,204.0,2000.0,160,188,17.5,0
3414,4,2,1,4,1,0,0,1,2100.0,519.0,3000.0,160,187,16.875,0
3414,5,4,1,6,2,0,0,1,1560.0,1322.0,2000.0,160,187,16.875,1
3414,6,6,1,6,3,0,0,1,1720.0,1723.0,1400.0,160,187,16.875,0
3414,7,6,1,2,3,0,0,1,1820.0,1425.0,1000.0,160,189,18.125,1
3414,8,2,1,4,1,0,0,1,1880.0,595.0,2200.0,160,191,19.375,0
3414,9,4,1,6,2,0,0,1,1520.0,881.0,2000.0,160,191,19.375,0
3414,10,6,1,4,3,0,0,1,2980.0,1467.0,2800.0,160,191,19.375,1
3414,11,4,1,6,2,0,0,1,2920.0,1200.0,3980.0,160,191,19.375,0
3414,12,6,1,0,3,0,0,1,3300.0,2291.0,1200.0,160,191,19.375,1
3414,13,0,3,3,0,0,1,1,5460.0,-19.0,5800.0,189,211,11.64021164021164,1
3414,14,3,1,4,1,1,0,1,1300.0,330.0,2000.0,189,225,19.047619047619047,0
3414,15,4,1,4,2,0,0,1,1640.0,1058.0,1600.0,189,224,18.51851851851852,1
3414,16,4,3,1,2,0,1,1,2280.0,967.0,1400.0,189,219,15.873015873015872,1
3414,17,1,1,2,0,1,0,1,2340.0,166.0,2800.0,189,222,17.46031746031746,1
3414,18,2,1,4,1,0,0,1,1760.0,500.0,2400.0,189,222,17.46031746031746,0
3414,19,4,1,0,2,0,0,1,1880.0,1077.0,800.0,189,222,17.46031746031746,0
3414,20,0,1,4,0,0,0,1,1000.0,-21.0,2400.0,189,219,15.873015873015872,1
3414,21,4,1,0,2,0,0,1,3060.0,1401.0,1800.0,189,219,15.873015873015872,1
3414,22,0,1,4,0,0,0,1,2640.0,105.0,3800.0,189,219,15.873015873015872,1
3414,23,4,1,6,2,0,0,1,4400.0,1287.0,5600.0,189,221,16.93121693121693,0
3414,24,6,1,2,3,0,0,1,2700.0,2485.0,800.0,189,221,16.93121693121693,0
3414,25,2,1,2,1,0,0,1,3260.0,541.0,3400.0,189,223,17.989417989417987,1
3414,26,2,1,6,1,0,0,1,1960.0,595.0,3400.0,189,223,17.989417989417987,0
3414,27,6,1,4,3,0,0,1,2280.0,2253.0,800.0,189,224,18.51851851851852,0
3414,28,4,1,6,2,0,0,1,2420.0,773.0,3800.0,189,224,18.51851851851852,0
