src/econirl/datasets/supermarket_data.csv
product_id,period,state,action,next_state,inventory_bin,lagged_promotion,promotion,ordered,sales,inventory,orders,wholesale_price,retail_price,markup_pct,stockout
3472,3,2,1,2,1,0,0,1,588.0,328.0,708.0,286,302,5.594405594405594,0
3472,4,2,3,3,1,0,1,1,732.0,448.0,792.0,286,329,15.034965034965033,0
3472,5,3,1,2,1,1,0,1,552.0,508.0,396.0,286,338,18.181818181818183,0
3472,6,2,1,0,1,0,0,1,348.0,353.0,264.0,286,337,17.832167832167833,0
3472,7,0,1,2,0,0,0,1,336.0,281.0,528.0,286,343,19.93006993006993,0
3472,8,2,1,2,1,0,0,1,468.0,473.0,396.0,286,343,19.93006993006993,0
3472,9,2,0,0,1,0,0,0,276.0,389.0,0.0,286,342,19.58041958041958,0
3472,10,0,1,2,0,0,0,1,504.0,125.0,792.0,286,342,19.58041958041958,0
3472,11,2,1,2,1,0,0,1,444.0,360.0,396.0,286,343,19.93006993006993,0
3472,12,2,1,0,1,0,0,1,540.0,312.0,264.0,286,344,20.27972027972028,1
3472,13,0,1,2,0,0,0,1,684.0,12.0,1056.0,286,339,18.53146853146853,1
3472,14,2,3,3,1,0,1,1,660.0,385.0,660.0,286,325,13.636363636363635,0
3472,15,3,3,3,1,1,1,1,828.0,385.0,792.0,286,311,8.741258741258742,0
3472,16,3,3,3,1,1,1,1,720.0,326.0,792.0,295,322,9.152542372881356,0
3472,17,3,1,2,1,1,0,1,396.0,382.0,396.0,295,339,14.915254237288137,0
3472,18,2,1,2,1,0,0,1,432.0,372.0,396.0,295,339,14.915254237288137,0
3472,19,2,1,0,1,0,0,1,372.0,336.0,132.0,295,339,14.915254237288137,0
3472,20,0,1,0,0,0,0,1,432.0,96.0,528.0,295,339,14.915254237288137,0
3472,21,0,1,0,0,0,0,1,456.0,192.0,396.0,295,337,14.237288135593221,0
3472,22,0,1,2,0,0,0,1,576.0,144.0,924.0,295,338,14.576271186440678,1
3472,23,2,1,0,1,0,0,1,480.0,492.0,264.0,295,339,14.915254237288137,0
3472,24,0,1,0,0,0,0,1,576.0,248.0,528.0,295,339,14.915254237288137,0
3472,25,0,1,0,0,0,0,1,276.0,173.0,72.0,302,337,11.589403973509933,1
3472,26,0,1,0,0,0,0,1,552.0,-31.0,792.0,295,343,16.271186440677965,1
3472,27,0,1,2,0,0,0,1,564.0,240.0,696.0,295,346,17.28813559322034,1
3472,28,2,3,1,1,0,1,1,564.0,360.0,480.0,295,334,13.220338983050848,0
3477,3,2,1,4,1,0,0,1,288.0,399.0,648.0,215,244,13.488372093023257,0
3477,4,4,0,2,2,0,0,0,396.0,759.0,0.0,215,258,20.0,0
3477,5,2,1,2,1,0,0,1,372.0,363.0,660.0,219,255,16.43835616438356,0
3477,6,2,0,2,1,0,0,0,144.0,639.0,0.0,219,262,19.63470319634703,0
3477,7,2,1,4,1,0,0,1,516.0,567.0,660.0,225,265,17.77777777777778,0
3477,8,4,3,7,2,0,1,1,684.0,711.0,2112.0,225,261,16.0,0
3477,9,7,2,7,3,1,1,0,204.0,2131.0,0.0,225,257,14.222222222222221,0
3477,10,7,2,7,3,1,1,0,384.0,1927.0,0.0,225,268,19.11111111111111,0
3477,11,7,2,5,3,1,1,0,252.0,1479.0,0.0,225,263,16.88888888888889,0
3477,12,5,3,5,2,1,1,1,3612.0,1227.0,3600.0,206,220,6.796116504854369,0
3477,13,5,3,7,2,1,1,1,336.0,1015.0,1440.0,206,234,13.592233009708737,0
3477,14,7,2,7,3,1,1,0,108.0,2653.0,0.0,206,239,16.019417475728158,0
3477,15,7,0,6,3,1,0,0,144.0,2553.0,0.0,206,243,17.96116504854369,0
3477,16,6,2,7,3,0,1,0,348.0,2409.0,0.0,206,227,10.194174757281553,0
3477,17,7,3,7,3,1,1,1,948.0,2061.0,1440.0,206,222,7.766990291262135,0
3477,18,7,2,7,3,1,1,0,300.0,2652.0,0.0,206,225,9.223300970873787,0
